
> n8n-monorepo@2.4.0 test /Users/nikhilkuriakose/dev/repo/n8n
> JEST_JUNIT_CLASSNAME={filepath} turbo run test

• turbo 2.7.3
• Packages in scope: @n8n/ai-workflow-builder, @n8n/api-types, @n8n/backend-common, @n8n/backend-test-utils, @n8n/chat, @n8n/client-oauth2, @n8n/codemirror-lang, @n8n/codemirror-lang-html, @n8n/codemirror-lang-sql, @n8n/composables, @n8n/config, @n8n/constants, @n8n/create-node, @n8n/db, @n8n/decorators, @n8n/design-system, @n8n/di, @n8n/errors, @n8n/eslint-config, @n8n/eslint-plugin-community-nodes, @n8n/extension-sdk, @n8n/i18n, @n8n/imap, @n8n/json-schema-to-zod, @n8n/n8n-benchmark, @n8n/n8n-extension-insights, @n8n/n8n-nodes-langchain, @n8n/node-cli, @n8n/permissions, @n8n/rest-api-client, @n8n/scan-community-package, @n8n/stores, @n8n/storybook, @n8n/stylelint-config, @n8n/syslog-client, @n8n/task-runner, @n8n/typescript-config, @n8n/utils, @n8n/vitest-config, n8n, n8n-containers, n8n-core, n8n-editor-ui, n8n-node-dev, n8n-nodes-base, n8n-playwright, n8n-workflow
• Running test in 47 packages
• Remote caching disabled
@n8n/vitest-config:build: cache hit, replaying logs 52250da32e74f10f
@n8n/vitest-config:build: 
@n8n/vitest-config:build: > @n8n/vitest-config@1.5.0 build /Users/nikhilkuriakose/dev/repo/n8n/packages/@n8n/vitest-config
@n8n/vitest-config:build: > tsc -p tsconfig.build.json
@n8n/vitest-config:build: 
@n8n/di:build: cache hit, replaying logs 0a89e33a9d20072e
@n8n/di:build: 
@n8n/di:build: > @n8n/di@0.10.0 build /Users/nikhilkuriakose/dev/repo/n8n/packages/@n8n/di
@n8n/di:build: > tsc -p tsconfig.build.json
@n8n/di:build: 
@n8n/errors:build: cache hit, replaying logs 021198a6e3b864a7
@n8n/errors:build: 
@n8n/errors:build: > @n8n/errors@0.5.0 build /Users/nikhilkuriakose/dev/repo/n8n/packages/@n8n/errors
@n8n/errors:build: > tsc -p tsconfig.build.json
@n8n/errors:build: 
@n8n/codemirror-lang-html:build: cache hit, replaying logs 4dc448b4378be0f1
@n8n/codemirror-lang-html:build: 
@n8n/codemirror-lang-html:build: > @n8n/codemirror-lang-html@1.1.0 build /Users/nikhilkuriakose/dev/repo/n8n/packages/@n8n/codemirror-lang-html
@n8n/codemirror-lang-html:build: > cm-buildhelper src/html.ts
@n8n/codemirror-lang-html:build: 
@n8n/codemirror-lang:build: cache hit, replaying logs 1da47e3b6106ca76
@n8n/codemirror-lang:build: 
@n8n/codemirror-lang:build: > @n8n/codemirror-lang@0.4.0 build /Users/nikhilkuriakose/dev/repo/n8n/packages/@n8n/codemirror-lang
@n8n/codemirror-lang:build: > tsc -p tsconfig.build.json
@n8n/codemirror-lang:build: 
@n8n/client-oauth2:build: cache hit, replaying logs bbc2199604b400f3
@n8n/client-oauth2:build: 
@n8n/client-oauth2:build: > @n8n/client-oauth2@1.0.0-rc.0 build /Users/nikhilkuriakose/dev/repo/n8n/packages/@n8n/client-oauth2
@n8n/client-oauth2:build: > tsc -p tsconfig.build.json
@n8n/client-oauth2:build: 
@n8n/stylelint-config:build: cache hit, replaying logs fc1256fd3e0723d3
@n8n/stylelint-config:build: 
@n8n/stylelint-config:build: > @n8n/stylelint-config@0.0.1 build /Users/nikhilkuriakose/dev/repo/n8n/packages/@n8n/stylelint-config
@n8n/stylelint-config:build: > tsc
@n8n/stylelint-config:build: 
@n8n/syslog-client:build: cache hit, replaying logs fe85b70ec5ddcfd9
@n8n/syslog-client:build: 
@n8n/syslog-client:build: > @n8n/syslog-client@1.1.0 build /Users/nikhilkuriakose/dev/repo/n8n/packages/@n8n/syslog-client
@n8n/syslog-client:build: > tsc -p tsconfig.build.json
@n8n/syslog-client:build: 
@n8n/di:test: cache miss, executing 62c5cc8dd05bba36
@n8n/constants:build: cache hit, replaying logs 2b381c4683fe24a2
@n8n/constants:build: 
@n8n/constants:build: > @n8n/constants@0.16.0 build /Users/nikhilkuriakose/dev/repo/n8n/packages/@n8n/constants
@n8n/constants:build: > tsc -p tsconfig.build.json
@n8n/constants:build: 
@n8n/errors:test: cache miss, executing 4cdfc6ff8d9676ee
@n8n/imap:build: cache hit, replaying logs 60d50b2fb2b8f921
@n8n/imap:build: 
@n8n/imap:build: > @n8n/imap@0.16.0 build /Users/nikhilkuriakose/dev/repo/n8n/packages/@n8n/imap
@n8n/imap:build: > tsc -p tsconfig.build.json
@n8n/imap:build: 
@n8n/codemirror-lang-html:test: cache miss, executing 8384da76a06f6283
@n8n/permissions:build: cache hit, replaying logs 2c2392cb4a93353c
@n8n/permissions:build: 
@n8n/permissions:build: > @n8n/permissions@0.47.0 build /Users/nikhilkuriakose/dev/repo/n8n/packages/@n8n/permissions
@n8n/permissions:build: > tsc -p tsconfig.build.json
@n8n/permissions:build: 
@n8n/extension-sdk:build: cache hit, replaying logs 905485eb4a23bb1d
@n8n/extension-sdk:build: 
@n8n/extension-sdk:build: > @n8n/extension-sdk@0.9.0 build /Users/nikhilkuriakose/dev/repo/n8n/packages/@n8n/extension-sdk
@n8n/extension-sdk:build: > pnpm "/^typecheck:.+/" && pnpm clean && tsdown && pnpm create-json-schema
@n8n/extension-sdk:build: 
@n8n/extension-sdk:build: 
@n8n/extension-sdk:build: > @n8n/extension-sdk@0.9.0 clean /Users/nikhilkuriakose/dev/repo/n8n/packages/@n8n/extension-sdk
@n8n/extension-sdk:build: > rimraf dist
@n8n/extension-sdk:build: 
@n8n/extension-sdk:build: [34mℹ[39m tsdown [2mv0.16.5[22m powered by rolldown [2mv1.0.0-beta.50[22m
@n8n/extension-sdk:build: [34mℹ[39m Using tsdown config: [4m/Users/nikhilkuriakose/dev/repo/n8n/packages/@n8n/extension-sdk/tsdown.config.ts[24m
@n8n/extension-sdk:build: [34mℹ[39m entry: [34msrc/index.ts, src/schema.ts[39m
@n8n/extension-sdk:build: [34mℹ[39m entry: [34msrc/backend/define.ts, src/backend/index.ts, src/backend/types.ts[39m
@n8n/extension-sdk:build: [34mℹ[39m entry: [34msrc/frontend/define.ts, src/frontend/index.ts, src/frontend/types.ts[39m
@n8n/extension-sdk:build: [34mℹ[39m tsconfig: [34mtsconfig.common.json[39m
@n8n/extension-sdk:build: [34mℹ[39m tsconfig: [34mtsconfig.backend.json[39m
@n8n/extension-sdk:build: [34mℹ[39m tsconfig: [34mtsconfig.frontend.json[39m
@n8n/extension-sdk:build: [34mℹ[39m Build start
@n8n/extension-sdk:build: [34mℹ[39m [33m[CJS][39m [2mdist/[22m[1mindex.cjs[22m        [2m0.12 kB[22m [2m│ gzip: 0.09 kB[22m
@n8n/extension-sdk:build: [34mℹ[39m [33m[CJS][39m [2mdist/[22m[1mschema.cjs[22m       [2m0.12 kB[22m [2m│ gzip: 0.09 kB[22m
@n8n/extension-sdk:build: [34mℹ[39m [33m[CJS][39m [2mdist/[22mschema2.cjs.map  [2m2.62 kB[22m [2m│ gzip: 0.86 kB[22m
@n8n/extension-sdk:build: [34mℹ[39m [33m[CJS][39m [2mdist/[22mschema2.cjs      [2m0.90 kB[22m [2m│ gzip: 0.39 kB[22m
@n8n/extension-sdk:build: [34mℹ[39m [33m[CJS][39m 4 files, total: 3.76 kB
@n8n/extension-sdk:build: [34mℹ[39m [33m[CJS][39m [2mdist/backend/[22m[1mdefine.cjs[22m       [2m0.12 kB[22m [2m│ gzip: 0.09 kB[22m
@n8n/extension-sdk:build: [34mℹ[39m [33m[CJS][39m [2mdist/backend/[22m[1mindex.cjs[22m        [2m0.12 kB[22m [2m│ gzip: 0.09 kB[22m
@n8n/extension-sdk:build: [34mℹ[39m [33m[CJS][39m [2mdist/backend/[22m[1mtypes.cjs[22m        [2m0.00 kB[22m [2m│ gzip: 0.02 kB[22m
@n8n/extension-sdk:build: [34mℹ[39m [33m[CJS][39m [2mdist/backend/[22mdefine2.cjs.map  [2m0.33 kB[22m [2m│ gzip: 0.23 kB[22m
@n8n/extension-sdk:build: [34mℹ[39m [33m[CJS][39m [2mdist/backend/[22mdefine2.cjs      [2m0.29 kB[22m [2m│ gzip: 0.20 kB[22m
@n8n/extension-sdk:build: [34mℹ[39m [33m[CJS][39m 5 files, total: 0.86 kB
@n8n/extension-sdk:build: [34mℹ[39m [33m[CJS][39m [2mdist/frontend/[22m[1mdefine.cjs[22m       [2m0.12 kB[22m [2m│ gzip: 0.09 kB[22m
@n8n/extension-sdk:build: [34mℹ[39m [33m[CJS][39m [2mdist/frontend/[22m[1mindex.cjs[22m        [2m0.12 kB[22m [2m│ gzip: 0.09 kB[22m
@n8n/extension-sdk:build: [34mℹ[39m [33m[CJS][39m [2mdist/frontend/[22m[1mtypes.cjs[22m        [2m0.00 kB[22m [2m│ gzip: 0.02 kB[22m
@n8n/extension-sdk:build: [34mℹ[39m [33m[CJS][39m [2mdist/frontend/[22mdefine2.cjs.map  [2m0.33 kB[22m [2m│ gzip: 0.23 kB[22m
@n8n/extension-sdk:build: [34mℹ[39m [33m[CJS][39m [2mdist/frontend/[22mdefine2.cjs      [2m0.30 kB[22m [2m│ gzip: 0.20 kB[22m
@n8n/extension-sdk:build: [34mℹ[39m [33m[CJS][39m 5 files, total: 0.87 kB
@n8n/extension-sdk:build: [34mℹ[39m [34m[ESM][39m [2mdist/[22m[1mindex.mjs[22m        [2m0.10 kB[22m [2m│ gzip: 0.09 kB[22m
@n8n/extension-sdk:build: [34mℹ[39m [34m[ESM][39m [2mdist/[22m[1mschema.mjs[22m       [2m0.10 kB[22m [2m│ gzip: 0.09 kB[22m
@n8n/extension-sdk:build: [34mℹ[39m [34m[ESM][39m [2mdist/[22mschema2.mjs.map  [2m2.59 kB[22m [2m│ gzip: 0.86 kB[22m
@n8n/extension-sdk:build: [34mℹ[39m [34m[ESM][39m [2mdist/[22mschema2.mjs      [2m0.70 kB[22m [2m│ gzip: 0.33 kB[22m
@n8n/extension-sdk:build: [34mℹ[39m [34m[ESM][39m [2mdist/[22m[32m[1mindex.d.mts[22m[39m      [2m0.14 kB[22m [2m│ gzip: 0.10 kB[22m
@n8n/extension-sdk:build: [34mℹ[39m [34m[ESM][39m [2mdist/[22m[32m[1mschema.d.mts[22m[39m     [2m0.14 kB[22m [2m│ gzip: 0.10 kB[22m
@n8n/extension-sdk:build: [34mℹ[39m [34m[ESM][39m [2mdist/[22m[32mschema2.d.mts[39m    [2m2.37 kB[22m [2m│ gzip: 0.49 kB[22m
@n8n/extension-sdk:build: [34mℹ[39m [34m[ESM][39m 7 files, total: 6.13 kB
@n8n/extension-sdk:build: [34mℹ[39m [34m[ESM][39m [2mdist/backend/[22m[1mdefine.mjs[22m       [2m0.10 kB[22m [2m│ gzip: 0.09 kB[22m
@n8n/extension-sdk:build: [34mℹ[39m [34m[ESM][39m [2mdist/backend/[22m[1mindex.mjs[22m        [2m0.10 kB[22m [2m│ gzip: 0.09 kB[22m
@n8n/extension-sdk:build: [34mℹ[39m [34m[ESM][39m [2mdist/backend/[22m[1mtypes.mjs[22m        [2m0.01 kB[22m [2m│ gzip: 0.03 kB[22m
@n8n/extension-sdk:build: [34mℹ[39m [34m[ESM][39m [2mdist/backend/[22mdefine2.mjs.map  [2m0.33 kB[22m [2m│ gzip: 0.23 kB[22m
@n8n/extension-sdk:build: [34mℹ[39m [34m[ESM][39m [2mdist/backend/[22mdefine2.mjs      [2m0.19 kB[22m [2m│ gzip: 0.15 kB[22m
@n8n/extension-sdk:build: [34mℹ[39m [34m[ESM][39m [2mdist/backend/[22m[32m[1mindex.d.mts[22m[39m      [2m0.28 kB[22m [2m│ gzip: 0.13 kB[22m
@n8n/extension-sdk:build: [34mℹ[39m [34m[ESM][39m [2mdist/backend/[22m[32m[1mtypes.d.mts[22m[39m      [2m0.19 kB[22m [2m│ gzip: 0.11 kB[22m
@n8n/extension-sdk:build: [34mℹ[39m [34m[ESM][39m [2mdist/backend/[22m[32m[1mdefine.d.mts[22m[39m     [2m0.12 kB[22m [2m│ gzip: 0.10 kB[22m
@n8n/extension-sdk:build: [34mℹ[39m [34m[ESM][39m [2mdist/backend/[22m[32mtypes2.d.mts[39m     [2m0.36 kB[22m [2m│ gzip: 0.20 kB[22m
@n8n/extension-sdk:build: [34mℹ[39m [34m[ESM][39m [2mdist/backend/[22m[32mdefine2.d.mts[39m    [2m0.27 kB[22m [2m│ gzip: 0.17 kB[22m
@n8n/extension-sdk:build: [34mℹ[39m [34m[ESM][39m 10 files, total: 1.94 kB
@n8n/extension-sdk:build: [34mℹ[39m [33m[CJS][39m [2mdist/[22m[32m[1mindex.d.cts[22m[39m    [2m0.14 kB[22m [2m│ gzip: 0.10 kB[22m
@n8n/extension-sdk:build: [34mℹ[39m [33m[CJS][39m [2mdist/[22m[32m[1mschema.d.cts[22m[39m   [2m0.14 kB[22m [2m│ gzip: 0.10 kB[22m
@n8n/extension-sdk:build: [34mℹ[39m [33m[CJS][39m [2mdist/[22m[32mschema2.d.cts[39m  [2m2.37 kB[22m [2m│ gzip: 0.49 kB[22m
@n8n/extension-sdk:build: [34mℹ[39m [33m[CJS][39m 3 files, total: 2.65 kB
@n8n/extension-sdk:build: [32m✔[39m Build complete in [32m8701ms[39m
@n8n/extension-sdk:build: [34mℹ[39m [34m[ESM][39m [2mdist/frontend/[22m[1mdefine.mjs[22m       [2m0.10 kB[22m [2m│ gzip: 0.09 kB[22m
@n8n/extension-sdk:build: [34mℹ[39m [34m[ESM][39m [2mdist/frontend/[22m[1mindex.mjs[22m        [2m0.10 kB[22m [2m│ gzip: 0.09 kB[22m
@n8n/extension-sdk:build: [34mℹ[39m [34m[ESM][39m [2mdist/frontend/[22m[1mtypes.mjs[22m        [2m0.01 kB[22m [2m│ gzip: 0.03 kB[22m
@n8n/extension-sdk:build: [34mℹ[39m [34m[ESM][39m [2mdist/frontend/[22mdefine2.mjs.map  [2m0.33 kB[22m [2m│ gzip: 0.23 kB[22m
@n8n/extension-sdk:build: [34mℹ[39m [34m[ESM][39m [2mdist/frontend/[22mdefine2.mjs      [2m0.19 kB[22m [2m│ gzip: 0.15 kB[22m
@n8n/extension-sdk:build: [34mℹ[39m [34m[ESM][39m [2mdist/frontend/[22m[32m[1mindex.d.mts[22m[39m      [2m0.28 kB[22m [2m│ gzip: 0.13 kB[22m
@n8n/extension-sdk:build: [34mℹ[39m [34m[ESM][39m [2mdist/frontend/[22m[32m[1mtypes.d.mts[22m[39m      [2m0.20 kB[22m [2m│ gzip: 0.11 kB[22m
@n8n/extension-sdk:build: [34mℹ[39m [34m[ESM][39m [2mdist/frontend/[22m[32m[1mdefine.d.mts[22m[39m     [2m0.12 kB[22m [2m│ gzip: 0.10 kB[22m
@n8n/extension-sdk:build: [34mℹ[39m [34m[ESM][39m [2mdist/frontend/[22m[32mtypes2.d.mts[39m     [2m0.57 kB[22m [2m│ gzip: 0.28 kB[22m
@n8n/extension-sdk:build: [34mℹ[39m [34m[ESM][39m [2mdist/frontend/[22m[32mdefine2.d.mts[39m    [2m0.27 kB[22m [2m│ gzip: 0.18 kB[22m
@n8n/extension-sdk:build: [34mℹ[39m [34m[ESM][39m 10 files, total: 2.18 kB
@n8n/extension-sdk:build: [34mℹ[39m [33m[CJS][39m [2mdist/backend/[22m[32m[1mindex.d.cts[22m[39m    [2m0.28 kB[22m [2m│ gzip: 0.13 kB[22m
@n8n/extension-sdk:build: [34mℹ[39m [33m[CJS][39m [2mdist/backend/[22m[32m[1mtypes.d.cts[22m[39m    [2m0.19 kB[22m [2m│ gzip: 0.11 kB[22m
@n8n/extension-sdk:build: [34mℹ[39m [33m[CJS][39m [2mdist/backend/[22m[32m[1mdefine.d.cts[22m[39m   [2m0.12 kB[22m [2m│ gzip: 0.10 kB[22m
@n8n/extension-sdk:build: [34mℹ[39m [33m[CJS][39m [2mdist/backend/[22m[32mtypes2.d.cts[39m   [2m0.36 kB[22m [2m│ gzip: 0.20 kB[22m
@n8n/extension-sdk:build: [34mℹ[39m [33m[CJS][39m [2mdist/backend/[22m[32mdefine2.d.cts[39m  [2m0.27 kB[22m [2m│ gzip: 0.18 kB[22m
@n8n/extension-sdk:build: [34mℹ[39m [33m[CJS][39m 5 files, total: 1.22 kB
@n8n/extension-sdk:build: [32m✔[39m Build complete in [32m8772ms[39m
@n8n/extension-sdk:build: [34mℹ[39m [33m[CJS][39m [2mdist/frontend/[22m[32m[1mindex.d.cts[22m[39m    [2m0.28 kB[22m [2m│ gzip: 0.13 kB[22m
@n8n/extension-sdk:build: [34mℹ[39m [33m[CJS][39m [2mdist/frontend/[22m[32m[1mtypes.d.cts[22m[39m    [2m0.20 kB[22m [2m│ gzip: 0.11 kB[22m
@n8n/extension-sdk:build: [34mℹ[39m [33m[CJS][39m [2mdist/frontend/[22m[32m[1mdefine.d.cts[22m[39m   [2m0.12 kB[22m [2m│ gzip: 0.10 kB[22m
@n8n/extension-sdk:build: [34mℹ[39m [33m[CJS][39m [2mdist/frontend/[22m[32mtypes2.d.cts[39m   [2m0.57 kB[22m [2m│ gzip: 0.28 kB[22m
@n8n/extension-sdk:build: [34mℹ[39m [33m[CJS][39m [2mdist/frontend/[22m[32mdefine2.d.cts[39m  [2m0.27 kB[22m [2m│ gzip: 0.18 kB[22m
@n8n/extension-sdk:build: [34mℹ[39m [33m[CJS][39m 5 files, total: 1.45 kB
@n8n/extension-sdk:build: [32m✔[39m Build complete in [32m8920ms[39m
@n8n/extension-sdk:build: 
@n8n/extension-sdk:build: > @n8n/extension-sdk@0.9.0 create-json-schema /Users/nikhilkuriakose/dev/repo/n8n/packages/@n8n/extension-sdk
@n8n/extension-sdk:build: > tsx scripts/create-json-schema.ts
@n8n/extension-sdk:build: 
@n8n/codemirror-lang:test: cache miss, executing d98e1660748c1b1d
@n8n/json-schema-to-zod:build: cache hit, replaying logs b3079b90abbe94b9
@n8n/json-schema-to-zod:build: 
@n8n/json-schema-to-zod:build: > @n8n/json-schema-to-zod@1.6.0 build /Users/nikhilkuriakose/dev/repo/n8n/packages/@n8n/json-schema-to-zod
@n8n/json-schema-to-zod:build: > rimraf ./dist && pnpm run build:types && pnpm run build:cjs && pnpm run build:esm
@n8n/json-schema-to-zod:build: 
@n8n/json-schema-to-zod:build: 
@n8n/json-schema-to-zod:build: > @n8n/json-schema-to-zod@1.6.0 build:types /Users/nikhilkuriakose/dev/repo/n8n/packages/@n8n/json-schema-to-zod
@n8n/json-schema-to-zod:build: > tsc -p tsconfig.types.json
@n8n/json-schema-to-zod:build: 
@n8n/json-schema-to-zod:build: 
@n8n/json-schema-to-zod:build: > @n8n/json-schema-to-zod@1.6.0 build:cjs /Users/nikhilkuriakose/dev/repo/n8n/packages/@n8n/json-schema-to-zod
@n8n/json-schema-to-zod:build: > tsc -p tsconfig.cjs.json && node postcjs.cjs
@n8n/json-schema-to-zod:build: 
@n8n/json-schema-to-zod:build: 
@n8n/json-schema-to-zod:build: > @n8n/json-schema-to-zod@1.6.0 build:esm /Users/nikhilkuriakose/dev/repo/n8n/packages/@n8n/json-schema-to-zod
@n8n/json-schema-to-zod:build: > tsc -p tsconfig.esm.json && node postesm.cjs
@n8n/json-schema-to-zod:build: 
@n8n/eslint-plugin-community-nodes:build: cache hit, replaying logs ffc471c6c4d46b74
@n8n/eslint-plugin-community-nodes:build: 
@n8n/eslint-plugin-community-nodes:build: > @n8n/eslint-plugin-community-nodes@0.7.0 build /Users/nikhilkuriakose/dev/repo/n8n/packages/@n8n/eslint-plugin-community-nodes
@n8n/eslint-plugin-community-nodes:build: > tsc --project tsconfig.build.json
@n8n/eslint-plugin-community-nodes:build: 
@n8n/codemirror-lang-sql:build: cache hit, replaying logs 31c9b6494f037e6f
@n8n/codemirror-lang-sql:build: 
@n8n/codemirror-lang-sql:build: > @n8n/codemirror-lang-sql@1.4.0 build /Users/nikhilkuriakose/dev/repo/n8n/packages/@n8n/codemirror-lang-sql
@n8n/codemirror-lang-sql:build: > tsc -p tsconfig.build.json
@n8n/codemirror-lang-sql:build: 
@n8n/client-oauth2:test: cache miss, executing 5fbadfc5bc8cf48a
@n8n/n8n-benchmark:build: cache hit, replaying logs 2b8aef863919a0a2
@n8n/n8n-benchmark:build: 
@n8n/n8n-benchmark:build: > @n8n/n8n-benchmark@2.0.0 build /Users/nikhilkuriakose/dev/repo/n8n/packages/@n8n/benchmark
@n8n/n8n-benchmark:build: > tsc -p tsconfig.build.json && tsc-alias -p tsconfig.build.json
@n8n/n8n-benchmark:build: 
@n8n/stylelint-config:test: cache miss, executing cf95a5d373c9473e
@n8n/syslog-client:test: cache miss, executing 44688d1b3ffaf95f
@n8n/eslint-config:build: cache hit, replaying logs 37dfadd1a1f4a5df
@n8n/eslint-config:build: 
@n8n/eslint-config:build: > @n8n/eslint-config@0.0.1 build /Users/nikhilkuriakose/dev/repo/n8n/packages/@n8n/eslint-config
@n8n/eslint-config:build: > tsc
@n8n/eslint-config:build: 
@n8n/imap:test: cache miss, executing ac7594cd49283a65
@n8n/permissions:test: cache miss, executing 50d20f39d7e3e58c
@n8n/config:build: cache hit, replaying logs a50932cab93a46c3
@n8n/config:build: 
@n8n/config:build: > @n8n/config@2.3.0 build /Users/nikhilkuriakose/dev/repo/n8n/packages/@n8n/config
@n8n/config:build: > tsc -p tsconfig.build.json
@n8n/config:build: 
@n8n/n8n-extension-insights:build: cache hit, replaying logs 2cd929401f5c7431
@n8n/n8n-extension-insights:build: 
@n8n/n8n-extension-insights:build: > @n8n/n8n-extension-insights@0.11.0 build /Users/nikhilkuriakose/dev/repo/n8n/packages/extensions/insights
@n8n/n8n-extension-insights:build: > pnpm cleanup && pnpm run "/^build:.*/"
@n8n/n8n-extension-insights:build: 
@n8n/n8n-extension-insights:build: 
@n8n/n8n-extension-insights:build: > @n8n/n8n-extension-insights@0.11.0 cleanup /Users/nikhilkuriakose/dev/repo/n8n/packages/extensions/insights
@n8n/n8n-extension-insights:build: > rimraf dist
@n8n/n8n-extension-insights:build: 
@n8n/json-schema-to-zod:test: cache miss, executing e3d6f6d0bbdb10c3
@n8n/errors:test: 
@n8n/errors:test: > @n8n/errors@0.5.0 test /Users/nikhilkuriakose/dev/repo/n8n/packages/@n8n/errors
@n8n/errors:test: > echo "WARNING: no test specified" && exit 0
@n8n/errors:test: 
@n8n/di:test: 
@n8n/di:test: > @n8n/di@0.10.0 test /Users/nikhilkuriakose/dev/repo/n8n/packages/@n8n/di
@n8n/di:test: > jest
@n8n/di:test: 
@n8n/codemirror-lang-html:test: 
@n8n/codemirror-lang-html:test: > @n8n/codemirror-lang-html@1.1.0 test /Users/nikhilkuriakose/dev/repo/n8n/packages/@n8n/codemirror-lang-html
@n8n/codemirror-lang-html:test: > cm-runtests
@n8n/codemirror-lang-html:test: 
@n8n/codemirror-lang:test: 
@n8n/codemirror-lang:test: > @n8n/codemirror-lang@0.4.0 test /Users/nikhilkuriakose/dev/repo/n8n/packages/@n8n/codemirror-lang
@n8n/codemirror-lang:test: > jest
@n8n/codemirror-lang:test: 
@n8n/permissions:test: 
@n8n/permissions:test: > @n8n/permissions@0.47.0 test /Users/nikhilkuriakose/dev/repo/n8n/packages/@n8n/permissions
@n8n/permissions:test: > jest
@n8n/permissions:test: 
@n8n/client-oauth2:test: 
@n8n/client-oauth2:test: > @n8n/client-oauth2@1.0.0-rc.0 test /Users/nikhilkuriakose/dev/repo/n8n/packages/@n8n/client-oauth2
@n8n/client-oauth2:test: > jest
@n8n/client-oauth2:test: 
@n8n/imap:test: 
@n8n/imap:test: > @n8n/imap@0.16.0 test /Users/nikhilkuriakose/dev/repo/n8n/packages/@n8n/imap
@n8n/imap:test: > vitest run
@n8n/imap:test: 
@n8n/syslog-client:test: 
@n8n/syslog-client:test: > @n8n/syslog-client@1.1.0 test /Users/nikhilkuriakose/dev/repo/n8n/packages/@n8n/syslog-client
@n8n/syslog-client:test: > jest
@n8n/syslog-client:test: 
@n8n/json-schema-to-zod:test: 
@n8n/json-schema-to-zod:test: > @n8n/json-schema-to-zod@1.6.0 test /Users/nikhilkuriakose/dev/repo/n8n/packages/@n8n/json-schema-to-zod
@n8n/json-schema-to-zod:test: > jest
@n8n/json-schema-to-zod:test: 
@n8n/stylelint-config:test: 
@n8n/stylelint-config:test: > @n8n/stylelint-config@0.0.1 test /Users/nikhilkuriakose/dev/repo/n8n/packages/@n8n/stylelint-config
@n8n/stylelint-config:test: > jest
@n8n/stylelint-config:test: 
@n8n/errors:test: WARNING: no test specified
@n8n/codemirror-lang-sql:test: cache miss, executing be820eb30703d2b8
@n8n/codemirror-lang-sql:test: 
@n8n/codemirror-lang-sql:test: > @n8n/codemirror-lang-sql@1.4.0 test /Users/nikhilkuriakose/dev/repo/n8n/packages/@n8n/codemirror-lang-sql
@n8n/codemirror-lang-sql:test: > jest
@n8n/codemirror-lang-sql:test: 
@n8n/codemirror-lang-html:test: 
@n8n/codemirror-lang-html:test: 
@n8n/codemirror-lang-html:test:   HTML completion
@n8n/codemirror-lang-html:test:     ✔ completes tag names
@n8n/codemirror-lang-html:test:     ✔ doesn't complete from nothing unless explicit
@n8n/codemirror-lang-html:test:     ✔ completes at top level
@n8n/codemirror-lang-html:test:     ✔ completes inside an element
@n8n/codemirror-lang-html:test:     ✔ completes attribute names
@n8n/codemirror-lang-html:test:     ✔ completes attribute names explicitly
@n8n/codemirror-lang-html:test:     ✔ completes attribute values
@n8n/codemirror-lang-html:test:     ✔ completes the 2nd attribute's values
@n8n/codemirror-lang-html:test:     ✔ keeps quotes for attribute values
@n8n/codemirror-lang-html:test:     ✔ omits already closed quotes
@n8n/codemirror-lang-html:test:     ✔ can handle single quotes
@n8n/codemirror-lang-html:test:     ✔ completes close tags
@n8n/codemirror-lang-html:test:     ✔ completes partial close tags
@n8n/codemirror-lang-html:test:     ✔ only completes close tags that haven't already been closed
@n8n/codemirror-lang-html:test:     ✔ includes close tag in completion after less-than
@n8n/codemirror-lang-html:test: 
@n8n/codemirror-lang-html:test: 
@n8n/codemirror-lang-html:test:   15 passing (80ms)
@n8n/codemirror-lang-html:test: 
@n8n/eslint-plugin-community-nodes:test: cache miss, executing 54c14e3d5ebfe081
@n8n/eslint-plugin-community-nodes:test: 
@n8n/eslint-plugin-community-nodes:test: > @n8n/eslint-plugin-community-nodes@0.7.0 test /Users/nikhilkuriakose/dev/repo/n8n/packages/@n8n/eslint-plugin-community-nodes
@n8n/eslint-plugin-community-nodes:test: > vitest run
@n8n/eslint-plugin-community-nodes:test: 
@n8n/imap:test: 
@n8n/imap:test:  RUN  v3.1.3 /Users/nikhilkuriakose/dev/repo/n8n/packages/@n8n/imap
@n8n/imap:test: 
@n8n/eslint-plugin-community-nodes:test: 
@n8n/eslint-plugin-community-nodes:test:  RUN  v3.1.3 /Users/nikhilkuriakose/dev/repo/n8n/packages/@n8n/eslint-plugin-community-nodes
@n8n/eslint-plugin-community-nodes:test: 
@n8n/imap:test:  ✓ src/part-data.test.ts (11 tests) 45ms
@n8n/imap:test:  ✓ src/imap-simple.test.ts (14 tests) 10ms
@n8n/imap:test: 
@n8n/imap:test:  Test Files  2 passed (2)
@n8n/imap:test:       Tests  25 passed (25)
@n8n/imap:test:    Start at  17:22:03
@n8n/imap:test:    Duration  1.86s (transform 350ms, setup 0ms, collect 872ms, tests 55ms, environment 0ms, prepare 935ms)
@n8n/imap:test: 
@n8n/node-cli:build: cache hit, replaying logs bbdb48b65e915d5e
@n8n/node-cli:build: 
@n8n/node-cli:build: > @n8n/node-cli@0.17.0 build /Users/nikhilkuriakose/dev/repo/n8n/packages/@n8n/node-cli
@n8n/node-cli:build: > tsc -p tsconfig.build.json && pnpm copy-templates
@n8n/node-cli:build: 
@n8n/node-cli:build: 
@n8n/node-cli:build: > @n8n/node-cli@0.17.0 copy-templates /Users/nikhilkuriakose/dev/repo/n8n/packages/@n8n/node-cli
@n8n/node-cli:build: > node scripts/copy-templates.mjs
@n8n/node-cli:build: 
@n8n/n8n-benchmark:test: cache miss, executing 0fe57c6610c3901e
@n8n/codemirror-lang-sql:test: PASS test/tokens.test.ts
@n8n/codemirror-lang-sql:test:   Parse MySQL tokens
@n8n/codemirror-lang-sql:test:     ✓ parses quoted bit-value literals (54 ms)
@n8n/codemirror-lang-sql:test:     ✓ parses unquoted bit-value literals (1 ms)
@n8n/codemirror-lang-sql:test:   Parse PostgreSQL tokens
@n8n/codemirror-lang-sql:test:     ✓ parses quoted bit-value literals
@n8n/codemirror-lang-sql:test:     ✓ parses quoted bit-value literals (1 ms)
@n8n/codemirror-lang-sql:test:     ✓ parses double dollar quoted Whitespace literals (2 ms)
@n8n/codemirror-lang-sql:test:   Parse BigQuery tokens
@n8n/codemirror-lang-sql:test:     ✓ parses quoted bytes literals in single quotes (9 ms)
@n8n/codemirror-lang-sql:test:     ✓ parses quoted bytes literals in double quotes (1 ms)
@n8n/codemirror-lang-sql:test:     ✓ parses bytes literals in single quotes (2 ms)
@n8n/codemirror-lang-sql:test:     ✓ parses bytes literals in double quotes (3 ms)
@n8n/codemirror-lang-sql:test:   Parse n8n resolvables
@n8n/codemirror-lang-sql:test:     ✓ parses resolvables with dots inside composite identifiers (3 ms)
@n8n/codemirror-lang-sql:test:     ✓ parses 4-node SELECT variants (4 ms)
@n8n/codemirror-lang-sql:test:     ✓ parses 5-node SELECT variants (with semicolon) (67 ms)
@n8n/codemirror-lang-sql:test:     ✓ parses single-quoted resolvable with no whitespace
@n8n/codemirror-lang-sql:test:     ✓ parses single-quoted resolvable with leading whitespace
@n8n/codemirror-lang-sql:test:     ✓ parses single-quoted resolvable with trailing whitespace
@n8n/codemirror-lang-sql:test:     ✓ parses single-quoted resolvable with surrounding whitespace (1 ms)
@n8n/codemirror-lang-sql:test: 
@n8n/n8n-benchmark:test: 
@n8n/n8n-benchmark:test: > @n8n/n8n-benchmark@2.0.0 test /Users/nikhilkuriakose/dev/repo/n8n/packages/@n8n/benchmark
@n8n/n8n-benchmark:test: > echo "WARNING: no test specified" && exit 0
@n8n/n8n-benchmark:test: 
@n8n/n8n-benchmark:test: WARNING: no test specified
@n8n/eslint-config:test: cache miss, executing 5765704fd9081b68
@n8n/permissions:test: PASS src/utilities/__tests__/combine-scopes.test.ts
@n8n/permissions:test:   combineScopes
@n8n/permissions:test:     basic scope combining
@n8n/permissions:test:       ✓ single level (40 ms)
@n8n/permissions:test:       ✓ multiple levels (1 ms)
@n8n/permissions:test:       ✓ duplicates
@n8n/permissions:test:     masking behavior
@n8n/permissions:test:       ✓ filters project scopes
@n8n/permissions:test:       ✓ filters resource scopes
@n8n/permissions:test:       ✓ ignores global scopes (2 ms)
@n8n/permissions:test:       ✓ handles undefined masks (1 ms)
@n8n/permissions:test:       ✓ handles empty resource scopes (1 ms)
@n8n/permissions:test: 
@n8n/permissions:test: PASS src/__tests__/types.test.ts
@n8n/permissions:test:   ApiKeyScope
@n8n/permissions:test:     ✓ Valid scopes (26 ms)
@n8n/permissions:test:     ✓ Invalid scopes
@n8n/permissions:test:   Scope
@n8n/permissions:test:     ✓ Valid scopes
@n8n/permissions:test:     ✓ Invalid scopes
@n8n/permissions:test: 
@n8n/permissions:test: PASS src/utilities/__tests__/get-resource-permissions.test.ts
@n8n/permissions:test:   permissions
@n8n/permissions:test:     ✓ getResourcePermissions for empty scopes (13 ms)
@n8n/permissions:test:     ✓ getResourcePermissions (1 ms)
@n8n/permissions:test: 
@n8n/json-schema-to-zod:test: PASS test/parsers/parse-string.test.ts
@n8n/json-schema-to-zod:test:   parseString
@n8n/json-schema-to-zod:test:     ✓ DateTime format (12 ms)
@n8n/json-schema-to-zod:test:     ✓ email
@n8n/json-schema-to-zod:test:     ✓ ip
@n8n/json-schema-to-zod:test:     ✓ uri
@n8n/json-schema-to-zod:test:     ✓ uuid (1 ms)
@n8n/json-schema-to-zod:test:     ✓ time
@n8n/json-schema-to-zod:test:     ✓ date
@n8n/json-schema-to-zod:test:     ✓ duration
@n8n/json-schema-to-zod:test:     ✓ base64
@n8n/json-schema-to-zod:test:     ✓ should accept errorMessage
@n8n/json-schema-to-zod:test: 
@n8n/permissions:test: PASS src/utilities/__tests__/has-scope.test.ts
@n8n/permissions:test:   hasScope
@n8n/permissions:test:     scope checking
@n8n/permissions:test:       ✓ workflow:read -> true (55 ms)
@n8n/permissions:test:       ✓ workflow:delete -> false
@n8n/permissions:test:       ✓ user:list -> true (1 ms)
@n8n/permissions:test:     masking behavior
@n8n/permissions:test:       ✓ filters non-global scopes
@n8n/permissions:test:       ✓ ignores global scopes
@n8n/permissions:test:     checking modes
@n8n/permissions:test:       ✓ oneOf (default)
@n8n/permissions:test:       ✓ allOf
@n8n/permissions:test:       ✓ edge cases (1 ms)
@n8n/permissions:test: 
@n8n/codemirror-lang-sql:test: FAIL test/complete.test.ts
@n8n/codemirror-lang-sql:test:   SQL completion
@n8n/codemirror-lang-sql:test:     ✓ completes table names (112 ms)
@n8n/codemirror-lang-sql:test:     ✓ completes quoted table names (1 ms)
@n8n/codemirror-lang-sql:test:     ✓ completes table names under schema (2 ms)
@n8n/codemirror-lang-sql:test:     ✕ completes quoted table names under schema (323 ms)
@n8n/codemirror-lang-sql:test:     ✓ completes quoted table names under quoted schema (17 ms)
@n8n/codemirror-lang-sql:test:     ✓ completes column names (1 ms)
@n8n/codemirror-lang-sql:test:     ✓ completes quoted column names
@n8n/codemirror-lang-sql:test:     ✓ completes column names in quoted tables
@n8n/codemirror-lang-sql:test:     ✓ completes column names in tables for a specific schema (1 ms)
@n8n/codemirror-lang-sql:test:     ✓ completes quoted column names in tables for a specific schema (31 ms)
@n8n/codemirror-lang-sql:test:     ✓ completes column names in quoted tables for a specific schema (23 ms)
@n8n/codemirror-lang-sql:test:     ✓ completes column names in quoted tables for a specific quoted schema (1 ms)
@n8n/codemirror-lang-sql:test:     ✓ completes quoted column names in quoted tables for a specific quoted schema (13 ms)
@n8n/codemirror-lang-sql:test:     ✓ completes column names of aliased tables (16 ms)
@n8n/codemirror-lang-sql:test:     ✓ completes column names of aliased quoted tables (1 ms)
@n8n/codemirror-lang-sql:test:     ✓ completes column names of aliased tables for a specific schema
@n8n/codemirror-lang-sql:test:     ✓ completes column names in aliased quoted tables for a specific schema
@n8n/codemirror-lang-sql:test:     ✓ completes column names in aliased quoted tables for a specific quoted schema
@n8n/codemirror-lang-sql:test:     ✓ completes aliased table names
@n8n/codemirror-lang-sql:test:     ✓ includes closing quote in completion (1 ms)
@n8n/codemirror-lang-sql:test:     ✓ keeps extra table completion properties
@n8n/codemirror-lang-sql:test:     ✓ keeps extra column completion properties
@n8n/codemirror-lang-sql:test:     ✓ supports a default table
@n8n/codemirror-lang-sql:test:     ✓ supports alternate quoting styles
@n8n/codemirror-lang-sql:test:     ✓ doesn't complete without identifier
@n8n/codemirror-lang-sql:test:     ✓ does complete explicitly without identifier
@n8n/codemirror-lang-sql:test: 
@n8n/codemirror-lang-sql:test:   ● SQL completion › completes quoted table names under schema
@n8n/codemirror-lang-sql:test: 
@n8n/codemirror-lang-sql:test:     expect(received).toEqual(expected) // deep equality
@n8n/codemirror-lang-sql:test: 
@n8n/codemirror-lang-sql:test:     Expected: "\"users\""
@n8n/codemirror-lang-sql:test:     Received: ""
@n8n/codemirror-lang-sql:test: 
@n8n/codemirror-lang-sql:test:       61 |
@n8n/codemirror-lang-sql:test:       62 | 	it('completes quoted table names under schema', () => {
@n8n/codemirror-lang-sql:test:     > 63 | 		expect(str(get('select public."u|', { schema: schema2 }))).toEqual('"users"');
@n8n/codemirror-lang-sql:test:          | 		                                                           ^
@n8n/codemirror-lang-sql:test:       64 | 	});
@n8n/codemirror-lang-sql:test:       65 |
@n8n/codemirror-lang-sql:test:       66 | 	it('completes quoted table names under quoted schema', () => {
@n8n/codemirror-lang-sql:test: 
@n8n/codemirror-lang-sql:test:       at Object.<anonymous> (test/complete.test.ts:63:62)
@n8n/codemirror-lang-sql:test: 
@n8n/permissions:test: PASS src/utilities/__tests__/get-global-scopes.test.ts
@n8n/permissions:test:   getGlobalScopes
@n8n/permissions:test:     ✓ should return correct scopes for global:owner (2 ms)
@n8n/permissions:test:     ✓ should return correct scopes for global:admin (1 ms)
@n8n/permissions:test:     ✓ should return correct scopes for global:member
@n8n/permissions:test:     ✓ should return correct scopes for global:chatUser
@n8n/permissions:test:     ✓ should return empty array for non-existent role
@n8n/permissions:test: 
@n8n/permissions:test: PASS src/utilities/__tests__/roles-with-scope.test.ts
@n8n/permissions:test:   rolesWithScope
@n8n/permissions:test:     global roles
@n8n/permissions:test:       ✓ workflow:create -> [ 'global:owner', 'global:admin' ] (6 ms)
@n8n/permissions:test:       ✓ user:list -> [ 'global:owner', 'global:admin', 'global:member' ] (1 ms)
@n8n/permissions:test:       ✓ chatHub:message -> [ 'global:owner', 'global:admin', 'global:member', 'global:chatUser' ]
@n8n/permissions:test:       ✓ invalid:scope -> []
@n8n/permissions:test:     multiple scopes
@n8n/permissions:test:       ✓ returns roles with all scopes
@n8n/permissions:test: 
@n8n/permissions:test: PASS src/utilities/__tests__/get-role-scopes.test.ts
@n8n/permissions:test:   getRoleScopes
@n8n/permissions:test:     role scope retrieval
@n8n/permissions:test:       ✓ should return scopes for global:owner (98 ms)
@n8n/permissions:test:       ✓ should return scopes for global:admin (1 ms)
@n8n/permissions:test:       ✓ should return scopes for project:admin
@n8n/permissions:test:     resource filtering
@n8n/permissions:test:       ✓ should filter workflow scopes
@n8n/permissions:test:       ✓ should filter credential scopes
@n8n/permissions:test:       ✓ should filter user scopes
@n8n/permissions:test:       ✓ should handle multiple filters (1 ms)
@n8n/permissions:test:       ✓ should return empty array for no matches
@n8n/permissions:test: 
@n8n/codemirror-lang:test: PASS test/expressions/expressions.test.ts
@n8n/codemirror-lang:test:   expressions language
@n8n/codemirror-lang:test:     cases
@n8n/codemirror-lang:test:       ✓ Resolvable (69 ms)
@n8n/codemirror-lang:test:       ✓ Empty Resolvable (1 ms)
@n8n/codemirror-lang:test:       ✓ Resolvable of only whitespace
@n8n/codemirror-lang:test:       ✓ No content
@n8n/codemirror-lang:test:       ✓ Plaintext (1 ms)
@n8n/codemirror-lang:test:       ✓ Plaintext of single-brace-wrapped text
@n8n/codemirror-lang:test:       ✓ Plaintext then Resolvable
@n8n/codemirror-lang:test:       ✓ Resolvable then Plaintext
@n8n/codemirror-lang:test:       ✓ Plaintext then Resolvable then Plaintext (1 ms)
@n8n/codemirror-lang:test:       ✓ Resolvable then Plaintext then Resolvable
@n8n/codemirror-lang:test:       ✓ Plaintext then Resolvable then Plaintext then Resolvable
@n8n/codemirror-lang:test:       ✓ Resolvable then Plaintext then Resolvable then Plaintext
@n8n/codemirror-lang:test:       ✓ Resolvable containing all resolvable chars
@n8n/codemirror-lang:test:       ✓ Resolvable containing single left brace
@n8n/codemirror-lang:test:       ✓ Resolvable containing double left brace
@n8n/codemirror-lang:test:       ✓ Resolvable containing triple left brace
@n8n/codemirror-lang:test:       ✓ Resolvable containing single right brace
@n8n/codemirror-lang:test:       ✓ Resolvable containing escaped double right brace
@n8n/codemirror-lang:test:       ✓ Resolvable containing escaped triple right brace
@n8n/codemirror-lang:test:       ✓ Resolvable containing single-brace-wrapped text with escaping
@n8n/codemirror-lang:test:       ✓ Resolvable containing double-brace-wrapped text with escaping
@n8n/codemirror-lang:test:       ✓ Resolvable containing triple-brace-wrapped text with escaping
@n8n/codemirror-lang:test:       ✓ Resolvable containing single-bracket-wrapped text (1 ms)
@n8n/codemirror-lang:test:       ✓ Resolvable containing double-bracket-wrapped text
@n8n/codemirror-lang:test:       ✓ Resolvable containing triple-bracket-wrapped text
@n8n/codemirror-lang:test:       ✓ Plaintext of one opening brace
@n8n/codemirror-lang:test:       ✓ Plaintext of one opening brace and two closing braces
@n8n/codemirror-lang:test:       ✓ Plaintext then Resolvable with non-ASCII chars then Plaintext
@n8n/codemirror-lang:test:       ✓ Resolvable with currency symbol
@n8n/codemirror-lang:test:       ✓ Resolvable with cyrillic char
@n8n/codemirror-lang:test:       ✓ Resolvable with Pictographs char
@n8n/codemirror-lang:test:       ✓ Resolvable with Emoticons char
@n8n/codemirror-lang:test:       ✓ Resolvable with general punctuation char
@n8n/codemirror-lang:test:       ✓ Resolvable with superscript char (42 ms)
@n8n/codemirror-lang:test:       ✓ Resolvable with CJK char (1 ms)
@n8n/codemirror-lang:test:       ✓ Resolvable with new emoji range
@n8n/codemirror-lang:test:       ✓ Resolvable with new emoji range end of range
@n8n/codemirror-lang:test:       ✓ Resolvable with start of Dingbat range - U+2700
@n8n/codemirror-lang:test:       ✓ Resolvable with end of Dingbat range - U+27BF
@n8n/codemirror-lang:test:       ✓ Resolvable with zap emoji - U+26A1 (3 ms)
@n8n/codemirror-lang:test:       ✓ Resolvable with character near end of Unicode range U+10FFFD
@n8n/codemirror-lang:test: 
@n8n/permissions:test: PASS src/__tests__/scope-information.test.ts
@n8n/permissions:test:   Scope Information
@n8n/permissions:test:     ✓ ensure scopes are defined correctly (3 ms)
@n8n/permissions:test: 
@n8n/permissions:test: PASS src/__tests__/schemas.test.ts
@n8n/permissions:test:   roleNamespaceSchema
@n8n/permissions:test:     ✓ should validate valid namespace: global (2 ms)
@n8n/permissions:test:     ✓ should validate valid namespace: project
@n8n/permissions:test:     ✓ should validate valid namespace: credential
@n8n/permissions:test:     ✓ should validate valid namespace: workflow (1 ms)
@n8n/permissions:test:     ✓ should validate invalid namespace
@n8n/permissions:test:     ✓ should validate numeric value
@n8n/permissions:test:     ✓ should validate null value
@n8n/permissions:test:   globalRoleSchema
@n8n/permissions:test:     ✓ should validate valid role: global:owner
@n8n/permissions:test:     ✓ should validate valid role: global:admin (1 ms)
@n8n/permissions:test:     ✓ should validate valid role: global:member
@n8n/permissions:test:     ✓ should validate valid role: global:chatUser
@n8n/permissions:test:     ✓ should validate invalid role
@n8n/permissions:test:     ✓ should validate invalid prefix (7 ms)
@n8n/permissions:test:     ✓ should validate empty string
@n8n/permissions:test:     ✓ should validate undefined value
@n8n/permissions:test:   assignableGlobalRoleSchema
@n8n/permissions:test:     ✓ should validate excluded role: global:owner (3 ms)
@n8n/permissions:test:     ✓ should validate valid role: global:admin (1 ms)
@n8n/permissions:test:     ✓ should validate valid role: global:member
@n8n/permissions:test:     ✓ should validate valid role: global:chatUser
@n8n/permissions:test:     ✓ should validate object value (1 ms)
@n8n/permissions:test:   systemProjectRoleSchema
@n8n/permissions:test:     ✓ should validate valid role: project:personalOwner (51 ms)
@n8n/permissions:test:     ✓ should validate valid role: project:admin
@n8n/permissions:test:     ✓ should validate valid role: project:editor (1 ms)
@n8n/permissions:test:     ✓ should validate valid role: project:viewer
@n8n/permissions:test:     ✓ should validate invalid role (1 ms)
@n8n/permissions:test:   credentialSharingRoleSchema
@n8n/permissions:test:     ✓ should validate valid role: credential:owner (1 ms)
@n8n/permissions:test:     ✓ should validate valid role: credential:user
@n8n/permissions:test:     ✓ should validate invalid role
@n8n/permissions:test:     ✓ should validate invalid prefix
@n8n/permissions:test:     ✓ should validate boolean value (1 ms)
@n8n/permissions:test:     ✓ should validate array value
@n8n/permissions:test:   workflowSharingRoleSchema
@n8n/permissions:test:     ✓ should validate valid role: workflow:owner
@n8n/permissions:test:     ✓ should validate valid role: workflow:editor
@n8n/permissions:test:     ✓ should validate invalid role
@n8n/permissions:test:     ✓ should validate invalid prefix
@n8n/permissions:test:     ✓ should validate undefined value
@n8n/permissions:test:     ✓ should validate empty string
@n8n/permissions:test:   customProjectRoleSchema
@n8n/permissions:test:     ✓ should validate valid role: custom:role
@n8n/permissions:test:     ✓ should validate undefined value
@n8n/permissions:test:     ✓ should validate empty string
@n8n/permissions:test:     ✓ should validate system role (1 ms)
@n8n/permissions:test: 
@n8n/json-schema-to-zod:test: PASS test/parsers/parse-number.test.ts
@n8n/json-schema-to-zod:test:   parseNumber
@n8n/json-schema-to-zod:test:     ✓ should handle integer (7 ms)
@n8n/json-schema-to-zod:test:     ✓ should handle maximum with exclusiveMinimum (1 ms)
@n8n/json-schema-to-zod:test:     ✓ should handle maximum with exclusiveMinimum
@n8n/json-schema-to-zod:test:     ✓ should handle maximum with exclusiveMaximum
@n8n/json-schema-to-zod:test:     ✓ should handle numeric exclusiveMaximum
@n8n/json-schema-to-zod:test:     ✓ should accept errorMessage
@n8n/json-schema-to-zod:test: 
@n8n/codemirror-lang:test: Test Suites: 1 passed, 1 total
@n8n/codemirror-lang:test: Tests:       41 passed, 41 total
@n8n/codemirror-lang:test: Snapshots:   0 total
@n8n/codemirror-lang:test: Time:        5.929 s
@n8n/codemirror-lang:test: Ran all test suites.
@n8n/json-schema-to-zod:test: PASS test/parsers/parse-enum.test.ts
@n8n/json-schema-to-zod:test:   parseEnum
@n8n/json-schema-to-zod:test:     ✓ should create never with empty enum (2 ms)
@n8n/json-schema-to-zod:test:     ✓ should create literal with single item enum (69 ms)
@n8n/json-schema-to-zod:test:     ✓ should create enum array with string enums
@n8n/json-schema-to-zod:test:     ✓ should create union with mixed enums (2 ms)
@n8n/json-schema-to-zod:test: 
@n8n/eslint-config:test: 
@n8n/eslint-config:test: > @n8n/eslint-config@0.0.1 test /Users/nikhilkuriakose/dev/repo/n8n/packages/@n8n/eslint-config
@n8n/eslint-config:test: > vitest run
@n8n/eslint-config:test: 
@n8n/codemirror-lang-sql:test: Test Suites: 1 failed, 1 passed, 2 total
@n8n/codemirror-lang-sql:test: Tests:       1 failed, 41 passed, 42 total
@n8n/codemirror-lang-sql:test: Snapshots:   0 total
@n8n/codemirror-lang-sql:test: Time:        6.032 s
@n8n/codemirror-lang-sql:test: Ran all test suites.
@n8n/permissions:test: PASS src/utilities/__tests__/has-global-scope.test.ts
@n8n/permissions:test:   hasGlobalScope
@n8n/permissions:test:     ✓ edge cases
@n8n/permissions:test:     single scope checks
@n8n/permissions:test:       ✓ global:owner with workflow:create -> true (3 ms)
@n8n/permissions:test:       ✓ global:admin with user:delete -> true
@n8n/permissions:test:       ✓ global:member with workflow:read -> false
@n8n/permissions:test:       ✓ global:chatUser with workflow:read -> false (1 ms)
@n8n/permissions:test:       ✓ non:existent with workflow:read -> false
@n8n/permissions:test:     multiple scopes
@n8n/permissions:test:       ✓ oneOf mode (default)
@n8n/permissions:test:       ✓ allOf mode
@n8n/permissions:test: 
@n8n/json-schema-to-zod:test: PASS test/parsers/parse-not.test.ts
@n8n/json-schema-to-zod:test:   parseNot
@n8n/json-schema-to-zod:test:     ✓ parseNot (3 ms)
@n8n/json-schema-to-zod:test: 
@n8n/json-schema-to-zod:test: PASS test/json-schema-to-zod.test.ts
@n8n/json-schema-to-zod:test:   jsonSchemaToZod
@n8n/json-schema-to-zod:test:     ✓ should accept json schema 7 and 4 (3 ms)
@n8n/json-schema-to-zod:test:     ✓ can exclude defaults
@n8n/json-schema-to-zod:test:     ✓ should include describes
@n8n/json-schema-to-zod:test:     ✓ can exclude describes (1 ms)
@n8n/json-schema-to-zod:test:     ✓ will remove optionality if default is present
@n8n/json-schema-to-zod:test:     ✓ will handle falsy defaults
@n8n/json-schema-to-zod:test:     ✓ will ignore undefined as default
@n8n/json-schema-to-zod:test:     ✓ should be possible to define a custom parser (1 ms)
@n8n/json-schema-to-zod:test: 
@n8n/json-schema-to-zod:test: PASS test/parsers/parse-one-of.test.ts
@n8n/json-schema-to-zod:test:   parseOneOf
@n8n/json-schema-to-zod:test:     ✓ should create a union from two or more schemas (4 ms)
@n8n/json-schema-to-zod:test:     ✓ should extract a single schema
@n8n/json-schema-to-zod:test:     ✓ should return z.any() if array is empty
@n8n/json-schema-to-zod:test: 
@n8n/json-schema-to-zod:test: PASS test/parsers/parse-schema.test.ts
@n8n/json-schema-to-zod:test:   parseSchema
@n8n/json-schema-to-zod:test:     ✓ should be usable without providing refs (19 ms)
@n8n/json-schema-to-zod:test:     ✓ should return a seen and processed ref
@n8n/json-schema-to-zod:test:     ✓ should be possible to describe a readonly schema (1 ms)
@n8n/json-schema-to-zod:test:     ✓ should handle nullable
@n8n/json-schema-to-zod:test:     ✓ should handle enum
@n8n/json-schema-to-zod:test:     ✓ should handle multiple type
@n8n/json-schema-to-zod:test:     ✓ should handle if-then-else type (21 ms)
@n8n/json-schema-to-zod:test:     ✓ should handle anyOf (12 ms)
@n8n/json-schema-to-zod:test:     ✓ should handle oneOf
@n8n/json-schema-to-zod:test: 
@n8n/json-schema-to-zod:test: PASS test/parsers/parse-any-of.test.ts
@n8n/json-schema-to-zod:test:   parseAnyOf
@n8n/json-schema-to-zod:test:     ✓ should create a union from two or more schemas (24 ms)
@n8n/json-schema-to-zod:test:     ✓ should extract a single schema
@n8n/json-schema-to-zod:test:     ✓ should return z.any() if array is empty
@n8n/json-schema-to-zod:test: 
@n8n/json-schema-to-zod:test: PASS test/parsers/parse-all-of.test.ts
@n8n/json-schema-to-zod:test:   parseAllOf
@n8n/json-schema-to-zod:test:     ✓ should create never if empty (2 ms)
@n8n/json-schema-to-zod:test:     ✓ should handle true values (1 ms)
@n8n/json-schema-to-zod:test:     ✓ should handle false values
@n8n/json-schema-to-zod:test: 
@n8n/json-schema-to-zod:test: PASS test/parsers/parse-array.test.ts
@n8n/json-schema-to-zod:test:   parseArray
@n8n/json-schema-to-zod:test:     ✓ should create tuple with items array (4 ms)
@n8n/json-schema-to-zod:test:     ✓ should create array with items object
@n8n/json-schema-to-zod:test:     ✓ should create min for minItems
@n8n/json-schema-to-zod:test:     ✓ should create max for maxItems (1 ms)
@n8n/json-schema-to-zod:test: 
@n8n/syslog-client:test: PASS test/client.test.ts
@n8n/syslog-client:test:   SyslogClient - Core
@n8n/syslog-client:test:     Constructor and defaults
@n8n/syslog-client:test:       ✓ should set default options correctly (9 ms)
@n8n/syslog-client:test:       ✓ should accept target parameter
@n8n/syslog-client:test:       ✓ should accept custom hostname (1 ms)
@n8n/syslog-client:test:       ✓ should accept custom port and timeout
@n8n/syslog-client:test:       ✓ should accept TCP transport option
@n8n/syslog-client:test:       ✓ should accept TLS transport with certificate (1 ms)
@n8n/syslog-client:test:       ✓ should accept facility and severity options
@n8n/syslog-client:test:       ✓ should accept RFC format option
@n8n/syslog-client:test: 
@n8n/syslog-client:test:   console.log
@n8n/syslog-client:test:     Started UDP syslog server on port 63887
@n8n/syslog-client:test: 
@n8n/syslog-client:test:       at Socket.<anonymous> (test/setup.ts:165:12)
@n8n/syslog-client:test: 
@n8n/syslog-client:test:   console.log
@n8n/syslog-client:test:     Started TCP syslog server on port 63888
@n8n/syslog-client:test: 
@n8n/syslog-client:test:       at Server.<anonymous> (test/setup.ts:182:12)
@n8n/syslog-client:test: 
@n8n/codemirror-lang-sql:test:  ELIFECYCLE  Test failed. See above for more details.
@n8n/permissions:test: Test Suites: 10 passed, 10 total
@n8n/permissions:test: Tests:       90 passed, 90 total
@n8n/permissions:test: Snapshots:   1 passed, 1 total
@n8n/permissions:test: Time:        6.26 s
@n8n/permissions:test: Ran all test suites.
@n8n/syslog-client:test:   console.log
@n8n/syslog-client:test:     Started UDP syslog server on port 63881
@n8n/syslog-client:test: 
@n8n/syslog-client:test:       at Socket.<anonymous> (test/setup.ts:165:12)
@n8n/syslog-client:test: 
@n8n/syslog-client:test:   console.log
@n8n/syslog-client:test:     Started TCP syslog server on port 63882
@n8n/syslog-client:test: 
@n8n/syslog-client:test:       at Server.<anonymous> (test/setup.ts:182:12)
@n8n/syslog-client:test: 
@n8n/syslog-client:test:   console.log
@n8n/syslog-client:test:     Started TLS syslog server on port 63883
@n8n/syslog-client:test: 
@n8n/syslog-client:test:       at Server.<anonymous> (test/setup.ts:205:12)
@n8n/syslog-client:test: 
@n8n/syslog-client:test:   console.log
@n8n/syslog-client:test:     Started UDP syslog server on port 63890
@n8n/syslog-client:test: 
@n8n/syslog-client:test:       at Socket.<anonymous> (test/setup.ts:165:12)
@n8n/syslog-client:test: 
@n8n/syslog-client:test:   console.log
@n8n/syslog-client:test:     Started TCP syslog server on port 63891
@n8n/syslog-client:test: 
@n8n/syslog-client:test:       at Server.<anonymous> (test/setup.ts:182:12)
@n8n/syslog-client:test: 
@n8n/syslog-client:test:   console.log
@n8n/syslog-client:test:     Started TLS syslog server on port 63892
@n8n/syslog-client:test: 
@n8n/syslog-client:test:       at Server.<anonymous> (test/setup.ts:205:12)
@n8n/syslog-client:test: 
@n8n/syslog-client:test:   console.log
@n8n/syslog-client:test:     Started TLS syslog server on port 63889
@n8n/syslog-client:test: 
@n8n/syslog-client:test:       at Server.<anonymous> (test/setup.ts:205:12)
@n8n/syslog-client:test: 
@n8n/syslog-client:test:   console.log
@n8n/syslog-client:test:     Started UDP syslog server on port 63884
@n8n/syslog-client:test: 
@n8n/syslog-client:test:       at Socket.<anonymous> (test/setup.ts:165:12)
@n8n/syslog-client:test: 
@n8n/syslog-client:test:   console.log
@n8n/syslog-client:test:     Started TCP syslog server on port 63885
@n8n/syslog-client:test: 
@n8n/syslog-client:test:       at Server.<anonymous> (test/setup.ts:182:12)
@n8n/syslog-client:test: 
@n8n/syslog-client:test:   console.log
@n8n/syslog-client:test:     Started TLS syslog server on port 63886
@n8n/syslog-client:test: 
@n8n/syslog-client:test:       at Server.<anonymous> (test/setup.ts:205:12)
@n8n/syslog-client:test: 
@n8n/json-schema-to-zod:test: PASS test/parsers/parse-object.test.ts
@n8n/json-schema-to-zod:test:   parseObject
@n8n/json-schema-to-zod:test:     ✓ should handle with missing properties (3 ms)
@n8n/json-schema-to-zod:test:     ✓ should handle with empty properties
@n8n/json-schema-to-zod:test:     ✓ With properties - should handle optional and required properties
@n8n/json-schema-to-zod:test:     ✓ With properties - should handle additionalProperties when set to false (1 ms)
@n8n/json-schema-to-zod:test:     ✓ With properties - should handle additionalProperties when set to true
@n8n/json-schema-to-zod:test:     ✓ With properties - should handle additionalProperties when provided a schema
@n8n/json-schema-to-zod:test:     ✓ Without properties - should handle additionalProperties when set to false
@n8n/json-schema-to-zod:test:     ✓ Without properties - should handle additionalProperties when set to true
@n8n/json-schema-to-zod:test:     ✓ Without properties - should handle additionalProperties when provided a schema (1 ms)
@n8n/json-schema-to-zod:test:     ✓ Without properties - should include falsy defaults
@n8n/json-schema-to-zod:test:     ✓ eh (1 ms)
@n8n/json-schema-to-zod:test:     ✓ Functional tests - run
@n8n/json-schema-to-zod:test:     ✓ Functional tests - properties (1 ms)
@n8n/json-schema-to-zod:test:     ✓ Functional tests - properties and additionalProperties
@n8n/json-schema-to-zod:test:     ✓ Functional tests - properties and single-item patternProperties (1 ms)
@n8n/json-schema-to-zod:test:     ✓ Functional tests - properties, additionalProperties and patternProperties
@n8n/json-schema-to-zod:test:     ✓ Functional tests - additionalProperties
@n8n/json-schema-to-zod:test:     ✓ Functional tests - additionalProperties and patternProperties (1 ms)
@n8n/json-schema-to-zod:test:     ✓ Functional tests - single-item patternProperties
@n8n/json-schema-to-zod:test:     ✓ Functional tests - patternProperties
@n8n/json-schema-to-zod:test:     ✓ Functional tests - patternProperties and properties
@n8n/json-schema-to-zod:test: 
@n8n/composables:build: cache hit, replaying logs c6b8c7deb99c860d
@n8n/composables:build: 
@n8n/composables:build: > @n8n/composables@1.13.0 build /Users/nikhilkuriakose/dev/repo/n8n/packages/frontend/@n8n/composables
@n8n/composables:build: > tsdown
@n8n/composables:build: 
@n8n/composables:build: [34mℹ[39m tsdown [2mv0.16.5[22m powered by rolldown [2mv1.0.0-beta.50[22m
@n8n/composables:build: [34mℹ[39m Using tsdown config: [4m/Users/nikhilkuriakose/dev/repo/n8n/packages/frontend/@n8n/composables/tsdown.config.ts[24m
@n8n/composables:build: [34mℹ[39m entry: [34msrc/useDeviceSupport.ts, src/useShortKeyPress.ts, src/useThrottleWithReactiveDelay.ts[39m
@n8n/composables:build: [34mℹ[39m tsconfig: [34mtsconfig.json[39m
@n8n/composables:build: [34mℹ[39m Build start
@n8n/composables:build: [34mℹ[39m [33m[CJS][39m [2mdist/[22m[1museDeviceSupport.cjs[22m                  [2m1.76 kB[22m [2m│ gzip: 0.70 kB[22m
@n8n/composables:build: [34mℹ[39m [33m[CJS][39m [2mdist/[22m[1museShortKeyPress.cjs[22m                  [2m0.64 kB[22m [2m│ gzip: 0.33 kB[22m
@n8n/composables:build: [34mℹ[39m [33m[CJS][39m [2mdist/[22m[1museThrottleWithReactiveDelay.cjs[22m      [2m0.61 kB[22m [2m│ gzip: 0.33 kB[22m
@n8n/composables:build: [34mℹ[39m [33m[CJS][39m [2mdist/[22museDeviceSupport.cjs.map              [2m2.58 kB[22m [2m│ gzip: 1.07 kB[22m
@n8n/composables:build: [34mℹ[39m [33m[CJS][39m [2mdist/[22museShortKeyPress.cjs.map              [2m1.26 kB[22m [2m│ gzip: 0.64 kB[22m
@n8n/composables:build: [34mℹ[39m [33m[CJS][39m [2mdist/[22museThrottleWithReactiveDelay.cjs.map  [2m0.88 kB[22m [2m│ gzip: 0.49 kB[22m
@n8n/composables:build: [34mℹ[39m [33m[CJS][39m 6 files, total: 7.73 kB
@n8n/composables:build: [34mℹ[39m [33m[CJS][39m [2mdist/[22m[32m[1museDeviceSupport.d.cts[22m[39m              [2m0.47 kB[22m [2m│ gzip: 0.29 kB[22m
@n8n/composables:build: [34mℹ[39m [33m[CJS][39m [2mdist/[22m[32m[1museShortKeyPress.d.cts[22m[39m              [2m0.41 kB[22m [2m│ gzip: 0.25 kB[22m
@n8n/composables:build: [34mℹ[39m [33m[CJS][39m [2mdist/[22m[32m[1museThrottleWithReactiveDelay.d.cts[22m[39m  [2m0.30 kB[22m [2m│ gzip: 0.19 kB[22m
@n8n/composables:build: [34mℹ[39m [33m[CJS][39m 3 files, total: 1.18 kB
@n8n/composables:build: [34mℹ[39m [34m[ESM][39m [2mdist/[22m[1museDeviceSupport.mjs[22m                  [2m1.68 kB[22m [2m│ gzip: 0.69 kB[22m
@n8n/composables:build: [34mℹ[39m [34m[ESM][39m [2mdist/[22m[1museShortKeyPress.mjs[22m                  [2m0.57 kB[22m [2m│ gzip: 0.32 kB[22m
@n8n/composables:build: [34mℹ[39m [34m[ESM][39m [2mdist/[22m[1museThrottleWithReactiveDelay.mjs[22m      [2m0.56 kB[22m [2m│ gzip: 0.31 kB[22m
@n8n/composables:build: [34mℹ[39m [34m[ESM][39m [2mdist/[22museDeviceSupport.mjs.map              [2m2.62 kB[22m [2m│ gzip: 1.07 kB[22m
@n8n/composables:build: [34mℹ[39m [34m[ESM][39m [2mdist/[22museShortKeyPress.mjs.map              [2m1.27 kB[22m [2m│ gzip: 0.64 kB[22m
@n8n/composables:build: [34mℹ[39m [34m[ESM][39m [2mdist/[22museThrottleWithReactiveDelay.mjs.map  [2m0.89 kB[22m [2m│ gzip: 0.48 kB[22m
@n8n/composables:build: [34mℹ[39m [34m[ESM][39m [2mdist/[22m[32m[1museDeviceSupport.d.mts[22m[39m                [2m0.47 kB[22m [2m│ gzip: 0.29 kB[22m
@n8n/composables:build: [34mℹ[39m [34m[ESM][39m [2mdist/[22m[32m[1museShortKeyPress.d.mts[22m[39m                [2m0.41 kB[22m [2m│ gzip: 0.25 kB[22m
@n8n/composables:build: [34mℹ[39m [34m[ESM][39m [2mdist/[22m[32m[1museThrottleWithReactiveDelay.d.mts[22m[39m    [2m0.30 kB[22m [2m│ gzip: 0.19 kB[22m
@n8n/composables:build: [34mℹ[39m [34m[ESM][39m 9 files, total: 8.78 kB
@n8n/composables:build: [32m✔[39m Build complete in [32m3257ms[39m
@n8n/syslog-client:test: PASS test/formats.test.ts (5.259 s)
@n8n/syslog-client:test:   SyslogClient - Message Formats
@n8n/syslog-client:test:     RFC 3164 (BSD syslog)
@n8n/syslog-client:test:       ✓ should send RFC 3164 format by default (12 ms)
@n8n/syslog-client:test:       ✓ should send RFC 3164 format when explicitly enabled (4 ms)
@n8n/syslog-client:test:       ✓ should send back-dated RFC 3164 messages (6 ms)
@n8n/syslog-client:test:       ✓ should handle messages with custom options (4 ms)
@n8n/syslog-client:test:     RFC 5424 (modern syslog)
@n8n/syslog-client:test:       ✓ should send RFC 5424 format when enabled (29 ms)
@n8n/syslog-client:test:       ✓ should use default msgid when not provided (23 ms)
@n8n/syslog-client:test:       ✓ should use custom msgid when provided (12 ms)
@n8n/syslog-client:test:       ✓ should send back-dated RFC 5424 messages (1 ms)
@n8n/syslog-client:test:       ✓ should include process ID in RFC 5424 messages (1 ms)
@n8n/syslog-client:test:     Format switching
@n8n/syslog-client:test:       ✓ should allow switching format per message (12 ms)
@n8n/syslog-client:test:     Message content
@n8n/syslog-client:test:       ✓ should preserve newlines in message (4 ms)
@n8n/syslog-client:test:       ✓ should handle empty messages (24 ms)
@n8n/syslog-client:test: 
@n8n/codemirror-lang-sql:test: ERROR: command finished with error: command (/Users/nikhilkuriakose/dev/repo/n8n/packages/@n8n/codemirror-lang-sql) /Users/nikhilkuriakose/Library/pnpm/.tools/pnpm/10.22.0/bin/pnpm run test exited (1)
@n8n/utils:build: cache hit, replaying logs b870975d08fa06c4
@n8n/utils:build: 
@n8n/utils:build: > @n8n/utils@1.22.0 build /Users/nikhilkuriakose/dev/repo/n8n/packages/@n8n/utils
@n8n/utils:build: > tsdown
@n8n/utils:build: 
@n8n/utils:build: [34mℹ[39m tsdown [2mv0.16.5[22m powered by rolldown [2mv1.0.0-beta.50[22m
@n8n/utils:build: [34mℹ[39m Using tsdown config: [4m/Users/nikhilkuriakose/dev/repo/n8n/packages/@n8n/utils/tsdown.config.ts[24m
@n8n/utils:build: [34mℹ[39m entry: [34msrc/assert.ts, src/event-bus.ts, src/event-queue.ts, src/index.ts, src/retry.ts, src/files/path.ts, src/files/sanitize.ts, src/search/reRankSearchResults.ts, src/search/sublimeSearch.ts, src/number/smartDecimal.ts, src/sort/sortByProperty.ts, src/string/truncate.ts[39m
@n8n/utils:build: [34mℹ[39m tsconfig: [34mtsconfig.json[39m
@n8n/utils:build: [34mℹ[39m Build start
@n8n/utils:build: [34mℹ[39m [33m[CJS][39m [2mdist/[22m[1mindex.cjs[22m                       [2m 1.37 kB[22m [2m│ gzip: 0.35 kB[22m
@n8n/utils:build: [34mℹ[39m [33m[CJS][39m [2mdist/[22m[1msearch/sublimeSearch.cjs[22m        [2m 0.18 kB[22m [2m│ gzip: 0.10 kB[22m
@n8n/utils:build: [34mℹ[39m [33m[CJS][39m [2mdist/[22m[1mstring/truncate.cjs[22m             [2m 0.17 kB[22m [2m│ gzip: 0.09 kB[22m
@n8n/utils:build: [34mℹ[39m [33m[CJS][39m [2mdist/[22m[1msearch/reRankSearchResults.cjs[22m  [2m 0.15 kB[22m [2m│ gzip: 0.09 kB[22m
@n8n/utils:build: [34mℹ[39m [33m[CJS][39m [2mdist/[22m[1msort/sortByProperty.cjs[22m         [2m 0.13 kB[22m [2m│ gzip: 0.08 kB[22m
@n8n/utils:build: [34mℹ[39m [33m[CJS][39m [2mdist/[22m[1mevent-queue.cjs[22m                 [2m 0.12 kB[22m [2m│ gzip: 0.09 kB[22m
@n8n/utils:build: [34mℹ[39m [33m[CJS][39m [2mdist/[22m[1mnumber/smartDecimal.cjs[22m         [2m 0.12 kB[22m [2m│ gzip: 0.08 kB[22m
@n8n/utils:build: [34mℹ[39m [33m[CJS][39m [2mdist/[22m[1mfiles/sanitize.cjs[22m              [2m 0.12 kB[22m [2m│ gzip: 0.09 kB[22m
@n8n/utils:build: [34mℹ[39m [33m[CJS][39m [2mdist/[22m[1mevent-bus.cjs[22m                   [2m 0.11 kB[22m [2m│ gzip: 0.09 kB[22m
@n8n/utils:build: [34mℹ[39m [33m[CJS][39m [2mdist/[22m[1mfiles/path.cjs[22m                  [2m 0.10 kB[22m [2m│ gzip: 0.09 kB[22m
@n8n/utils:build: [34mℹ[39m [33m[CJS][39m [2mdist/[22m[1massert.cjs[22m                      [2m 0.09 kB[22m [2m│ gzip: 0.07 kB[22m
@n8n/utils:build: [34mℹ[39m [33m[CJS][39m [2mdist/[22m[1mretry.cjs[22m                       [2m 0.08 kB[22m [2m│ gzip: 0.07 kB[22m
@n8n/utils:build: [34mℹ[39m [33m[CJS][39m [2mdist/[22msublimeSearch.cjs.map           [2m11.66 kB[22m [2m│ gzip: 3.92 kB[22m
@n8n/utils:build: [34mℹ[39m [33m[CJS][39m [2mdist/[22msublimeSearch.cjs               [2m 5.53 kB[22m [2m│ gzip: 1.80 kB[22m
@n8n/utils:build: [34mℹ[39m [33m[CJS][39m [2mdist/[22mevent-bus2.cjs.map              [2m 2.93 kB[22m [2m│ gzip: 0.99 kB[22m
@n8n/utils:build: [34mℹ[39m [33m[CJS][39m [2mdist/[22msanitize.cjs.map                [2m 2.91 kB[22m [2m│ gzip: 1.25 kB[22m
@n8n/utils:build: [34mℹ[39m [33m[CJS][39m [2mdist/[22mtruncate.cjs.map                [2m 2.60 kB[22m [2m│ gzip: 1.08 kB[22m
@n8n/utils:build: [34mℹ[39m [33m[CJS][39m [2mdist/[22mretry2.cjs.map                  [2m 2.35 kB[22m [2m│ gzip: 1.05 kB[22m
@n8n/utils:build: [34mℹ[39m [33m[CJS][39m [2mdist/[22msanitize.cjs                    [2m 1.91 kB[22m [2m│ gzip: 0.90 kB[22m
@n8n/utils:build: [34mℹ[39m [33m[CJS][39m [2mdist/[22mevent-queue2.cjs.map            [2m 1.75 kB[22m [2m│ gzip: 0.83 kB[22m
@n8n/utils:build: [34mℹ[39m [33m[CJS][39m [2mdist/[22mtruncate.cjs                    [2m 1.67 kB[22m [2m│ gzip: 0.70 kB[22m
@n8n/utils:build: [34mℹ[39m [33m[CJS][39m [2mdist/[22mretry2.cjs                      [2m 1.54 kB[22m [2m│ gzip: 0.71 kB[22m
@n8n/utils:build: [34mℹ[39m [33m[CJS][39m [2mdist/[22mreRankSearchResults.cjs.map     [2m 1.27 kB[22m [2m│ gzip: 0.63 kB[22m
@n8n/utils:build: [34mℹ[39m [33m[CJS][39m [2mdist/[22mevent-bus2.cjs                  [2m 1.11 kB[22m [2m│ gzip: 0.52 kB[22m
@n8n/utils:build: [34mℹ[39m [33m[CJS][39m [2mdist/[22mevent-queue2.cjs                [2m 1.10 kB[22m [2m│ gzip: 0.53 kB[22m
@n8n/utils:build: [34mℹ[39m [33m[CJS][39m [2mdist/[22msortByProperty.cjs.map          [2m 0.67 kB[22m [2m│ gzip: 0.41 kB[22m
@n8n/utils:build: [34mℹ[39m [33m[CJS][39m [2mdist/[22mreRankSearchResults.cjs         [2m 0.65 kB[22m [2m│ gzip: 0.34 kB[22m
@n8n/utils:build: [34mℹ[39m [33m[CJS][39m [2mdist/[22msmartDecimal.cjs.map            [2m 0.63 kB[22m [2m│ gzip: 0.37 kB[22m
@n8n/utils:build: [34mℹ[39m [33m[CJS][39m [2mdist/[22msortByProperty.cjs              [2m 0.47 kB[22m [2m│ gzip: 0.30 kB[22m
@n8n/utils:build: [34mℹ[39m [33m[CJS][39m [2mdist/[22massert2.cjs.map                 [2m 0.46 kB[22m [2m│ gzip: 0.33 kB[22m
@n8n/utils:build: [34mℹ[39m [33m[CJS][39m [2mdist/[22msmartDecimal.cjs                [2m 0.42 kB[22m [2m│ gzip: 0.28 kB[22m
@n8n/utils:build: [34mℹ[39m [33m[CJS][39m [2mdist/[22mpath.cjs                        [2m 0.37 kB[22m [2m│ gzip: 0.28 kB[22m
@n8n/utils:build: [34mℹ[39m [33m[CJS][39m [2mdist/[22mpath.cjs.map                    [2m 0.36 kB[22m [2m│ gzip: 0.28 kB[22m
@n8n/utils:build: [34mℹ[39m [33m[CJS][39m [2mdist/[22massert2.cjs                     [2m 0.32 kB[22m [2m│ gzip: 0.24 kB[22m
@n8n/utils:build: [34mℹ[39m [33m[CJS][39m 34 files, total: 45.45 kB
@n8n/utils:build: [34mℹ[39m [34m[ESM][39m [2mdist/[22m[1mindex.mjs[22m                         [2m 0.86 kB[22m [2m│ gzip: 0.30 kB[22m
@n8n/utils:build: [34mℹ[39m [34m[ESM][39m [2mdist/[22m[1msearch/sublimeSearch.mjs[22m          [2m 0.12 kB[22m [2m│ gzip: 0.10 kB[22m
@n8n/utils:build: [34mℹ[39m [34m[ESM][39m [2mdist/[22m[1mstring/truncate.mjs[22m               [2m 0.12 kB[22m [2m│ gzip: 0.09 kB[22m
@n8n/utils:build: [34mℹ[39m [34m[ESM][39m [2mdist/[22m[1msearch/reRankSearchResults.mjs[22m    [2m 0.10 kB[22m [2m│ gzip: 0.08 kB[22m
@n8n/utils:build: [34mℹ[39m [34m[ESM][39m [2mdist/[22m[1mevent-queue.mjs[22m                   [2m 0.09 kB[22m [2m│ gzip: 0.08 kB[22m
@n8n/utils:build: [34mℹ[39m [34m[ESM][39m [2mdist/[22m[1msort/sortByProperty.mjs[22m           [2m 0.09 kB[22m [2m│ gzip: 0.08 kB[22m
@n8n/utils:build: [34mℹ[39m [34m[ESM][39m [2mdist/[22m[1mfiles/sanitize.mjs[22m                [2m 0.09 kB[22m [2m│ gzip: 0.08 kB[22m
@n8n/utils:build: [34mℹ[39m [34m[ESM][39m [2mdist/[22m[1mfiles/path.mjs[22m                    [2m 0.08 kB[22m [2m│ gzip: 0.08 kB[22m
@n8n/utils:build: [34mℹ[39m [34m[ESM][39m [2mdist/[22m[1mevent-bus.mjs[22m                     [2m 0.08 kB[22m [2m│ gzip: 0.08 kB[22m
@n8n/utils:build: [34mℹ[39m [34m[ESM][39m [2mdist/[22m[1mnumber/smartDecimal.mjs[22m           [2m 0.08 kB[22m [2m│ gzip: 0.07 kB[22m
@n8n/utils:build: [34mℹ[39m [34m[ESM][39m [2mdist/[22m[1massert.mjs[22m                        [2m 0.06 kB[22m [2m│ gzip: 0.07 kB[22m
@n8n/utils:build: [34mℹ[39m [34m[ESM][39m [2mdist/[22m[1mretry.mjs[22m                         [2m 0.06 kB[22m [2m│ gzip: 0.07 kB[22m
@n8n/utils:build: [34mℹ[39m [34m[ESM][39m [2mdist/[22msublimeSearch.mjs.map             [2m11.66 kB[22m [2m│ gzip: 3.92 kB[22m
@n8n/utils:build: [34mℹ[39m [34m[ESM][39m [2mdist/[22msublimeSearch.mjs                 [2m 5.33 kB[22m [2m│ gzip: 1.75 kB[22m
@n8n/utils:build: [34mℹ[39m [34m[ESM][39m [2mdist/[22mevent-bus2.mjs.map                [2m 2.93 kB[22m [2m│ gzip: 0.99 kB[22m
@n8n/utils:build: [34mℹ[39m [34m[ESM][39m [2mdist/[22msanitize.mjs.map                  [2m 2.91 kB[22m [2m│ gzip: 1.25 kB[22m
@n8n/utils:build: [34mℹ[39m [34m[ESM][39m [2mdist/[22mtruncate.mjs.map                  [2m 2.60 kB[22m [2m│ gzip: 1.08 kB[22m
@n8n/utils:build: [34mℹ[39m [34m[ESM][39m [2mdist/[22mretry2.mjs.map                    [2m 2.35 kB[22m [2m│ gzip: 1.05 kB[22m
@n8n/utils:build: [34mℹ[39m [34m[ESM][39m [2mdist/[22msanitize.mjs                      [2m 1.82 kB[22m [2m│ gzip: 0.84 kB[22m
@n8n/utils:build: [34mℹ[39m [34m[ESM][39m [2mdist/[22mevent-queue2.mjs.map              [2m 1.75 kB[22m [2m│ gzip: 0.83 kB[22m
@n8n/utils:build: [34mℹ[39m [34m[ESM][39m [2mdist/[22mtruncate.mjs                      [2m 1.47 kB[22m [2m│ gzip: 0.65 kB[22m
@n8n/utils:build: [34mℹ[39m [34m[ESM][39m [2mdist/[22mretry2.mjs                        [2m 1.45 kB[22m [2m│ gzip: 0.67 kB[22m
@n8n/utils:build: [34mℹ[39m [34m[ESM][39m [2mdist/[22mreRankSearchResults.mjs.map       [2m 1.27 kB[22m [2m│ gzip: 0.63 kB[22m
@n8n/utils:build: [34mℹ[39m [34m[ESM][39m [2mdist/[22mevent-bus2.mjs                    [2m 1.02 kB[22m [2m│ gzip: 0.47 kB[22m
@n8n/utils:build: [34mℹ[39m [34m[ESM][39m [2mdist/[22mevent-queue2.mjs                  [2m 1.00 kB[22m [2m│ gzip: 0.48 kB[22m
@n8n/utils:build: [34mℹ[39m [34m[ESM][39m [2mdist/[22msortByProperty.mjs.map            [2m 0.67 kB[22m [2m│ gzip: 0.41 kB[22m
@n8n/utils:build: [34mℹ[39m [34m[ESM][39m [2mdist/[22msmartDecimal.mjs.map              [2m 0.63 kB[22m [2m│ gzip: 0.37 kB[22m
@n8n/utils:build: [34mℹ[39m [34m[ESM][39m [2mdist/[22mreRankSearchResults.mjs           [2m 0.55 kB[22m [2m│ gzip: 0.30 kB[22m
@n8n/utils:build: [34mℹ[39m [34m[ESM][39m [2mdist/[22massert2.mjs.map                   [2m 0.46 kB[22m [2m│ gzip: 0.33 kB[22m
@n8n/utils:build: [34mℹ[39m [34m[ESM][39m [2mdist/[22msortByProperty.mjs                [2m 0.38 kB[22m [2m│ gzip: 0.25 kB[22m
@n8n/utils:build: [34mℹ[39m [34m[ESM][39m [2mdist/[22mpath.mjs.map                      [2m 0.36 kB[22m [2m│ gzip: 0.28 kB[22m
@n8n/utils:build: [34mℹ[39m [34m[ESM][39m [2mdist/[22msmartDecimal.mjs                  [2m 0.33 kB[22m [2m│ gzip: 0.22 kB[22m
@n8n/utils:build: [34mℹ[39m [34m[ESM][39m [2mdist/[22mpath.mjs                          [2m 0.27 kB[22m [2m│ gzip: 0.22 kB[22m
@n8n/utils:build: [34mℹ[39m [34m[ESM][39m [2mdist/[22massert2.mjs                       [2m 0.24 kB[22m [2m│ gzip: 0.19 kB[22m
@n8n/utils:build: [34mℹ[39m [34m[ESM][39m [2mdist/[22m[32m[1mindex.d.mts[22m[39m                       [2m 0.91 kB[22m [2m│ gzip: 0.32 kB[22m
@n8n/utils:build: [34mℹ[39m [34m[ESM][39m [2mdist/[22m[32m[1mevent-bus.d.mts[22m[39m                   [2m 0.14 kB[22m [2m│ gzip: 0.11 kB[22m
@n8n/utils:build: [34mℹ[39m [34m[ESM][39m [2mdist/[22m[32m[1msearch/sublimeSearch.d.mts[22m[39m        [2m 0.12 kB[22m [2m│ gzip: 0.10 kB[22m
@n8n/utils:build: [34mℹ[39m [34m[ESM][39m [2mdist/[22m[32m[1mstring/truncate.d.mts[22m[39m             [2m 0.11 kB[22m [2m│ gzip: 0.09 kB[22m
@n8n/utils:build: [34mℹ[39m [34m[ESM][39m [2mdist/[22m[32m[1msearch/reRankSearchResults.d.mts[22m[39m  [2m 0.10 kB[22m [2m│ gzip: 0.08 kB[22m
@n8n/utils:build: [34mℹ[39m [34m[ESM][39m [2mdist/[22m[32m[1mevent-queue.d.mts[22m[39m                 [2m 0.09 kB[22m [2m│ gzip: 0.08 kB[22m
@n8n/utils:build: [34mℹ[39m [34m[ESM][39m [2mdist/[22m[32m[1msort/sortByProperty.d.mts[22m[39m         [2m 0.09 kB[22m [2m│ gzip: 0.08 kB[22m
@n8n/utils:build: [34mℹ[39m [34m[ESM][39m [2mdist/[22m[32m[1mfiles/sanitize.d.mts[22m[39m              [2m 0.09 kB[22m [2m│ gzip: 0.08 kB[22m
@n8n/utils:build: [34mℹ[39m [34m[ESM][39m [2mdist/[22m[32m[1mfiles/path.d.mts[22m[39m                  [2m 0.08 kB[22m [2m│ gzip: 0.08 kB[22m
@n8n/utils:build: [34mℹ[39m [34m[ESM][39m [2mdist/[22m[32m[1mnumber/smartDecimal.d.mts[22m[39m         [2m 0.08 kB[22m [2m│ gzip: 0.07 kB[22m
@n8n/utils:build: [34mℹ[39m [34m[ESM][39m [2mdist/[22m[32m[1massert.d.mts[22m[39m                      [2m 0.06 kB[22m [2m│ gzip: 0.07 kB[22m
@n8n/utils:build: [34mℹ[39m [34m[ESM][39m [2mdist/[22m[32m[1mretry.d.mts[22m[39m                       [2m 0.06 kB[22m [2m│ gzip: 0.07 kB[22m
@n8n/utils:build: [34mℹ[39m [34m[ESM][39m [2mdist/[22m[32mevent-bus2.d.mts[39m                  [2m 0.99 kB[22m [2m│ gzip: 0.35 kB[22m
@n8n/utils:build: [34mℹ[39m [34m[ESM][39m [2mdist/[22m[32msublimeSearch.d.mts[39m               [2m 0.39 kB[22m [2m│ gzip: 0.25 kB[22m
@n8n/utils:build: [34mℹ[39m [34m[ESM][39m [2mdist/[22m[32mreRankSearchResults.d.mts[39m         [2m 0.37 kB[22m [2m│ gzip: 0.22 kB[22m
@n8n/utils:build: [34mℹ[39m [34m[ESM][39m [2mdist/[22m[32mtruncate.d.mts[39m                    [2m 0.31 kB[22m [2m│ gzip: 0.19 kB[22m
@n8n/utils:build: [34mℹ[39m [34m[ESM][39m [2mdist/[22m[32mretry2.d.mts[39m                      [2m 0.28 kB[22m [2m│ gzip: 0.22 kB[22m
@n8n/utils:build: [34mℹ[39m [34m[ESM][39m [2mdist/[22m[32mevent-queue2.d.mts[39m                [2m 0.24 kB[22m [2m│ gzip: 0.18 kB[22m
@n8n/utils:build: [34mℹ[39m [34m[ESM][39m [2mdist/[22m[32msortByProperty.d.mts[39m              [2m 0.22 kB[22m [2m│ gzip: 0.17 kB[22m
@n8n/utils:build: [34mℹ[39m [34m[ESM][39m [2mdist/[22m[32msanitize.d.mts[39m                    [2m 0.20 kB[22m [2m│ gzip: 0.16 kB[22m
@n8n/utils:build: [34mℹ[39m [34m[ESM][39m [2mdist/[22m[32msmartDecimal.d.mts[39m                [2m 0.20 kB[22m [2m│ gzip: 0.15 kB[22m
@n8n/utils:build: [34mℹ[39m [34m[ESM][39m [2mdist/[22m[32massert2.d.mts[39m                     [2m 0.18 kB[22m [2m│ gzip: 0.15 kB[22m
@n8n/utils:build: [34mℹ[39m [34m[ESM][39m [2mdist/[22m[32mpath.d.mts[39m                        [2m 0.17 kB[22m [2m│ gzip: 0.15 kB[22m
@n8n/utils:build: [34mℹ[39m [34m[ESM][39m 57 files, total: 48.74 kB
@n8n/utils:build: [34mℹ[39m [33m[CJS][39m [2mdist/[22m[32m[1mindex.d.cts[22m[39m                       [2m0.91 kB[22m [2m│ gzip: 0.32 kB[22m
@n8n/utils:build: [34mℹ[39m [33m[CJS][39m [2mdist/[22m[32m[1mevent-bus.d.cts[22m[39m                   [2m0.14 kB[22m [2m│ gzip: 0.11 kB[22m
@n8n/utils:build: [34mℹ[39m [33m[CJS][39m [2mdist/[22m[32m[1msearch/sublimeSearch.d.cts[22m[39m        [2m0.12 kB[22m [2m│ gzip: 0.10 kB[22m
@n8n/utils:build: [34mℹ[39m [33m[CJS][39m [2mdist/[22m[32m[1mstring/truncate.d.cts[22m[39m             [2m0.11 kB[22m [2m│ gzip: 0.09 kB[22m
@n8n/utils:build: [34mℹ[39m [33m[CJS][39m [2mdist/[22m[32m[1msearch/reRankSearchResults.d.cts[22m[39m  [2m0.10 kB[22m [2m│ gzip: 0.08 kB[22m
@n8n/utils:build: [34mℹ[39m [33m[CJS][39m [2mdist/[22m[32m[1mevent-queue.d.cts[22m[39m                 [2m0.09 kB[22m [2m│ gzip: 0.08 kB[22m
@n8n/utils:build: [34mℹ[39m [33m[CJS][39m [2mdist/[22m[32m[1msort/sortByProperty.d.cts[22m[39m         [2m0.09 kB[22m [2m│ gzip: 0.08 kB[22m
@n8n/utils:build: [34mℹ[39m [33m[CJS][39m [2mdist/[22m[32m[1mfiles/sanitize.d.cts[22m[39m              [2m0.09 kB[22m [2m│ gzip: 0.08 kB[22m
@n8n/utils:build: [34mℹ[39m [33m[CJS][39m [2mdist/[22m[32m[1mfiles/path.d.cts[22m[39m                  [2m0.08 kB[22m [2m│ gzip: 0.08 kB[22m
@n8n/utils:build: [34mℹ[39m [33m[CJS][39m [2mdist/[22m[32m[1mnumber/smartDecimal.d.cts[22m[39m         [2m0.08 kB[22m [2m│ gzip: 0.07 kB[22m
@n8n/utils:build: [34mℹ[39m [33m[CJS][39m [2mdist/[22m[32m[1massert.d.cts[22m[39m                      [2m0.06 kB[22m [2m│ gzip: 0.07 kB[22m
@n8n/utils:build: [34mℹ[39m [33m[CJS][39m [2mdist/[22m[32m[1mretry.d.cts[22m[39m                       [2m0.06 kB[22m [2m│ gzip: 0.07 kB[22m
@n8n/utils:build: [34mℹ[39m [33m[CJS][39m [2mdist/[22m[32mevent-bus2.d.cts[39m                  [2m0.99 kB[22m [2m│ gzip: 0.35 kB[22m
@n8n/utils:build: [34mℹ[39m [33m[CJS][39m [2mdist/[22m[32msublimeSearch.d.cts[39m               [2m0.39 kB[22m [2m│ gzip: 0.25 kB[22m
@n8n/utils:build: [34mℹ[39m [33m[CJS][39m [2mdist/[22m[32mreRankSearchResults.d.cts[39m         [2m0.37 kB[22m [2m│ gzip: 0.22 kB[22m
@n8n/utils:build: [34mℹ[39m [33m[CJS][39m [2mdist/[22m[32mtruncate.d.cts[39m                    [2m0.31 kB[22m [2m│ gzip: 0.19 kB[22m
@n8n/utils:build: [34mℹ[39m [33m[CJS][39m [2mdist/[22m[32mretry2.d.cts[39m                      [2m0.28 kB[22m [2m│ gzip: 0.22 kB[22m
@n8n/utils:build: [34mℹ[39m [33m[CJS][39m [2mdist/[22m[32mevent-queue2.d.cts[39m                [2m0.24 kB[22m [2m│ gzip: 0.18 kB[22m
@n8n/utils:build: [34mℹ[39m [33m[CJS][39m [2mdist/[22m[32msortByProperty.d.cts[39m              [2m0.22 kB[22m [2m│ gzip: 0.17 kB[22m
@n8n/utils:build: [34mℹ[39m [33m[CJS][39m [2mdist/[22m[32msanitize.d.cts[39m                    [2m0.20 kB[22m [2m│ gzip: 0.16 kB[22m
@n8n/utils:build: [34mℹ[39m [33m[CJS][39m [2mdist/[22m[32msmartDecimal.d.cts[39m                [2m0.20 kB[22m [2m│ gzip: 0.15 kB[22m
@n8n/utils:build: [34mℹ[39m [33m[CJS][39m [2mdist/[22m[32massert2.d.cts[39m                     [2m0.18 kB[22m [2m│ gzip: 0.15 kB[22m
@n8n/utils:build: [34mℹ[39m [33m[CJS][39m [2mdist/[22m[32mpath.d.cts[39m                        [2m0.17 kB[22m [2m│ gzip: 0.15 kB[22m
@n8n/utils:build: [34mℹ[39m [33m[CJS][39m 23 files, total: 5.49 kB
@n8n/utils:build: [32m✔[39m Build complete in [32m3178ms[39m
@n8n/config:test: cache miss, executing 510d231bbf0bc0d0
@n8n/node-cli:test: cache miss, executing 988454aea8b76678
@n8n/client-oauth2:test:  ELIFECYCLE  Test failed. See above for more details.
@n8n/permissions:test:  ELIFECYCLE  Test failed. See above for more details.
@n8n/composables:test: cache miss, executing 91dd33ea848a8236
@n8n/syslog-client:test:  ELIFECYCLE  Test failed. See above for more details.
@n8n/di:test:  ELIFECYCLE  Test failed. See above for more details.
@n8n/stylelint-config:test:  ELIFECYCLE  Test failed. See above for more details.
@n8n/eslint-config:test:  ELIFECYCLE  Test failed. See above for more details.
@n8n/json-schema-to-zod:test:  ELIFECYCLE  Test failed. See above for more details.
@n8n/eslint-plugin-community-nodes:test:  ELIFECYCLE  Test failed. See above for more details.
n8n-workflow:build: cache hit, replaying logs 4696a1d197ece932
n8n-workflow:build: 
n8n-workflow:build: 
n8n-workflow:build: > n8n-workflow@2.4.0 build /Users/nikhilkuriakose/dev/repo/n8n/packages/workflow
n8n-workflow:build: > tsc --build tsconfig.build.esm.json tsconfig.build.cjs.json
n8n-workflow:build: 
@n8n/codemirror-lang-sql#test: command (/Users/nikhilkuriakose/dev/repo/n8n/packages/@n8n/codemirror-lang-sql) /Users/nikhilkuriakose/Library/pnpm/.tools/pnpm/10.22.0/bin/pnpm run test exited (1)

 Tasks:    28 successful, 40 total
Cached:    23 cached, 40 total
  Time:    11.408s 
Failed:    @n8n/codemirror-lang-sql#test

 WARNING  no output files found for task @n8n/codemirror-lang#test. Please check your `outputs` key in `turbo.json`
 WARNING  no output files found for task @n8n/codemirror-lang-html#test. Please check your `outputs` key in `turbo.json`
 WARNING  no output files found for task @n8n/errors#test. Please check your `outputs` key in `turbo.json`
 WARNING  no output files found for task @n8n/imap#test. Please check your `outputs` key in `turbo.json`
 WARNING  no output files found for task @n8n/n8n-benchmark#test. Please check your `outputs` key in `turbo.json`
 ERROR  run failed: command  exited (1)
 ELIFECYCLE  Test failed. See above for more details.
