[43m[30m WARN [39m[49m Unsupported engine: wanted: {"node":">=24.0.0"} (current: {"node":"v22.22.3","pnpm":"10.32.1"})

> n8n-monorepo@2.36.0 typecheck /Users/romeobalta/work/n8n/worktrees/nudge-manual-builders-to-aia
> turbo typecheck

• turbo 2.9.15

   • Packages in scope: @n8n/agents, @n8n/ai-node-sdk, @n8n/ai-utilities, @n8n/ai-workflow-builder, @n8n/api-types, @n8n/backend-common, @n8n/backend-network, @n8n/backend-test-utils, @n8n/blob-storage, @n8n/chat, @n8n/chat-hub, @n8n/cli, @n8n/client-oauth2, @n8n/code-health, @n8n/codemirror-lang, @n8n/codemirror-lang-html, @n8n/codemirror-lang-sql, @n8n/composables, @n8n/computer-use, @n8n/config, @n8n/constants, @n8n/crdt, @n8n/create-node, @n8n/db, @n8n/decorators, @n8n/design-system, @n8n/di, @n8n/engine, @n8n/errors, @n8n/eslint-config, @n8n/eslint-plugin-community-nodes, @n8n/eslint-plugin-design-system, @n8n/expression-runtime, @n8n/extension-sdk, @n8n/frontend-constants, @n8n/frontend-module-instance-registry, @n8n/frontend-module-sdk, @n8n/frontend-utils, @n8n/frontend-vite-config, @n8n/i18n, @n8n/imap, @n8n/instance-ai, @n8n/json-schema-to-zod, @n8n/local-gateway, @n8n/mcp-apps, @n8n/mcp-browser, @n8n/mcp-browser-extension, @n8n/n8n-benchmark, @n8n/n8n-extension-insights, @n8n/n8n-nodes-langchain, @n8n/node-cli, @n8n/node-engine-compatibility, @n8n/performance, @n8n/permissions, @n8n/playwright-janitor, @n8n/rest-api-client, @n8n/rules-engine, @n8n/scan-community-package, @n8n/scheduler, @n8n/stores, @n8n/storybook, @n8n/stylelint-config, @n8n/syslog-client, @n8n/task-runner, @n8n/telemetry, @n8n/test-impact, @n8n/tournament, @n8n/typeorm, @n8n/typescript-config, @n8n/utils, @n8n/vitest-config, @n8n/workflow-sdk, n8n, n8n-containers, n8n-core, n8n-editor-ui, n8n-node-dev, n8n-nodes-base, n8n-playwright, n8n-workflow
   • Running typecheck in 80 packages
   • Remote caching disabled, using shared worktree cache

[35m@n8n/test-impact:typecheck: [0mcache miss, executing [2m9412ad9c18ec94f5[0m
[32m@n8n/typeorm:typecheck: [0mcache miss, executing [2md7415a02641f9915[0m
[35m@n8n/errors:typecheck: [0mcache miss, executing [2mccae862a6a4e1684[0m
[36m@n8n/frontend-vite-config:typecheck: [0mcache miss, executing [2m2f08379152d520eb[0m
[34m@n8n/n8n-benchmark:typecheck: [0mcache miss, executing [2m214059ef9ae7aba8[0m
[34m@n8n/constants:build: [0mcache hit, replaying logs [2mb858a35b019fc30f[0m
[33m@n8n/constants:typecheck: [0mcache miss, executing [2mc20f67ce6ce3066f[0m
[34m@n8n/constants:build: [0m
[34m@n8n/constants:build: [0m> @n8n/constants@0.35.0 build /Users/romeobalta/work/n8n/worktrees/grox-229-implement-ai-assistant-is-free/packages/@n8n/constants
[34m@n8n/constants:build: [0m> tsc -p tsconfig.build.json
[34m@n8n/constants:build: [0m
[32m@n8n/vitest-config:build: [0mcache hit, replaying logs [2mb9dafc9f54617a5b[0m
[32m@n8n/vitest-config:build: [0m
[32m@n8n/vitest-config:build: [0m> @n8n/vitest-config@1.21.0 build /Users/romeobalta/work/n8n/worktrees/nudge-manual-builders-to-aia/packages/@n8n/vitest-config
[32m@n8n/vitest-config:build: [0m> tsc -p tsconfig.build.json
[32m@n8n/vitest-config:build: [0m
[33m@n8n/test-impact:build: [0mcache hit, replaying logs [2m91c4a688a3d9b81c[0m
[33m@n8n/test-impact:build: [0m
[33m@n8n/test-impact:build: [0m> @n8n/test-impact@0.1.0 build /Users/romeobalta/work/n8n/worktrees/nudge-manual-builders-to-aia/packages/testing/test-impact
[33m@n8n/test-impact:build: [0m> tsc
[33m@n8n/test-impact:build: [0m
[36m@n8n/vitest-config:typecheck: [0mcache miss, executing [2m1552593a71b94340[0m
[36m@n8n/typeorm:build: [0mcache hit, replaying logs [2m2fb4543ad135e890[0m
[36m@n8n/typeorm:build: [0m
[36m@n8n/typeorm:build: [0m> @n8n/typeorm@0.8.0 build /Users/romeobalta/work/n8n/worktrees/grox-229-implement-ai-assistant-is-free/packages/@n8n/typeorm
[36m@n8n/typeorm:build: [0m> pnpm compile
[36m@n8n/typeorm:build: [0m
[36m@n8n/typeorm:build: [0m
[36m@n8n/typeorm:build: [0m> @n8n/typeorm@0.8.0 compile /Users/romeobalta/work/n8n/worktrees/grox-229-implement-ai-assistant-is-free/packages/@n8n/typeorm
[36m@n8n/typeorm:build: [0m> tsc -p tsconfig.build.json
[36m@n8n/typeorm:build: [0m
[35m@n8n/extension-sdk:build: [0mcache hit, replaying logs [2ma5b359e71c3717e6[0m
[32m@n8n/errors:build: [0mcache hit, replaying logs [2m389292bac0995083[0m
[35m@n8n/extension-sdk:build: [0m
[35m@n8n/extension-sdk:build: [0m> @n8n/extension-sdk@0.17.0 build /Users/romeobalta/work/n8n/worktrees/grox-229-implement-ai-assistant-is-free/packages/@n8n/extension-sdk
[35m@n8n/extension-sdk:build: [0m> pnpm "/^typecheck:.+/" && pnpm clean && tsdown && pnpm create-json-schema
[35m@n8n/extension-sdk:build: [0m
[35m@n8n/extension-sdk:build: [0m
[35m@n8n/extension-sdk:build: [0m> @n8n/extension-sdk@0.17.0 clean /Users/romeobalta/work/n8n/worktrees/grox-229-implement-ai-assistant-is-free/packages/@n8n/extension-sdk
[35m@n8n/extension-sdk:build: [0m> rimraf dist
[35m@n8n/extension-sdk:build: [0m
[35m@n8n/extension-sdk:build: [0m[34mℹ[39m tsdown [2mv0.16.5[22m powered by rolldown [2mv1.0.0-beta.50[22m
[35m@n8n/extension-sdk:build: [0m[34mℹ[39m Using tsdown config: [4m/Users/romeobalta/work/n8n/worktrees/grox-229-implement-ai-assistant-is-free/packages/@n8n/extension-sdk/tsdown.config.ts[24m
[35m@n8n/extension-sdk:build: [0m[34mℹ[39m entry: [34msrc/index.ts, src/schema.ts[39m
[35m@n8n/extension-sdk:build: [0m[34mℹ[39m entry: [34msrc/frontend/define.ts, src/frontend/index.ts, src/frontend/types.ts[39m
[35m@n8n/extension-sdk:build: [0m[34mℹ[39m entry: [34msrc/backend/define.ts, src/backend/index.ts, src/backend/types.ts[39m
[35m@n8n/extension-sdk:build: [0m[34mℹ[39m tsconfig: [34mtsconfig.common.json[39m
[35m@n8n/extension-sdk:build: [0m[34mℹ[39m tsconfig: [34mtsconfig.frontend.json[39m
[35m@n8n/extension-sdk:build: [0m[34mℹ[39m tsconfig: [34mtsconfig.backend.json[39m
[35m@n8n/extension-sdk:build: [0m[34mℹ[39m Build start
[35m@n8n/extension-sdk:build: [0m[34mℹ[39m [33m[CJS][39m [2mdist/[22m[1mindex.cjs[22m        [2m0.12 kB[22m [2m│ gzip: 0.09 kB[22m
[35m@n8n/extension-sdk:build: [0m[34mℹ[39m [33m[CJS][39m [2mdist/[22m[1mschema.cjs[22m       [2m0.12 kB[22m [2m│ gzip: 0.09 kB[22m
[35m@n8n/extension-sdk:build: [0m[34mℹ[39m [33m[CJS][39m [2mdist/[22mschema2.cjs.map  [2m2.62 kB[22m [2m│ gzip: 0.86 kB[22m
[35m@n8n/extension-sdk:build: [0m[34mℹ[39m [33m[CJS][39m [2mdist/[22mschema2.cjs      [2m0.90 kB[22m [2m│ gzip: 0.39 kB[22m
[35m@n8n/extension-sdk:build: [0m[34mℹ[39m [33m[CJS][39m 4 files, total: 3.76 kB
[35m@n8n/extension-sdk:build: [0m[34mℹ[39m [33m[CJS][39m [2mdist/backend/[22m[1mdefine.cjs[22m       [2m0.12 kB[22m [2m│ gzip: 0.09 kB[22m
[35m@n8n/extension-sdk:build: [0m[34mℹ[39m [33m[CJS][39m [2mdist/backend/[22m[1mindex.cjs[22m        [2m0.12 kB[22m [2m│ gzip: 0.09 kB[22m
[35m@n8n/extension-sdk:build: [0m[34mℹ[39m [33m[CJS][39m [2mdist/backend/[22m[1mtypes.cjs[22m        [2m0.00 kB[22m [2m│ gzip: 0.02 kB[22m
[35m@n8n/extension-sdk:build: [0m[34mℹ[39m [33m[CJS][39m [2mdist/backend/[22mdefine2.cjs.map  [2m0.33 kB[22m [2m│ gzip: 0.23 kB[22m
[35m@n8n/extension-sdk:build: [0m[34mℹ[39m [33m[CJS][39m [2mdist/backend/[22mdefine2.cjs      [2m0.29 kB[22m [2m│ gzip: 0.20 kB[22m
[35m@n8n/extension-sdk:build: [0m[34mℹ[39m [33m[CJS][39m 5 files, total: 0.86 kB
[35m@n8n/extension-sdk:build: [0m[34mℹ[39m [33m[CJS][39m [2mdist/frontend/[22m[1mdefine.cjs[22m       [2m0.12 kB[22m [2m│ gzip: 0.09 kB[22m
[35m@n8n/extension-sdk:build: [0m[34mℹ[39m [33m[CJS][39m [2mdist/frontend/[22m[1mindex.cjs[22m        [2m0.12 kB[22m [2m│ gzip: 0.09 kB[22m
[35m@n8n/extension-sdk:build: [0m[34mℹ[39m [33m[CJS][39m [2mdist/frontend/[22m[1mtypes.cjs[22m        [2m0.00 kB[22m [2m│ gzip: 0.02 kB[22m
[35m@n8n/extension-sdk:build: [0m[34mℹ[39m [33m[CJS][39m [2mdist/frontend/[22mdefine2.cjs.map  [2m0.33 kB[22m [2m│ gzip: 0.23 kB[22m
[35m@n8n/extension-sdk:build: [0m[34mℹ[39m [33m[CJS][39m [2mdist/frontend/[22mdefine2.cjs      [2m0.30 kB[22m [2m│ gzip: 0.20 kB[22m
[35m@n8n/extension-sdk:build: [0m[34mℹ[39m [33m[CJS][39m 5 files, total: 0.87 kB
[35m@n8n/extension-sdk:build: [0m[34mℹ[39m [34m[ESM][39m [2mdist/[22m[1mindex.mjs[22m        [2m0.10 kB[22m [2m│ gzip: 0.09 kB[22m
[35m@n8n/extension-sdk:build: [0m[34mℹ[39m [34m[ESM][39m [2mdist/[22m[1mschema.mjs[22m       [2m0.10 kB[22m [2m│ gzip: 0.09 kB[22m
[35m@n8n/extension-sdk:build: [0m[34mℹ[39m [34m[ESM][39m [2mdist/[22mschema2.mjs.map  [2m2.59 kB[22m [2m│ gzip: 0.86 kB[22m
[35m@n8n/extension-sdk:build: [0m[34mℹ[39m [34m[ESM][39m [2mdist/[22mschema2.mjs      [2m0.70 kB[22m [2m│ gzip: 0.33 kB[22m
[35m@n8n/extension-sdk:build: [0m[34mℹ[39m [34m[ESM][39m [2mdist/[22m[32m[1mindex.d.mts[22m[39m      [2m0.14 kB[22m [2m│ gzip: 0.10 kB[22m
[35m@n8n/extension-sdk:build: [0m[34mℹ[39m [34m[ESM][39m [2mdist/[22m[32m[1mschema.d.mts[22m[39m     [2m0.14 kB[22m [2m│ gzip: 0.10 kB[22m
[35m@n8n/extension-sdk:build: [0m[34mℹ[39m [34m[ESM][39m [2mdist/[22m[32mschema2.d.mts[39m    [2m2.37 kB[22m [2m│ gzip: 0.49 kB[22m
[35m@n8n/extension-sdk:build: [0m[34mℹ[39m [34m[ESM][39m 7 files, total: 6.13 kB
[35m@n8n/extension-sdk:build: [0m[34mℹ[39m [34m[ESM][39m [2mdist/frontend/[22m[1mdefine.mjs[22m       [2m0.10 kB[22m [2m│ gzip: 0.09 kB[22m
[35m@n8n/extension-sdk:build: [0m[34mℹ[39m [34m[ESM][39m [2mdist/frontend/[22m[1mindex.mjs[22m        [2m0.10 kB[22m [2m│ gzip: 0.09 kB[22m
[35m@n8n/extension-sdk:build: [0m[34mℹ[39m [34m[ESM][39m [2mdist/frontend/[22m[1mtypes.mjs[22m        [2m0.01 kB[22m [2m│ gzip: 0.03 kB[22m
[35m@n8n/extension-sdk:build: [0m[34mℹ[39m [34m[ESM][39m [2mdist/frontend/[22mdefine2.mjs.map  [2m0.33 kB[22m [2m│ gzip: 0.23 kB[22m
[35m@n8n/extension-sdk:build: [0m[34mℹ[39m [34m[ESM][39m [2mdist/frontend/[22mdefine2.mjs      [2m0.19 kB[22m [2m│ gzip: 0.15 kB[22m
[35m@n8n/extension-sdk:build: [0m[34mℹ[39m [34m[ESM][39m [2mdist/frontend/[22m[32m[1mindex.d.mts[22m[39m      [2m0.28 kB[22m [2m│ gzip: 0.13 kB[22m
[35m@n8n/extension-sdk:build: [0m[34mℹ[39m [34m[ESM][39m [2mdist/frontend/[22m[32m[1mtypes.d.mts[22m[39m      [2m0.20 kB[22m [2m│ gzip: 0.11 kB[22m
[35m@n8n/extension-sdk:build: [0m[34mℹ[39m [34m[ESM][39m [2mdist/frontend/[22m[32m[1mdefine.d.mts[22m[39m     [2m0.12 kB[22m [2m│ gzip: 0.10 kB[22m
[35m@n8n/extension-sdk:build: [0m[34mℹ[39m [34m[ESM][39m [2mdist/frontend/[22m[32mtypes2.d.mts[39m     [2m0.57 kB[22m [2m│ gzip: 0.28 kB[22m
[35m@n8n/extension-sdk:build: [0m[34mℹ[39m [34m[ESM][39m [2mdist/frontend/[22m[32mdefine2.d.mts[39m    [2m0.27 kB[22m [2m│ gzip: 0.18 kB[22m
[35m@n8n/extension-sdk:build: [0m[34mℹ[39m [34m[ESM][39m 10 files, total: 2.18 kB
[35m@n8n/extension-sdk:build: [0m[34mℹ[39m [34m[ESM][39m [2mdist/backend/[22m[1mdefine.mjs[22m       [2m0.10 kB[22m [2m│ gzip: 0.09 kB[22m
[35m@n8n/extension-sdk:build: [0m[34mℹ[39m [34m[ESM][39m [2mdist/backend/[22m[1mindex.mjs[22m        [2m0.10 kB[22m [2m│ gzip: 0.09 kB[22m
[35m@n8n/extension-sdk:build: [0m[34mℹ[39m [34m[ESM][39m [2mdist/backend/[22m[1mtypes.mjs[22m        [2m0.01 kB[22m [2m│ gzip: 0.03 kB[22m
[35m@n8n/extension-sdk:build: [0m[34mℹ[39m [34m[ESM][39m [2mdist/backend/[22mdefine2.mjs.map  [2m0.33 kB[22m [2m│ gzip: 0.23 kB[22m
[35m@n8n/extension-sdk:build: [0m[34mℹ[39m [34m[ESM][39m [2mdist/backend/[22mdefine2.mjs      [2m0.19 kB[22m [2m│ gzip: 0.15 kB[22m
[35m@n8n/extension-sdk:build: [0m[34mℹ[39m [34m[ESM][39m [2mdist/backend/[22m[32m[1mindex.d.mts[22m[39m      [2m0.28 kB[22m [2m│ gzip: 0.13 kB[22m
[35m@n8n/extension-sdk:build: [0m[34mℹ[39m [34m[ESM][39m [2mdist/backend/[22m[32m[1mtypes.d.mts[22m[39m      [2m0.19 kB[22m [2m│ gzip: 0.11 kB[22m
[35m@n8n/extension-sdk:build: [0m[34mℹ[39m [34m[ESM][39m [2mdist/backend/[22m[32m[1mdefine.d.mts[22m[39m     [2m0.12 kB[22m [2m│ gzip: 0.10 kB[22m
[35m@n8n/extension-sdk:build: [0m[34mℹ[39m [34m[ESM][39m [2mdist/backend/[22m[32mtypes2.d.mts[39m     [2m0.36 kB[22m [2m│ gzip: 0.20 kB[22m
[35m@n8n/extension-sdk:build: [0m[34mℹ[39m [34m[ESM][39m [2mdist/backend/[22m[32mdefine2.d.mts[39m    [2m0.27 kB[22m [2m│ gzip: 0.17 kB[22m
[35m@n8n/extension-sdk:build: [0m[34mℹ[39m [34m[ESM][39m 10 files, total: 1.94 kB
[35m@n8n/extension-sdk:build: [0m[34mℹ[39m [33m[CJS][39m [2mdist/[22m[32m[1mindex.d.cts[22m[39m    [2m0.14 kB[22m [2m│ gzip: 0.10 kB[22m
[35m@n8n/extension-sdk:build: [0m[34mℹ[39m [33m[CJS][39m [2mdist/[22m[32m[1mschema.d.cts[22m[39m   [2m0.14 kB[22m [2m│ gzip: 0.10 kB[22m
[35m@n8n/extension-sdk:build: [0m[34mℹ[39m [33m[CJS][39m [2mdist/[22m[32mschema2.d.cts[39m  [2m2.37 kB[22m [2m│ gzip: 0.49 kB[22m
[35m@n8n/extension-sdk:build: [0m[34mℹ[39m [33m[CJS][39m 3 files, total: 2.65 kB
[35m@n8n/extension-sdk:build: [0m[32m✔[39m Build complete in [32m1856ms[39m
[35m@n8n/extension-sdk:build: [0m[34mℹ[39m [33m[CJS][39m [2mdist/backend/[22m[32m[1mindex.d.cts[22m[39m    [2m0.28 kB[22m [2m│ gzip: 0.13 kB[22m
[35m@n8n/extension-sdk:build: [0m[34mℹ[39m [33m[CJS][39m [2mdist/backend/[22m[32m[1mtypes.d.cts[22m[39m    [2m0.19 kB[22m [2m│ gzip: 0.11 kB[22m
[35m@n8n/extension-sdk:build: [0m[34mℹ[39m [33m[CJS][39m [2mdist/backend/[22m[32m[1mdefine.d.cts[22m[39m   [2m0.12 kB[22m [2m│ gzip: 0.10 kB[22m
[35m@n8n/extension-sdk:build: [0m[34mℹ[39m [33m[CJS][39m [2mdist/backend/[22m[32mtypes2.d.cts[39m   [2m0.36 kB[22m [2m│ gzip: 0.20 kB[22m
[35m@n8n/extension-sdk:build: [0m[34mℹ[39m [33m[CJS][39m [2mdist/backend/[22m[32mdefine2.d.cts[39m  [2m0.27 kB[22m [2m│ gzip: 0.18 kB[22m
[35m@n8n/extension-sdk:build: [0m[34mℹ[39m [33m[CJS][39m 5 files, total: 1.22 kB
[35m@n8n/extension-sdk:build: [0m[32m✔[39m Build complete in [32m1857ms[39m
[35m@n8n/extension-sdk:build: [0m[34mℹ[39m [33m[CJS][39m [2mdist/frontend/[22m[32m[1mindex.d.cts[22m[39m    [2m0.28 kB[22m [2m│ gzip: 0.13 kB[22m
[35m@n8n/extension-sdk:build: [0m[34mℹ[39m [33m[CJS][39m [2mdist/frontend/[22m[32m[1mtypes.d.cts[22m[39m    [2m0.20 kB[22m [2m│ gzip: 0.11 kB[22m
[35m@n8n/extension-sdk:build: [0m[34mℹ[39m [33m[CJS][39m [2mdist/frontend/[22m[32m[1mdefine.d.cts[22m[39m   [2m0.12 kB[22m [2m│ gzip: 0.10 kB[22m
[35m@n8n/extension-sdk:build: [0m[34mℹ[39m [33m[CJS][39m [2mdist/frontend/[22m[32mtypes2.d.cts[39m   [2m0.57 kB[22m [2m│ gzip: 0.28 kB[22m
[35m@n8n/extension-sdk:build: [0m[34mℹ[39m [33m[CJS][39m [2mdist/frontend/[22m[32mdefine2.d.cts[39m  [2m0.27 kB[22m [2m│ gzip: 0.18 kB[22m
[35m@n8n/extension-sdk:build: [0m[34mℹ[39m [33m[CJS][39m 5 files, total: 1.45 kB
[35m@n8n/extension-sdk:build: [0m[32m✔[39m Build complete in [32m1858ms[39m
[35m@n8n/extension-sdk:build: [0m
[35m@n8n/extension-sdk:build: [0m> @n8n/extension-sdk@0.17.0 create-json-schema /Users/romeobalta/work/n8n/worktrees/grox-229-implement-ai-assistant-is-free/packages/@n8n/extension-sdk
[35m@n8n/extension-sdk:build: [0m> tsx scripts/create-json-schema.ts
[35m@n8n/extension-sdk:build: [0m
[33m@n8n/imap:typecheck: [0mcache miss, executing [2mbd9bbbbf1f2e6e07[0m
[32m@n8n/errors:build: [0m
[32m@n8n/errors:build: [0m> @n8n/errors@0.13.0 build /Users/romeobalta/work/n8n/worktrees/nudge-manual-builders-to-aia/packages/@n8n/errors
[32m@n8n/errors:build: [0m> tsc -p tsconfig.build.json
[32m@n8n/errors:build: [0m
[34m@n8n/di:build: [0mcache hit, replaying logs [2m06222d5cbb4686c8[0m
[36m@n8n/tournament:build: [0mcache hit, replaying logs [2mf64e9403de9e1d75[0m
[34m@n8n/di:build: [0m
[34m@n8n/di:build: [0m> @n8n/di@0.16.0 build /Users/romeobalta/work/n8n/worktrees/nudge-manual-builders-to-aia/packages/@n8n/di
[34m@n8n/di:build: [0m> tsc -p tsconfig.build.json
[34m@n8n/di:build: [0m
[36m@n8n/tournament:build: [0m
[36m@n8n/tournament:build: [0m> @n8n/tournament@1.9.0 build /Users/romeobalta/work/n8n/worktrees/nudge-manual-builders-to-aia/packages/@n8n/tournament
[36m@n8n/tournament:build: [0m> tsc -p ./tsconfig.build.json
[36m@n8n/tournament:build: [0m
[32m@n8n/permissions:build: [0mcache hit, replaying logs [2mdbf76e67ec7ca924[0m
[35m@n8n/rules-engine:build: [0mcache hit, replaying logs [2m0a2c99b65e49b160[0m
[35m@n8n/rules-engine:build: [0m
[35m@n8n/rules-engine:build: [0m> @n8n/rules-engine@0.1.0 build /Users/romeobalta/work/n8n/worktrees/nudge-manual-builders-to-aia/packages/testing/rules-engine
[35m@n8n/rules-engine:build: [0m> tsc -p tsconfig.build.json
[35m@n8n/rules-engine:build: [0m
[32m@n8n/permissions:build: [0m
[32m@n8n/permissions:build: [0m> @n8n/permissions@0.73.0 build /Users/romeobalta/work/n8n/worktrees/nudge-manual-builders-to-aia/packages/@n8n/permissions
[32m@n8n/permissions:build: [0m> tsc -p tsconfig.build.json
[32m@n8n/permissions:build: [0m
[34m@n8n/syslog-client:build: [0mcache hit, replaying logs [2m701867c1da1ad4e5[0m
[33m@n8n/mcp-browser:build: [0mcache hit, replaying logs [2mff02c1e698ef102e[0m
[34m@n8n/syslog-client:build: [0m
[34m@n8n/syslog-client:build: [0m> @n8n/syslog-client@1.10.0 build /Users/romeobalta/work/n8n/worktrees/nudge-manual-builders-to-aia/packages/@n8n/syslog-client
[34m@n8n/syslog-client:build: [0m> tsc -p tsconfig.build.json
[34m@n8n/syslog-client:build: [0m
[33m@n8n/mcp-browser:build: [0m
[33m@n8n/mcp-browser:build: [0m> @n8n/mcp-browser@0.18.0 build /Users/romeobalta/work/n8n/worktrees/nudge-manual-builders-to-aia/packages/@n8n/mcp-browser
[33m@n8n/mcp-browser:build: [0m> tsc -p tsconfig.build.json
[33m@n8n/mcp-browser:build: [0m
[35m@n8n/mcp-browser:typecheck: [0mcache miss, executing [2md420bdabec49c97d[0m
[36m@n8n/stylelint-config:build: [0mcache hit, replaying logs [2m5d737c7cdfed7a10[0m
[36m@n8n/stylelint-config:build: [0m
[36m@n8n/stylelint-config:build: [0m> @n8n/stylelint-config@0.0.1 build /Users/romeobalta/work/n8n/worktrees/nudge-manual-builders-to-aia/packages/@n8n/stylelint-config
[36m@n8n/stylelint-config:build: [0m> tsc
[36m@n8n/stylelint-config:build: [0m
[32m@n8n/json-schema-to-zod:build: [0mcache hit, replaying logs [2mad41c7eeb7b9d98b[0m
[32m@n8n/json-schema-to-zod:build: [0m
[32m@n8n/json-schema-to-zod:build: [0m> @n8n/json-schema-to-zod@1.15.0 build /Users/romeobalta/work/n8n/worktrees/nudge-manual-builders-to-aia/packages/@n8n/json-schema-to-zod
[32m@n8n/json-schema-to-zod:build: [0m> rimraf ./dist && pnpm run build:types && pnpm run build:cjs && pnpm run build:esm
[32m@n8n/json-schema-to-zod:build: [0m
[32m@n8n/json-schema-to-zod:build: [0m../../..                                 | [43m[30m WARN [39m[49m Unsupported engine: wanted: {"node":">=24.0.0"} (current: {"node":"v22.22.3","pnpm":"10.32.1"})
[32m@n8n/json-schema-to-zod:build: [0m../agents                                | [43m[30m WARN [39m[49m Unsupported engine: wanted: {"node":">=24.0.0"} (current: {"node":"v22.22.3","pnpm":"10.32.1"})
[32m@n8n/json-schema-to-zod:build: [0m../benchmark                             | [43m[30m WARN [39m[49m Unsupported engine: wanted: {"node":">=24.0.0"} (current: {"node":"v22.22.3","pnpm":"10.32.1"})
[32m@n8n/json-schema-to-zod:build: [0m../../cli                                | [43m[30m WARN [39m[49m Unsupported engine: wanted: {"node":">=24.0.0"} (current: {"node":"v22.22.3","pnpm":"10.32.1"})
[32m@n8n/json-schema-to-zod:build: [0m
[32m@n8n/json-schema-to-zod:build: [0m> @n8n/json-schema-to-zod@1.15.0 build:types /Users/romeobalta/work/n8n/worktrees/nudge-manual-builders-to-aia/packages/@n8n/json-schema-to-zod
[32m@n8n/json-schema-to-zod:build: [0m> tsc -p tsconfig.types.json
[32m@n8n/json-schema-to-zod:build: [0m
[32m@n8n/json-schema-to-zod:build: [0m../../..                                 | [43m[30m WARN [39m[49m Unsupported engine: wanted: {"node":">=24.0.0"} (current: {"node":"v22.22.3","pnpm":"10.32.1"})
[32m@n8n/json-schema-to-zod:build: [0m../agents                                | [43m[30m WARN [39m[49m Unsupported engine: wanted: {"node":">=24.0.0"} (current: {"node":"v22.22.3","pnpm":"10.32.1"})
[32m@n8n/json-schema-to-zod:build: [0m../benchmark                             | [43m[30m WARN [39m[49m Unsupported engine: wanted: {"node":">=24.0.0"} (current: {"node":"v22.22.3","pnpm":"10.32.1"})
[32m@n8n/json-schema-to-zod:build: [0m../../cli                                | [43m[30m WARN [39m[49m Unsupported engine: wanted: {"node":">=24.0.0"} (current: {"node":"v22.22.3","pnpm":"10.32.1"})
[32m@n8n/json-schema-to-zod:build: [0m
[32m@n8n/json-schema-to-zod:build: [0m> @n8n/json-schema-to-zod@1.15.0 build:cjs /Users/romeobalta/work/n8n/worktrees/nudge-manual-builders-to-aia/packages/@n8n/json-schema-to-zod
[32m@n8n/json-schema-to-zod:build: [0m> tsc -p tsconfig.cjs.json && node postcjs.cjs
[32m@n8n/json-schema-to-zod:build: [0m
[32m@n8n/json-schema-to-zod:build: [0m../../..                                 | [43m[30m WARN [39m[49m Unsupported engine: wanted: {"node":">=24.0.0"} (current: {"node":"v22.22.3","pnpm":"10.32.1"})
[32m@n8n/json-schema-to-zod:build: [0m../agents                                | [43m[30m WARN [39m[49m Unsupported engine: wanted: {"node":">=24.0.0"} (current: {"node":"v22.22.3","pnpm":"10.32.1"})
[32m@n8n/json-schema-to-zod:build: [0m../benchmark                             | [43m[30m WARN [39m[49m Unsupported engine: wanted: {"node":">=24.0.0"} (current: {"node":"v22.22.3","pnpm":"10.32.1"})
[32m@n8n/json-schema-to-zod:build: [0m../../cli                                | [43m[30m WARN [39m[49m Unsupported engine: wanted: {"node":">=24.0.0"} (current: {"node":"v22.22.3","pnpm":"10.32.1"})
[32m@n8n/json-schema-to-zod:build: [0m
[32m@n8n/json-schema-to-zod:build: [0m> @n8n/json-schema-to-zod@1.15.0 build:esm /Users/romeobalta/work/n8n/worktrees/nudge-manual-builders-to-aia/packages/@n8n/json-schema-to-zod
[32m@n8n/json-schema-to-zod:build: [0m> tsc -p tsconfig.esm.json && node postesm.cjs
[32m@n8n/json-schema-to-zod:build: [0m
[33m@n8n/eslint-plugin-design-system:build: [0mcache hit, replaying logs [2mf674ea1bdf355498[0m
[33m@n8n/eslint-plugin-design-system:build: [0m
[33m@n8n/eslint-plugin-design-system:build: [0m> @n8n/eslint-plugin-design-system@0.0.1 build /Users/romeobalta/work/n8n/worktrees/nudge-manual-builders-to-aia/packages/frontend/@n8n/eslint-plugin-design-system
[33m@n8n/eslint-plugin-design-system:build: [0m> tsc --project tsconfig.json
[33m@n8n/eslint-plugin-design-system:build: [0m
[34m@n8n/tournament:typecheck: [0mcache miss, executing [2mad1409cc33d953fe[0m
[35m@n8n/test-impact:typecheck: [0m
[35m@n8n/test-impact:typecheck: [0m> @n8n/test-impact@0.1.0 typecheck /Users/romeobalta/work/n8n/worktrees/nudge-manual-builders-to-aia/packages/testing/test-impact
[35m@n8n/test-impact:typecheck: [0m> tsc --noEmit
[35m@n8n/test-impact:typecheck: [0m
[32m@n8n/typeorm:typecheck: [0m
[32m@n8n/typeorm:typecheck: [0m> @n8n/typeorm@0.8.0 typecheck /Users/romeobalta/work/n8n/worktrees/nudge-manual-builders-to-aia/packages/@n8n/typeorm
[32m@n8n/typeorm:typecheck: [0m> tsc --noEmit
[32m@n8n/typeorm:typecheck: [0m
[36m@n8n/frontend-vite-config:typecheck: [0m
[36m@n8n/frontend-vite-config:typecheck: [0m> @n8n/frontend-vite-config@0.1.0 typecheck /Users/romeobalta/work/n8n/worktrees/nudge-manual-builders-to-aia/packages/frontend/@n8n/frontend-vite-config
[36m@n8n/frontend-vite-config:typecheck: [0m> tsc --noEmit
[36m@n8n/frontend-vite-config:typecheck: [0m
[33m@n8n/constants:typecheck: [0m
[33m@n8n/constants:typecheck: [0m> @n8n/constants@0.35.0 typecheck /Users/romeobalta/work/n8n/worktrees/nudge-manual-builders-to-aia/packages/@n8n/constants
[33m@n8n/constants:typecheck: [0m> tsc --noEmit
[33m@n8n/constants:typecheck: [0m
[34m@n8n/n8n-benchmark:typecheck: [0m[43m[30m WARN [39m[49m Unsupported engine: wanted: {"node":">=24.0.0"} (current: {"node":"v22.22.3","pnpm":"10.32.1"})
[34m@n8n/n8n-benchmark:typecheck: [0m
[34m@n8n/n8n-benchmark:typecheck: [0m> @n8n/n8n-benchmark@2.19.0 typecheck /Users/romeobalta/work/n8n/worktrees/nudge-manual-builders-to-aia/packages/@n8n/benchmark
[34m@n8n/n8n-benchmark:typecheck: [0m> tsc --noEmit
[34m@n8n/n8n-benchmark:typecheck: [0m
[35m@n8n/mcp-browser:typecheck: [0m
[35m@n8n/mcp-browser:typecheck: [0m> @n8n/mcp-browser@0.18.0 typecheck /Users/romeobalta/work/n8n/worktrees/nudge-manual-builders-to-aia/packages/@n8n/mcp-browser
[35m@n8n/mcp-browser:typecheck: [0m> tsc --noEmit
[35m@n8n/mcp-browser:typecheck: [0m
[33m@n8n/imap:typecheck: [0m
[33m@n8n/imap:typecheck: [0m> @n8n/imap@0.25.0 typecheck /Users/romeobalta/work/n8n/worktrees/nudge-manual-builders-to-aia/packages/@n8n/imap
[33m@n8n/imap:typecheck: [0m> tsc --noEmit
[33m@n8n/imap:typecheck: [0m
[36m@n8n/vitest-config:typecheck: [0m
[36m@n8n/vitest-config:typecheck: [0m> @n8n/vitest-config@1.21.0 typecheck /Users/romeobalta/work/n8n/worktrees/nudge-manual-builders-to-aia/packages/@n8n/vitest-config
[36m@n8n/vitest-config:typecheck: [0m> tsc --noEmit
[36m@n8n/vitest-config:typecheck: [0m
[35m@n8n/errors:typecheck: [0m
[35m@n8n/errors:typecheck: [0m> @n8n/errors@0.13.0 typecheck /Users/romeobalta/work/n8n/worktrees/nudge-manual-builders-to-aia/packages/@n8n/errors
[35m@n8n/errors:typecheck: [0m> tsc --noEmit
[35m@n8n/errors:typecheck: [0m
[34m@n8n/tournament:typecheck: [0m
[34m@n8n/tournament:typecheck: [0m> @n8n/tournament@1.9.0 typecheck /Users/romeobalta/work/n8n/worktrees/nudge-manual-builders-to-aia/packages/@n8n/tournament
[34m@n8n/tournament:typecheck: [0m> tsc -p tsconfig.build.json --noEmit
[34m@n8n/tournament:typecheck: [0m
[36m@n8n/rules-engine:typecheck: [0mcache miss, executing [2m72a389a3546f4f3d[0m
[36m@n8n/rules-engine:typecheck: [0m
[36m@n8n/rules-engine:typecheck: [0m> @n8n/rules-engine@0.1.0 typecheck /Users/romeobalta/work/n8n/worktrees/nudge-manual-builders-to-aia/packages/testing/rules-engine
[36m@n8n/rules-engine:typecheck: [0m> tsc --noEmit
[36m@n8n/rules-engine:typecheck: [0m
[35m@n8n/permissions:typecheck: [0mcache miss, executing [2m325245634cda9a62[0m
[32m@n8n/imap:build: [0mcache hit, replaying logs [2mbb61a4920df55cbb[0m
[32m@n8n/imap:build: [0m
[32m@n8n/imap:build: [0m> @n8n/imap@0.25.0 build /Users/romeobalta/work/n8n/worktrees/nudge-manual-builders-to-aia/packages/@n8n/imap
[32m@n8n/imap:build: [0m> tsc -p tsconfig.build.json
[32m@n8n/imap:build: [0m
[33m@n8n/cli:typecheck: [0mcache miss, executing [2m960e5eb7466c7bb4[0m
[34m@n8n/codemirror-lang:typecheck: [0mcache miss, executing [2m6ffc38813991c47f[0m
[36m@n8n/stylelint-config:typecheck: [0mcache miss, executing [2m1934850aaed21847[0m
[35m@n8n/json-schema-to-zod:typecheck: [0mcache miss, executing [2m521d5266a4063f13[0m
[32m@n8n/eslint-plugin-design-system:typecheck: [0mcache miss, executing [2m1a86d5d86bea5f29[0m
[33m@n8n/codemirror-lang:build: [0mcache hit, replaying logs [2m9682c1583f39098f[0m
[33m@n8n/codemirror-lang:build: [0m
[33m@n8n/codemirror-lang:build: [0m> @n8n/codemirror-lang@0.11.0 build /Users/romeobalta/work/n8n/worktrees/nudge-manual-builders-to-aia/packages/@n8n/codemirror-lang
[33m@n8n/codemirror-lang:build: [0m> tsc -p tsconfig.build.json
[33m@n8n/codemirror-lang:build: [0m
[34m@n8n/crdt:typecheck: [0mcache miss, executing [2ma93ff26729d9fbb1[0m
[36m@n8n/codemirror-lang-html:build: [0mcache hit, replaying logs [2m179783794f0d7f8e[0m
[36m@n8n/codemirror-lang-html:build: [0m
[36m@n8n/codemirror-lang-html:build: [0m> @n8n/codemirror-lang-html@1.7.0 build /Users/romeobalta/work/n8n/worktrees/nudge-manual-builders-to-aia/packages/@n8n/codemirror-lang-html
[36m@n8n/codemirror-lang-html:build: [0m> cm-buildhelper src/html.ts
[36m@n8n/codemirror-lang-html:build: [0m
[35m@n8n/di:typecheck: [0mcache miss, executing [2med39f4a43c8e1c15[0m
[32m@n8n/syslog-client:typecheck: [0mcache miss, executing [2mff951c99bc45a54e[0m
[35m@n8n/permissions:typecheck: [0m
[35m@n8n/permissions:typecheck: [0m> @n8n/permissions@0.73.0 typecheck /Users/romeobalta/work/n8n/worktrees/nudge-manual-builders-to-aia/packages/@n8n/permissions
[35m@n8n/permissions:typecheck: [0m> tsc --noEmit
[35m@n8n/permissions:typecheck: [0m
[34m@n8n/codemirror-lang:typecheck: [0m
[34m@n8n/codemirror-lang:typecheck: [0m> @n8n/codemirror-lang@0.11.0 typecheck /Users/romeobalta/work/n8n/worktrees/nudge-manual-builders-to-aia/packages/@n8n/codemirror-lang
[34m@n8n/codemirror-lang:typecheck: [0m> tsc --noEmit
[34m@n8n/codemirror-lang:typecheck: [0m
[33m@n8n/cli:typecheck: [0m
[33m@n8n/cli:typecheck: [0m> @n8n/cli@0.16.0 typecheck /Users/romeobalta/work/n8n/worktrees/nudge-manual-builders-to-aia/packages/@n8n/cli
[33m@n8n/cli:typecheck: [0m> tsc --noEmit
[33m@n8n/cli:typecheck: [0m
[35m@n8n/json-schema-to-zod:typecheck: [0m
[35m@n8n/json-schema-to-zod:typecheck: [0m> @n8n/json-schema-to-zod@1.15.0 typecheck /Users/romeobalta/work/n8n/worktrees/nudge-manual-builders-to-aia/packages/@n8n/json-schema-to-zod
[35m@n8n/json-schema-to-zod:typecheck: [0m> tsc --noEmit
[35m@n8n/json-schema-to-zod:typecheck: [0m
[32m@n8n/eslint-plugin-design-system:typecheck: [0m
[32m@n8n/eslint-plugin-design-system:typecheck: [0m> @n8n/eslint-plugin-design-system@0.0.1 typecheck /Users/romeobalta/work/n8n/worktrees/nudge-manual-builders-to-aia/packages/frontend/@n8n/eslint-plugin-design-system
[32m@n8n/eslint-plugin-design-system:typecheck: [0m> tsc --noEmit
[32m@n8n/eslint-plugin-design-system:typecheck: [0m
[36m@n8n/stylelint-config:typecheck: [0m
[36m@n8n/stylelint-config:typecheck: [0m> @n8n/stylelint-config@0.0.1 typecheck /Users/romeobalta/work/n8n/worktrees/nudge-manual-builders-to-aia/packages/@n8n/stylelint-config
[36m@n8n/stylelint-config:typecheck: [0m> tsc --noEmit
[36m@n8n/stylelint-config:typecheck: [0m
[35m@n8n/di:typecheck: [0m
[35m@n8n/di:typecheck: [0m> @n8n/di@0.16.0 typecheck /Users/romeobalta/work/n8n/worktrees/nudge-manual-builders-to-aia/packages/@n8n/di
[35m@n8n/di:typecheck: [0m> tsc --noEmit
[35m@n8n/di:typecheck: [0m
[34m@n8n/crdt:typecheck: [0m
[34m@n8n/crdt:typecheck: [0m> @n8n/crdt@0.10.0 typecheck /Users/romeobalta/work/n8n/worktrees/nudge-manual-builders-to-aia/packages/@n8n/crdt
[34m@n8n/crdt:typecheck: [0m> tsc --noEmit
[34m@n8n/crdt:typecheck: [0m
[32m@n8n/syslog-client:typecheck: [0m
[32m@n8n/syslog-client:typecheck: [0m> @n8n/syslog-client@1.10.0 typecheck /Users/romeobalta/work/n8n/worktrees/nudge-manual-builders-to-aia/packages/@n8n/syslog-client
[32m@n8n/syslog-client:typecheck: [0m> tsc --noEmit
[32m@n8n/syslog-client:typecheck: [0m
[33m@n8n/config:build: [0mcache hit, replaying logs [2m842898b7bdd0d2e3[0m
[33m@n8n/config:build: [0m
[33m@n8n/config:build: [0m> @n8n/config@2.34.0 build /Users/romeobalta/work/n8n/worktrees/nudge-manual-builders-to-aia/packages/@n8n/config
[33m@n8n/config:build: [0m> tsc -p tsconfig.build.json
[33m@n8n/config:build: [0m
[34m@n8n/config:typecheck: [0mcache miss, executing [2mdf4e1aa5cd48f583[0m
[36m@n8n/expression-runtime:build: [0mcache hit, replaying logs [2m0ce942e3421e653a[0m
[36m@n8n/expression-runtime:build: [0m
[36m@n8n/expression-runtime:build: [0m> @n8n/expression-runtime@0.27.0 build /Users/romeobalta/work/n8n/worktrees/nudge-manual-builders-to-aia/packages/@n8n/expression-runtime
[36m@n8n/expression-runtime:build: [0m> tsc --build tsconfig.build.esm.json tsconfig.build.cjs.json && pnpm build:runtime
[36m@n8n/expression-runtime:build: [0m
[36m@n8n/expression-runtime:build: [0m../../..                                 | [43m[30m WARN [39m[49m Unsupported engine: wanted: {"node":">=24.0.0"} (current: {"node":"v22.22.3","pnpm":"10.32.1"})
[36m@n8n/expression-runtime:build: [0m../agents                                | [43m[30m WARN [39m[49m Unsupported engine: wanted: {"node":">=24.0.0"} (current: {"node":"v22.22.3","pnpm":"10.32.1"})
[36m@n8n/expression-runtime:build: [0m../benchmark                             | [43m[30m WARN [39m[49m Unsupported engine: wanted: {"node":">=24.0.0"} (current: {"node":"v22.22.3","pnpm":"10.32.1"})
[36m@n8n/expression-runtime:build: [0m../../cli                                | [43m[30m WARN [39m[49m Unsupported engine: wanted: {"node":">=24.0.0"} (current: {"node":"v22.22.3","pnpm":"10.32.1"})
[36m@n8n/expression-runtime:build: [0m
[36m@n8n/expression-runtime:build: [0m> @n8n/expression-runtime@0.27.0 build:runtime /Users/romeobalta/work/n8n/worktrees/nudge-manual-builders-to-aia/packages/@n8n/expression-runtime
[36m@n8n/expression-runtime:build: [0m> node esbuild.config.js
[36m@n8n/expression-runtime:build: [0m
[36m@n8n/expression-runtime:build: [0m✅ Runtime bundles created successfully
[35m@n8n/expression-runtime:typecheck: [0mcache miss, executing [2m57612b19969902f7[0m
[32m@n8n/code-health:typecheck: [0mcache miss, executing [2mc75d87204ae72489[0m
[33m@n8n/playwright-janitor:build: [0mcache hit, replaying logs [2mfb7331ade1c343be[0m
[33m@n8n/playwright-janitor:build: [0m
[33m@n8n/playwright-janitor:build: [0m> @n8n/playwright-janitor@0.1.0 build /Users/romeobalta/work/n8n/worktrees/nudge-manual-builders-to-aia/packages/testing/janitor
[33m@n8n/playwright-janitor:build: [0m> tsc
[33m@n8n/playwright-janitor:build: [0m
[34m@n8n/playwright-janitor:typecheck: [0mcache miss, executing [2m201d5806c42d689f[0m
[36m@n8n/computer-use:typecheck: [0mcache miss, executing [2m1699498617b3ebb6[0m
[35m@n8n/computer-use:build: [0mcache hit, replaying logs [2m4d8c14f9003c6c43[0m
[35m@n8n/computer-use:build: [0m
[35m@n8n/computer-use:build: [0m> @n8n/computer-use@0.20.0 build /Users/romeobalta/work/n8n/worktrees/nudge-manual-builders-to-aia/packages/@n8n/computer-use
[35m@n8n/computer-use:build: [0m> tsc -p tsconfig.build.json
[35m@n8n/computer-use:build: [0m
[32m@n8n/n8n-extension-insights:typecheck: [0mcache miss, executing [2m91f7e42adeab2709[0m
[33m@n8n/eslint-config:typecheck: [0mcache miss, executing [2mfc09b5b126f661c0[0m
[34m@n8n/eslint-config:build: [0mcache hit, replaying logs [2m0115284c31f2c2c6[0m
[34m@n8n/eslint-config:build: [0m
[34m@n8n/eslint-config:build: [0m> @n8n/eslint-config@0.0.1 build /Users/romeobalta/work/n8n/worktrees/nudge-manual-builders-to-aia/packages/@n8n/eslint-config
[34m@n8n/eslint-config:build: [0m> tsc
[34m@n8n/eslint-config:build: [0m
[36m@n8n/codemirror-lang-sql:typecheck: [0mcache miss, executing [2m307c65431705e13f[0m
[35m@n8n/codemirror-lang-sql:build: [0mcache hit, replaying logs [2m70199c1205e1161b[0m
[35m@n8n/codemirror-lang-sql:build: [0m
[35m@n8n/codemirror-lang-sql:build: [0m> @n8n/codemirror-lang-sql@1.12.0 build /Users/romeobalta/work/n8n/worktrees/nudge-manual-builders-to-aia/packages/@n8n/codemirror-lang-sql
[35m@n8n/codemirror-lang-sql:build: [0m> tsc -p tsconfig.build.json
[35m@n8n/codemirror-lang-sql:build: [0m
[32m@n8n/engine:build: [0mcache hit, replaying logs [2m803769fc6a40c27e[0m
[32m@n8n/engine:build: [0m
[32m@n8n/engine:build: [0m> @n8n/engine@0.16.0 build /Users/romeobalta/work/n8n/worktrees/nudge-manual-builders-to-aia/packages/@n8n/engine
[32m@n8n/engine:build: [0m> tsc -p tsconfig.build.json
[32m@n8n/engine:build: [0m
[33m@n8n/engine:typecheck: [0mcache miss, executing [2m87f6d20320786cf0[0m
[34m@n8n/config:typecheck: [0m
[34m@n8n/config:typecheck: [0m> @n8n/config@2.34.0 typecheck /Users/romeobalta/work/n8n/worktrees/nudge-manual-builders-to-aia/packages/@n8n/config
[34m@n8n/config:typecheck: [0m> tsc --noEmit
[34m@n8n/config:typecheck: [0m
[35m@n8n/expression-runtime:typecheck: [0m
[35m@n8n/expression-runtime:typecheck: [0m> @n8n/expression-runtime@0.27.0 typecheck /Users/romeobalta/work/n8n/worktrees/nudge-manual-builders-to-aia/packages/@n8n/expression-runtime
[35m@n8n/expression-runtime:typecheck: [0m> tsc --noEmit
[35m@n8n/expression-runtime:typecheck: [0m
[32m@n8n/n8n-extension-insights:typecheck: [0m
[32m@n8n/n8n-extension-insights:typecheck: [0m> @n8n/n8n-extension-insights@0.20.0 typecheck /Users/romeobalta/work/n8n/worktrees/nudge-manual-builders-to-aia/packages/extensions/insights
[32m@n8n/n8n-extension-insights:typecheck: [0m> vue-tsc --noEmit
[32m@n8n/n8n-extension-insights:typecheck: [0m
[34m@n8n/utils:typecheck: [0mcache miss, executing [2m6fca5798b2a2609f[0m
[36m@n8n/computer-use:typecheck: [0m
[36m@n8n/computer-use:typecheck: [0m> @n8n/computer-use@0.20.0 typecheck /Users/romeobalta/work/n8n/worktrees/nudge-manual-builders-to-aia/packages/@n8n/computer-use
[36m@n8n/computer-use:typecheck: [0m> tsc --noEmit
[36m@n8n/computer-use:typecheck: [0m
[34m@n8n/playwright-janitor:typecheck: [0m
[34m@n8n/playwright-janitor:typecheck: [0m> @n8n/playwright-janitor@0.1.0 typecheck /Users/romeobalta/work/n8n/worktrees/nudge-manual-builders-to-aia/packages/testing/janitor
[34m@n8n/playwright-janitor:typecheck: [0m> tsc --noEmit
[34m@n8n/playwright-janitor:typecheck: [0m
[32m@n8n/code-health:typecheck: [0m
[32m@n8n/code-health:typecheck: [0m> @n8n/code-health@0.1.0 typecheck /Users/romeobalta/work/n8n/worktrees/nudge-manual-builders-to-aia/packages/testing/code-health
[32m@n8n/code-health:typecheck: [0m> tsc --noEmit
[32m@n8n/code-health:typecheck: [0m
[36m@n8n/frontend-utils:build: [0mcache hit, replaying logs [2m2c207e37023d0db8[0m
[36m@n8n/frontend-utils:build: [0m
[36m@n8n/frontend-utils:build: [0m> @n8n/frontend-utils@0.4.0 build /Users/romeobalta/work/n8n/worktrees/nudge-manual-builders-to-aia/packages/frontend/@n8n/frontend-utils
[36m@n8n/frontend-utils:build: [0m> tsdown
[36m@n8n/frontend-utils:build: [0m
[36m@n8n/frontend-utils:build: [0m[34mℹ[39m tsdown [2mv0.16.5[22m powered by rolldown [2mv1.0.0-beta.50[22m
[36m@n8n/frontend-utils:build: [0m[34mℹ[39m Using tsdown config: [4m/Users/romeobalta/work/n8n/worktrees/nudge-manual-builders-to-aia/packages/frontend/@n8n/frontend-utils/tsdown.config.ts[24m
[36m@n8n/frontend-utils:build: [0m[34mℹ[39m entry: [34msrc/htmlUtils.ts, src/constants/sanitization.ts[39m
[36m@n8n/frontend-utils:build: [0m[34mℹ[39m tsconfig: [34mtsconfig.json[39m
[36m@n8n/frontend-utils:build: [0m[34mℹ[39m Build start
[36m@n8n/frontend-utils:build: [0m[34mℹ[39m Cleaning 15 files
[36m@n8n/frontend-utils:build: [0m[34mℹ[39m [33m[CJS][39m [2mdist/[22m[1mhtmlUtils.cjs[22m               [2m4.49 kB[22m [2m│ gzip: 1.90 kB[22m
[36m@n8n/frontend-utils:build: [0m[34mℹ[39m [33m[CJS][39m [2mdist/[22m[1mconstants/sanitization.cjs[22m  [2m0.21 kB[22m [2m│ gzip: 0.12 kB[22m
[36m@n8n/frontend-utils:build: [0m[34mℹ[39m [33m[CJS][39m [2mdist/[22mhtmlUtils.cjs.map           [2m6.34 kB[22m [2m│ gzip: 2.66 kB[22m
[36m@n8n/frontend-utils:build: [0m[34mℹ[39m [33m[CJS][39m [2mdist/[22msanitization.cjs            [2m0.62 kB[22m [2m│ gzip: 0.32 kB[22m
[36m@n8n/frontend-utils:build: [0m[34mℹ[39m [33m[CJS][39m [2mdist/[22msanitization.cjs.map        [2m0.57 kB[22m [2m│ gzip: 0.31 kB[22m
[36m@n8n/frontend-utils:build: [0m[34mℹ[39m [33m[CJS][39m 5 files, total: 12.23 kB
[36m@n8n/frontend-utils:build: [0m[34mℹ[39m [34m[ESM][39m [2mdist/[22m[1mhtmlUtils.mjs[22m                 [2m3.22 kB[22m [2m│ gzip: 1.44 kB[22m
[36m@n8n/frontend-utils:build: [0m[34mℹ[39m [34m[ESM][39m [2mdist/[22m[1mconstants/sanitization.mjs[22m    [2m0.15 kB[22m [2m│ gzip: 0.11 kB[22m
[36m@n8n/frontend-utils:build: [0m[34mℹ[39m [34m[ESM][39m [2mdist/[22mhtmlUtils.mjs.map             [2m6.27 kB[22m [2m│ gzip: 2.65 kB[22m
[36m@n8n/frontend-utils:build: [0m[34mℹ[39m [34m[ESM][39m [2mdist/[22msanitization.mjs.map          [2m0.57 kB[22m [2m│ gzip: 0.31 kB[22m
[36m@n8n/frontend-utils:build: [0m[34mℹ[39m [34m[ESM][39m [2mdist/[22msanitization.mjs              [2m0.41 kB[22m [2m│ gzip: 0.25 kB[22m
[36m@n8n/frontend-utils:build: [0m[34mℹ[39m [34m[ESM][39m [2mdist/[22m[32m[1mhtmlUtils.d.mts[22m[39m               [2m0.90 kB[22m [2m│ gzip: 0.42 kB[22m
[36m@n8n/frontend-utils:build: [0m[34mℹ[39m [34m[ESM][39m [2mdist/[22m[32m[1mconstants/sanitization.d.mts[22m[39m  [2m0.24 kB[22m [2m│ gzip: 0.17 kB[22m
[36m@n8n/frontend-utils:build: [0m[34mℹ[39m [34m[ESM][39m 7 files, total: 11.76 kB
[36m@n8n/frontend-utils:build: [0m[34mℹ[39m [33m[CJS][39m [2mdist/[22m[32m[1mhtmlUtils.d.cts[22m[39m               [2m0.90 kB[22m [2m│ gzip: 0.42 kB[22m
[36m@n8n/frontend-utils:build: [0m[34mℹ[39m [33m[CJS][39m [2mdist/[22m[32m[1mconstants/sanitization.d.cts[22m[39m  [2m0.24 kB[22m [2m│ gzip: 0.17 kB[22m
[36m@n8n/frontend-utils:build: [0m[34mℹ[39m [33m[CJS][39m 2 files, total: 1.15 kB
[36m@n8n/frontend-utils:build: [0m[32m✔[39m Build complete in [32m1561ms[39m
[35m@n8n/frontend-constants:typecheck: [0mcache miss, executing [2mc3384b357bdfe77b[0m
[33m@n8n/eslint-config:typecheck: [0m
[33m@n8n/eslint-config:typecheck: [0m> @n8n/eslint-config@0.0.1 typecheck /Users/romeobalta/work/n8n/worktrees/nudge-manual-builders-to-aia/packages/@n8n/eslint-config
[33m@n8n/eslint-config:typecheck: [0m> tsc --noEmit
[33m@n8n/eslint-config:typecheck: [0m
[36m@n8n/codemirror-lang-sql:typecheck: [0m
[36m@n8n/codemirror-lang-sql:typecheck: [0m> @n8n/codemirror-lang-sql@1.12.0 typecheck /Users/romeobalta/work/n8n/worktrees/nudge-manual-builders-to-aia/packages/@n8n/codemirror-lang-sql
[36m@n8n/codemirror-lang-sql:typecheck: [0m> tsc --noEmit
[36m@n8n/codemirror-lang-sql:typecheck: [0m
[33m@n8n/engine:typecheck: [0m
[33m@n8n/engine:typecheck: [0m> @n8n/engine@0.16.0 typecheck /Users/romeobalta/work/n8n/worktrees/nudge-manual-builders-to-aia/packages/@n8n/engine
[33m@n8n/engine:typecheck: [0m> tsc --noEmit
[33m@n8n/engine:typecheck: [0m
[32m@n8n/utils:build: [0mcache hit, replaying logs [2m19f2944b1d8bf9f7[0m
[32m@n8n/utils:build: [0m
[32m@n8n/utils:build: [0m> @n8n/utils@1.44.0 build /Users/romeobalta/work/n8n/worktrees/nudge-manual-builders-to-aia/packages/@n8n/utils
[32m@n8n/utils:build: [0m> tsdown
[32m@n8n/utils:build: [0m
[32m@n8n/utils:build: [0m[34mℹ[39m [34mtsdown v0.22.8[39m powered by [38;2;255;126;23mrolldown v1.1.5[39m
[32m@n8n/utils:build: [0m[34mℹ[39m config file: [4m/Users/romeobalta/work/n8n/worktrees/nudge-manual-builders-to-aia/packages/@n8n/utils/tsdown.config.ts[24m 
[32m@n8n/utils:build: [0m[34mℹ[39m entry: [34msrc/assert.ts, src/client-assertion.ts, src/create-event-queue.ts, src/event-bus.ts, src/format-pem-block.ts, src/generate-nano-id.ts, src/get-jwt-expiry.ts, src/is-record.ts, src/lazy-import.ts, src/placeholder.ts, src/result.ts, src/retry.ts, src/scrub-secrets.ts, src/sleep.ts, src/types.ts, src/errors/ensure-error.ts, src/errors/error-chain.ts, src/files/is-windows-file-path.ts, src/files/sanitize-filename.ts, src/json/json-size-exceeds.ts, src/json/to-json-value.ts, src/number/bytes.ts, src/number/smart-decimal.ts, src/sort/sort-by-property.ts, src/string/truncate.ts, src/search/re-rank-search-results.ts, src/search/sublime-search.ts, src/promise/deferred-promise.ts[39m
[32m@n8n/utils:build: [0m[34mℹ[39m tsconfig: [34mtsconfig.json[39m
[32m@n8n/utils:build: [0m[34mℹ[39m Build start
[32m@n8n/utils:build: [0m[34mℹ[39m Cleaning 174 files
[32m@n8n/utils:build: [0m
[32m@n8n/utils:build: [0m[43m WARN [49m TypeScript 7.0 does not yet have a stable API and is experimental. Some options will be unavailable.
[32m@n8n/utils:build: [0m
[32m@n8n/utils:build: [0m[34mℹ[39m Emit types with [4mtypescript@7.0.2[24m
[32m@n8n/utils:build: [0m[34mℹ[39m [33m[CJS][39m [2mdist/[22m[1mjson/json-size-exceeds.cjs[22m             [2m 8.65 kB[22m [2m│ gzip: 3.12 kB[22m
[32m@n8n/utils:build: [0m[34mℹ[39m [33m[CJS][39m [2mdist/[22m[1msearch/sublime-search.cjs[22m              [2m 5.96 kB[22m [2m│ gzip: 1.88 kB[22m
[32m@n8n/utils:build: [0m[34mℹ[39m [33m[CJS][39m [2mdist/[22m[1mplaceholder.cjs[22m                        [2m 3.42 kB[22m [2m│ gzip: 1.21 kB[22m
[32m@n8n/utils:build: [0m[34mℹ[39m [33m[CJS][39m [2mdist/[22m[1mscrub-secrets.cjs[22m                      [2m 2.23 kB[22m [2m│ gzip: 1.19 kB[22m
[32m@n8n/utils:build: [0m[34mℹ[39m [33m[CJS][39m [2mdist/[22m[1mformat-pem-block.cjs[22m                   [2m 2.04 kB[22m [2m│ gzip: 0.97 kB[22m
[32m@n8n/utils:build: [0m[34mℹ[39m [33m[CJS][39m [2mdist/[22m[1mclient-assertion.cjs[22m                   [2m 2.00 kB[22m [2m│ gzip: 0.91 kB[22m
[32m@n8n/utils:build: [0m[34mℹ[39m [33m[CJS][39m [2mdist/[22m[1mfiles/sanitize-filename.cjs[22m            [2m 1.93 kB[22m [2m│ gzip: 0.91 kB[22m
[32m@n8n/utils:build: [0m[34mℹ[39m [33m[CJS][39m [2mdist/[22m[1mstring/truncate.cjs[22m                    [2m 1.67 kB[22m [2m│ gzip: 0.72 kB[22m
[32m@n8n/utils:build: [0m[34mℹ[39m [33m[CJS][39m [2mdist/[22m[1mjson/to-json-value.cjs[22m                 [2m 1.54 kB[22m [2m│ gzip: 0.72 kB[22m
[32m@n8n/utils:build: [0m[34mℹ[39m [33m[CJS][39m [2mdist/[22m[1mretry.cjs[22m                              [2m 1.52 kB[22m [2m│ gzip: 0.71 kB[22m
[32m@n8n/utils:build: [0m[34mℹ[39m [33m[CJS][39m [2mdist/[22m[1merrors/error-chain.cjs[22m                 [2m 1.18 kB[22m [2m│ gzip: 0.63 kB[22m
[32m@n8n/utils:build: [0m[34mℹ[39m [33m[CJS][39m [2mdist/[22m[1mcreate-event-queue.cjs[22m                 [2m 1.10 kB[22m [2m│ gzip: 0.53 kB[22m
[32m@n8n/utils:build: [0m[34mℹ[39m [33m[CJS][39m [2mdist/[22m[1mevent-bus.cjs[22m                          [2m 1.10 kB[22m [2m│ gzip: 0.51 kB[22m
[32m@n8n/utils:build: [0m[34mℹ[39m [33m[CJS][39m [2mdist/[22m[1msleep.cjs[22m                              [2m 1.06 kB[22m [2m│ gzip: 0.49 kB[22m
[32m@n8n/utils:build: [0m[34mℹ[39m [33m[CJS][39m [2mdist/[22m[1mlazy-import.cjs[22m                        [2m 0.99 kB[22m [2m│ gzip: 0.56 kB[22m
[32m@n8n/utils:build: [0m[34mℹ[39m [33m[CJS][39m [2mdist/[22m[1mresult.cjs[22m                             [2m 0.81 kB[22m [2m│ gzip: 0.43 kB[22m
[32m@n8n/utils:build: [0m[34mℹ[39m [33m[CJS][39m [2mdist/[22m[1mgenerate-nano-id.cjs[22m                   [2m 0.78 kB[22m [2m│ gzip: 0.49 kB[22m
[32m@n8n/utils:build: [0m[34mℹ[39m [33m[CJS][39m [2mdist/[22m[1mget-jwt-expiry.cjs[22m                     [2m 0.76 kB[22m [2m│ gzip: 0.50 kB[22m
[32m@n8n/utils:build: [0m[34mℹ[39m [33m[CJS][39m [2mdist/[22m[1mnumber/bytes.cjs[22m                       [2m 0.67 kB[22m [2m│ gzip: 0.36 kB[22m
[32m@n8n/utils:build: [0m[34mℹ[39m [33m[CJS][39m [2mdist/[22m[1msearch/re-rank-search-results.cjs[22m      [2m 0.64 kB[22m [2m│ gzip: 0.35 kB[22m
[32m@n8n/utils:build: [0m[34mℹ[39m [33m[CJS][39m [2mdist/[22m[1mnumber/smart-decimal.cjs[22m               [2m 0.47 kB[22m [2m│ gzip: 0.29 kB[22m
[32m@n8n/utils:build: [0m[34mℹ[39m [33m[CJS][39m [2mdist/[22m[1msort/sort-by-property.cjs[22m              [2m 0.46 kB[22m [2m│ gzip: 0.30 kB[22m
[32m@n8n/utils:build: [0m[34mℹ[39m [33m[CJS][39m [2mdist/[22m[1mpromise/deferred-promise.cjs[22m           [2m 0.42 kB[22m [2m│ gzip: 0.26 kB[22m
[32m@n8n/utils:build: [0m[34mℹ[39m [33m[CJS][39m [2mdist/[22m[1merrors/ensure-error.cjs[22m                [2m 0.39 kB[22m [2m│ gzip: 0.26 kB[22m
[32m@n8n/utils:build: [0m[34mℹ[39m [33m[CJS][39m [2mdist/[22m[1mfiles/is-windows-file-path.cjs[22m         [2m 0.39 kB[22m [2m│ gzip: 0.28 kB[22m
[32m@n8n/utils:build: [0m[34mℹ[39m [33m[CJS][39m [2mdist/[22m[1massert.cjs[22m                             [2m 0.31 kB[22m [2m│ gzip: 0.24 kB[22m
[32m@n8n/utils:build: [0m[34mℹ[39m [33m[CJS][39m [2mdist/[22m[1mis-record.cjs[22m                          [2m 0.29 kB[22m [2m│ gzip: 0.22 kB[22m
[32m@n8n/utils:build: [0m[34mℹ[39m [33m[CJS][39m [2mdist/[22m[1mtypes.cjs[22m                              [2m 0.00 kB[22m [2m│ gzip: 0.02 kB[22m
[32m@n8n/utils:build: [0m[34mℹ[39m [33m[CJS][39m [2mdist/[22mjson/json-size-exceeds.cjs.map         [2m15.64 kB[22m [2m│ gzip: 5.12 kB[22m
[32m@n8n/utils:build: [0m[34mℹ[39m [33m[CJS][39m [2mdist/[22msearch/sublime-search.cjs.map          [2m12.42 kB[22m [2m│ gzip: 3.96 kB[22m
[32m@n8n/utils:build: [0m[34mℹ[39m [33m[CJS][39m [2mdist/[22mscrub-secrets.cjs.map                  [2m 5.41 kB[22m [2m│ gzip: 2.62 kB[22m
[32m@n8n/utils:build: [0m[34mℹ[39m [33m[CJS][39m [2mdist/[22mplaceholder.cjs.map                    [2m 5.36 kB[22m [2m│ gzip: 1.86 kB[22m
[32m@n8n/utils:build: [0m[34mℹ[39m [33m[CJS][39m [2mdist/[22mclient-assertion.cjs.map               [2m 3.85 kB[22m [2m│ gzip: 1.65 kB[22m
[32m@n8n/utils:build: [0m[34mℹ[39m [33m[CJS][39m [2mdist/[22mformat-pem-block.cjs.map               [2m 3.43 kB[22m [2m│ gzip: 1.43 kB[22m
[32m@n8n/utils:build: [0m[34mℹ[39m [33m[CJS][39m [2mdist/[22mfiles/sanitize-filename.cjs.map        [2m 2.96 kB[22m [2m│ gzip: 1.26 kB[22m
[32m@n8n/utils:build: [0m[34mℹ[39m [33m[CJS][39m [2mdist/[22mevent-bus.cjs.map                      [2m 2.94 kB[22m [2m│ gzip: 0.99 kB[22m
[32m@n8n/utils:build: [0m[34mℹ[39m [33m[CJS][39m [2mdist/[22mstring/truncate.cjs.map                [2m 2.76 kB[22m [2m│ gzip: 1.13 kB[22m
[32m@n8n/utils:build: [0m[34mℹ[39m [33m[CJS][39m [2mdist/[22mjson/to-json-value.cjs.map             [2m 2.74 kB[22m [2m│ gzip: 1.07 kB[22m
[32m@n8n/utils:build: [0m[34mℹ[39m [33m[CJS][39m [2mdist/[22mretry.cjs.map                          [2m 2.38 kB[22m [2m│ gzip: 1.06 kB[22m
[32m@n8n/utils:build: [0m[34mℹ[39m [33m[CJS][39m [2mdist/[22merrors/error-chain.cjs.map             [2m 1.95 kB[22m [2m│ gzip: 0.93 kB[22m
[32m@n8n/utils:build: [0m[34mℹ[39m [33m[CJS][39m [2mdist/[22mcreate-event-queue.cjs.map             [2m 1.77 kB[22m [2m│ gzip: 0.83 kB[22m
[32m@n8n/utils:build: [0m[34mℹ[39m [33m[CJS][39m [2mdist/[22msleep.cjs.map                          [2m 1.59 kB[22m [2m│ gzip: 0.71 kB[22m
[32m@n8n/utils:build: [0m[34mℹ[39m [33m[CJS][39m [2mdist/[22msearch/re-rank-search-results.cjs.map  [2m 1.31 kB[22m [2m│ gzip: 0.65 kB[22m
[32m@n8n/utils:build: [0m[34mℹ[39m [33m[CJS][39m [2mdist/[22mresult.cjs.map                         [2m 1.22 kB[22m [2m│ gzip: 0.63 kB[22m
[32m@n8n/utils:build: [0m[34mℹ[39m [33m[CJS][39m [2mdist/[22mlazy-import.cjs.map                    [2m 1.07 kB[22m [2m│ gzip: 0.61 kB[22m
[32m@n8n/utils:build: [0m[34mℹ[39m [33m[CJS][39m [2mdist/[22mget-jwt-expiry.cjs.map                 [2m 1.05 kB[22m [2m│ gzip: 0.62 kB[22m
[32m@n8n/utils:build: [0m[34mℹ[39m [33m[CJS][39m [2mdist/[22mnumber/bytes.cjs.map                   [2m 0.92 kB[22m [2m│ gzip: 0.45 kB[22m
[32m@n8n/utils:build: [0m[34mℹ[39m [33m[CJS][39m [2mdist/[22mgenerate-nano-id.cjs.map               [2m 0.86 kB[22m [2m│ gzip: 0.49 kB[22m
[32m@n8n/utils:build: [0m[34mℹ[39m [33m[CJS][39m [2mdist/[22mnumber/smart-decimal.cjs.map           [2m 0.86 kB[22m [2m│ gzip: 0.52 kB[22m
[32m@n8n/utils:build: [0m[34mℹ[39m [33m[CJS][39m [2mdist/[22mpromise/deferred-promise.cjs.map       [2m 0.80 kB[22m [2m│ gzip: 0.42 kB[22m
[32m@n8n/utils:build: [0m[34mℹ[39m [33m[CJS][39m [2mdist/[22msort/sort-by-property.cjs.map          [2m 0.69 kB[22m [2m│ gzip: 0.42 kB[22m
[32m@n8n/utils:build: [0m[34mℹ[39m [33m[CJS][39m [2mdist/[22merrors/ensure-error.cjs.map            [2m 0.56 kB[22m [2m│ gzip: 0.36 kB[22m
[32m@n8n/utils:build: [0m[34mℹ[39m [33m[CJS][39m [2mdist/[22massert.cjs.map                         [2m 0.47 kB[22m [2m│ gzip: 0.33 kB[22m
[32m@n8n/utils:build: [0m[34mℹ[39m [33m[CJS][39m [2mdist/[22mfiles/is-windows-file-path.cjs.map     [2m 0.40 kB[22m [2m│ gzip: 0.29 kB[22m
[32m@n8n/utils:build: [0m[34mℹ[39m [33m[CJS][39m [2mdist/[22mis-record.cjs.map                      [2m 0.36 kB[22m [2m│ gzip: 0.27 kB[22m
[32m@n8n/utils:build: [0m[34mℹ[39m [33m[CJS][39m 55 files, total: 118.58 kB
[32m@n8n/utils:build: [0m[34mℹ[39m [33m[CJS][39m [2mdist/[22m[32m[1mevent-bus.d.cts[22m[39m                      [2m0.98 kB[22m [2m│ gzip: 0.34 kB[22m
[32m@n8n/utils:build: [0m[34mℹ[39m [33m[CJS][39m [2mdist/[22m[32m[1mplaceholder.d.cts[22m[39m                    [2m0.73 kB[22m [2m│ gzip: 0.28 kB[22m
[32m@n8n/utils:build: [0m[34mℹ[39m [33m[CJS][39m [2mdist/[22m[32m[1mtypes.d.cts[22m[39m                          [2m0.69 kB[22m [2m│ gzip: 0.33 kB[22m
[32m@n8n/utils:build: [0m[34mℹ[39m [33m[CJS][39m [2mdist/[22m[32m[1mresult.d.cts[22m[39m                         [2m0.53 kB[22m [2m│ gzip: 0.26 kB[22m
[32m@n8n/utils:build: [0m[34mℹ[39m [33m[CJS][39m [2mdist/[22m[32m[1mclient-assertion.d.cts[22m[39m               [2m0.49 kB[22m [2m│ gzip: 0.27 kB[22m
[32m@n8n/utils:build: [0m[34mℹ[39m [33m[CJS][39m [2mdist/[22m[32m[1mscrub-secrets.d.cts[22m[39m                  [2m0.45 kB[22m [2m│ gzip: 0.28 kB[22m
[32m@n8n/utils:build: [0m[34mℹ[39m [33m[CJS][39m [2mdist/[22m[32m[1mpromise/deferred-promise.d.cts[22m[39m       [2m0.43 kB[22m [2m│ gzip: 0.25 kB[22m
[32m@n8n/utils:build: [0m[34mℹ[39m [33m[CJS][39m [2mdist/[22m[32m[1mjson/to-json-value.d.cts[22m[39m             [2m0.40 kB[22m [2m│ gzip: 0.26 kB[22m
[32m@n8n/utils:build: [0m[34mℹ[39m [33m[CJS][39m [2mdist/[22m[32m[1msearch/sublime-search.d.cts[22m[39m          [2m0.40 kB[22m [2m│ gzip: 0.26 kB[22m
[32m@n8n/utils:build: [0m[34mℹ[39m [33m[CJS][39m [2mdist/[22m[32m[1msearch/re-rank-search-results.d.cts[22m[39m  [2m0.37 kB[22m [2m│ gzip: 0.22 kB[22m
[32m@n8n/utils:build: [0m[34mℹ[39m [33m[CJS][39m [2mdist/[22m[32m[1merrors/error-chain.d.cts[22m[39m             [2m0.34 kB[22m [2m│ gzip: 0.22 kB[22m
[32m@n8n/utils:build: [0m[34mℹ[39m [33m[CJS][39m [2mdist/[22m[32m[1mstring/truncate.d.cts[22m[39m                [2m0.33 kB[22m [2m│ gzip: 0.20 kB[22m
[32m@n8n/utils:build: [0m[34mℹ[39m [33m[CJS][39m [2mdist/[22m[32m[1mretry.d.cts[22m[39m                          [2m0.28 kB[22m [2m│ gzip: 0.21 kB[22m
[32m@n8n/utils:build: [0m[34mℹ[39m [33m[CJS][39m [2mdist/[22m[32m[1mcreate-event-queue.d.cts[22m[39m             [2m0.25 kB[22m [2m│ gzip: 0.17 kB[22m
[32m@n8n/utils:build: [0m[34mℹ[39m [33m[CJS][39m [2mdist/[22m[32m[1msort/sort-by-property.d.cts[22m[39m          [2m0.22 kB[22m [2m│ gzip: 0.18 kB[22m
[32m@n8n/utils:build: [0m[34mℹ[39m [33m[CJS][39m [2mdist/[22m[32m[1mnumber/bytes.d.cts[22m[39m                   [2m0.22 kB[22m [2m│ gzip: 0.16 kB[22m
[32m@n8n/utils:build: [0m[34mℹ[39m [33m[CJS][39m [2mdist/[22m[32m[1mfiles/sanitize-filename.d.cts[22m[39m        [2m0.21 kB[22m [2m│ gzip: 0.16 kB[22m
[32m@n8n/utils:build: [0m[34mℹ[39m [33m[CJS][39m [2mdist/[22m[32m[1mjson/json-size-exceeds.d.cts[22m[39m         [2m0.21 kB[22m [2m│ gzip: 0.17 kB[22m
[32m@n8n/utils:build: [0m[34mℹ[39m [33m[CJS][39m [2mdist/[22m[32m[1mfiles/is-windows-file-path.d.cts[22m[39m     [2m0.20 kB[22m [2m│ gzip: 0.16 kB[22m
[32m@n8n/utils:build: [0m[34mℹ[39m [33m[CJS][39m [2mdist/[22m[32m[1mformat-pem-block.d.cts[22m[39m               [2m0.20 kB[22m [2m│ gzip: 0.16 kB[22m
[32m@n8n/utils:build: [0m[34mℹ[39m [33m[CJS][39m [2mdist/[22m[32m[1mnumber/smart-decimal.d.cts[22m[39m           [2m0.20 kB[22m [2m│ gzip: 0.15 kB[22m
[32m@n8n/utils:build: [0m[34mℹ[39m [33m[CJS][39m [2mdist/[22m[32m[1mlazy-import.d.cts[22m[39m                    [2m0.18 kB[22m [2m│ gzip: 0.16 kB[22m
[32m@n8n/utils:build: [0m[34mℹ[39m [33m[CJS][39m [2mdist/[22m[32m[1mget-jwt-expiry.d.cts[22m[39m                 [2m0.18 kB[22m [2m│ gzip: 0.15 kB[22m
[32m@n8n/utils:build: [0m[34mℹ[39m [33m[CJS][39m [2mdist/[22m[32m[1mgenerate-nano-id.d.cts[22m[39m               [2m0.18 kB[22m [2m│ gzip: 0.15 kB[22m
[32m@n8n/utils:build: [0m[34mℹ[39m [33m[CJS][39m [2mdist/[22m[32m[1mis-record.d.cts[22m[39m                      [2m0.18 kB[22m [2m│ gzip: 0.15 kB[22m
[32m@n8n/utils:build: [0m[34mℹ[39m [33m[CJS][39m [2mdist/[22m[32m[1massert.d.cts[22m[39m                         [2m0.18 kB[22m [2m│ gzip: 0.15 kB[22m
[32m@n8n/utils:build: [0m[34mℹ[39m [33m[CJS][39m [2mdist/[22m[32m[1merrors/ensure-error.d.cts[22m[39m            [2m0.17 kB[22m [2m│ gzip: 0.14 kB[22m
[32m@n8n/utils:build: [0m[34mℹ[39m [33m[CJS][39m [2mdist/[22m[32m[1msleep.d.cts[22m[39m                          [2m0.17 kB[22m [2m│ gzip: 0.15 kB[22m
[32m@n8n/utils:build: [0m[34mℹ[39m [33m[CJS][39m 28 files, total: 9.36 kB
[32m@n8n/utils:build: [0m[32m✔[39m Build complete in [32m608ms[39m
[32m@n8n/utils:build: [0m[34mℹ[39m [34m[ESM][39m [2mdist/[22m[1mjson/json-size-exceeds.mjs[22m             [2m 8.56 kB[22m [2m│ gzip: 3.07 kB[22m
[32m@n8n/utils:build: [0m[34mℹ[39m [34m[ESM][39m [2mdist/[22m[1msearch/sublime-search.mjs[22m              [2m 5.85 kB[22m [2m│ gzip: 1.82 kB[22m
[32m@n8n/utils:build: [0m[34mℹ[39m [34m[ESM][39m [2mdist/[22m[1mplaceholder.mjs[22m                        [2m 3.17 kB[22m [2m│ gzip: 1.13 kB[22m
[32m@n8n/utils:build: [0m[34mℹ[39m [34m[ESM][39m [2mdist/[22m[1mscrub-secrets.mjs[22m                      [2m 2.09 kB[22m [2m│ gzip: 1.14 kB[22m
[32m@n8n/utils:build: [0m[34mℹ[39m [34m[ESM][39m [2mdist/[22m[1mformat-pem-block.mjs[22m                   [2m 1.95 kB[22m [2m│ gzip: 0.92 kB[22m
[32m@n8n/utils:build: [0m[34mℹ[39m [34m[ESM][39m [2mdist/[22m[1mfiles/sanitize-filename.mjs[22m            [2m 1.84 kB[22m [2m│ gzip: 0.85 kB[22m
[32m@n8n/utils:build: [0m[34mℹ[39m [34m[ESM][39m [2mdist/[22m[1mclient-assertion.mjs[22m                   [2m 1.80 kB[22m [2m│ gzip: 0.84 kB[22m
[32m@n8n/utils:build: [0m[34mℹ[39m [34m[ESM][39m [2mdist/[22m[1mstring/truncate.mjs[22m                    [2m 1.56 kB[22m [2m│ gzip: 0.67 kB[22m
[32m@n8n/utils:build: [0m[34mℹ[39m [34m[ESM][39m [2mdist/[22m[1mjson/to-json-value.mjs[22m                 [2m 1.46 kB[22m [2m│ gzip: 0.68 kB[22m
[32m@n8n/utils:build: [0m[34mℹ[39m [34m[ESM][39m [2mdist/[22m[1mretry.mjs[22m                              [2m 1.44 kB[22m [2m│ gzip: 0.66 kB[22m
[32m@n8n/utils:build: [0m[34mℹ[39m [34m[ESM][39m [2mdist/[22m[1merrors/error-chain.mjs[22m                 [2m 1.07 kB[22m [2m│ gzip: 0.58 kB[22m
[32m@n8n/utils:build: [0m[34mℹ[39m [34m[ESM][39m [2mdist/[22m[1mevent-bus.mjs[22m                          [2m 1.01 kB[22m [2m│ gzip: 0.46 kB[22m
[32m@n8n/utils:build: [0m[34mℹ[39m [34m[ESM][39m [2mdist/[22m[1mcreate-event-queue.mjs[22m                 [2m 1.01 kB[22m [2m│ gzip: 0.48 kB[22m
[32m@n8n/utils:build: [0m[34mℹ[39m [34m[ESM][39m [2mdist/[22m[1mlazy-import.mjs[22m                        [2m 0.91 kB[22m [2m│ gzip: 0.51 kB[22m
[32m@n8n/utils:build: [0m[34mℹ[39m [34m[ESM][39m [2mdist/[22m[1msleep.mjs[22m                              [2m 0.91 kB[22m [2m│ gzip: 0.43 kB[22m
[32m@n8n/utils:build: [0m[34mℹ[39m [34m[ESM][39m [2mdist/[22m[1mgenerate-nano-id.mjs[22m                   [2m 0.70 kB[22m [2m│ gzip: 0.43 kB[22m
[32m@n8n/utils:build: [0m[34mℹ[39m [34m[ESM][39m [2mdist/[22m[1mget-jwt-expiry.mjs[22m                     [2m 0.67 kB[22m [2m│ gzip: 0.45 kB[22m
[32m@n8n/utils:build: [0m[34mℹ[39m [34m[ESM][39m [2mdist/[22m[1mresult.mjs[22m                             [2m 0.63 kB[22m [2m│ gzip: 0.36 kB[22m
[32m@n8n/utils:build: [0m[34mℹ[39m [34m[ESM][39m [2mdist/[22m[1mnumber/bytes.mjs[22m                       [2m 0.57 kB[22m [2m│ gzip: 0.31 kB[22m
[32m@n8n/utils:build: [0m[34mℹ[39m [34m[ESM][39m [2mdist/[22m[1msearch/re-rank-search-results.mjs[22m      [2m 0.55 kB[22m [2m│ gzip: 0.30 kB[22m
[32m@n8n/utils:build: [0m[34mℹ[39m [34m[ESM][39m [2mdist/[22m[1mnumber/smart-decimal.mjs[22m               [2m 0.39 kB[22m [2m│ gzip: 0.25 kB[22m
[32m@n8n/utils:build: [0m[34mℹ[39m [34m[ESM][39m [2mdist/[22m[1msort/sort-by-property.mjs[22m              [2m 0.38 kB[22m [2m│ gzip: 0.26 kB[22m
[32m@n8n/utils:build: [0m[34mℹ[39m [34m[ESM][39m [2mdist/[22m[1mpromise/deferred-promise.mjs[22m           [2m 0.33 kB[22m [2m│ gzip: 0.20 kB[22m
[32m@n8n/utils:build: [0m[34mℹ[39m [34m[ESM][39m [2mdist/[22m[1merrors/ensure-error.mjs[22m                [2m 0.31 kB[22m [2m│ gzip: 0.21 kB[22m
[32m@n8n/utils:build: [0m[34mℹ[39m [34m[ESM][39m [2mdist/[22m[1mfiles/is-windows-file-path.mjs[22m         [2m 0.30 kB[22m [2m│ gzip: 0.23 kB[22m
[32m@n8n/utils:build: [0m[34mℹ[39m [34m[ESM][39m [2mdist/[22m[1massert.mjs[22m                             [2m 0.23 kB[22m [2m│ gzip: 0.18 kB[22m
[32m@n8n/utils:build: [0m[34mℹ[39m [34m[ESM][39m [2mdist/[22m[1mis-record.mjs[22m                          [2m 0.21 kB[22m [2m│ gzip: 0.17 kB[22m
[32m@n8n/utils:build: [0m[34mℹ[39m [34m[ESM][39m [2mdist/[22m[1mtypes.mjs[22m                              [2m 0.01 kB[22m [2m│ gzip: 0.03 kB[22m
[32m@n8n/utils:build: [0m[34mℹ[39m [34m[ESM][39m [2mdist/[22mjson/json-size-exceeds.mjs.map         [2m15.64 kB[22m [2m│ gzip: 5.12 kB[22m
[32m@n8n/utils:build: [0m[34mℹ[39m [34m[ESM][39m [2mdist/[22msearch/sublime-search.mjs.map          [2m12.42 kB[22m [2m│ gzip: 3.96 kB[22m
[32m@n8n/utils:build: [0m[34mℹ[39m [34m[ESM][39m [2mdist/[22mscrub-secrets.mjs.map                  [2m 5.41 kB[22m [2m│ gzip: 2.62 kB[22m
[32m@n8n/utils:build: [0m[34mℹ[39m [34m[ESM][39m [2mdist/[22mplaceholder.mjs.map                    [2m 5.36 kB[22m [2m│ gzip: 1.86 kB[22m
[32m@n8n/utils:build: [0m[34mℹ[39m [34m[ESM][39m [2mdist/[22mclient-assertion.mjs.map               [2m 3.75 kB[22m [2m│ gzip: 1.61 kB[22m
[32m@n8n/utils:build: [0m[34mℹ[39m [34m[ESM][39m [2mdist/[22mformat-pem-block.mjs.map               [2m 3.42 kB[22m [2m│ gzip: 1.43 kB[22m
[32m@n8n/utils:build: [0m[34mℹ[39m [34m[ESM][39m [2mdist/[22mfiles/sanitize-filename.mjs.map        [2m 2.96 kB[22m [2m│ gzip: 1.26 kB[22m
[32m@n8n/utils:build: [0m[34mℹ[39m [34m[ESM][39m [2mdist/[22mevent-bus.mjs.map                      [2m 2.94 kB[22m [2m│ gzip: 0.99 kB[22m
[32m@n8n/utils:build: [0m[34mℹ[39m [34m[ESM][39m [2mdist/[22mstring/truncate.mjs.map                [2m 2.76 kB[22m [2m│ gzip: 1.13 kB[22m
[32m@n8n/utils:build: [0m[34mℹ[39m [34m[ESM][39m [2mdist/[22mjson/to-json-value.mjs.map             [2m 2.74 kB[22m [2m│ gzip: 1.07 kB[22m
[32m@n8n/utils:build: [0m[34mℹ[39m [34m[ESM][39m [2mdist/[22mretry.mjs.map                          [2m 2.38 kB[22m [2m│ gzip: 1.06 kB[22m
[32m@n8n/utils:build: [0m[34mℹ[39m [34m[ESM][39m [2mdist/[22merrors/error-chain.mjs.map             [2m 1.95 kB[22m [2m│ gzip: 0.93 kB[22m
[32m@n8n/utils:build: [0m[34mℹ[39m [34m[ESM][39m [2mdist/[22mcreate-event-queue.mjs.map             [2m 1.77 kB[22m [2m│ gzip: 0.83 kB[22m
[32m@n8n/utils:build: [0m[34mℹ[39m [34m[ESM][39m [2mdist/[22msleep.mjs.map                          [2m 1.56 kB[22m [2m│ gzip: 0.70 kB[22m
[32m@n8n/utils:build: [0m[34mℹ[39m [34m[ESM][39m [2mdist/[22msearch/re-rank-search-results.mjs.map  [2m 1.31 kB[22m [2m│ gzip: 0.65 kB[22m
[32m@n8n/utils:build: [0m[34mℹ[39m [34m[ESM][39m [2mdist/[22mresult.mjs.map                         [2m 1.20 kB[22m [2m│ gzip: 0.62 kB[22m
[32m@n8n/utils:build: [0m[34mℹ[39m [34m[ESM][39m [2mdist/[22mlazy-import.mjs.map                    [2m 1.07 kB[22m [2m│ gzip: 0.61 kB[22m
[32m@n8n/utils:build: [0m[34mℹ[39m [34m[ESM][39m [2mdist/[22mget-jwt-expiry.mjs.map                 [2m 1.05 kB[22m [2m│ gzip: 0.62 kB[22m
[32m@n8n/utils:build: [0m[34mℹ[39m [34m[ESM][39m [2mdist/[22mnumber/bytes.mjs.map                   [2m 0.92 kB[22m [2m│ gzip: 0.45 kB[22m
[32m@n8n/utils:build: [0m[34mℹ[39m [34m[ESM][39m [2mdist/[22mnumber/smart-decimal.mjs.map           [2m 0.86 kB[22m [2m│ gzip: 0.52 kB[22m
[32m@n8n/utils:build: [0m[34mℹ[39m [34m[ESM][39m [2mdist/[22mgenerate-nano-id.mjs.map               [2m 0.82 kB[22m [2m│ gzip: 0.48 kB[22m
[32m@n8n/utils:build: [0m[34mℹ[39m [34m[ESM][39m [2mdist/[22mpromise/deferred-promise.mjs.map       [2m 0.80 kB[22m [2m│ gzip: 0.42 kB[22m
[32m@n8n/utils:build: [0m[34mℹ[39m [34m[ESM][39m [2mdist/[22msort/sort-by-property.mjs.map          [2m 0.69 kB[22m [2m│ gzip: 0.42 kB[22m
[32m@n8n/utils:build: [0m[34mℹ[39m [34m[ESM][39m [2mdist/[22merrors/ensure-error.mjs.map            [2m 0.56 kB[22m [2m│ gzip: 0.36 kB[22m
[32m@n8n/utils:build: [0m[34mℹ[39m [34m[ESM][39m [2mdist/[22massert.mjs.map                         [2m 0.46 kB[22m [2m│ gzip: 0.33 kB[22m
[32m@n8n/utils:build: [0m[34mℹ[39m [34m[ESM][39m [2mdist/[22mfiles/is-windows-file-path.mjs.map     [2m 0.40 kB[22m [2m│ gzip: 0.30 kB[22m
[32m@n8n/utils:build: [0m[34mℹ[39m [34m[ESM][39m [2mdist/[22mis-record.mjs.map                      [2m 0.36 kB[22m [2m│ gzip: 0.27 kB[22m
[32m@n8n/utils:build: [0m[34mℹ[39m [34m[ESM][39m [2mdist/[22m[32m[1mevent-bus.d.mts[22m[39m                        [2m 0.98 kB[22m [2m│ gzip: 0.34 kB[22m
[32m@n8n/utils:build: [0m[34mℹ[39m [34m[ESM][39m [2mdist/[22m[32m[1mplaceholder.d.mts[22m[39m                      [2m 0.73 kB[22m [2m│ gzip: 0.28 kB[22m
[32m@n8n/utils:build: [0m[34mℹ[39m [34m[ESM][39m [2mdist/[22m[32m[1mtypes.d.mts[22m[39m                            [2m 0.69 kB[22m [2m│ gzip: 0.33 kB[22m
[32m@n8n/utils:build: [0m[34mℹ[39m [34m[ESM][39m [2mdist/[22m[32m[1mresult.d.mts[22m[39m                           [2m 0.53 kB[22m [2m│ gzip: 0.26 kB[22m
[32m@n8n/utils:build: [0m[34mℹ[39m [34m[ESM][39m [2mdist/[22m[32m[1mclient-assertion.d.mts[22m[39m                 [2m 0.49 kB[22m [2m│ gzip: 0.27 kB[22m
[32m@n8n/utils:build: [0m[34mℹ[39m [34m[ESM][39m [2mdist/[22m[32m[1mscrub-secrets.d.mts[22m[39m                    [2m 0.45 kB[22m [2m│ gzip: 0.28 kB[22m
[32m@n8n/utils:build: [0m[34mℹ[39m [34m[ESM][39m [2mdist/[22m[32m[1mpromise/deferred-promise.d.mts[22m[39m         [2m 0.43 kB[22m [2m│ gzip: 0.25 kB[22m
[32m@n8n/utils:build: [0m[34mℹ[39m [34m[ESM][39m [2mdist/[22m[32m[1mjson/to-json-value.d.mts[22m[39m               [2m 0.40 kB[22m [2m│ gzip: 0.26 kB[22m
[32m@n8n/utils:build: [0m[34mℹ[39m [34m[ESM][39m [2mdist/[22m[32m[1msearch/sublime-search.d.mts[22m[39m            [2m 0.40 kB[22m [2m│ gzip: 0.26 kB[22m
[32m@n8n/utils:build: [0m[34mℹ[39m [34m[ESM][39m [2mdist/[22m[32m[1msearch/re-rank-search-results.d.mts[22m[39m    [2m 0.37 kB[22m [2m│ gzip: 0.23 kB[22m
[32m@n8n/utils:build: [0m[34mℹ[39m [34m[ESM][39m [2mdist/[22m[32m[1merrors/error-chain.d.mts[22m[39m               [2m 0.34 kB[22m [2m│ gzip: 0.22 kB[22m
[32m@n8n/utils:build: [0m[34mℹ[39m [34m[ESM][39m [2mdist/[22m[32m[1mstring/truncate.d.mts[22m[39m                  [2m 0.33 kB[22m [2m│ gzip: 0.20 kB[22m
[32m@n8n/utils:build: [0m[34mℹ[39m [34m[ESM][39m [2mdist/[22m[32m[1mretry.d.mts[22m[39m                            [2m 0.28 kB[22m [2m│ gzip: 0.21 kB[22m
[32m@n8n/utils:build: [0m[34mℹ[39m [34m[ESM][39m [2mdist/[22m[32m[1mcreate-event-queue.d.mts[22m[39m               [2m 0.25 kB[22m [2m│ gzip: 0.17 kB[22m
[32m@n8n/utils:build: [0m[34mℹ[39m [34m[ESM][39m [2mdist/[22m[32m[1msort/sort-by-property.d.mts[22m[39m            [2m 0.22 kB[22m [2m│ gzip: 0.18 kB[22m
[32m@n8n/utils:build: [0m[34mℹ[39m [34m[ESM][39m [2mdist/[22m[32m[1mnumber/bytes.d.mts[22m[39m                     [2m 0.22 kB[22m [2m│ gzip: 0.16 kB[22m
[32m@n8n/utils:build: [0m[34mℹ[39m [34m[ESM][39m [2mdist/[22m[32m[1mfiles/sanitize-filename.d.mts[22m[39m          [2m 0.21 kB[22m [2m│ gzip: 0.16 kB[22m
[32m@n8n/utils:build: [0m[34mℹ[39m [34m[ESM][39m [2mdist/[22m[32m[1mjson/json-size-exceeds.d.mts[22m[39m           [2m 0.21 kB[22m [2m│ gzip: 0.17 kB[22m
[32m@n8n/utils:build: [0m[34mℹ[39m [34m[ESM][39m [2mdist/[22m[32m[1mfiles/is-windows-file-path.d.mts[22m[39m       [2m 0.20 kB[22m [2m│ gzip: 0.16 kB[22m
[32m@n8n/utils:build: [0m[34mℹ[39m [34m[ESM][39m [2mdist/[22m[32m[1mformat-pem-block.d.mts[22m[39m                 [2m 0.20 kB[22m [2m│ gzip: 0.16 kB[22m
[32m@n8n/utils:build: [0m[34mℹ[39m [34m[ESM][39m [2mdist/[22m[32m[1mnumber/smart-decimal.d.mts[22m[39m             [2m 0.20 kB[22m [2m│ gzip: 0.15 kB[22m
[32m@n8n/utils:build: [0m[34mℹ[39m [34m[ESM][39m [2mdist/[22m[32m[1mlazy-import.d.mts[22m[39m                      [2m 0.18 kB[22m [2m│ gzip: 0.16 kB[22m
[32m@n8n/utils:build: [0m[34mℹ[39m [34m[ESM][39m [2mdist/[22m[32m[1mget-jwt-expiry.d.mts[22m[39m                   [2m 0.18 kB[22m [2m│ gzip: 0.15 kB[22m
[32m@n8n/utils:build: [0m[34mℹ[39m [34m[ESM][39m [2mdist/[22m[32m[1mgenerate-nano-id.d.mts[22m[39m                 [2m 0.18 kB[22m [2m│ gzip: 0.15 kB[22m
[32m@n8n/utils:build: [0m[34mℹ[39m [34m[ESM][39m [2mdist/[22m[32m[1mis-record.d.mts[22m[39m                        [2m 0.18 kB[22m [2m│ gzip: 0.15 kB[22m
[32m@n8n/utils:build: [0m[34mℹ[39m [34m[ESM][39m [2mdist/[22m[32m[1massert.d.mts[22m[39m                           [2m 0.18 kB[22m [2m│ gzip: 0.15 kB[22m
[32m@n8n/utils:build: [0m[34mℹ[39m [34m[ESM][39m [2mdist/[22m[32m[1merrors/ensure-error.d.mts[22m[39m              [2m 0.17 kB[22m [2m│ gzip: 0.14 kB[22m
[32m@n8n/utils:build: [0m[34mℹ[39m [34m[ESM][39m [2mdist/[22m[32m[1msleep.d.mts[22m[39m                            [2m 0.17 kB[22m [2m│ gzip: 0.15 kB[22m
[32m@n8n/utils:build: [0m[34mℹ[39m [34m[ESM][39m 83 files, total: 124.83 kB
[32m@n8n/utils:build: [0m[32m✔[39m Build complete in [32m635ms[39m
[33m@n8n/telemetry:typecheck: [0mcache miss, executing [2m1d1c8d81229d3b7d[0m
[34m@n8n/frontend-constants:build: [0mcache hit, replaying logs [2m998dbd3833a67f48[0m
[34m@n8n/frontend-constants:build: [0m
[34m@n8n/frontend-constants:build: [0m> @n8n/frontend-constants@0.4.0 build /Users/romeobalta/work/n8n/worktrees/nudge-manual-builders-to-aia/packages/frontend/@n8n/frontend-constants
[34m@n8n/frontend-constants:build: [0m> tsdown
[34m@n8n/frontend-constants:build: [0m
[34m@n8n/frontend-constants:build: [0m[34mℹ[39m tsdown [2mv0.16.5[22m powered by rolldown [2mv1.0.0-beta.50[22m
[34m@n8n/frontend-constants:build: [0m[34mℹ[39m Using tsdown config: [4m/Users/romeobalta/work/n8n/worktrees/nudge-manual-builders-to-aia/packages/frontend/@n8n/frontend-constants/tsdown.config.ts[24m
[34m@n8n/frontend-constants:build: [0m[34mℹ[39m entry: [34msrc/urls.ts, src/users.ts, src/versions.ts, src/views.ts, src/z-indexes.ts[39m
[34m@n8n/frontend-constants:build: [0m[34mℹ[39m tsconfig: [34mtsconfig.json[39m
[34m@n8n/frontend-constants:build: [0m[34mℹ[39m Build start
[34m@n8n/frontend-constants:build: [0m[34mℹ[39m Cleaning 30 files
[34m@n8n/frontend-constants:build: [0m[34mℹ[39m [33m[CJS][39m [2mdist/[22m[1mviews.cjs[22m          [2m5.04 kB[22m [2m│ gzip: 1.82 kB[22m
[34m@n8n/frontend-constants:build: [0m[34mℹ[39m [33m[CJS][39m [2mdist/[22m[1mz-indexes.cjs[22m      [2m1.01 kB[22m [2m│ gzip: 0.62 kB[22m
[34m@n8n/frontend-constants:build: [0m[34mℹ[39m [33m[CJS][39m [2mdist/[22m[1mversions.cjs[22m       [2m1.00 kB[22m [2m│ gzip: 0.48 kB[22m
[34m@n8n/frontend-constants:build: [0m[34mℹ[39m [33m[CJS][39m [2mdist/[22m[1murls.cjs[22m           [2m0.26 kB[22m [2m│ gzip: 0.21 kB[22m
[34m@n8n/frontend-constants:build: [0m[34mℹ[39m [33m[CJS][39m [2mdist/[22m[1musers.cjs[22m          [2m0.19 kB[22m [2m│ gzip: 0.15 kB[22m
[34m@n8n/frontend-constants:build: [0m[34mℹ[39m [33m[CJS][39m [2mdist/[22mviews.cjs.map      [2m4.77 kB[22m [2m│ gzip: 1.79 kB[22m
[34m@n8n/frontend-constants:build: [0m[34mℹ[39m [33m[CJS][39m [2mdist/[22mz-indexes.cjs.map  [2m1.58 kB[22m [2m│ gzip: 0.90 kB[22m
[34m@n8n/frontend-constants:build: [0m[34mℹ[39m [33m[CJS][39m [2mdist/[22mversions.cjs.map   [2m0.88 kB[22m [2m│ gzip: 0.52 kB[22m
[34m@n8n/frontend-constants:build: [0m[34mℹ[39m [33m[CJS][39m [2mdist/[22murls.cjs.map       [2m0.28 kB[22m [2m│ gzip: 0.24 kB[22m
[34m@n8n/frontend-constants:build: [0m[34mℹ[39m [33m[CJS][39m [2mdist/[22musers.cjs.map      [2m0.19 kB[22m [2m│ gzip: 0.18 kB[22m
[34m@n8n/frontend-constants:build: [0m[34mℹ[39m [33m[CJS][39m 10 files, total: 15.19 kB
[34m@n8n/frontend-constants:build: [0m[34mℹ[39m [33m[CJS][39m [2mdist/[22m[32m[1mviews.d.cts[22m[39m      [2m3.14 kB[22m [2m│ gzip: 1.14 kB[22m
[34m@n8n/frontend-constants:build: [0m[34mℹ[39m [33m[CJS][39m [2mdist/[22m[32m[1mz-indexes.d.cts[22m[39m  [2m0.95 kB[22m [2m│ gzip: 0.42 kB[22m
[34m@n8n/frontend-constants:build: [0m[34mℹ[39m [33m[CJS][39m [2mdist/[22m[32m[1mversions.d.cts[22m[39m   [2m0.49 kB[22m [2m│ gzip: 0.23 kB[22m
[34m@n8n/frontend-constants:build: [0m[34mℹ[39m [33m[CJS][39m [2mdist/[22m[32m[1musers.d.cts[22m[39m      [2m0.17 kB[22m [2m│ gzip: 0.15 kB[22m
[34m@n8n/frontend-constants:build: [0m[34mℹ[39m [33m[CJS][39m [2mdist/[22m[32m[1murls.d.cts[22m[39m       [2m0.17 kB[22m [2m│ gzip: 0.15 kB[22m
[34m@n8n/frontend-constants:build: [0m[34mℹ[39m [33m[CJS][39m 5 files, total: 4.92 kB
[34m@n8n/frontend-constants:build: [0m[34mℹ[39m [34m[ESM][39m [2mdist/[22m[1mviews.mjs[22m          [2m5.03 kB[22m [2m│ gzip: 1.82 kB[22m
[34m@n8n/frontend-constants:build: [0m[34mℹ[39m [34m[ESM][39m [2mdist/[22m[1mz-indexes.mjs[22m      [2m1.00 kB[22m [2m│ gzip: 0.62 kB[22m
[34m@n8n/frontend-constants:build: [0m[34mℹ[39m [34m[ESM][39m [2mdist/[22m[1mversions.mjs[22m       [2m0.85 kB[22m [2m│ gzip: 0.47 kB[22m
[34m@n8n/frontend-constants:build: [0m[34mℹ[39m [34m[ESM][39m [2mdist/[22m[1murls.mjs[22m           [2m0.24 kB[22m [2m│ gzip: 0.21 kB[22m
[34m@n8n/frontend-constants:build: [0m[34mℹ[39m [34m[ESM][39m [2mdist/[22m[1musers.mjs[22m          [2m0.16 kB[22m [2m│ gzip: 0.15 kB[22m
[34m@n8n/frontend-constants:build: [0m[34mℹ[39m [34m[ESM][39m [2mdist/[22mviews.mjs.map      [2m4.76 kB[22m [2m│ gzip: 1.79 kB[22m
[34m@n8n/frontend-constants:build: [0m[34mℹ[39m [34m[ESM][39m [2mdist/[22mz-indexes.mjs.map  [2m1.58 kB[22m [2m│ gzip: 0.90 kB[22m
[34m@n8n/frontend-constants:build: [0m[34mℹ[39m [34m[ESM][39m [2mdist/[22mversions.mjs.map   [2m0.88 kB[22m [2m│ gzip: 0.52 kB[22m
[34m@n8n/frontend-constants:build: [0m[34mℹ[39m [34m[ESM][39m [2mdist/[22murls.mjs.map       [2m0.28 kB[22m [2m│ gzip: 0.24 kB[22m
[34m@n8n/frontend-constants:build: [0m[34mℹ[39m [34m[ESM][39m [2mdist/[22musers.mjs.map      [2m0.19 kB[22m [2m│ gzip: 0.18 kB[22m
[34m@n8n/frontend-constants:build: [0m[34mℹ[39m [34m[ESM][39m [2mdist/[22m[32m[1mviews.d.mts[22m[39m        [2m3.14 kB[22m [2m│ gzip: 1.14 kB[22m
[34m@n8n/frontend-constants:build: [0m[34mℹ[39m [34m[ESM][39m [2mdist/[22m[32m[1mz-indexes.d.mts[22m[39m    [2m0.95 kB[22m [2m│ gzip: 0.42 kB[22m
[34m@n8n/frontend-constants:build: [0m[34mℹ[39m [34m[ESM][39m [2mdist/[22m[32m[1mversions.d.mts[22m[39m     [2m0.49 kB[22m [2m│ gzip: 0.23 kB[22m
[34m@n8n/frontend-constants:build: [0m[34mℹ[39m [34m[ESM][39m [2mdist/[22m[32m[1musers.d.mts[22m[39m        [2m0.17 kB[22m [2m│ gzip: 0.15 kB[22m
[34m@n8n/frontend-constants:build: [0m[34mℹ[39m [34m[ESM][39m [2mdist/[22m[32m[1murls.d.mts[22m[39m         [2m0.17 kB[22m [2m│ gzip: 0.15 kB[22m
[34m@n8n/frontend-constants:build: [0m[34mℹ[39m [34m[ESM][39m 15 files, total: 19.88 kB
[34m@n8n/frontend-constants:build: [0m[32m✔[39m Build complete in [32m1348ms[39m
[36m@n8n/local-gateway:typecheck: [0mcache miss, executing [2m5255ce254e269b1b[0m
[35m@n8n/telemetry:build: [0mcache hit, replaying logs [2m8048b2d0fa65013d[0m
[35m@n8n/telemetry:build: [0m
[35m@n8n/telemetry:build: [0m> @n8n/telemetry@1.4.0 build /Users/romeobalta/work/n8n/worktrees/nudge-manual-builders-to-aia/packages/@n8n/telemetry
[35m@n8n/telemetry:build: [0m> tsc -p tsconfig.build.json
[35m@n8n/telemetry:build: [0m
[32m@n8n/frontend-utils:typecheck: [0mcache miss, executing [2m2d6c787250e50bf5[0m
[33mn8n-workflow:build: [0mcache hit, replaying logs [2m364bb12f5e980cea[0m
[33mn8n-workflow:build: [0m
[33mn8n-workflow:build: [0m> n8n-workflow@2.36.0 build /Users/romeobalta/work/n8n/worktrees/nudge-manual-builders-to-aia/packages/workflow
[33mn8n-workflow:build: [0m> tsc --build tsconfig.build.esm.json tsconfig.build.cjs.json
[33mn8n-workflow:build: [0m
[34mn8n-workflow:typecheck: [0mcache miss, executing [2mdb4ea49d2539dd06[0m
[36m@n8n/i18n:build: [0mcache hit, replaying logs [2m4f701aed73276018[0m
[36m@n8n/i18n:build: [0m
[36m@n8n/i18n:build: [0m> @n8n/i18n@2.36.0 build /Users/romeobalta/work/n8n/worktrees/nudge-manual-builders-to-aia/packages/frontend/@n8n/i18n
[36m@n8n/i18n:build: [0m> tsdown
[36m@n8n/i18n:build: [0m
[36m@n8n/i18n:build: [0m[34mℹ[39m tsdown [2mv0.16.5[22m powered by rolldown [2mv1.0.0-beta.50[22m
[36m@n8n/i18n:build: [0m[34mℹ[39m Using tsdown config: [4m/Users/romeobalta/work/n8n/worktrees/nudge-manual-builders-to-aia/packages/frontend/@n8n/i18n/tsdown.config.ts[24m
[36m@n8n/i18n:build: [0m[34mℹ[39m entry: [34msrc/index.ts, src/types.ts, src/utils.ts[39m
[36m@n8n/i18n:build: [0m[34mℹ[39m tsconfig: [34mtsconfig.json[39m
[36m@n8n/i18n:build: [0m[34mℹ[39m Build start
[36m@n8n/i18n:build: [0m[34mℹ[39m Cleaning 20 files
[36m@n8n/i18n:build: [0m[34mℹ[39m [33m[CJS][39m [2mdist/[22m[1mindex.cjs[22m       [2m669.45 kB[22m [2m│ gzip: 146.42 kB[22m
[36m@n8n/i18n:build: [0m[34mℹ[39m [33m[CJS][39m [2mdist/[22m[1mutils.cjs[22m       [2m  0.29 kB[22m [2m│ gzip:   0.15 kB[22m
[36m@n8n/i18n:build: [0m[34mℹ[39m [33m[CJS][39m [2mdist/[22m[1mtypes.cjs[22m       [2m  0.00 kB[22m [2m│ gzip:   0.02 kB[22m
[36m@n8n/i18n:build: [0m[34mℹ[39m [33m[CJS][39m [2mdist/[22mindex.cjs.map   [2m838.72 kB[22m [2m│ gzip: 163.63 kB[22m
[36m@n8n/i18n:build: [0m[34mℹ[39m [33m[CJS][39m [2mdist/[22mutils2.cjs.map  [2m  3.42 kB[22m [2m│ gzip:   1.35 kB[22m
[36m@n8n/i18n:build: [0m[34mℹ[39m [33m[CJS][39m [2mdist/[22mutils2.cjs      [2m  2.69 kB[22m [2m│ gzip:   1.02 kB[22m
[36m@n8n/i18n:build: [0m[34mℹ[39m [33m[CJS][39m 6 files, total: 1514.58 kB
[36m@n8n/i18n:build: [0m[34mℹ[39m [33m[CJS][39m [2mdist/[22m[32m[1mindex.d.cts[22m[39m   [2m  3.98 kB[22m [2m│ gzip:  1.05 kB[22m
[36m@n8n/i18n:build: [0m[34mℹ[39m [33m[CJS][39m [2mdist/[22m[32m[1mutils.d.cts[22m[39m   [2m  0.46 kB[22m [2m│ gzip:  0.25 kB[22m
[36m@n8n/i18n:build: [0m[34mℹ[39m [33m[CJS][39m [2mdist/[22m[32m[1mtypes.d.cts[22m[39m   [2m  0.20 kB[22m [2m│ gzip:  0.14 kB[22m
[36m@n8n/i18n:build: [0m[34mℹ[39m [33m[CJS][39m [2mdist/[22m[32mtypes2.d.cts[39m  [2m428.21 kB[22m [2m│ gzip: 55.01 kB[22m
[36m@n8n/i18n:build: [0m[34mℹ[39m [33m[CJS][39m 4 files, total: 432.85 kB
[36m@n8n/i18n:build: [0m[34mℹ[39m [34m[ESM][39m [2mdist/[22m[1mindex.mjs[22m       [2m669.06 kB[22m [2m│ gzip: 146.41 kB[22m
[36m@n8n/i18n:build: [0m[34mℹ[39m [34m[ESM][39m [2mdist/[22m[1mutils.mjs[22m       [2m  0.22 kB[22m [2m│ gzip:   0.15 kB[22m
[36m@n8n/i18n:build: [0m[34mℹ[39m [34m[ESM][39m [2mdist/[22m[1mtypes.mjs[22m       [2m  0.01 kB[22m [2m│ gzip:   0.03 kB[22m
[36m@n8n/i18n:build: [0m[34mℹ[39m [34m[ESM][39m [2mdist/[22mindex.mjs.map   [2m838.63 kB[22m [2m│ gzip: 163.56 kB[22m
[36m@n8n/i18n:build: [0m[34mℹ[39m [34m[ESM][39m [2mdist/[22mutils2.mjs.map  [2m  3.42 kB[22m [2m│ gzip:   1.35 kB[22m
[36m@n8n/i18n:build: [0m[34mℹ[39m [34m[ESM][39m [2mdist/[22mutils2.mjs      [2m  2.27 kB[22m [2m│ gzip:   0.96 kB[22m
[36m@n8n/i18n:build: [0m[34mℹ[39m [34m[ESM][39m [2mdist/[22m[32m[1mindex.d.mts[22m[39m     [2m  3.98 kB[22m [2m│ gzip:   1.05 kB[22m
[36m@n8n/i18n:build: [0m[34mℹ[39m [34m[ESM][39m [2mdist/[22m[32m[1mutils.d.mts[22m[39m     [2m  0.46 kB[22m [2m│ gzip:   0.25 kB[22m
[36m@n8n/i18n:build: [0m[34mℹ[39m [34m[ESM][39m [2mdist/[22m[32m[1mtypes.d.mts[22m[39m     [2m  0.20 kB[22m [2m│ gzip:   0.14 kB[22m
[36m@n8n/i18n:build: [0m[34mℹ[39m [34m[ESM][39m [2mdist/[22m[32mtypes2.d.mts[39m    [2m428.21 kB[22m [2m│ gzip:  55.01 kB[22m
[36m@n8n/i18n:build: [0m[34mℹ[39m [34m[ESM][39m 10 files, total: 1946.45 kB
[36m@n8n/i18n:build: [0m[32m✔[39m Build complete in [32m3167ms[39m
[35m@n8n/performance:typecheck: [0mcache miss, executing [2mfe7391fdf8ac1ec0[0m
[32m@n8n/api-types:build: [0mcache hit, replaying logs [2m1c8e0103a114f343[0m
[32m@n8n/api-types:build: [0m
[32m@n8n/api-types:build: [0m> @n8n/api-types@1.36.0 build /Users/romeobalta/work/n8n/worktrees/nudge-manual-builders-to-aia/packages/@n8n/api-types
[32m@n8n/api-types:build: [0m> tsc -p tsconfig.build.json
[32m@n8n/api-types:build: [0m
[33m@n8n/scheduler:build: [0mcache hit, replaying logs [2m0ca52aeccc7cbcd3[0m
[33m@n8n/scheduler:build: [0m
[33m@n8n/scheduler:build: [0m> @n8n/scheduler@1.5.0 build /Users/romeobalta/work/n8n/worktrees/nudge-manual-builders-to-aia/packages/@n8n/scheduler
[33m@n8n/scheduler:build: [0m> tsc -p tsconfig.build.json
[33m@n8n/scheduler:build: [0m
[34m@n8n/eslint-plugin-community-nodes:build: [0mcache hit, replaying logs [2me48111bda65ed76c[0m
[34m@n8n/eslint-plugin-community-nodes:build: [0m
[34m@n8n/eslint-plugin-community-nodes:build: [0m> @n8n/eslint-plugin-community-nodes@0.29.0 build /Users/romeobalta/work/n8n/worktrees/nudge-manual-builders-to-aia/packages/@n8n/eslint-plugin-community-nodes
[34m@n8n/eslint-plugin-community-nodes:build: [0m> tsc --project tsconfig.build.json
[34m@n8n/eslint-plugin-community-nodes:build: [0m
[36m@n8n/scheduler:typecheck: [0mcache miss, executing [2m3c69bf67699ff9b3[0m
[34m@n8n/utils:typecheck: [0m
[34m@n8n/utils:typecheck: [0m> @n8n/utils@1.44.0 typecheck /Users/romeobalta/work/n8n/worktrees/nudge-manual-builders-to-aia/packages/@n8n/utils
[34m@n8n/utils:typecheck: [0m> tsc --noEmit
[34m@n8n/utils:typecheck: [0m
[35m@n8n/frontend-constants:typecheck: [0m
[35m@n8n/frontend-constants:typecheck: [0m> @n8n/frontend-constants@0.4.0 typecheck /Users/romeobalta/work/n8n/worktrees/nudge-manual-builders-to-aia/packages/frontend/@n8n/frontend-constants
[35m@n8n/frontend-constants:typecheck: [0m> vue-tsc --noEmit
[35m@n8n/frontend-constants:typecheck: [0m
[36m@n8n/local-gateway:typecheck: [0m
[36m@n8n/local-gateway:typecheck: [0m> @n8n/local-gateway@0.1.0 typecheck /Users/romeobalta/work/n8n/worktrees/nudge-manual-builders-to-aia/packages/@n8n/local-gateway
[36m@n8n/local-gateway:typecheck: [0m> tsc --noEmit
[36m@n8n/local-gateway:typecheck: [0m
[35m@n8n/i18n:typecheck: [0mcache miss, executing [2m68a08605162b8048[0m
[33m@n8n/telemetry:typecheck: [0m
[33m@n8n/telemetry:typecheck: [0m> @n8n/telemetry@1.4.0 typecheck /Users/romeobalta/work/n8n/worktrees/nudge-manual-builders-to-aia/packages/@n8n/telemetry
[33m@n8n/telemetry:typecheck: [0m> tsc --noEmit
[33m@n8n/telemetry:typecheck: [0m
[32m@n8n/frontend-utils:typecheck: [0m
[32m@n8n/frontend-utils:typecheck: [0m> @n8n/frontend-utils@0.4.0 typecheck /Users/romeobalta/work/n8n/worktrees/nudge-manual-builders-to-aia/packages/frontend/@n8n/frontend-utils
[32m@n8n/frontend-utils:typecheck: [0m> vue-tsc --noEmit
[32m@n8n/frontend-utils:typecheck: [0m
[32m@n8n/eslint-plugin-community-nodes:typecheck: [0mcache miss, executing [2m61df696165754a4b[0m
[35m@n8n/performance:typecheck: [0m
[35m@n8n/performance:typecheck: [0m> @n8n/performance@1.0.0 typecheck /Users/romeobalta/work/n8n/worktrees/nudge-manual-builders-to-aia/packages/testing/performance
[35m@n8n/performance:typecheck: [0m> tsc --noEmit
[35m@n8n/performance:typecheck: [0m
[36m@n8n/scheduler:typecheck: [0m
[36m@n8n/scheduler:typecheck: [0m> @n8n/scheduler@1.5.0 typecheck /Users/romeobalta/work/n8n/worktrees/nudge-manual-builders-to-aia/packages/@n8n/scheduler
[36m@n8n/scheduler:typecheck: [0m> tsc --noEmit
[36m@n8n/scheduler:typecheck: [0m
[34mn8n-workflow:typecheck: [0m
[34mn8n-workflow:typecheck: [0m> n8n-workflow@2.36.0 typecheck /Users/romeobalta/work/n8n/worktrees/nudge-manual-builders-to-aia/packages/workflow
[34mn8n-workflow:typecheck: [0m> tsc --noEmit
[34mn8n-workflow:typecheck: [0m
[35m@n8n/i18n:typecheck: [0m
[35m@n8n/i18n:typecheck: [0m> @n8n/i18n@2.36.0 typecheck /Users/romeobalta/work/n8n/worktrees/nudge-manual-builders-to-aia/packages/frontend/@n8n/i18n
[35m@n8n/i18n:typecheck: [0m> vue-tsc --noEmit
[35m@n8n/i18n:typecheck: [0m
[33m@n8n/api-types:typecheck: [0mcache miss, executing [2m69de64c3d842b0eb[0m
[34m@n8n/composables:build: [0mcache hit, replaying logs [2m079e9cb1cd511258[0m
[34m@n8n/composables:build: [0m
[34m@n8n/composables:build: [0m> @n8n/composables@1.26.0 build /Users/romeobalta/work/n8n/worktrees/nudge-manual-builders-to-aia/packages/frontend/@n8n/composables
[34m@n8n/composables:build: [0m> tsdown
[34m@n8n/composables:build: [0m
[34m@n8n/composables:build: [0m[34mℹ[39m tsdown [2mv0.16.5[22m powered by rolldown [2mv1.0.0-beta.50[22m
[34m@n8n/composables:build: [0m[34mℹ[39m Using tsdown config: [4m/Users/romeobalta/work/n8n/worktrees/nudge-manual-builders-to-aia/packages/frontend/@n8n/composables/tsdown.config.ts[24m
[34m@n8n/composables:build: [0m[34mℹ[39m entry: [34msrc/injectionKeys.ts, src/structuralComputed.ts, src/useClipboard.ts, src/useDebounce.ts, src/useDeviceSupport.ts, src/useDocumentTitle.ts, src/useExternalHooks.ts, src/useShortKeyPress.ts, src/useStorage.ts, src/useStyles.ts, src/useTelemetry.ts, src/useThrottleWithReactiveDelay.ts, src/useToast.ts, src/registries/telemetryRegistry.ts, src/types/notification.ts[39m
[34m@n8n/composables:build: [0m[34mℹ[39m tsconfig: [34mtsconfig.json[39m
[34m@n8n/composables:build: [0m[34mℹ[39m Build start
[34m@n8n/composables:build: [0m[34mℹ[39m Cleaning 102 files
[34m@n8n/composables:build: [0m[34mℹ[39m [33m[CJS][39m [2mdist/[22m[1museToast.cjs[22m                          [2m 6.12 kB[22m [2m│ gzip: 2.10 kB[22m
[34m@n8n/composables:build: [0m[34mℹ[39m [33m[CJS][39m [2mdist/[22m[1museDebounce.cjs[22m                       [2m 2.38 kB[22m [2m│ gzip: 1.05 kB[22m
[34m@n8n/composables:build: [0m[34mℹ[39m [33m[CJS][39m [2mdist/[22m[1museClipboard.cjs[22m                      [2m 2.07 kB[22m [2m│ gzip: 0.88 kB[22m
[34m@n8n/composables:build: [0m[34mℹ[39m [33m[CJS][39m [2mdist/[22m[1museDeviceSupport.cjs[22m                  [2m 1.82 kB[22m [2m│ gzip: 0.73 kB[22m
[34m@n8n/composables:build: [0m[34mℹ[39m [33m[CJS][39m [2mdist/[22m[1mstructuralComputed.cjs[22m                [2m 1.28 kB[22m [2m│ gzip: 0.67 kB[22m
[34m@n8n/composables:build: [0m[34mℹ[39m [33m[CJS][39m [2mdist/[22m[1museDocumentTitle.cjs[22m                  [2m 1.27 kB[22m [2m│ gzip: 0.61 kB[22m
[34m@n8n/composables:build: [0m[34mℹ[39m [33m[CJS][39m [2mdist/[22m[1museStyles.cjs[22m                         [2m 0.71 kB[22m [2m│ gzip: 0.37 kB[22m
[34m@n8n/composables:build: [0m[34mℹ[39m [33m[CJS][39m [2mdist/[22m[1museShortKeyPress.cjs[22m                  [2m 0.70 kB[22m [2m│ gzip: 0.35 kB[22m
[34m@n8n/composables:build: [0m[34mℹ[39m [33m[CJS][39m [2mdist/[22m[1museThrottleWithReactiveDelay.cjs[22m      [2m 0.67 kB[22m [2m│ gzip: 0.35 kB[22m
[34m@n8n/composables:build: [0m[34mℹ[39m [33m[CJS][39m [2mdist/[22m[1museStorage.cjs[22m                        [2m 0.40 kB[22m [2m│ gzip: 0.26 kB[22m
[34m@n8n/composables:build: [0m[34mℹ[39m [33m[CJS][39m [2mdist/[22m[1mregistries/telemetryRegistry.cjs[22m      [2m 0.28 kB[22m [2m│ gzip: 0.12 kB[22m
[34m@n8n/composables:build: [0m[34mℹ[39m [33m[CJS][39m [2mdist/[22m[1museExternalHooks.cjs[22m                  [2m 0.28 kB[22m [2m│ gzip: 0.11 kB[22m
[34m@n8n/composables:build: [0m[34mℹ[39m [33m[CJS][39m [2mdist/[22m[1museTelemetry.cjs[22m                      [2m 0.15 kB[22m [2m│ gzip: 0.10 kB[22m
[34m@n8n/composables:build: [0m[34mℹ[39m [33m[CJS][39m [2mdist/[22m[1minjectionKeys.cjs[22m                     [2m 0.13 kB[22m [2m│ gzip: 0.10 kB[22m
[34m@n8n/composables:build: [0m[34mℹ[39m [33m[CJS][39m [2mdist/[22m[1mtypes/notification.cjs[22m                [2m 0.00 kB[22m [2m│ gzip: 0.02 kB[22m
[34m@n8n/composables:build: [0m[34mℹ[39m [33m[CJS][39m [2mdist/[22museToast.cjs.map                      [2m12.00 kB[22m [2m│ gzip: 4.20 kB[22m
[34m@n8n/composables:build: [0m[34mℹ[39m [33m[CJS][39m [2mdist/[22museClipboard.cjs.map                  [2m 3.80 kB[22m [2m│ gzip: 1.60 kB[22m
[34m@n8n/composables:build: [0m[34mℹ[39m [33m[CJS][39m [2mdist/[22mtelemetryRegistry.cjs.map             [2m 3.33 kB[22m [2m│ gzip: 1.29 kB[22m
[34m@n8n/composables:build: [0m[34mℹ[39m [33m[CJS][39m [2mdist/[22museDebounce.cjs.map                   [2m 3.21 kB[22m [2m│ gzip: 1.33 kB[22m
[34m@n8n/composables:build: [0m[34mℹ[39m [33m[CJS][39m [2mdist/[22museTelemetry2.cjs.map                 [2m 3.06 kB[22m [2m│ gzip: 1.43 kB[22m
[34m@n8n/composables:build: [0m[34mℹ[39m [33m[CJS][39m [2mdist/[22museExternalHooks2.cjs.map             [2m 3.05 kB[22m [2m│ gzip: 1.32 kB[22m
[34m@n8n/composables:build: [0m[34mℹ[39m [33m[CJS][39m [2mdist/[22museDocumentTitle.cjs.map              [2m 2.59 kB[22m [2m│ gzip: 1.15 kB[22m
[34m@n8n/composables:build: [0m[34mℹ[39m [33m[CJS][39m [2mdist/[22museDeviceSupport.cjs.map              [2m 2.58 kB[22m [2m│ gzip: 1.07 kB[22m
[34m@n8n/composables:build: [0m[34mℹ[39m [33m[CJS][39m [2mdist/[22museExternalHooks2.cjs                 [2m 1.89 kB[22m [2m│ gzip: 0.80 kB[22m
[34m@n8n/composables:build: [0m[34mℹ[39m [33m[CJS][39m [2mdist/[22museTelemetry2.cjs                     [2m 1.79 kB[22m [2m│ gzip: 0.86 kB[22m
[34m@n8n/composables:build: [0m[34mℹ[39m [33m[CJS][39m [2mdist/[22mstructuralComputed.cjs.map            [2m 1.57 kB[22m [2m│ gzip: 0.82 kB[22m
[34m@n8n/composables:build: [0m[34mℹ[39m [33m[CJS][39m [2mdist/[22museShortKeyPress.cjs.map              [2m 1.26 kB[22m [2m│ gzip: 0.64 kB[22m
[34m@n8n/composables:build: [0m[34mℹ[39m [33m[CJS][39m [2mdist/[22mtelemetryRegistry.cjs                 [2m 1.23 kB[22m [2m│ gzip: 0.52 kB[22m
[34m@n8n/composables:build: [0m[34mℹ[39m [33m[CJS][39m [2mdist/[22museThrottleWithReactiveDelay.cjs.map  [2m 0.88 kB[22m [2m│ gzip: 0.49 kB[22m
[34m@n8n/composables:build: [0m[34mℹ[39m [33m[CJS][39m [2mdist/[22museStyles.cjs.map                     [2m 0.81 kB[22m [2m│ gzip: 0.49 kB[22m
[34m@n8n/composables:build: [0m[34mℹ[39m [33m[CJS][39m [2mdist/[22museStorage.cjs.map                    [2m 0.60 kB[22m [2m│ gzip: 0.39 kB[22m
[34m@n8n/composables:build: [0m[34mℹ[39m [33m[CJS][39m [2mdist/[22minjectionKeys2.cjs.map                [2m 0.60 kB[22m [2m│ gzip: 0.37 kB[22m
[34m@n8n/composables:build: [0m[34mℹ[39m [33m[CJS][39m [2mdist/[22minjectionKeys2.cjs                    [2m 0.50 kB[22m [2m│ gzip: 0.33 kB[22m
[34m@n8n/composables:build: [0m[34mℹ[39m [33m[CJS][39m 33 files, total: 63.04 kB
[34m@n8n/composables:build: [0m[33m[EMPTY_IMPORT_META] Warning:[0m `import.meta` may not be a valid syntax with the `cjs` output format.
[34m@n8n/composables:build: [0m    [38;5;246m╭[0m[38;5;246m─[0m[38;5;246m[[0m src/useTelemetry.ts:58:6 [38;5;246m][0m
[34m@n8n/composables:build: [0m    [38;5;246m│[0m
[34m@n8n/composables:build: [0m [38;5;246m58 │[0m [38;5;249m [0m[38;5;249m [0m[38;5;249m [0m[38;5;249m [0m[38;5;249mi[0m[38;5;249mf[0m[38;5;249m [0m[38;5;249m([0mimport.meta[38;5;249m.[0m[38;5;249me[0m[38;5;249mn[0m[38;5;249mv[0m[38;5;249m.[0m[38;5;249mD[0m[38;5;249mE[0m[38;5;249mV[0m[38;5;249m [0m[38;5;249m&[0m[38;5;249m&[0m[38;5;249m [0m[38;5;249m![0m[38;5;249mw[0m[38;5;249ma[0m[38;5;249mr[0m[38;5;249mn[0m[38;5;249me[0m[38;5;249md[0m[38;5;249mA[0m[38;5;249mb[0m[38;5;249mo[0m[38;5;249mu[0m[38;5;249mt[0m[38;5;249mM[0m[38;5;249mi[0m[38;5;249ms[0m[38;5;249ms[0m[38;5;249mi[0m[38;5;249mn[0m[38;5;249mg[0m[38;5;249mT[0m[38;5;249me[0m[38;5;249ml[0m[38;5;249me[0m[38;5;249mm[0m[38;5;249me[0m[38;5;249mt[0m[38;5;249mr[0m[38;5;249my[0m[38;5;249m)[0m[38;5;249m [0m[38;5;249m{[0m
[34m@n8n/composables:build: [0m [38;5;240m   │[0m         ─────┬─────  
[34m@n8n/composables:build: [0m [38;5;240m   │[0m              ╰─────── This `import.meta` will be replaced with an empty object (`{}`) automatically. If this is desired, you can suppress this warning by adding `transform.define: { 'import.meta': {} }`. If `import.meta` needs to be kept as-is, you need to set the output format to `esm`.
[34m@n8n/composables:build: [0m[38;5;246m────╯[0m
[34m@n8n/composables:build: [0m
[34m@n8n/composables:build: [0m[33m[EMPTY_IMPORT_META] Warning:[0m `import.meta` may not be a valid syntax with the `cjs` output format.
[34m@n8n/composables:build: [0m    [38;5;246m╭[0m[38;5;246m─[0m[38;5;246m[[0m src/useToast.ts:64:6 [38;5;246m][0m
[34m@n8n/composables:build: [0m    [38;5;246m│[0m
[34m@n8n/composables:build: [0m [38;5;246m64 │[0m [38;5;249m [0m[38;5;249m [0m[38;5;249m [0m[38;5;249m [0m[38;5;249mi[0m[38;5;249mf[0m[38;5;249m [0m[38;5;249m([0mimport.meta[38;5;249m.[0m[38;5;249me[0m[38;5;249mn[0m[38;5;249mv[0m[38;5;249m.[0m[38;5;249mD[0m[38;5;249mE[0m[38;5;249mV[0m[38;5;249m [0m[38;5;249m&[0m[38;5;249m&[0m[38;5;249m [0m[38;5;249m![0m[38;5;249mw[0m[38;5;249ma[0m[38;5;249mr[0m[38;5;249mn[0m[38;5;249me[0m[38;5;249md[0m[38;5;249mA[0m[38;5;249mb[0m[38;5;249mo[0m[38;5;249mu[0m[38;5;249mt[0m[38;5;249mM[0m[38;5;249mi[0m[38;5;249ms[0m[38;5;249ms[0m[38;5;249mi[0m[38;5;249mn[0m[38;5;249mg[0m[38;5;249mN[0m[38;5;249mo[0m[38;5;249mt[0m[38;5;249mi[0m[38;5;249mf[0m[38;5;249my[0m[38;5;249m)[0m[38;5;249m [0m[38;5;249m{[0m
[34m@n8n/composables:build: [0m [38;5;240m   │[0m         ─────┬─────  
[34m@n8n/composables:build: [0m [38;5;240m   │[0m              ╰─────── This `import.meta` will be replaced with an empty object (`{}`) automatically. If this is desired, you can suppress this warning by adding `transform.define: { 'import.meta': {} }`. If `import.meta` needs to be kept as-is, you need to set the output format to `esm`.
[34m@n8n/composables:build: [0m[38;5;246m────╯[0m
[34m@n8n/composables:build: [0m
[34m@n8n/composables:build: [0m[34mℹ[39m [34m[ESM][39m [2mdist/[22m[1museToast.mjs[22m                          [2m 5.72 kB[22m [2m│ gzip: 2.04 kB[22m
[34m@n8n/composables:build: [0m[34mℹ[39m [34m[ESM][39m [2mdist/[22m[1museClipboard.mjs[22m                      [2m 1.96 kB[22m [2m│ gzip: 0.85 kB[22m
[34m@n8n/composables:build: [0m[34mℹ[39m [34m[ESM][39m [2mdist/[22m[1museDeviceSupport.mjs[22m                  [2m 1.68 kB[22m [2m│ gzip: 0.69 kB[22m
[34m@n8n/composables:build: [0m[34mℹ[39m [34m[ESM][39m [2mdist/[22m[1museDebounce.mjs[22m                       [2m 1.27 kB[22m [2m│ gzip: 0.60 kB[22m
[34m@n8n/composables:build: [0m[34mℹ[39m [34m[ESM][39m [2mdist/[22m[1mstructuralComputed.mjs[22m                [2m 1.20 kB[22m [2m│ gzip: 0.63 kB[22m
[34m@n8n/composables:build: [0m[34mℹ[39m [34m[ESM][39m [2mdist/[22m[1museDocumentTitle.mjs[22m                  [2m 1.19 kB[22m [2m│ gzip: 0.57 kB[22m
[34m@n8n/composables:build: [0m[34mℹ[39m [34m[ESM][39m [2mdist/[22m[1museShortKeyPress.mjs[22m                  [2m 0.57 kB[22m [2m│ gzip: 0.32 kB[22m
[34m@n8n/composables:build: [0m[34mℹ[39m [34m[ESM][39m [2mdist/[22m[1museThrottleWithReactiveDelay.mjs[22m      [2m 0.56 kB[22m [2m│ gzip: 0.31 kB[22m
[34m@n8n/composables:build: [0m[34mℹ[39m [34m[ESM][39m [2mdist/[22m[1museStyles.mjs[22m                         [2m 0.50 kB[22m [2m│ gzip: 0.33 kB[22m
[34m@n8n/composables:build: [0m[34mℹ[39m [34m[ESM][39m [2mdist/[22m[1museStorage.mjs[22m                        [2m 0.33 kB[22m [2m│ gzip: 0.23 kB[22m
[34m@n8n/composables:build: [0m[34mℹ[39m [34m[ESM][39m [2mdist/[22m[1museExternalHooks.mjs[22m                  [2m 0.18 kB[22m [2m│ gzip: 0.10 kB[22m
[34m@n8n/composables:build: [0m[34mℹ[39m [34m[ESM][39m [2mdist/[22m[1mregistries/telemetryRegistry.mjs[22m      [2m 0.17 kB[22m [2m│ gzip: 0.12 kB[22m
[34m@n8n/composables:build: [0m[34mℹ[39m [34m[ESM][39m [2mdist/[22m[1museTelemetry.mjs[22m                      [2m 0.12 kB[22m [2m│ gzip: 0.09 kB[22m
[34m@n8n/composables:build: [0m[34mℹ[39m [34m[ESM][39m [2mdist/[22m[1minjectionKeys.mjs[22m                     [2m 0.09 kB[22m [2m│ gzip: 0.09 kB[22m
[34m@n8n/composables:build: [0m[34mℹ[39m [34m[ESM][39m [2mdist/[22m[1mtypes/notification.mjs[22m                [2m 0.01 kB[22m [2m│ gzip: 0.03 kB[22m
[34m@n8n/composables:build: [0m[34mℹ[39m [34m[ESM][39m [2mdist/[22museToast.mjs.map                      [2m11.96 kB[22m [2m│ gzip: 4.16 kB[22m
[34m@n8n/composables:build: [0m[34mℹ[39m [34m[ESM][39m [2mdist/[22museClipboard.mjs.map                  [2m 3.83 kB[22m [2m│ gzip: 1.60 kB[22m
[34m@n8n/composables:build: [0m[34mℹ[39m [34m[ESM][39m [2mdist/[22mtelemetryRegistry.mjs.map             [2m 3.33 kB[22m [2m│ gzip: 1.29 kB[22m
[34m@n8n/composables:build: [0m[34mℹ[39m [34m[ESM][39m [2mdist/[22museDebounce.mjs.map                   [2m 3.20 kB[22m [2m│ gzip: 1.33 kB[22m
[34m@n8n/composables:build: [0m[34mℹ[39m [34m[ESM][39m [2mdist/[22museExternalHooks2.mjs.map             [2m 3.06 kB[22m [2m│ gzip: 1.33 kB[22m
[34m@n8n/composables:build: [0m[34mℹ[39m [34m[ESM][39m [2mdist/[22museTelemetry2.mjs.map                 [2m 3.03 kB[22m [2m│ gzip: 1.42 kB[22m
[34m@n8n/composables:build: [0m[34mℹ[39m [34m[ESM][39m [2mdist/[22museDeviceSupport.mjs.map              [2m 2.62 kB[22m [2m│ gzip: 1.07 kB[22m
[34m@n8n/composables:build: [0m[34mℹ[39m [34m[ESM][39m [2mdist/[22museDocumentTitle.mjs.map              [2m 2.59 kB[22m [2m│ gzip: 1.15 kB[22m
[34m@n8n/composables:build: [0m[34mℹ[39m [34m[ESM][39m [2mdist/[22museTelemetry2.mjs                     [2m 1.63 kB[22m [2m│ gzip: 0.80 kB[22m
[34m@n8n/composables:build: [0m[34mℹ[39m [34m[ESM][39m [2mdist/[22mstructuralComputed.mjs.map            [2m 1.57 kB[22m [2m│ gzip: 0.83 kB[22m
[34m@n8n/composables:build: [0m[34mℹ[39m [34m[ESM][39m [2mdist/[22museExternalHooks2.mjs                 [2m 1.52 kB[22m [2m│ gzip: 0.71 kB[22m
[34m@n8n/composables:build: [0m[34mℹ[39m [34m[ESM][39m [2mdist/[22museShortKeyPress.mjs.map              [2m 1.27 kB[22m [2m│ gzip: 0.64 kB[22m
[34m@n8n/composables:build: [0m[34mℹ[39m [34m[ESM][39m [2mdist/[22mtelemetryRegistry.mjs                 [2m 0.92 kB[22m [2m│ gzip: 0.46 kB[22m
[34m@n8n/composables:build: [0m[34mℹ[39m [34m[ESM][39m [2mdist/[22museThrottleWithReactiveDelay.mjs.map  [2m 0.89 kB[22m [2m│ gzip: 0.48 kB[22m
[34m@n8n/composables:build: [0m[34mℹ[39m [34m[ESM][39m [2mdist/[22museStyles.mjs.map                     [2m 0.79 kB[22m [2m│ gzip: 0.48 kB[22m
[34m@n8n/composables:build: [0m[34mℹ[39m [34m[ESM][39m [2mdist/[22museStorage.mjs.map                    [2m 0.63 kB[22m [2m│ gzip: 0.39 kB[22m
[34m@n8n/composables:build: [0m[34mℹ[39m [34m[ESM][39m [2mdist/[22minjectionKeys2.mjs.map                [2m 0.60 kB[22m [2m│ gzip: 0.37 kB[22m
[34m@n8n/composables:build: [0m[34mℹ[39m [34m[ESM][39m [2mdist/[22minjectionKeys2.mjs                    [2m 0.40 kB[22m [2m│ gzip: 0.28 kB[22m
[34m@n8n/composables:build: [0m[34mℹ[39m [34m[ESM][39m [2mdist/[22m[32m[1museToast.d.mts[22m[39m                        [2m 1.09 kB[22m [2m│ gzip: 0.49 kB[22m
[34m@n8n/composables:build: [0m[34mℹ[39m [34m[ESM][39m [2mdist/[22m[32m[1museStyles.d.mts[22m[39m                       [2m 1.05 kB[22m [2m│ gzip: 0.46 kB[22m
[34m@n8n/composables:build: [0m[34mℹ[39m [34m[ESM][39m [2mdist/[22m[32m[1museDebounce.d.mts[22m[39m                     [2m 0.71 kB[22m [2m│ gzip: 0.34 kB[22m
[34m@n8n/composables:build: [0m[34mℹ[39m [34m[ESM][39m [2mdist/[22m[32m[1museDocumentTitle.d.mts[22m[39m                [2m 0.67 kB[22m [2m│ gzip: 0.35 kB[22m
[34m@n8n/composables:build: [0m[34mℹ[39m [34m[ESM][39m [2mdist/[22m[32m[1museClipboard.d.mts[22m[39m                    [2m 0.58 kB[22m [2m│ gzip: 0.32 kB[22m
[34m@n8n/composables:build: [0m[34mℹ[39m [34m[ESM][39m [2mdist/[22m[32m[1museExternalHooks.d.mts[22m[39m                [2m 0.49 kB[22m [2m│ gzip: 0.26 kB[22m
[34m@n8n/composables:build: [0m[34mℹ[39m [34m[ESM][39m [2mdist/[22m[32m[1museDeviceSupport.d.mts[22m[39m                [2m 0.47 kB[22m [2m│ gzip: 0.29 kB[22m
[34m@n8n/composables:build: [0m[34mℹ[39m [34m[ESM][39m [2mdist/[22m[32m[1museShortKeyPress.d.mts[22m[39m                [2m 0.41 kB[22m [2m│ gzip: 0.25 kB[22m
[34m@n8n/composables:build: [0m[34mℹ[39m [34m[ESM][39m [2mdist/[22m[32m[1museTelemetry.d.mts[22m[39m                    [2m 0.36 kB[22m [2m│ gzip: 0.21 kB[22m
[34m@n8n/composables:build: [0m[34mℹ[39m [34m[ESM][39m [2mdist/[22m[32m[1mregistries/telemetryRegistry.d.mts[22m[39m    [2m 0.32 kB[22m [2m│ gzip: 0.16 kB[22m
[34m@n8n/composables:build: [0m[34mℹ[39m [34m[ESM][39m [2mdist/[22m[32m[1museThrottleWithReactiveDelay.d.mts[22m[39m    [2m 0.30 kB[22m [2m│ gzip: 0.19 kB[22m
[34m@n8n/composables:build: [0m[34mℹ[39m [34m[ESM][39m [2mdist/[22m[32m[1mstructuralComputed.d.mts[22m[39m              [2m 0.28 kB[22m [2m│ gzip: 0.19 kB[22m
[34m@n8n/composables:build: [0m[34mℹ[39m [34m[ESM][39m [2mdist/[22m[32m[1minjectionKeys.d.mts[22m[39m                   [2m 0.23 kB[22m [2m│ gzip: 0.17 kB[22m
[34m@n8n/composables:build: [0m[34mℹ[39m [34m[ESM][39m [2mdist/[22m[32m[1museStorage.d.mts[22m[39m                      [2m 0.20 kB[22m [2m│ gzip: 0.16 kB[22m
[34m@n8n/composables:build: [0m[34mℹ[39m [34m[ESM][39m [2mdist/[22m[32m[1mtypes/notification.d.mts[22m[39m              [2m 0.18 kB[22m [2m│ gzip: 0.11 kB[22m
[34m@n8n/composables:build: [0m[34mℹ[39m [34m[ESM][39m [2mdist/[22m[32mtelemetryRegistry.d.mts[39m               [2m 1.79 kB[22m [2m│ gzip: 0.65 kB[22m
[34m@n8n/composables:build: [0m[34mℹ[39m [34m[ESM][39m [2mdist/[22m[32mnotification.d.mts[39m                    [2m 0.78 kB[22m [2m│ gzip: 0.40 kB[22m
[34m@n8n/composables:build: [0m[34mℹ[39m [34m[ESM][39m 50 files, total: 69.33 kB
[34m@n8n/composables:build: [0m[34mℹ[39m [33m[CJS][39m [2mdist/[22m[32m[1museToast.d.cts[22m[39m                      [2m1.09 kB[22m [2m│ gzip: 0.49 kB[22m
[34m@n8n/composables:build: [0m[34mℹ[39m [33m[CJS][39m [2mdist/[22m[32m[1museStyles.d.cts[22m[39m                     [2m1.05 kB[22m [2m│ gzip: 0.46 kB[22m
[34m@n8n/composables:build: [0m[34mℹ[39m [33m[CJS][39m [2mdist/[22m[32m[1museDebounce.d.cts[22m[39m                   [2m0.71 kB[22m [2m│ gzip: 0.34 kB[22m
[34m@n8n/composables:build: [0m[34mℹ[39m [33m[CJS][39m [2mdist/[22m[32m[1museDocumentTitle.d.cts[22m[39m              [2m0.67 kB[22m [2m│ gzip: 0.35 kB[22m
[34m@n8n/composables:build: [0m[34mℹ[39m [33m[CJS][39m [2mdist/[22m[32m[1museClipboard.d.cts[22m[39m                  [2m0.58 kB[22m [2m│ gzip: 0.32 kB[22m
[34m@n8n/composables:build: [0m[34mℹ[39m [33m[CJS][39m [2mdist/[22m[32m[1museExternalHooks.d.cts[22m[39m              [2m0.49 kB[22m [2m│ gzip: 0.26 kB[22m
[34m@n8n/composables:build: [0m[34mℹ[39m [33m[CJS][39m [2mdist/[22m[32m[1museDeviceSupport.d.cts[22m[39m              [2m0.47 kB[22m [2m│ gzip: 0.29 kB[22m
[34m@n8n/composables:build: [0m[34mℹ[39m [33m[CJS][39m [2mdist/[22m[32m[1museShortKeyPress.d.cts[22m[39m              [2m0.41 kB[22m [2m│ gzip: 0.25 kB[22m
[34m@n8n/composables:build: [0m[34mℹ[39m [33m[CJS][39m [2mdist/[22m[32m[1museTelemetry.d.cts[22m[39m                  [2m0.36 kB[22m [2m│ gzip: 0.21 kB[22m
[34m@n8n/composables:build: [0m[34mℹ[39m [33m[CJS][39m [2mdist/[22m[32m[1mregistries/telemetryRegistry.d.cts[22m[39m  [2m0.32 kB[22m [2m│ gzip: 0.16 kB[22m
[34m@n8n/composables:build: [0m[34mℹ[39m [33m[CJS][39m [2mdist/[22m[32m[1museThrottleWithReactiveDelay.d.cts[22m[39m  [2m0.30 kB[22m [2m│ gzip: 0.19 kB[22m
[34m@n8n/composables:build: [0m[34mℹ[39m [33m[CJS][39m [2mdist/[22m[32m[1mstructuralComputed.d.cts[22m[39m            [2m0.28 kB[22m [2m│ gzip: 0.19 kB[22m
[34m@n8n/composables:build: [0m[34mℹ[39m [33m[CJS][39m [2mdist/[22m[32m[1minjectionKeys.d.cts[22m[39m                 [2m0.23 kB[22m [2m│ gzip: 0.17 kB[22m
[34m@n8n/composables:build: [0m[34mℹ[39m [33m[CJS][39m [2mdist/[22m[32m[1museStorage.d.cts[22m[39m                    [2m0.20 kB[22m [2m│ gzip: 0.16 kB[22m
[34m@n8n/composables:build: [0m[34mℹ[39m [33m[CJS][39m [2mdist/[22m[32m[1mtypes/notification.d.cts[22m[39m            [2m0.18 kB[22m [2m│ gzip: 0.11 kB[22m
[34m@n8n/composables:build: [0m[34mℹ[39m [33m[CJS][39m [2mdist/[22m[32mtelemetryRegistry.d.cts[39m             [2m1.79 kB[22m [2m│ gzip: 0.65 kB[22m
[34m@n8n/composables:build: [0m[34mℹ[39m [33m[CJS][39m [2mdist/[22m[32mnotification.d.cts[39m                  [2m0.78 kB[22m [2m│ gzip: 0.40 kB[22m
[34m@n8n/composables:build: [0m[34mℹ[39m [33m[CJS][39m 17 files, total: 9.92 kB
[34m@n8n/composables:build: [0m[32m✔[39m Build complete in [32m7450ms[39m
[36m@n8n/chat-hub:build: [0mcache hit, replaying logs [2m4415bbd631e48302[0m
[36m@n8n/chat-hub:build: [0m
[36m@n8n/chat-hub:build: [0m> @n8n/chat-hub@1.29.0 build /Users/romeobalta/work/n8n/worktrees/nudge-manual-builders-to-aia/packages/@n8n/chat-hub
[36m@n8n/chat-hub:build: [0m> tsc -p tsconfig.build.json
[36m@n8n/chat-hub:build: [0m
[35m@n8n/rest-api-client:typecheck: [0mcache miss, executing [2mf03d4f1347b27fb2[0m
[32m@n8n/eslint-plugin-community-nodes:typecheck: [0m
[32m@n8n/eslint-plugin-community-nodes:typecheck: [0m> @n8n/eslint-plugin-community-nodes@0.29.0 typecheck /Users/romeobalta/work/n8n/worktrees/nudge-manual-builders-to-aia/packages/@n8n/eslint-plugin-community-nodes
[32m@n8n/eslint-plugin-community-nodes:typecheck: [0m> tsc --noEmit
[32m@n8n/eslint-plugin-community-nodes:typecheck: [0m
[32m@n8n/decorators:build: [0mcache hit, replaying logs [2m7189109e6c8c1112[0m
[32m@n8n/decorators:build: [0m
[32m@n8n/decorators:build: [0m> @n8n/decorators@1.36.0 build /Users/romeobalta/work/n8n/worktrees/nudge-manual-builders-to-aia/packages/@n8n/decorators
[32m@n8n/decorators:build: [0m> tsc -p tsconfig.build.json
[32m@n8n/decorators:build: [0m
[33m@n8n/chat-hub:typecheck: [0mcache miss, executing [2m40f12a9318ad1f07[0m
[34m@n8n/decorators:typecheck: [0mcache miss, executing [2md58934c8a502c6ab[0m
[36m@n8n/composables:typecheck: [0mcache miss, executing [2m66a3f44b7a76d6a6[0m
[33m@n8n/api-types:typecheck: [0m
[33m@n8n/api-types:typecheck: [0m> @n8n/api-types@1.36.0 typecheck /Users/romeobalta/work/n8n/worktrees/nudge-manual-builders-to-aia/packages/@n8n/api-types
[33m@n8n/api-types:typecheck: [0m> tsc --noEmit
[33m@n8n/api-types:typecheck: [0m
[35m@n8n/rest-api-client:typecheck: [0m
[35m@n8n/rest-api-client:typecheck: [0m> @n8n/rest-api-client@2.36.0 typecheck /Users/romeobalta/work/n8n/worktrees/nudge-manual-builders-to-aia/packages/frontend/@n8n/rest-api-client
[35m@n8n/rest-api-client:typecheck: [0m> vue-tsc --noEmit
[35m@n8n/rest-api-client:typecheck: [0m
[33m@n8n/chat-hub:typecheck: [0m
[33m@n8n/chat-hub:typecheck: [0m> @n8n/chat-hub@1.29.0 typecheck /Users/romeobalta/work/n8n/worktrees/nudge-manual-builders-to-aia/packages/@n8n/chat-hub
[33m@n8n/chat-hub:typecheck: [0m> tsc --noEmit
[33m@n8n/chat-hub:typecheck: [0m
[34m@n8n/decorators:typecheck: [0m
[34m@n8n/decorators:typecheck: [0m> @n8n/decorators@1.36.0 typecheck /Users/romeobalta/work/n8n/worktrees/nudge-manual-builders-to-aia/packages/@n8n/decorators
[34m@n8n/decorators:typecheck: [0m> tsc --noEmit
[34m@n8n/decorators:typecheck: [0m
[35m@n8n/rest-api-client:build: [0mcache hit, replaying logs [2me8877e99823e05e6[0m
[35m@n8n/rest-api-client:build: [0m
[35m@n8n/rest-api-client:build: [0m> @n8n/rest-api-client@2.36.0 build /Users/romeobalta/work/n8n/worktrees/nudge-manual-builders-to-aia/packages/frontend/@n8n/rest-api-client
[35m@n8n/rest-api-client:build: [0m> tsdown
[35m@n8n/rest-api-client:build: [0m
[35m@n8n/rest-api-client:build: [0m[34mℹ[39m tsdown [2mv0.16.5[22m powered by rolldown [2mv1.0.0-beta.50[22m
[35m@n8n/rest-api-client:build: [0m[34mℹ[39m Using tsdown config: [4m/Users/romeobalta/work/n8n/worktrees/nudge-manual-builders-to-aia/packages/frontend/@n8n/rest-api-client/tsdown.config.ts[24m
[35m@n8n/rest-api-client:build: [0m[34mℹ[39m entry: [34msrc/index.ts, src/types.ts, src/utils.ts, src/api/ai-usage.ts, src/api/api-keys.ts, src/api/breaking-changes.ts, src/api/cloudPlans.ts, src/api/communityNodes.ts, src/api/consent.ts, src/api/credentialResolvers.ts, src/api/ctas.ts, src/api/dynamic-banners.ts, src/api/eventbus.ee.ts, src/api/events.ts, src/api/execution.ts, src/api/externalSecrets.ee.ts, src/api/index.ts, src/api/instance-registry.ts, src/api/instance-version-history.ts, src/api/ldap.ts, src/api/mfa.ts, src/api/module-settings.ts, src/api/nodeTypes.ts, src/api/npsSurvey.ts, src/api/orchestration.ts, src/api/provisioning.ts, src/api/roleMappingRule.ts, src/api/roles.ts, src/api/secretsProvider.ee.ts, src/api/security-settings.ts, src/api/settings.ts, src/api/sso.ts, src/api/tags.ts, src/api/templates.ts, src/api/third-party-licenses.ts, src/api/ui.ts, src/api/usage.ts, src/api/users.ts, src/api/versions.ts, src/api/webhooks.ts, src/api/workflowHistory.ts, src/api/workflows.ts[39m
[35m@n8n/rest-api-client:build: [0m[34mℹ[39m tsconfig: [34mtsconfig.json[39m
[35m@n8n/rest-api-client:build: [0m[34mℹ[39m Build start
[35m@n8n/rest-api-client:build: [0m[34mℹ[39m Cleaning 383 files
[35m@n8n/rest-api-client:build: [0m[34mℹ[39m [33m[CJS][39m [2mdist/[22m[1mindex.cjs[22m                         [2m13.85 kB[22m [2m│ gzip: 2.36 kB[22m
[35m@n8n/rest-api-client:build: [0m[34mℹ[39m [33m[CJS][39m [2mdist/[22m[1mapi/index.cjs[22m                     [2m13.22 kB[22m [2m│ gzip: 2.20 kB[22m
[35m@n8n/rest-api-client:build: [0m[34mℹ[39m [33m[CJS][39m [2mdist/[22m[1mapi/secretsProvider.ee.cjs[22m        [2m 1.68 kB[22m [2m│ gzip: 0.25 kB[22m
[35m@n8n/rest-api-client:build: [0m[34mℹ[39m [33m[CJS][39m [2mdist/[22m[1mapi/users.cjs[22m                     [2m 1.22 kB[22m [2m│ gzip: 0.32 kB[22m
[35m@n8n/rest-api-client:build: [0m[34mℹ[39m [33m[CJS][39m [2mdist/[22m[1mapi/externalSecrets.ee.cjs[22m        [2m 1.06 kB[22m [2m│ gzip: 0.23 kB[22m
[35m@n8n/rest-api-client:build: [0m[34mℹ[39m [33m[CJS][39m [2mdist/[22m[1mapi/breaking-changes.cjs[22m          [2m 1.04 kB[22m [2m│ gzip: 0.38 kB[22m
[35m@n8n/rest-api-client:build: [0m[34mℹ[39m [33m[CJS][39m [2mdist/[22m[1mapi/nodeTypes.cjs[22m                 [2m 1.01 kB[22m [2m│ gzip: 0.27 kB[22m
[35m@n8n/rest-api-client:build: [0m[34mℹ[39m [33m[CJS][39m [2mdist/[22m[1mapi/credentialResolvers.cjs[22m       [2m 0.73 kB[22m [2m│ gzip: 0.17 kB[22m
[35m@n8n/rest-api-client:build: [0m[34mℹ[39m [33m[CJS][39m [2mdist/[22m[1mutils.cjs[22m                         [2m 0.68 kB[22m [2m│ gzip: 0.24 kB[22m
[35m@n8n/rest-api-client:build: [0m[34mℹ[39m [33m[CJS][39m [2mdist/[22m[1mapi/sso.cjs[22m                       [2m 0.63 kB[22m [2m│ gzip: 0.19 kB[22m
[35m@n8n/rest-api-client:build: [0m[34mℹ[39m [33m[CJS][39m [2mdist/[22m[1mapi/templates.cjs[22m                 [2m 0.59 kB[22m [2m│ gzip: 0.20 kB[22m
[35m@n8n/rest-api-client:build: [0m[34mℹ[39m [33m[CJS][39m [2mdist/[22m[1mapi/eventbus.ee.cjs[22m               [2m 0.56 kB[22m [2m│ gzip: 0.19 kB[22m
[35m@n8n/rest-api-client:build: [0m[34mℹ[39m [33m[CJS][39m [2mdist/[22m[1mapi/cloudPlans.cjs[22m                [2m 0.54 kB[22m [2m│ gzip: 0.20 kB[22m
[35m@n8n/rest-api-client:build: [0m[34mℹ[39m [33m[CJS][39m [2mdist/[22m[1mapi/consent.cjs[22m                   [2m 0.52 kB[22m [2m│ gzip: 0.27 kB[22m
[35m@n8n/rest-api-client:build: [0m[34mℹ[39m [33m[CJS][39m [2mdist/[22m[1mapi/roles.cjs[22m                     [2m 0.50 kB[22m [2m│ gzip: 0.17 kB[22m
[35m@n8n/rest-api-client:build: [0m[34mℹ[39m [33m[CJS][39m [2mdist/[22m[1mapi/workflowHistory.cjs[22m           [2m 0.49 kB[22m [2m│ gzip: 0.17 kB[22m
[35m@n8n/rest-api-client:build: [0m[34mℹ[39m [33m[CJS][39m [2mdist/[22m[1mapi/roleMappingRule.cjs[22m           [2m 0.48 kB[22m [2m│ gzip: 0.15 kB[22m
[35m@n8n/rest-api-client:build: [0m[34mℹ[39m [33m[CJS][39m [2mdist/[22m[1mapi/communityNodes.cjs[22m            [2m 0.48 kB[22m [2m│ gzip: 0.17 kB[22m
[35m@n8n/rest-api-client:build: [0m[34mℹ[39m [33m[CJS][39m [2mdist/[22m[1mapi/api-keys.cjs[22m                  [2m 0.41 kB[22m [2m│ gzip: 0.15 kB[22m
[35m@n8n/rest-api-client:build: [0m[34mℹ[39m [33m[CJS][39m [2mdist/[22m[1mapi/usage.cjs[22m                     [2m 0.37 kB[22m [2m│ gzip: 0.17 kB[22m
[35m@n8n/rest-api-client:build: [0m[34mℹ[39m [33m[CJS][39m [2mdist/[22m[1mapi/ldap.cjs[22m                      [2m 0.36 kB[22m [2m│ gzip: 0.16 kB[22m
[35m@n8n/rest-api-client:build: [0m[34mℹ[39m [33m[CJS][39m [2mdist/[22m[1mapi/mfa.cjs[22m                       [2m 0.35 kB[22m [2m│ gzip: 0.17 kB[22m
[35m@n8n/rest-api-client:build: [0m[34mℹ[39m [33m[CJS][39m [2mdist/[22m[1mapi/dynamic-banners.cjs[22m           [2m 0.30 kB[22m [2m│ gzip: 0.20 kB[22m
[35m@n8n/rest-api-client:build: [0m[34mℹ[39m [33m[CJS][39m [2mdist/[22m[1mapi/security-settings.cjs[22m         [2m 0.26 kB[22m [2m│ gzip: 0.12 kB[22m
[35m@n8n/rest-api-client:build: [0m[34mℹ[39m [33m[CJS][39m [2mdist/[22m[1mapi/provisioning.cjs[22m              [2m 0.24 kB[22m [2m│ gzip: 0.12 kB[22m
[35m@n8n/rest-api-client:build: [0m[34mℹ[39m [33m[CJS][39m [2mdist/[22m[1mapi/versions.cjs[22m                  [2m 0.20 kB[22m [2m│ gzip: 0.12 kB[22m
[35m@n8n/rest-api-client:build: [0m[34mℹ[39m [33m[CJS][39m [2mdist/[22m[1mapi/instance-version-history.cjs[22m  [2m 0.20 kB[22m [2m│ gzip: 0.13 kB[22m
[35m@n8n/rest-api-client:build: [0m[34mℹ[39m [33m[CJS][39m [2mdist/[22m[1mapi/third-party-licenses.cjs[22m      [2m 0.19 kB[22m [2m│ gzip: 0.12 kB[22m
[35m@n8n/rest-api-client:build: [0m[34mℹ[39m [33m[CJS][39m [2mdist/[22m[1mapi/instance-registry.cjs[22m         [2m 0.16 kB[22m [2m│ gzip: 0.12 kB[22m
[35m@n8n/rest-api-client:build: [0m[34mℹ[39m [33m[CJS][39m [2mdist/[22m[1mapi/module-settings.cjs[22m           [2m 0.16 kB[22m [2m│ gzip: 0.11 kB[22m
[35m@n8n/rest-api-client:build: [0m[34mℹ[39m [33m[CJS][39m [2mdist/[22m[1mapi/orchestration.cjs[22m             [2m 0.16 kB[22m [2m│ gzip: 0.11 kB[22m
[35m@n8n/rest-api-client:build: [0m[34mℹ[39m [33m[CJS][39m [2mdist/[22m[1mapi/npsSurvey.cjs[22m                 [2m 0.15 kB[22m [2m│ gzip: 0.10 kB[22m
[35m@n8n/rest-api-client:build: [0m[34mℹ[39m [33m[CJS][39m [2mdist/[22m[1mapi/ai-usage.cjs[22m                  [2m 0.15 kB[22m [2m│ gzip: 0.11 kB[22m
[35m@n8n/rest-api-client:build: [0m[34mℹ[39m [33m[CJS][39m [2mdist/[22m[1mapi/ui.cjs[22m                        [2m 0.14 kB[22m [2m│ gzip: 0.11 kB[22m
[35m@n8n/rest-api-client:build: [0m[34mℹ[39m [33m[CJS][39m [2mdist/[22m[1mapi/ctas.cjs[22m                      [2m 0.14 kB[22m [2m│ gzip: 0.10 kB[22m
[35m@n8n/rest-api-client:build: [0m[34mℹ[39m [33m[CJS][39m [2mdist/[22m[1mapi/events.cjs[22m                    [2m 0.13 kB[22m [2m│ gzip: 0.10 kB[22m
[35m@n8n/rest-api-client:build: [0m[34mℹ[39m [33m[CJS][39m [2mdist/[22m[1mapi/settings.cjs[22m                  [2m 0.13 kB[22m [2m│ gzip: 0.09 kB[22m
[35m@n8n/rest-api-client:build: [0m[34mℹ[39m [33m[CJS][39m [2mdist/[22m[1mapi/webhooks.cjs[22m                  [2m 0.13 kB[22m [2m│ gzip: 0.10 kB[22m
[35m@n8n/rest-api-client:build: [0m[34mℹ[39m [33m[CJS][39m [2mdist/[22m[1mapi/execution.cjs[22m                 [2m 0.00 kB[22m [2m│ gzip: 0.02 kB[22m
[35m@n8n/rest-api-client:build: [0m[34mℹ[39m [33m[CJS][39m [2mdist/[22m[1mapi/tags.cjs[22m                      [2m 0.00 kB[22m [2m│ gzip: 0.02 kB[22m
[35m@n8n/rest-api-client:build: [0m[34mℹ[39m [33m[CJS][39m [2mdist/[22m[1mapi/workflows.cjs[22m                 [2m 0.00 kB[22m [2m│ gzip: 0.02 kB[22m
[35m@n8n/rest-api-client:build: [0m[34mℹ[39m [33m[CJS][39m [2mdist/[22m[1mtypes.cjs[22m                         [2m 0.00 kB[22m [2m│ gzip: 0.02 kB[22m
[35m@n8n/rest-api-client:build: [0m[34mℹ[39m [33m[CJS][39m [2mdist/[22mutils2.cjs.map                    [2m14.23 kB[22m [2m│ gzip: 4.64 kB[22m
[35m@n8n/rest-api-client:build: [0m[34mℹ[39m [33m[CJS][39m [2mdist/[22mutils2.cjs                        [2m 9.24 kB[22m [2m│ gzip: 2.94 kB[22m
[35m@n8n/rest-api-client:build: [0m[34mℹ[39m [33m[CJS][39m [2mdist/[22musers.cjs.map                     [2m 8.57 kB[22m [2m│ gzip: 1.83 kB[22m
[35m@n8n/rest-api-client:build: [0m[34mℹ[39m [33m[CJS][39m [2mdist/[22mtemplates.cjs.map                 [2m 7.49 kB[22m [2m│ gzip: 2.01 kB[22m
[35m@n8n/rest-api-client:build: [0m[34mℹ[39m [33m[CJS][39m [2mdist/[22msecretsProvider.ee.cjs.map        [2m 6.54 kB[22m [2m│ gzip: 1.07 kB[22m
[35m@n8n/rest-api-client:build: [0m[34mℹ[39m [33m[CJS][39m [2mdist/[22mnodeTypes.cjs.map                 [2m 5.75 kB[22m [2m│ gzip: 1.64 kB[22m
[35m@n8n/rest-api-client:build: [0m[34mℹ[39m [33m[CJS][39m [2mdist/[22msecretsProvider.ee.cjs            [2m 5.63 kB[22m [2m│ gzip: 0.64 kB[22m
[35m@n8n/rest-api-client:build: [0m[34mℹ[39m [33m[CJS][39m [2mdist/[22musers.cjs                         [2m 5.38 kB[22m [2m│ gzip: 0.82 kB[22m
[35m@n8n/rest-api-client:build: [0m[34mℹ[39m [33m[CJS][39m [2mdist/[22mnodeTypes.cjs                     [2m 4.77 kB[22m [2m│ gzip: 1.08 kB[22m
[35m@n8n/rest-api-client:build: [0m[34mℹ[39m [33m[CJS][39m [2mdist/[22mcloudPlans.cjs.map                [2m 4.36 kB[22m [2m│ gzip: 1.55 kB[22m
[35m@n8n/rest-api-client:build: [0m[34mℹ[39m [33m[CJS][39m [2mdist/[22mexternalSecrets.ee.cjs.map        [2m 4.23 kB[22m [2m│ gzip: 1.02 kB[22m
[35m@n8n/rest-api-client:build: [0m[34mℹ[39m [33m[CJS][39m [2mdist/[22mexternalSecrets.ee.cjs            [2m 3.84 kB[22m [2m│ gzip: 0.66 kB[22m
[35m@n8n/rest-api-client:build: [0m[34mℹ[39m [33m[CJS][39m [2mdist/[22mworkflowHistory.cjs.map           [2m 3.80 kB[22m [2m│ gzip: 1.05 kB[22m
[35m@n8n/rest-api-client:build: [0m[34mℹ[39m [33m[CJS][39m [2mdist/[22msso.cjs.map                       [2m 3.77 kB[22m [2m│ gzip: 1.01 kB[22m
[35m@n8n/rest-api-client:build: [0m[34mℹ[39m [33m[CJS][39m [2mdist/[22mroleMappingRule.cjs.map           [2m 3.54 kB[22m [2m│ gzip: 1.17 kB[22m
[35m@n8n/rest-api-client:build: [0m[34mℹ[39m [33m[CJS][39m [2mdist/[22msso.cjs                           [2m 3.04 kB[22m [2m│ gzip: 0.53 kB[22m
[35m@n8n/rest-api-client:build: [0m[34mℹ[39m [33m[CJS][39m [2mdist/[22mroles.cjs.map                     [2m 2.99 kB[22m [2m│ gzip: 0.87 kB[22m
[35m@n8n/rest-api-client:build: [0m[34mℹ[39m [33m[CJS][39m [2mdist/[22mcredentialResolvers.cjs.map       [2m 2.88 kB[22m [2m│ gzip: 0.79 kB[22m
[35m@n8n/rest-api-client:build: [0m[34mℹ[39m [33m[CJS][39m [2mdist/[22mtemplates.cjs                     [2m 2.79 kB[22m [2m│ gzip: 0.66 kB[22m
[35m@n8n/rest-api-client:build: [0m[34mℹ[39m [33m[CJS][39m [2mdist/[22mldap.cjs.map                      [2m 2.63 kB[22m [2m│ gzip: 0.90 kB[22m
[35m@n8n/rest-api-client:build: [0m[34mℹ[39m [33m[CJS][39m [2mdist/[22mapi-keys.cjs.map                  [2m 2.61 kB[22m [2m│ gzip: 0.88 kB[22m
[35m@n8n/rest-api-client:build: [0m[34mℹ[39m [33m[CJS][39m [2mdist/[22mcredentialResolvers.cjs           [2m 2.42 kB[22m [2m│ gzip: 0.49 kB[22m
[35m@n8n/rest-api-client:build: [0m[34mℹ[39m [33m[CJS][39m [2mdist/[22mroles.cjs                         [2m 2.41 kB[22m [2m│ gzip: 0.54 kB[22m
[35m@n8n/rest-api-client:build: [0m[34mℹ[39m [33m[CJS][39m [2mdist/[22meventbus.ee.cjs.map               [2m 2.33 kB[22m [2m│ gzip: 0.79 kB[22m
[35m@n8n/rest-api-client:build: [0m[34mℹ[39m [33m[CJS][39m [2mdist/[22mcommunityNodes.cjs.map            [2m 2.11 kB[22m [2m│ gzip: 0.82 kB[22m
[35m@n8n/rest-api-client:build: [0m[34mℹ[39m [33m[CJS][39m [2mdist/[22mversions.cjs.map                  [2m 2.05 kB[22m [2m│ gzip: 0.78 kB[22m
[35m@n8n/rest-api-client:build: [0m[34mℹ[39m [33m[CJS][39m [2mdist/[22mapi/breaking-changes.cjs.map      [2m 1.99 kB[22m [2m│ gzip: 0.71 kB[22m
[35m@n8n/rest-api-client:build: [0m[34mℹ[39m [33m[CJS][39m [2mdist/[22mcloudPlans.cjs                    [2m 1.95 kB[22m [2m│ gzip: 0.47 kB[22m
[35m@n8n/rest-api-client:build: [0m[34mℹ[39m [33m[CJS][39m [2mdist/[22meventbus.ee.cjs                   [2m 1.94 kB[22m [2m│ gzip: 0.50 kB[22m
[35m@n8n/rest-api-client:build: [0m[34mℹ[39m [33m[CJS][39m [2mdist/[22mroleMappingRule.cjs               [2m 1.94 kB[22m [2m│ gzip: 0.58 kB[22m
[35m@n8n/rest-api-client:build: [0m[34mℹ[39m [33m[CJS][39m [2mdist/[22mworkflowHistory.cjs               [2m 1.90 kB[22m [2m│ gzip: 0.46 kB[22m
[35m@n8n/rest-api-client:build: [0m[34mℹ[39m [33m[CJS][39m [2mdist/[22mmfa.cjs.map                       [2m 1.88 kB[22m [2m│ gzip: 0.61 kB[22m
[35m@n8n/rest-api-client:build: [0m[34mℹ[39m [33m[CJS][39m [2mdist/[22mapi-keys.cjs                      [2m 1.80 kB[22m [2m│ gzip: 0.48 kB[22m
[35m@n8n/rest-api-client:build: [0m[34mℹ[39m [33m[CJS][39m [2mdist/[22musage.cjs.map                     [2m 1.80 kB[22m [2m│ gzip: 0.64 kB[22m
[35m@n8n/rest-api-client:build: [0m[34mℹ[39m [33m[CJS][39m [2mdist/[22mapi/consent.cjs.map               [2m 1.76 kB[22m [2m│ gzip: 0.80 kB[22m
[35m@n8n/rest-api-client:build: [0m[34mℹ[39m [33m[CJS][39m [2mdist/[22mcommunityNodes.cjs                [2m 1.76 kB[22m [2m│ gzip: 0.57 kB[22m
[35m@n8n/rest-api-client:build: [0m[34mℹ[39m [33m[CJS][39m [2mdist/[22mmfa.cjs                           [2m 1.63 kB[22m [2m│ gzip: 0.41 kB[22m
[35m@n8n/rest-api-client:build: [0m[34mℹ[39m [33m[CJS][39m [2mdist/[22musage.cjs                         [2m 1.52 kB[22m [2m│ gzip: 0.42 kB[22m
[35m@n8n/rest-api-client:build: [0m[34mℹ[39m [33m[CJS][39m [2mdist/[22mldap.cjs                          [2m 1.47 kB[22m [2m│ gzip: 0.40 kB[22m
[35m@n8n/rest-api-client:build: [0m[34mℹ[39m [33m[CJS][39m [2mdist/[22mprovisioning.cjs.map              [2m 1.43 kB[22m [2m│ gzip: 0.63 kB[22m
[35m@n8n/rest-api-client:build: [0m[34mℹ[39m [33m[CJS][39m [2mdist/[22mapi/dynamic-banners.cjs.map       [2m 0.93 kB[22m [2m│ gzip: 0.51 kB[22m
[35m@n8n/rest-api-client:build: [0m[34mℹ[39m [33m[CJS][39m [2mdist/[22msecurity-settings.cjs.map         [2m 0.90 kB[22m [2m│ gzip: 0.40 kB[22m
[35m@n8n/rest-api-client:build: [0m[34mℹ[39m [33m[CJS][39m [2mdist/[22mversions.cjs                      [2m 0.88 kB[22m [2m│ gzip: 0.37 kB[22m
[35m@n8n/rest-api-client:build: [0m[34mℹ[39m [33m[CJS][39m [2mdist/[22mprovisioning.cjs                  [2m 0.73 kB[22m [2m│ gzip: 0.32 kB[22m
[35m@n8n/rest-api-client:build: [0m[34mℹ[39m [33m[CJS][39m [2mdist/[22mwebhooks.cjs.map                  [2m 0.73 kB[22m [2m│ gzip: 0.42 kB[22m
[35m@n8n/rest-api-client:build: [0m[34mℹ[39m [33m[CJS][39m [2mdist/[22msecurity-settings.cjs             [2m 0.71 kB[22m [2m│ gzip: 0.31 kB[22m
[35m@n8n/rest-api-client:build: [0m[34mℹ[39m [33m[CJS][39m [2mdist/[22mui.cjs.map                        [2m 0.66 kB[22m [2m│ gzip: 0.40 kB[22m
[35m@n8n/rest-api-client:build: [0m[34mℹ[39m [33m[CJS][39m [2mdist/[22minstance-version-history.cjs.map  [2m 0.64 kB[22m [2m│ gzip: 0.40 kB[22m
[35m@n8n/rest-api-client:build: [0m[34mℹ[39m [33m[CJS][39m [2mdist/[22mai-usage.cjs.map                  [2m 0.60 kB[22m [2m│ gzip: 0.35 kB[22m
[35m@n8n/rest-api-client:build: [0m[34mℹ[39m [33m[CJS][39m [2mdist/[22minstance-registry.cjs.map         [2m 0.57 kB[22m [2m│ gzip: 0.33 kB[22m
[35m@n8n/rest-api-client:build: [0m[34mℹ[39m [33m[CJS][39m [2mdist/[22mmodule-settings.cjs.map           [2m 0.56 kB[22m [2m│ gzip: 0.32 kB[22m
[35m@n8n/rest-api-client:build: [0m[34mℹ[39m [33m[CJS][39m [2mdist/[22morchestration.cjs.map             [2m 0.56 kB[22m [2m│ gzip: 0.35 kB[22m
[35m@n8n/rest-api-client:build: [0m[34mℹ[39m [33m[CJS][39m [2mdist/[22mthird-party-licenses.cjs.map      [2m 0.55 kB[22m [2m│ gzip: 0.35 kB[22m
[35m@n8n/rest-api-client:build: [0m[34mℹ[39m [33m[CJS][39m [2mdist/[22mnpsSurvey.cjs.map                 [2m 0.55 kB[22m [2m│ gzip: 0.33 kB[22m
[35m@n8n/rest-api-client:build: [0m[34mℹ[39m [33m[CJS][39m [2mdist/[22msettings.cjs.map                  [2m 0.52 kB[22m [2m│ gzip: 0.31 kB[22m
[35m@n8n/rest-api-client:build: [0m[34mℹ[39m [33m[CJS][39m [2mdist/[22minstance-version-history.cjs      [2m 0.49 kB[22m [2m│ gzip: 0.30 kB[22m
[35m@n8n/rest-api-client:build: [0m[34mℹ[39m [33m[CJS][39m [2mdist/[22mthird-party-licenses.cjs          [2m 0.47 kB[22m [2m│ gzip: 0.29 kB[22m
[35m@n8n/rest-api-client:build: [0m[34mℹ[39m [33m[CJS][39m [2mdist/[22morchestration.cjs                 [2m 0.47 kB[22m [2m│ gzip: 0.30 kB[22m
[35m@n8n/rest-api-client:build: [0m[34mℹ[39m [33m[CJS][39m [2mdist/[22mevents.cjs.map                    [2m 0.46 kB[22m [2m│ gzip: 0.30 kB[22m
[35m@n8n/rest-api-client:build: [0m[34mℹ[39m [33m[CJS][39m [2mdist/[22mctas.cjs.map                      [2m 0.45 kB[22m [2m│ gzip: 0.31 kB[22m
[35m@n8n/rest-api-client:build: [0m[34mℹ[39m [33m[CJS][39m [2mdist/[22mui.cjs                            [2m 0.44 kB[22m [2m│ gzip: 0.29 kB[22m
[35m@n8n/rest-api-client:build: [0m[34mℹ[39m [33m[CJS][39m [2mdist/[22mnpsSurvey.cjs                     [2m 0.42 kB[22m [2m│ gzip: 0.28 kB[22m
[35m@n8n/rest-api-client:build: [0m[34mℹ[39m [33m[CJS][39m [2mdist/[22mai-usage.cjs                      [2m 0.42 kB[22m [2m│ gzip: 0.28 kB[22m
[35m@n8n/rest-api-client:build: [0m[34mℹ[39m [33m[CJS][39m [2mdist/[22minstance-registry.cjs             [2m 0.41 kB[22m [2m│ gzip: 0.27 kB[22m
[35m@n8n/rest-api-client:build: [0m[34mℹ[39m [33m[CJS][39m [2mdist/[22mmodule-settings.cjs               [2m 0.41 kB[22m [2m│ gzip: 0.27 kB[22m
[35m@n8n/rest-api-client:build: [0m[34mℹ[39m [33m[CJS][39m [2mdist/[22mwebhooks.cjs                      [2m 0.39 kB[22m [2m│ gzip: 0.27 kB[22m
[35m@n8n/rest-api-client:build: [0m[34mℹ[39m [33m[CJS][39m [2mdist/[22mevents.cjs                        [2m 0.39 kB[22m [2m│ gzip: 0.27 kB[22m
[35m@n8n/rest-api-client:build: [0m[34mℹ[39m [33m[CJS][39m [2mdist/[22mctas.cjs                          [2m 0.38 kB[22m [2m│ gzip: 0.26 kB[22m
[35m@n8n/rest-api-client:build: [0m[34mℹ[39m [33m[CJS][39m [2mdist/[22msettings.cjs                      [2m 0.37 kB[22m [2m│ gzip: 0.26 kB[22m
[35m@n8n/rest-api-client:build: [0m[34mℹ[39m [33m[CJS][39m [2mdist/[22mapi.cjs                           [2m 0.00 kB[22m [2m│ gzip: 0.02 kB[22m
[35m@n8n/rest-api-client:build: [0m[34mℹ[39m [33m[CJS][39m 112 files, total: 203.82 kB
[35m@n8n/rest-api-client:build: [0m[33m[EMPTY_IMPORT_META] Warning:[0m `import.meta` may not be a valid syntax with the `cjs` output format.
[35m@n8n/rest-api-client:build: [0m     [38;5;246m╭[0m[38;5;246m─[0m[38;5;246m[[0m src/utils.ts:119:3 [38;5;246m][0m
[35m@n8n/rest-api-client:build: [0m     [38;5;246m│[0m
[35m@n8n/rest-api-client:build: [0m [38;5;246m119 │[0m [38;5;249m [0m[38;5;249m [0m[38;5;249m [0m[38;5;249m [0m[38;5;249m [0m[38;5;249m [0m[38;5;249m [0mimport.meta[38;5;249m.[0m[38;5;249me[0m[38;5;249mn[0m[38;5;249mv[0m[38;5;249m.[0m[38;5;249mN[0m[38;5;249mO[0m[38;5;249mD[0m[38;5;249mE[0m[38;5;249m_[0m[38;5;249mE[0m[38;5;249mN[0m[38;5;249mV[0m[38;5;249m [0m[38;5;249m![0m[38;5;249m=[0m[38;5;249m=[0m[38;5;249m [0m[38;5;249m'[0m[38;5;249mp[0m[38;5;249mr[0m[38;5;249mo[0m[38;5;249md[0m[38;5;249mu[0m[38;5;249mc[0m[38;5;249mt[0m[38;5;249mi[0m[38;5;249mo[0m[38;5;249mn[0m[38;5;249m'[0m[38;5;249m [0m[38;5;249m&[0m[38;5;249m&[0m
[35m@n8n/rest-api-client:build: [0m [38;5;240m    │[0m        ─────┬─────  
[35m@n8n/rest-api-client:build: [0m [38;5;240m    │[0m             ╰─────── This `import.meta` will be replaced with an empty object (`{}`) automatically. If this is desired, you can suppress this warning by adding `transform.define: { 'import.meta': {} }`. If `import.meta` needs to be kept as-is, you need to set the output format to `esm`.
[35m@n8n/rest-api-client:build: [0m[38;5;246m─────╯[0m
[35m@n8n/rest-api-client:build: [0m
[35m@n8n/rest-api-client:build: [0m[34mℹ[39m [34m[ESM][39m [2mdist/[22m[1mindex.mjs[22m                           [2m 9.24 kB[22m [2m│ gzip: 2.25 kB[22m
[35m@n8n/rest-api-client:build: [0m[34mℹ[39m [34m[ESM][39m [2mdist/[22m[1mapi/index.mjs[22m                       [2m 8.85 kB[22m [2m│ gzip: 2.09 kB[22m
[35m@n8n/rest-api-client:build: [0m[34mℹ[39m [34m[ESM][39m [2mdist/[22m[1mapi/secretsProvider.ee.mjs[22m          [2m 1.20 kB[22m [2m│ gzip: 0.26 kB[22m
[35m@n8n/rest-api-client:build: [0m[34mℹ[39m [34m[ESM][39m [2mdist/[22m[1mapi/breaking-changes.mjs[22m            [2m 0.91 kB[22m [2m│ gzip: 0.36 kB[22m
[35m@n8n/rest-api-client:build: [0m[34mℹ[39m [34m[ESM][39m [2mdist/[22m[1mapi/users.mjs[22m                       [2m 0.87 kB[22m [2m│ gzip: 0.33 kB[22m
[35m@n8n/rest-api-client:build: [0m[34mℹ[39m [34m[ESM][39m [2mdist/[22m[1mapi/nodeTypes.mjs[22m                   [2m 0.73 kB[22m [2m│ gzip: 0.27 kB[22m
[35m@n8n/rest-api-client:build: [0m[34mℹ[39m [34m[ESM][39m [2mdist/[22m[1mapi/externalSecrets.ee.mjs[22m          [2m 0.70 kB[22m [2m│ gzip: 0.23 kB[22m
[35m@n8n/rest-api-client:build: [0m[34mℹ[39m [34m[ESM][39m [2mdist/[22m[1mapi/credentialResolvers.mjs[22m         [2m 0.48 kB[22m [2m│ gzip: 0.17 kB[22m
[35m@n8n/rest-api-client:build: [0m[34mℹ[39m [34m[ESM][39m [2mdist/[22m[1mutils.mjs[22m                           [2m 0.46 kB[22m [2m│ gzip: 0.25 kB[22m
[35m@n8n/rest-api-client:build: [0m[34mℹ[39m [34m[ESM][39m [2mdist/[22m[1mapi/consent.mjs[22m                     [2m 0.46 kB[22m [2m│ gzip: 0.26 kB[22m
[35m@n8n/rest-api-client:build: [0m[34mℹ[39m [34m[ESM][39m [2mdist/[22m[1mapi/sso.mjs[22m                         [2m 0.45 kB[22m [2m│ gzip: 0.20 kB[22m
[35m@n8n/rest-api-client:build: [0m[34mℹ[39m [34m[ESM][39m [2mdist/[22m[1mapi/templates.mjs[22m                   [2m 0.40 kB[22m [2m│ gzip: 0.20 kB[22m
[35m@n8n/rest-api-client:build: [0m[34mℹ[39m [34m[ESM][39m [2mdist/[22m[1mapi/eventbus.ee.mjs[22m                 [2m 0.40 kB[22m [2m│ gzip: 0.19 kB[22m
[35m@n8n/rest-api-client:build: [0m[34mℹ[39m [34m[ESM][39m [2mdist/[22m[1mapi/cloudPlans.mjs[22m                  [2m 0.37 kB[22m [2m│ gzip: 0.20 kB[22m
[35m@n8n/rest-api-client:build: [0m[34mℹ[39m [34m[ESM][39m [2mdist/[22m[1mapi/roles.mjs[22m                       [2m 0.35 kB[22m [2m│ gzip: 0.18 kB[22m
[35m@n8n/rest-api-client:build: [0m[34mℹ[39m [34m[ESM][39m [2mdist/[22m[1mapi/workflowHistory.mjs[22m             [2m 0.33 kB[22m [2m│ gzip: 0.16 kB[22m
[35m@n8n/rest-api-client:build: [0m[34mℹ[39m [34m[ESM][39m [2mdist/[22m[1mapi/communityNodes.mjs[22m              [2m 0.33 kB[22m [2m│ gzip: 0.17 kB[22m
[35m@n8n/rest-api-client:build: [0m[34mℹ[39m [34m[ESM][39m [2mdist/[22m[1mapi/roleMappingRule.mjs[22m             [2m 0.33 kB[22m [2m│ gzip: 0.15 kB[22m
[35m@n8n/rest-api-client:build: [0m[34mℹ[39m [34m[ESM][39m [2mdist/[22m[1mapi/usage.mjs[22m                       [2m 0.28 kB[22m [2m│ gzip: 0.16 kB[22m
[35m@n8n/rest-api-client:build: [0m[34mℹ[39m [34m[ESM][39m [2mdist/[22m[1mapi/ldap.mjs[22m                        [2m 0.27 kB[22m [2m│ gzip: 0.16 kB[22m
[35m@n8n/rest-api-client:build: [0m[34mℹ[39m [34m[ESM][39m [2mdist/[22m[1mapi/api-keys.mjs[22m                    [2m 0.27 kB[22m [2m│ gzip: 0.15 kB[22m
[35m@n8n/rest-api-client:build: [0m[34mℹ[39m [34m[ESM][39m [2mdist/[22m[1mapi/dynamic-banners.mjs[22m             [2m 0.27 kB[22m [2m│ gzip: 0.19 kB[22m
[35m@n8n/rest-api-client:build: [0m[34mℹ[39m [34m[ESM][39m [2mdist/[22m[1mapi/mfa.mjs[22m                         [2m 0.25 kB[22m [2m│ gzip: 0.16 kB[22m
[35m@n8n/rest-api-client:build: [0m[34mℹ[39m [34m[ESM][39m [2mdist/[22m[1mapi/security-settings.mjs[22m           [2m 0.18 kB[22m [2m│ gzip: 0.12 kB[22m
[35m@n8n/rest-api-client:build: [0m[34mℹ[39m [34m[ESM][39m [2mdist/[22m[1mapi/provisioning.mjs[22m                [2m 0.18 kB[22m [2m│ gzip: 0.11 kB[22m
[35m@n8n/rest-api-client:build: [0m[34mℹ[39m [34m[ESM][39m [2mdist/[22m[1mapi/versions.mjs[22m                    [2m 0.15 kB[22m [2m│ gzip: 0.12 kB[22m
[35m@n8n/rest-api-client:build: [0m[34mℹ[39m [34m[ESM][39m [2mdist/[22m[1mapi/instance-version-history.mjs[22m    [2m 0.13 kB[22m [2m│ gzip: 0.12 kB[22m
[35m@n8n/rest-api-client:build: [0m[34mℹ[39m [34m[ESM][39m [2mdist/[22m[1mapi/third-party-licenses.mjs[22m        [2m 0.13 kB[22m [2m│ gzip: 0.10 kB[22m
[35m@n8n/rest-api-client:build: [0m[34mℹ[39m [34m[ESM][39m [2mdist/[22m[1mapi/orchestration.mjs[22m               [2m 0.12 kB[22m [2m│ gzip: 0.10 kB[22m
[35m@n8n/rest-api-client:build: [0m[34mℹ[39m [34m[ESM][39m [2mdist/[22m[1mapi/ai-usage.mjs[22m                    [2m 0.12 kB[22m [2m│ gzip: 0.10 kB[22m
[35m@n8n/rest-api-client:build: [0m[34mℹ[39m [34m[ESM][39m [2mdist/[22m[1mapi/ui.mjs[22m                          [2m 0.12 kB[22m [2m│ gzip: 0.10 kB[22m
[35m@n8n/rest-api-client:build: [0m[34mℹ[39m [34m[ESM][39m [2mdist/[22m[1mapi/module-settings.mjs[22m             [2m 0.12 kB[22m [2m│ gzip: 0.10 kB[22m
[35m@n8n/rest-api-client:build: [0m[34mℹ[39m [34m[ESM][39m [2mdist/[22m[1mapi/npsSurvey.mjs[22m                   [2m 0.12 kB[22m [2m│ gzip: 0.10 kB[22m
[35m@n8n/rest-api-client:build: [0m[34mℹ[39m [34m[ESM][39m [2mdist/[22m[1mapi/instance-registry.mjs[22m           [2m 0.12 kB[22m [2m│ gzip: 0.10 kB[22m
[35m@n8n/rest-api-client:build: [0m[34mℹ[39m [34m[ESM][39m [2mdist/[22m[1mapi/ctas.mjs[22m                        [2m 0.11 kB[22m [2m│ gzip: 0.10 kB[22m
[35m@n8n/rest-api-client:build: [0m[34mℹ[39m [34m[ESM][39m [2mdist/[22m[1mapi/events.mjs[22m                      [2m 0.10 kB[22m [2m│ gzip: 0.09 kB[22m
[35m@n8n/rest-api-client:build: [0m[34mℹ[39m [34m[ESM][39m [2mdist/[22m[1mapi/settings.mjs[22m                    [2m 0.10 kB[22m [2m│ gzip: 0.09 kB[22m
[35m@n8n/rest-api-client:build: [0m[34mℹ[39m [34m[ESM][39m [2mdist/[22m[1mapi/webhooks.mjs[22m                    [2m 0.10 kB[22m [2m│ gzip: 0.09 kB[22m
[35m@n8n/rest-api-client:build: [0m[34mℹ[39m [34m[ESM][39m [2mdist/[22m[1mapi/execution.mjs[22m                   [2m 0.01 kB[22m [2m│ gzip: 0.03 kB[22m
[35m@n8n/rest-api-client:build: [0m[34mℹ[39m [34m[ESM][39m [2mdist/[22m[1mapi/tags.mjs[22m                        [2m 0.01 kB[22m [2m│ gzip: 0.03 kB[22m
[35m@n8n/rest-api-client:build: [0m[34mℹ[39m [34m[ESM][39m [2mdist/[22m[1mapi/workflows.mjs[22m                   [2m 0.01 kB[22m [2m│ gzip: 0.03 kB[22m
[35m@n8n/rest-api-client:build: [0m[34mℹ[39m [34m[ESM][39m [2mdist/[22m[1mtypes.mjs[22m                           [2m 0.01 kB[22m [2m│ gzip: 0.03 kB[22m
[35m@n8n/rest-api-client:build: [0m[34mℹ[39m [34m[ESM][39m [2mdist/[22mutils2.mjs.map                      [2m14.22 kB[22m [2m│ gzip: 4.63 kB[22m
[35m@n8n/rest-api-client:build: [0m[34mℹ[39m [34m[ESM][39m [2mdist/[22musers.mjs.map                       [2m 8.53 kB[22m [2m│ gzip: 1.82 kB[22m
[35m@n8n/rest-api-client:build: [0m[34mℹ[39m [34m[ESM][39m [2mdist/[22mtemplates.mjs.map                   [2m 7.45 kB[22m [2m│ gzip: 2.00 kB[22m
[35m@n8n/rest-api-client:build: [0m[34mℹ[39m [34m[ESM][39m [2mdist/[22mutils2.mjs                          [2m 6.78 kB[22m [2m│ gzip: 2.42 kB[22m
[35m@n8n/rest-api-client:build: [0m[34mℹ[39m [34m[ESM][39m [2mdist/[22msecretsProvider.ee.mjs.map          [2m 6.51 kB[22m [2m│ gzip: 1.07 kB[22m
[35m@n8n/rest-api-client:build: [0m[34mℹ[39m [34m[ESM][39m [2mdist/[22mnodeTypes.mjs.map                   [2m 5.72 kB[22m [2m│ gzip: 1.64 kB[22m
[35m@n8n/rest-api-client:build: [0m[34mℹ[39m [34m[ESM][39m [2mdist/[22mcloudPlans.mjs.map                  [2m 4.33 kB[22m [2m│ gzip: 1.54 kB[22m
[35m@n8n/rest-api-client:build: [0m[34mℹ[39m [34m[ESM][39m [2mdist/[22mexternalSecrets.ee.mjs.map          [2m 4.20 kB[22m [2m│ gzip: 1.01 kB[22m
[35m@n8n/rest-api-client:build: [0m[34mℹ[39m [34m[ESM][39m [2mdist/[22mworkflowHistory.mjs.map             [2m 3.77 kB[22m [2m│ gzip: 1.04 kB[22m
[35m@n8n/rest-api-client:build: [0m[34mℹ[39m [34m[ESM][39m [2mdist/[22msso.mjs.map                         [2m 3.73 kB[22m [2m│ gzip: 1.01 kB[22m
[35m@n8n/rest-api-client:build: [0m[34mℹ[39m [34m[ESM][39m [2mdist/[22msecretsProvider.ee.mjs              [2m 3.57 kB[22m [2m│ gzip: 0.56 kB[22m
[35m@n8n/rest-api-client:build: [0m[34mℹ[39m [34m[ESM][39m [2mdist/[22mroleMappingRule.mjs.map             [2m 3.51 kB[22m [2m│ gzip: 1.16 kB[22m
[35m@n8n/rest-api-client:build: [0m[34mℹ[39m [34m[ESM][39m [2mdist/[22mnodeTypes.mjs                       [2m 3.19 kB[22m [2m│ gzip: 0.97 kB[22m
[35m@n8n/rest-api-client:build: [0m[34mℹ[39m [34m[ESM][39m [2mdist/[22musers.mjs                           [2m 3.07 kB[22m [2m│ gzip: 0.71 kB[22m
[35m@n8n/rest-api-client:build: [0m[34mℹ[39m [34m[ESM][39m [2mdist/[22mroles.mjs.map                       [2m 2.96 kB[22m [2m│ gzip: 0.86 kB[22m
[35m@n8n/rest-api-client:build: [0m[34mℹ[39m [34m[ESM][39m [2mdist/[22mcredentialResolvers.mjs.map         [2m 2.85 kB[22m [2m│ gzip: 0.78 kB[22m
[35m@n8n/rest-api-client:build: [0m[34mℹ[39m [34m[ESM][39m [2mdist/[22mldap.mjs.map                        [2m 2.61 kB[22m [2m│ gzip: 0.89 kB[22m
[35m@n8n/rest-api-client:build: [0m[34mℹ[39m [34m[ESM][39m [2mdist/[22mapi-keys.mjs.map                    [2m 2.58 kB[22m [2m│ gzip: 0.87 kB[22m
[35m@n8n/rest-api-client:build: [0m[34mℹ[39m [34m[ESM][39m [2mdist/[22mexternalSecrets.ee.mjs              [2m 2.43 kB[22m [2m│ gzip: 0.56 kB[22m
[35m@n8n/rest-api-client:build: [0m[34mℹ[39m [34m[ESM][39m [2mdist/[22meventbus.ee.mjs.map                 [2m 2.31 kB[22m [2m│ gzip: 0.79 kB[22m
[35m@n8n/rest-api-client:build: [0m[34mℹ[39m [34m[ESM][39m [2mdist/[22mcommunityNodes.mjs.map              [2m 2.04 kB[22m [2m│ gzip: 0.80 kB[22m
[35m@n8n/rest-api-client:build: [0m[34mℹ[39m [34m[ESM][39m [2mdist/[22mversions.mjs.map                    [2m 1.99 kB[22m [2m│ gzip: 0.76 kB[22m
[35m@n8n/rest-api-client:build: [0m[34mℹ[39m [34m[ESM][39m [2mdist/[22mapi/breaking-changes.mjs.map        [2m 1.96 kB[22m [2m│ gzip: 0.70 kB[22m
[35m@n8n/rest-api-client:build: [0m[34mℹ[39m [34m[ESM][39m [2mdist/[22mmfa.mjs.map                         [2m 1.85 kB[22m [2m│ gzip: 0.61 kB[22m
[35m@n8n/rest-api-client:build: [0m[34mℹ[39m [34m[ESM][39m [2mdist/[22mtemplates.mjs                       [2m 1.85 kB[22m [2m│ gzip: 0.58 kB[22m
[35m@n8n/rest-api-client:build: [0m[34mℹ[39m [34m[ESM][39m [2mdist/[22musage.mjs.map                       [2m 1.77 kB[22m [2m│ gzip: 0.63 kB[22m
[35m@n8n/rest-api-client:build: [0m[34mℹ[39m [34m[ESM][39m [2mdist/[22msso.mjs                             [2m 1.75 kB[22m [2m│ gzip: 0.42 kB[22m
[35m@n8n/rest-api-client:build: [0m[34mℹ[39m [34m[ESM][39m [2mdist/[22mapi/consent.mjs.map                 [2m 1.74 kB[22m [2m│ gzip: 0.79 kB[22m
[35m@n8n/rest-api-client:build: [0m[34mℹ[39m [34m[ESM][39m [2mdist/[22mcredentialResolvers.mjs             [2m 1.53 kB[22m [2m│ gzip: 0.40 kB[22m
[35m@n8n/rest-api-client:build: [0m[34mℹ[39m [34m[ESM][39m [2mdist/[22mroles.mjs                           [2m 1.48 kB[22m [2m│ gzip: 0.46 kB[22m
[35m@n8n/rest-api-client:build: [0m[34mℹ[39m [34m[ESM][39m [2mdist/[22mprovisioning.mjs.map                [2m 1.41 kB[22m [2m│ gzip: 0.63 kB[22m
[35m@n8n/rest-api-client:build: [0m[34mℹ[39m [34m[ESM][39m [2mdist/[22mroleMappingRule.mjs                 [2m 1.32 kB[22m [2m│ gzip: 0.51 kB[22m
[35m@n8n/rest-api-client:build: [0m[34mℹ[39m [34m[ESM][39m [2mdist/[22mworkflowHistory.mjs                 [2m 1.29 kB[22m [2m│ gzip: 0.39 kB[22m
[35m@n8n/rest-api-client:build: [0m[34mℹ[39m [34m[ESM][39m [2mdist/[22meventbus.ee.mjs                     [2m 1.20 kB[22m [2m│ gzip: 0.42 kB[22m
[35m@n8n/rest-api-client:build: [0m[34mℹ[39m [34m[ESM][39m [2mdist/[22mcommunityNodes.mjs                  [2m 1.17 kB[22m [2m│ gzip: 0.50 kB[22m
[35m@n8n/rest-api-client:build: [0m[34mℹ[39m [34m[ESM][39m [2mdist/[22mapi-keys.mjs                        [2m 1.11 kB[22m [2m│ gzip: 0.40 kB[22m
[35m@n8n/rest-api-client:build: [0m[34mℹ[39m [34m[ESM][39m [2mdist/[22mcloudPlans.mjs                      [2m 1.10 kB[22m [2m│ gzip: 0.39 kB[22m
[35m@n8n/rest-api-client:build: [0m[34mℹ[39m [34m[ESM][39m [2mdist/[22mmfa.mjs                             [2m 0.95 kB[22m [2m│ gzip: 0.33 kB[22m
[35m@n8n/rest-api-client:build: [0m[34mℹ[39m [34m[ESM][39m [2mdist/[22musage.mjs                           [2m 0.92 kB[22m [2m│ gzip: 0.34 kB[22m
[35m@n8n/rest-api-client:build: [0m[34mℹ[39m [34m[ESM][39m [2mdist/[22mapi/dynamic-banners.mjs.map         [2m 0.92 kB[22m [2m│ gzip: 0.50 kB[22m
[35m@n8n/rest-api-client:build: [0m[34mℹ[39m [34m[ESM][39m [2mdist/[22msecurity-settings.mjs.map           [2m 0.88 kB[22m [2m│ gzip: 0.40 kB[22m
[35m@n8n/rest-api-client:build: [0m[34mℹ[39m [34m[ESM][39m [2mdist/[22mldap.mjs                            [2m 0.88 kB[22m [2m│ gzip: 0.33 kB[22m
[35m@n8n/rest-api-client:build: [0m[34mℹ[39m [34m[ESM][39m [2mdist/[22mwebhooks.mjs.map                    [2m 0.71 kB[22m [2m│ gzip: 0.41 kB[22m
[35m@n8n/rest-api-client:build: [0m[34mℹ[39m [34m[ESM][39m [2mdist/[22mui.mjs.map                          [2m 0.64 kB[22m [2m│ gzip: 0.40 kB[22m
[35m@n8n/rest-api-client:build: [0m[34mℹ[39m [34m[ESM][39m [2mdist/[22minstance-version-history.mjs.map    [2m 0.63 kB[22m [2m│ gzip: 0.40 kB[22m
[35m@n8n/rest-api-client:build: [0m[34mℹ[39m [34m[ESM][39m [2mdist/[22mversions.mjs                        [2m 0.62 kB[22m [2m│ gzip: 0.30 kB[22m
[35m@n8n/rest-api-client:build: [0m[34mℹ[39m [34m[ESM][39m [2mdist/[22mai-usage.mjs.map                    [2m 0.58 kB[22m [2m│ gzip: 0.35 kB[22m
[35m@n8n/rest-api-client:build: [0m[34mℹ[39m [34m[ESM][39m [2mdist/[22minstance-registry.mjs.map           [2m 0.55 kB[22m [2m│ gzip: 0.33 kB[22m
[35m@n8n/rest-api-client:build: [0m[34mℹ[39m [34m[ESM][39m [2mdist/[22mthird-party-licenses.mjs.map        [2m 0.54 kB[22m [2m│ gzip: 0.35 kB[22m
[35m@n8n/rest-api-client:build: [0m[34mℹ[39m [34m[ESM][39m [2mdist/[22mmodule-settings.mjs.map             [2m 0.54 kB[22m [2m│ gzip: 0.32 kB[22m
[35m@n8n/rest-api-client:build: [0m[34mℹ[39m [34m[ESM][39m [2mdist/[22morchestration.mjs.map               [2m 0.54 kB[22m [2m│ gzip: 0.35 kB[22m
[35m@n8n/rest-api-client:build: [0m[34mℹ[39m [34m[ESM][39m [2mdist/[22mnpsSurvey.mjs.map                   [2m 0.53 kB[22m [2m│ gzip: 0.33 kB[22m
[35m@n8n/rest-api-client:build: [0m[34mℹ[39m [34m[ESM][39m [2mdist/[22msettings.mjs.map                    [2m 0.50 kB[22m [2m│ gzip: 0.31 kB[22m
[35m@n8n/rest-api-client:build: [0m[34mℹ[39m [34m[ESM][39m [2mdist/[22mprovisioning.mjs                    [2m 0.50 kB[22m [2m│ gzip: 0.25 kB[22m
[35m@n8n/rest-api-client:build: [0m[34mℹ[39m [34m[ESM][39m [2mdist/[22msecurity-settings.mjs               [2m 0.48 kB[22m [2m│ gzip: 0.24 kB[22m
[35m@n8n/rest-api-client:build: [0m[34mℹ[39m [34m[ESM][39m [2mdist/[22mctas.mjs.map                        [2m 0.45 kB[22m [2m│ gzip: 0.31 kB[22m
[35m@n8n/rest-api-client:build: [0m[34mℹ[39m [34m[ESM][39m [2mdist/[22mevents.mjs.map                      [2m 0.44 kB[22m [2m│ gzip: 0.30 kB[22m
[35m@n8n/rest-api-client:build: [0m[34mℹ[39m [34m[ESM][39m [2mdist/[22minstance-version-history.mjs        [2m 0.37 kB[22m [2m│ gzip: 0.24 kB[22m
[35m@n8n/rest-api-client:build: [0m[34mℹ[39m [34m[ESM][39m [2mdist/[22morchestration.mjs                   [2m 0.36 kB[22m [2m│ gzip: 0.24 kB[22m
[35m@n8n/rest-api-client:build: [0m[34mℹ[39m [34m[ESM][39m [2mdist/[22mthird-party-licenses.mjs            [2m 0.35 kB[22m [2m│ gzip: 0.24 kB[22m
[35m@n8n/rest-api-client:build: [0m[34mℹ[39m [34m[ESM][39m [2mdist/[22mui.mjs                              [2m 0.33 kB[22m [2m│ gzip: 0.23 kB[22m
[35m@n8n/rest-api-client:build: [0m[34mℹ[39m [34m[ESM][39m [2mdist/[22mnpsSurvey.mjs                       [2m 0.32 kB[22m [2m│ gzip: 0.22 kB[22m
[35m@n8n/rest-api-client:build: [0m[34mℹ[39m [34m[ESM][39m [2mdist/[22mai-usage.mjs                        [2m 0.31 kB[22m [2m│ gzip: 0.22 kB[22m
[35m@n8n/rest-api-client:build: [0m[34mℹ[39m [34m[ESM][39m [2mdist/[22minstance-registry.mjs               [2m 0.31 kB[22m [2m│ gzip: 0.21 kB[22m
[35m@n8n/rest-api-client:build: [0m[34mℹ[39m [34m[ESM][39m [2mdist/[22mmodule-settings.mjs                 [2m 0.30 kB[22m [2m│ gzip: 0.20 kB[22m
[35m@n8n/rest-api-client:build: [0m[34mℹ[39m [34m[ESM][39m [2mdist/[22mwebhooks.mjs                        [2m 0.29 kB[22m [2m│ gzip: 0.21 kB[22m
[35m@n8n/rest-api-client:build: [0m[34mℹ[39m [34m[ESM][39m [2mdist/[22mevents.mjs                          [2m 0.29 kB[22m [2m│ gzip: 0.21 kB[22m
[35m@n8n/rest-api-client:build: [0m[34mℹ[39m [34m[ESM][39m [2mdist/[22msettings.mjs                        [2m 0.27 kB[22m [2m│ gzip: 0.20 kB[22m
[35m@n8n/rest-api-client:build: [0m[34mℹ[39m [34m[ESM][39m [2mdist/[22mctas.mjs                            [2m 0.26 kB[22m [2m│ gzip: 0.20 kB[22m
[35m@n8n/rest-api-client:build: [0m[34mℹ[39m [34m[ESM][39m [2mdist/[22mapi.mjs                             [2m 0.01 kB[22m [2m│ gzip: 0.03 kB[22m
[35m@n8n/rest-api-client:build: [0m[34mℹ[39m [34m[ESM][39m [2mdist/[22m[32m[1mindex.d.mts[22m[39m                         [2m12.35 kB[22m [2m│ gzip: 2.88 kB[22m
[35m@n8n/rest-api-client:build: [0m[34mℹ[39m [34m[ESM][39m [2mdist/[22m[32m[1mapi/index.d.mts[22m[39m                     [2m11.84 kB[22m [2m│ gzip: 2.71 kB[22m
[35m@n8n/rest-api-client:build: [0m[34mℹ[39m [34m[ESM][39m [2mdist/[22m[32m[1mapi/templates.d.mts[22m[39m                 [2m 1.37 kB[22m [2m│ gzip: 0.38 kB[22m
[35m@n8n/rest-api-client:build: [0m[34mℹ[39m [34m[ESM][39m [2mdist/[22m[32m[1mapi/users.d.mts[22m[39m                     [2m 1.37 kB[22m [2m│ gzip: 0.44 kB[22m
[35m@n8n/rest-api-client:build: [0m[34mℹ[39m [34m[ESM][39m [2mdist/[22m[32m[1mapi/secretsProvider.ee.d.mts[22m[39m        [2m 1.20 kB[22m [2m│ gzip: 0.26 kB[22m
[35m@n8n/rest-api-client:build: [0m[34mℹ[39m [34m[ESM][39m [2mdist/[22m[32m[1mapi/breaking-changes.d.mts[22m[39m          [2m 0.96 kB[22m [2m│ gzip: 0.35 kB[22m
[35m@n8n/rest-api-client:build: [0m[34mℹ[39m [34m[ESM][39m [2mdist/[22m[32m[1mapi/consent.d.mts[22m[39m                   [2m 0.83 kB[22m [2m│ gzip: 0.39 kB[22m
[35m@n8n/rest-api-client:build: [0m[34mℹ[39m [34m[ESM][39m [2mdist/[22m[32m[1mapi/workflowHistory.d.mts[22m[39m           [2m 0.79 kB[22m [2m│ gzip: 0.26 kB[22m
[35m@n8n/rest-api-client:build: [0m[34mℹ[39m [34m[ESM][39m [2mdist/[22m[32m[1mapi/nodeTypes.d.mts[22m[39m                 [2m 0.73 kB[22m [2m│ gzip: 0.26 kB[22m
[35m@n8n/rest-api-client:build: [0m[34mℹ[39m [34m[ESM][39m [2mdist/[22m[32m[1mapi/dynamic-banners.d.mts[22m[39m           [2m 0.73 kB[22m [2m│ gzip: 0.39 kB[22m
[35m@n8n/rest-api-client:build: [0m[34mℹ[39m [34m[ESM][39m [2mdist/[22m[32m[1mapi/externalSecrets.ee.d.mts[22m[39m        [2m 0.70 kB[22m [2m│ gzip: 0.23 kB[22m
[35m@n8n/rest-api-client:build: [0m[34mℹ[39m [34m[ESM][39m [2mdist/[22m[32m[1mapi/sso.d.mts[22m[39m                       [2m 0.56 kB[22m [2m│ gzip: 0.24 kB[22m
[35m@n8n/rest-api-client:build: [0m[34mℹ[39m [34m[ESM][39m [2mdist/[22m[32m[1mapi/roleMappingRule.d.mts[22m[39m           [2m 0.55 kB[22m [2m│ gzip: 0.19 kB[22m
[35m@n8n/rest-api-client:build: [0m[34mℹ[39m [34m[ESM][39m [2mdist/[22m[32m[1mutils.d.mts[22m[39m                         [2m 0.53 kB[22m [2m│ gzip: 0.26 kB[22m
[35m@n8n/rest-api-client:build: [0m[34mℹ[39m [34m[ESM][39m [2mdist/[22m[32m[1mapi/credentialResolvers.d.mts[22m[39m       [2m 0.48 kB[22m [2m│ gzip: 0.17 kB[22m
[35m@n8n/rest-api-client:build: [0m[34mℹ[39m [34m[ESM][39m [2mdist/[22m[32m[1mapi/eventbus.ee.d.mts[22m[39m               [2m 0.48 kB[22m [2m│ gzip: 0.21 kB[22m
[35m@n8n/rest-api-client:build: [0m[34mℹ[39m [34m[ESM][39m [2mdist/[22m[32m[1mapi/cloudPlans.d.mts[22m[39m                [2m 0.47 kB[22m [2m│ gzip: 0.23 kB[22m
[35m@n8n/rest-api-client:build: [0m[34mℹ[39m [34m[ESM][39m [2mdist/[22m[32m[1mapi/ldap.d.mts[22m[39m                      [2m 0.37 kB[22m [2m│ gzip: 0.18 kB[22m
[35m@n8n/rest-api-client:build: [0m[34mℹ[39m [34m[ESM][39m [2mdist/[22m[32m[1mapi/roles.d.mts[22m[39m                     [2m 0.34 kB[22m [2m│ gzip: 0.17 kB[22m
[35m@n8n/rest-api-client:build: [0m[34mℹ[39m [34m[ESM][39m [2mdist/[22m[32m[1mapi/communityNodes.d.mts[22m[39m            [2m 0.33 kB[22m [2m│ gzip: 0.17 kB[22m
[35m@n8n/rest-api-client:build: [0m[34mℹ[39m [34m[ESM][39m [2mdist/[22m[32m[1mapi/mfa.d.mts[22m[39m                       [2m 0.29 kB[22m [2m│ gzip: 0.17 kB[22m
[35m@n8n/rest-api-client:build: [0m[34mℹ[39m [34m[ESM][39m [2mdist/[22m[32m[1mapi/provisioning.d.mts[22m[39m              [2m 0.28 kB[22m [2m│ gzip: 0.13 kB[22m
[35m@n8n/rest-api-client:build: [0m[34mℹ[39m [34m[ESM][39m [2mdist/[22m[32m[1mapi/usage.d.mts[22m[39m                     [2m 0.28 kB[22m [2m│ gzip: 0.16 kB[22m
[35m@n8n/rest-api-client:build: [0m[34mℹ[39m [34m[ESM][39m [2mdist/[22m[32m[1mapi/api-keys.d.mts[22m[39m                  [2m 0.27 kB[22m [2m│ gzip: 0.15 kB[22m
[35m@n8n/rest-api-client:build: [0m[34mℹ[39m [34m[ESM][39m [2mdist/[22m[32m[1mapi/versions.d.mts[22m[39m                  [2m 0.26 kB[22m [2m│ gzip: 0.14 kB[22m
[35m@n8n/rest-api-client:build: [0m[34mℹ[39m [34m[ESM][39m [2mdist/[22m[32m[1mapi/workflows.d.mts[22m[39m                 [2m 0.23 kB[22m [2m│ gzip: 0.13 kB[22m
[35m@n8n/rest-api-client:build: [0m[34mℹ[39m [34m[ESM][39m [2mdist/[22m[32m[1mapi/security-settings.d.mts[22m[39m         [2m 0.18 kB[22m [2m│ gzip: 0.12 kB[22m
[35m@n8n/rest-api-client:build: [0m[34mℹ[39m [34m[ESM][39m [2mdist/[22m[32m[1mapi/instance-version-history.d.mts[22m[39m  [2m 0.13 kB[22m [2m│ gzip: 0.12 kB[22m
[35m@n8n/rest-api-client:build: [0m[34mℹ[39m [34m[ESM][39m [2mdist/[22m[32m[1mapi/third-party-licenses.d.mts[22m[39m      [2m 0.13 kB[22m [2m│ gzip: 0.10 kB[22m
[35m@n8n/rest-api-client:build: [0m[34mℹ[39m [34m[ESM][39m [2mdist/[22m[32m[1mapi/orchestration.d.mts[22m[39m             [2m 0.12 kB[22m [2m│ gzip: 0.10 kB[22m
[35m@n8n/rest-api-client:build: [0m[34mℹ[39m [34m[ESM][39m [2mdist/[22m[32m[1mapi/ai-usage.d.mts[22m[39m                  [2m 0.12 kB[22m [2m│ gzip: 0.10 kB[22m
[35m@n8n/rest-api-client:build: [0m[34mℹ[39m [34m[ESM][39m [2mdist/[22m[32m[1mapi/ui.d.mts[22m[39m                        [2m 0.12 kB[22m [2m│ gzip: 0.10 kB[22m
[35m@n8n/rest-api-client:build: [0m[34mℹ[39m [34m[ESM][39m [2mdist/[22m[32m[1mapi/module-settings.d.mts[22m[39m           [2m 0.12 kB[22m [2m│ gzip: 0.10 kB[22m
[35m@n8n/rest-api-client:build: [0m[34mℹ[39m [34m[ESM][39m [2mdist/[22m[32m[1mapi/npsSurvey.d.mts[22m[39m                 [2m 0.12 kB[22m [2m│ gzip: 0.10 kB[22m
[35m@n8n/rest-api-client:build: [0m[34mℹ[39m [34m[ESM][39m [2mdist/[22m[32m[1mapi/instance-registry.d.mts[22m[39m         [2m 0.11 kB[22m [2m│ gzip: 0.10 kB[22m
[35m@n8n/rest-api-client:build: [0m[34mℹ[39m [34m[ESM][39m [2mdist/[22m[32m[1mapi/ctas.d.mts[22m[39m                      [2m 0.11 kB[22m [2m│ gzip: 0.10 kB[22m
[35m@n8n/rest-api-client:build: [0m[34mℹ[39m [34m[ESM][39m [2mdist/[22m[32m[1mapi/events.d.mts[22m[39m                    [2m 0.10 kB[22m [2m│ gzip: 0.09 kB[22m
[35m@n8n/rest-api-client:build: [0m[34mℹ[39m [34m[ESM][39m [2mdist/[22m[32m[1mapi/settings.d.mts[22m[39m                  [2m 0.10 kB[22m [2m│ gzip: 0.09 kB[22m
[35m@n8n/rest-api-client:build: [0m[34mℹ[39m [34m[ESM][39m [2mdist/[22m[32m[1mapi/webhooks.d.mts[22m[39m                  [2m 0.10 kB[22m [2m│ gzip: 0.09 kB[22m
[35m@n8n/rest-api-client:build: [0m[34mℹ[39m [34m[ESM][39m [2mdist/[22m[32m[1mtypes.d.mts[22m[39m                         [2m 0.08 kB[22m [2m│ gzip: 0.08 kB[22m
[35m@n8n/rest-api-client:build: [0m[34mℹ[39m [34m[ESM][39m [2mdist/[22m[32m[1mapi/tags.d.mts[22m[39m                      [2m 0.06 kB[22m [2m│ gzip: 0.07 kB[22m
[35m@n8n/rest-api-client:build: [0m[34mℹ[39m [34m[ESM][39m [2mdist/[22m[32m[1mapi/execution.d.mts[22m[39m                 [2m 0.01 kB[22m [2m│ gzip: 0.03 kB[22m
[35m@n8n/rest-api-client:build: [0m[34mℹ[39m [34m[ESM][39m [2mdist/[22m[32musers.d.mts[39m                         [2m 5.49 kB[22m [2m│ gzip: 1.25 kB[22m
[35m@n8n/rest-api-client:build: [0m[34mℹ[39m [34m[ESM][39m [2mdist/[22m[32mtemplates.d.mts[39m                     [2m 5.28 kB[22m [2m│ gzip: 1.32 kB[22m
[35m@n8n/rest-api-client:build: [0m[34mℹ[39m [34m[ESM][39m [2mdist/[22m[32msecretsProvider.ee.d.mts[39m            [2m 3.35 kB[22m [2m│ gzip: 0.57 kB[22m
[35m@n8n/rest-api-client:build: [0m[34mℹ[39m [34m[ESM][39m [2mdist/[22m[32mcloudPlans.d.mts[39m                    [2m 2.92 kB[22m [2m│ gzip: 1.05 kB[22m
[35m@n8n/rest-api-client:build: [0m[34mℹ[39m [34m[ESM][39m [2mdist/[22m[32mworkflowHistory.d.mts[39m               [2m 2.57 kB[22m [2m│ gzip: 0.76 kB[22m
[35m@n8n/rest-api-client:build: [0m[34mℹ[39m [34m[ESM][39m [2mdist/[22m[32mutils2.d.mts[39m                        [2m 2.40 kB[22m [2m│ gzip: 0.85 kB[22m
[35m@n8n/rest-api-client:build: [0m[34mℹ[39m [34m[ESM][39m [2mdist/[22m[32mnodeTypes.d.mts[39m                     [2m 2.31 kB[22m [2m│ gzip: 0.62 kB[22m
[35m@n8n/rest-api-client:build: [0m[34mℹ[39m [34m[ESM][39m [2mdist/[22m[32mexternalSecrets.ee.d.mts[39m            [2m 1.96 kB[22m [2m│ gzip: 0.48 kB[22m
[35m@n8n/rest-api-client:build: [0m[34mℹ[39m [34m[ESM][39m [2mdist/[22m[32mldap.d.mts[39m                          [2m 1.75 kB[22m [2m│ gzip: 0.62 kB[22m
[35m@n8n/rest-api-client:build: [0m[34mℹ[39m [34m[ESM][39m [2mdist/[22m[32msso.d.mts[39m                           [2m 1.75 kB[22m [2m│ gzip: 0.52 kB[22m
[35m@n8n/rest-api-client:build: [0m[34mℹ[39m [34m[ESM][39m [2mdist/[22m[32mroleMappingRule.d.mts[39m               [2m 1.61 kB[22m [2m│ gzip: 0.46 kB[22m
[35m@n8n/rest-api-client:build: [0m[34mℹ[39m [34m[ESM][39m [2mdist/[22m[32mcredentialResolvers.d.mts[39m           [2m 1.52 kB[22m [2m│ gzip: 0.43 kB[22m
[35m@n8n/rest-api-client:build: [0m[34mℹ[39m [34m[ESM][39m [2mdist/[22m[32mroles.d.mts[39m                         [2m 1.33 kB[22m [2m│ gzip: 0.41 kB[22m
[35m@n8n/rest-api-client:build: [0m[34mℹ[39m [34m[ESM][39m [2mdist/[22m[32mworkflows.d.mts[39m                     [2m 1.33 kB[22m [2m│ gzip: 0.49 kB[22m
[35m@n8n/rest-api-client:build: [0m[34mℹ[39m [34m[ESM][39m [2mdist/[22m[32mversions.d.mts[39m                      [2m 1.31 kB[22m [2m│ gzip: 0.51 kB[22m
[35m@n8n/rest-api-client:build: [0m[34mℹ[39m [34m[ESM][39m [2mdist/[22m[32meventbus.ee.d.mts[39m                   [2m 1.29 kB[22m [2m│ gzip: 0.42 kB[22m
[35m@n8n/rest-api-client:build: [0m[34mℹ[39m [34m[ESM][39m [2mdist/[22m[32mapi-keys.d.mts[39m                      [2m 1.20 kB[22m [2m│ gzip: 0.45 kB[22m
[35m@n8n/rest-api-client:build: [0m[34mℹ[39m [34m[ESM][39m [2mdist/[22m[32mmfa.d.mts[39m                           [2m 0.94 kB[22m [2m│ gzip: 0.37 kB[22m
[35m@n8n/rest-api-client:build: [0m[34mℹ[39m [34m[ESM][39m [2mdist/[22m[32mcommunityNodes.d.mts[39m                [2m 0.91 kB[22m [2m│ gzip: 0.36 kB[22m
[35m@n8n/rest-api-client:build: [0m[34mℹ[39m [34m[ESM][39m [2mdist/[22m[32musage.d.mts[39m                         [2m 0.91 kB[22m [2m│ gzip: 0.36 kB[22m
[35m@n8n/rest-api-client:build: [0m[34mℹ[39m [34m[ESM][39m [2mdist/[22m[32mprovisioning.d.mts[39m                  [2m 0.88 kB[22m [2m│ gzip: 0.36 kB[22m
[35m@n8n/rest-api-client:build: [0m[34mℹ[39m [34m[ESM][39m [2mdist/[22m[32msecurity-settings.d.mts[39m             [2m 0.53 kB[22m [2m│ gzip: 0.25 kB[22m
[35m@n8n/rest-api-client:build: [0m[34mℹ[39m [34m[ESM][39m [2mdist/[22m[32mwebhooks.d.mts[39m                      [2m 0.47 kB[22m [2m│ gzip: 0.28 kB[22m
[35m@n8n/rest-api-client:build: [0m[34mℹ[39m [34m[ESM][39m [2mdist/[22m[32mui.d.mts[39m                            [2m 0.36 kB[22m [2m│ gzip: 0.25 kB[22m
[35m@n8n/rest-api-client:build: [0m[34mℹ[39m [34m[ESM][39m [2mdist/[22m[32minstance-version-history.d.mts[39m      [2m 0.36 kB[22m [2m│ gzip: 0.24 kB[22m
[35m@n8n/rest-api-client:build: [0m[34mℹ[39m [34m[ESM][39m [2mdist/[22m[32mai-usage.d.mts[39m                      [2m 0.35 kB[22m [2m│ gzip: 0.23 kB[22m
[35m@n8n/rest-api-client:build: [0m[34mℹ[39m [34m[ESM][39m [2mdist/[22m[32mmodule-settings.d.mts[39m               [2m 0.34 kB[22m [2m│ gzip: 0.22 kB[22m
[35m@n8n/rest-api-client:build: [0m[34mℹ[39m [34m[ESM][39m [2mdist/[22m[32minstance-registry.d.mts[39m             [2m 0.33 kB[22m [2m│ gzip: 0.22 kB[22m
[35m@n8n/rest-api-client:build: [0m[34mℹ[39m [34m[ESM][39m [2mdist/[22m[32mnpsSurvey.d.mts[39m                     [2m 0.33 kB[22m [2m│ gzip: 0.22 kB[22m
[35m@n8n/rest-api-client:build: [0m[34mℹ[39m [34m[ESM][39m [2mdist/[22m[32msettings.d.mts[39m                      [2m 0.30 kB[22m [2m│ gzip: 0.21 kB[22m
[35m@n8n/rest-api-client:build: [0m[34mℹ[39m [34m[ESM][39m [2mdist/[22m[32mthird-party-licenses.d.mts[39m          [2m 0.28 kB[22m [2m│ gzip: 0.20 kB[22m
[35m@n8n/rest-api-client:build: [0m[34mℹ[39m [34m[ESM][39m [2mdist/[22m[32morchestration.d.mts[39m                 [2m 0.27 kB[22m [2m│ gzip: 0.20 kB[22m
[35m@n8n/rest-api-client:build: [0m[34mℹ[39m [34m[ESM][39m [2mdist/[22m[32mctas.d.mts[39m                          [2m 0.25 kB[22m [2m│ gzip: 0.19 kB[22m
[35m@n8n/rest-api-client:build: [0m[34mℹ[39m [34m[ESM][39m [2mdist/[22m[32mevents.d.mts[39m                        [2m 0.24 kB[22m [2m│ gzip: 0.18 kB[22m
[35m@n8n/rest-api-client:build: [0m[34mℹ[39m [34m[ESM][39m [2mdist/[22m[32mtags.d.mts[39m                          [2m 0.21 kB[22m [2m│ gzip: 0.16 kB[22m
[35m@n8n/rest-api-client:build: [0m[34mℹ[39m [34m[ESM][39m [2mdist/[22m[32mtypes2.d.mts[39m                        [2m 0.18 kB[22m [2m│ gzip: 0.15 kB[22m
[35m@n8n/rest-api-client:build: [0m[34mℹ[39m [34m[ESM][39m [2mdist/[22m[32mindex2.d.mts[39m                        [2m 0.01 kB[22m [2m│ gzip: 0.03 kB[22m
[35m@n8n/rest-api-client:build: [0m[34mℹ[39m [34m[ESM][39m 191 files, total: 255.69 kB
[35m@n8n/rest-api-client:build: [0m[34mℹ[39m [33m[CJS][39m [2mdist/[22m[32m[1mindex.d.cts[22m[39m                         [2m12.35 kB[22m [2m│ gzip: 2.88 kB[22m
[35m@n8n/rest-api-client:build: [0m[34mℹ[39m [33m[CJS][39m [2mdist/[22m[32m[1mapi/index.d.cts[22m[39m                     [2m11.84 kB[22m [2m│ gzip: 2.71 kB[22m
[35m@n8n/rest-api-client:build: [0m[34mℹ[39m [33m[CJS][39m [2mdist/[22m[32m[1mapi/templates.d.cts[22m[39m                 [2m 1.37 kB[22m [2m│ gzip: 0.38 kB[22m
[35m@n8n/rest-api-client:build: [0m[34mℹ[39m [33m[CJS][39m [2mdist/[22m[32m[1mapi/users.d.cts[22m[39m                     [2m 1.37 kB[22m [2m│ gzip: 0.44 kB[22m
[35m@n8n/rest-api-client:build: [0m[34mℹ[39m [33m[CJS][39m [2mdist/[22m[32m[1mapi/secretsProvider.ee.d.cts[22m[39m        [2m 1.20 kB[22m [2m│ gzip: 0.26 kB[22m
[35m@n8n/rest-api-client:build: [0m[34mℹ[39m [33m[CJS][39m [2mdist/[22m[32m[1mapi/breaking-changes.d.cts[22m[39m          [2m 0.96 kB[22m [2m│ gzip: 0.35 kB[22m
[35m@n8n/rest-api-client:build: [0m[34mℹ[39m [33m[CJS][39m [2mdist/[22m[32m[1mapi/consent.d.cts[22m[39m                   [2m 0.83 kB[22m [2m│ gzip: 0.38 kB[22m
[35m@n8n/rest-api-client:build: [0m[34mℹ[39m [33m[CJS][39m [2mdist/[22m[32m[1mapi/workflowHistory.d.cts[22m[39m           [2m 0.79 kB[22m [2m│ gzip: 0.26 kB[22m
[35m@n8n/rest-api-client:build: [0m[34mℹ[39m [33m[CJS][39m [2mdist/[22m[32m[1mapi/nodeTypes.d.cts[22m[39m                 [2m 0.73 kB[22m [2m│ gzip: 0.26 kB[22m
[35m@n8n/rest-api-client:build: [0m[34mℹ[39m [33m[CJS][39m [2mdist/[22m[32m[1mapi/dynamic-banners.d.cts[22m[39m           [2m 0.73 kB[22m [2m│ gzip: 0.39 kB[22m
[35m@n8n/rest-api-client:build: [0m[34mℹ[39m [33m[CJS][39m [2mdist/[22m[32m[1mapi/externalSecrets.ee.d.cts[22m[39m        [2m 0.70 kB[22m [2m│ gzip: 0.23 kB[22m
[35m@n8n/rest-api-client:build: [0m[34mℹ[39m [33m[CJS][39m [2mdist/[22m[32m[1mapi/sso.d.cts[22m[39m                       [2m 0.56 kB[22m [2m│ gzip: 0.24 kB[22m
[35m@n8n/rest-api-client:build: [0m[34mℹ[39m [33m[CJS][39m [2mdist/[22m[32m[1mapi/roleMappingRule.d.cts[22m[39m           [2m 0.55 kB[22m [2m│ gzip: 0.19 kB[22m
[35m@n8n/rest-api-client:build: [0m[34mℹ[39m [33m[CJS][39m [2mdist/[22m[32m[1mutils.d.cts[22m[39m                         [2m 0.53 kB[22m [2m│ gzip: 0.27 kB[22m
[35m@n8n/rest-api-client:build: [0m[34mℹ[39m [33m[CJS][39m [2mdist/[22m[32m[1mapi/credentialResolvers.d.cts[22m[39m       [2m 0.48 kB[22m [2m│ gzip: 0.17 kB[22m
[35m@n8n/rest-api-client:build: [0m[34mℹ[39m [33m[CJS][39m [2mdist/[22m[32m[1mapi/eventbus.ee.d.cts[22m[39m               [2m 0.48 kB[22m [2m│ gzip: 0.21 kB[22m
[35m@n8n/rest-api-client:build: [0m[34mℹ[39m [33m[CJS][39m [2mdist/[22m[32m[1mapi/cloudPlans.d.cts[22m[39m                [2m 0.47 kB[22m [2m│ gzip: 0.23 kB[22m
[35m@n8n/rest-api-client:build: [0m[34mℹ[39m [33m[CJS][39m [2mdist/[22m[32m[1mapi/ldap.d.cts[22m[39m                      [2m 0.37 kB[22m [2m│ gzip: 0.18 kB[22m
[35m@n8n/rest-api-client:build: [0m[34mℹ[39m [33m[CJS][39m [2mdist/[22m[32m[1mapi/roles.d.cts[22m[39m                     [2m 0.34 kB[22m [2m│ gzip: 0.17 kB[22m
[35m@n8n/rest-api-client:build: [0m[34mℹ[39m [33m[CJS][39m [2mdist/[22m[32m[1mapi/communityNodes.d.cts[22m[39m            [2m 0.33 kB[22m [2m│ gzip: 0.17 kB[22m
[35m@n8n/rest-api-client:build: [0m[34mℹ[39m [33m[CJS][39m [2mdist/[22m[32m[1mapi/mfa.d.cts[22m[39m                       [2m 0.29 kB[22m [2m│ gzip: 0.17 kB[22m
[35m@n8n/rest-api-client:build: [0m[34mℹ[39m [33m[CJS][39m [2mdist/[22m[32m[1mapi/provisioning.d.cts[22m[39m              [2m 0.28 kB[22m [2m│ gzip: 0.13 kB[22m
[35m@n8n/rest-api-client:build: [0m[34mℹ[39m [33m[CJS][39m [2mdist/[22m[32m[1mapi/usage.d.cts[22m[39m                     [2m 0.28 kB[22m [2m│ gzip: 0.16 kB[22m
[35m@n8n/rest-api-client:build: [0m[34mℹ[39m [33m[CJS][39m [2mdist/[22m[32m[1mapi/api-keys.d.cts[22m[39m                  [2m 0.27 kB[22m [2m│ gzip: 0.15 kB[22m
[35m@n8n/rest-api-client:build: [0m[34mℹ[39m [33m[CJS][39m [2mdist/[22m[32m[1mapi/versions.d.cts[22m[39m                  [2m 0.26 kB[22m [2m│ gzip: 0.14 kB[22m
[35m@n8n/rest-api-client:build: [0m[34mℹ[39m [33m[CJS][39m [2mdist/[22m[32m[1mapi/workflows.d.cts[22m[39m                 [2m 0.23 kB[22m [2m│ gzip: 0.13 kB[22m
[35m@n8n/rest-api-client:build: [0m[34mℹ[39m [33m[CJS][39m [2mdist/[22m[32m[1mapi/security-settings.d.cts[22m[39m         [2m 0.18 kB[22m [2m│ gzip: 0.12 kB[22m
[35m@n8n/rest-api-client:build: [0m[34mℹ[39m [33m[CJS][39m [2mdist/[22m[32m[1mapi/instance-version-history.d.cts[22m[39m  [2m 0.13 kB[22m [2m│ gzip: 0.12 kB[22m
[35m@n8n/rest-api-client:build: [0m[34mℹ[39m [33m[CJS][39m [2mdist/[22m[32m[1mapi/third-party-licenses.d.cts[22m[39m      [2m 0.13 kB[22m [2m│ gzip: 0.10 kB[22m
[35m@n8n/rest-api-client:build: [0m[34mℹ[39m [33m[CJS][39m [2mdist/[22m[32m[1mapi/orchestration.d.cts[22m[39m             [2m 0.12 kB[22m [2m│ gzip: 0.10 kB[22m
[35m@n8n/rest-api-client:build: [0m[34mℹ[39m [33m[CJS][39m [2mdist/[22m[32m[1mapi/ai-usage.d.cts[22m[39m                  [2m 0.12 kB[22m [2m│ gzip: 0.10 kB[22m
[35m@n8n/rest-api-client:build: [0m[34mℹ[39m [33m[CJS][39m [2mdist/[22m[32m[1mapi/ui.d.cts[22m[39m                        [2m 0.12 kB[22m [2m│ gzip: 0.10 kB[22m
[35m@n8n/rest-api-client:build: [0m[34mℹ[39m [33m[CJS][39m [2mdist/[22m[32m[1mapi/module-settings.d.cts[22m[39m           [2m 0.12 kB[22m [2m│ gzip: 0.10 kB[22m
[35m@n8n/rest-api-client:build: [0m[34mℹ[39m [33m[CJS][39m [2mdist/[22m[32m[1mapi/npsSurvey.d.cts[22m[39m                 [2m 0.12 kB[22m [2m│ gzip: 0.10 kB[22m
[35m@n8n/rest-api-client:build: [0m[34mℹ[39m [33m[CJS][39m [2mdist/[22m[32m[1mapi/instance-registry.d.cts[22m[39m         [2m 0.11 kB[22m [2m│ gzip: 0.10 kB[22m
[35m@n8n/rest-api-client:build: [0m[34mℹ[39m [33m[CJS][39m [2mdist/[22m[32m[1mapi/ctas.d.cts[22m[39m                      [2m 0.11 kB[22m [2m│ gzip: 0.10 kB[22m
[35m@n8n/rest-api-client:build: [0m[34mℹ[39m [33m[CJS][39m [2mdist/[22m[32m[1mapi/events.d.cts[22m[39m                    [2m 0.10 kB[22m [2m│ gzip: 0.09 kB[22m
[35m@n8n/rest-api-client:build: [0m[34mℹ[39m [33m[CJS][39m [2mdist/[22m[32m[1mapi/settings.d.cts[22m[39m                  [2m 0.10 kB[22m [2m│ gzip: 0.09 kB[22m
[35m@n8n/rest-api-client:build: [0m[34mℹ[39m [33m[CJS][39m [2mdist/[22m[32m[1mapi/webhooks.d.cts[22m[39m                  [2m 0.10 kB[22m [2m│ gzip: 0.09 kB[22m
[35m@n8n/rest-api-client:build: [0m[34mℹ[39m [33m[CJS][39m [2mdist/[22m[32m[1mtypes.d.cts[22m[39m                         [2m 0.08 kB[22m [2m│ gzip: 0.08 kB[22m
[35m@n8n/rest-api-client:build: [0m[34mℹ[39m [33m[CJS][39m [2mdist/[22m[32m[1mapi/tags.d.cts[22m[39m                      [2m 0.06 kB[22m [2m│ gzip: 0.07 kB[22m
[35m@n8n/rest-api-client:build: [0m[34mℹ[39m [33m[CJS][39m [2mdist/[22m[32m[1mapi/execution.d.cts[22m[39m                 [2m 0.01 kB[22m [2m│ gzip: 0.03 kB[22m
[35m@n8n/rest-api-client:build: [0m[34mℹ[39m [33m[CJS][39m [2mdist/[22m[32musers.d.cts[39m                         [2m 5.49 kB[22m [2m│ gzip: 1.26 kB[22m
[35m@n8n/rest-api-client:build: [0m[34mℹ[39m [33m[CJS][39m [2mdist/[22m[32mtemplates.d.cts[39m                     [2m 5.28 kB[22m [2m│ gzip: 1.32 kB[22m
[35m@n8n/rest-api-client:build: [0m[34mℹ[39m [33m[CJS][39m [2mdist/[22m[32msecretsProvider.ee.d.cts[39m            [2m 3.35 kB[22m [2m│ gzip: 0.57 kB[22m
[35m@n8n/rest-api-client:build: [0m[34mℹ[39m [33m[CJS][39m [2mdist/[22m[32mcloudPlans.d.cts[39m                    [2m 2.92 kB[22m [2m│ gzip: 1.05 kB[22m
[35m@n8n/rest-api-client:build: [0m[34mℹ[39m [33m[CJS][39m [2mdist/[22m[32mworkflowHistory.d.cts[39m               [2m 2.57 kB[22m [2m│ gzip: 0.76 kB[22m
[35m@n8n/rest-api-client:build: [0m[34mℹ[39m [33m[CJS][39m [2mdist/[22m[32mutils2.d.cts[39m                        [2m 2.40 kB[22m [2m│ gzip: 0.85 kB[22m
[35m@n8n/rest-api-client:build: [0m[34mℹ[39m [33m[CJS][39m [2mdist/[22m[32mnodeTypes.d.cts[39m                     [2m 2.31 kB[22m [2m│ gzip: 0.61 kB[22m
[35m@n8n/rest-api-client:build: [0m[34mℹ[39m [33m[CJS][39m [2mdist/[22m[32mexternalSecrets.ee.d.cts[39m            [2m 1.96 kB[22m [2m│ gzip: 0.48 kB[22m
[35m@n8n/rest-api-client:build: [0m[34mℹ[39m [33m[CJS][39m [2mdist/[22m[32mldap.d.cts[39m                          [2m 1.75 kB[22m [2m│ gzip: 0.62 kB[22m
[35m@n8n/rest-api-client:build: [0m[34mℹ[39m [33m[CJS][39m [2mdist/[22m[32msso.d.cts[39m                           [2m 1.75 kB[22m [2m│ gzip: 0.52 kB[22m
[35m@n8n/rest-api-client:build: [0m[34mℹ[39m [33m[CJS][39m [2mdist/[22m[32mroleMappingRule.d.cts[39m               [2m 1.61 kB[22m [2m│ gzip: 0.46 kB[22m
[35m@n8n/rest-api-client:build: [0m[34mℹ[39m [33m[CJS][39m [2mdist/[22m[32mcredentialResolvers.d.cts[39m           [2m 1.52 kB[22m [2m│ gzip: 0.43 kB[22m
[35m@n8n/rest-api-client:build: [0m[34mℹ[39m [33m[CJS][39m [2mdist/[22m[32mroles.d.cts[39m                         [2m 1.33 kB[22m [2m│ gzip: 0.41 kB[22m
[35m@n8n/rest-api-client:build: [0m[34mℹ[39m [33m[CJS][39m [2mdist/[22m[32mworkflows.d.cts[39m                     [2m 1.33 kB[22m [2m│ gzip: 0.49 kB[22m
[35m@n8n/rest-api-client:build: [0m[34mℹ[39m [33m[CJS][39m [2mdist/[22m[32mversions.d.cts[39m                      [2m 1.31 kB[22m [2m│ gzip: 0.51 kB[22m
[35m@n8n/rest-api-client:build: [0m[34mℹ[39m [33m[CJS][39m [2mdist/[22m[32meventbus.ee.d.cts[39m                   [2m 1.29 kB[22m [2m│ gzip: 0.42 kB[22m
[35m@n8n/rest-api-client:build: [0m[34mℹ[39m [33m[CJS][39m [2mdist/[22m[32mapi-keys.d.cts[39m                      [2m 1.20 kB[22m [2m│ gzip: 0.44 kB[22m
[35m@n8n/rest-api-client:build: [0m[34mℹ[39m [33m[CJS][39m [2mdist/[22m[32mmfa.d.cts[39m                           [2m 0.94 kB[22m [2m│ gzip: 0.37 kB[22m
[35m@n8n/rest-api-client:build: [0m[34mℹ[39m [33m[CJS][39m [2mdist/[22m[32mcommunityNodes.d.cts[39m                [2m 0.91 kB[22m [2m│ gzip: 0.36 kB[22m
[35m@n8n/rest-api-client:build: [0m[34mℹ[39m [33m[CJS][39m [2mdist/[22m[32musage.d.cts[39m                         [2m 0.91 kB[22m [2m│ gzip: 0.36 kB[22m
[35m@n8n/rest-api-client:build: [0m[34mℹ[39m [33m[CJS][39m [2mdist/[22m[32mprovisioning.d.cts[39m                  [2m 0.88 kB[22m [2m│ gzip: 0.36 kB[22m
[35m@n8n/rest-api-client:build: [0m[34mℹ[39m [33m[CJS][39m [2mdist/[22m[32msecurity-settings.d.cts[39m             [2m 0.53 kB[22m [2m│ gzip: 0.25 kB[22m
[35m@n8n/rest-api-client:build: [0m[34mℹ[39m [33m[CJS][39m [2mdist/[22m[32mwebhooks.d.cts[39m                      [2m 0.47 kB[22m [2m│ gzip: 0.28 kB[22m
[35m@n8n/rest-api-client:build: [0m[34mℹ[39m [33m[CJS][39m [2mdist/[22m[32mui.d.cts[39m                            [2m 0.36 kB[22m [2m│ gzip: 0.25 kB[22m
[35m@n8n/rest-api-client:build: [0m[34mℹ[39m [33m[CJS][39m [2mdist/[22m[32minstance-version-history.d.cts[39m      [2m 0.36 kB[22m [2m│ gzip: 0.24 kB[22m
[35m@n8n/rest-api-client:build: [0m[34mℹ[39m [33m[CJS][39m [2mdist/[22m[32mai-usage.d.cts[39m                      [2m 0.35 kB[22m [2m│ gzip: 0.23 kB[22m
[35m@n8n/rest-api-client:build: [0m[34mℹ[39m [33m[CJS][39m [2mdist/[22m[32mmodule-settings.d.cts[39m               [2m 0.34 kB[22m [2m│ gzip: 0.22 kB[22m
[35m@n8n/rest-api-client:build: [0m[34mℹ[39m [33m[CJS][39m [2mdist/[22m[32minstance-registry.d.cts[39m             [2m 0.33 kB[22m [2m│ gzip: 0.22 kB[22m
[35m@n8n/rest-api-client:build: [0m[34mℹ[39m [33m[CJS][39m [2mdist/[22m[32mnpsSurvey.d.cts[39m                     [2m 0.33 kB[22m [2m│ gzip: 0.22 kB[22m
[35m@n8n/rest-api-client:build: [0m[34mℹ[39m [33m[CJS][39m [2mdist/[22m[32msettings.d.cts[39m                      [2m 0.30 kB[22m [2m│ gzip: 0.20 kB[22m
[35m@n8n/rest-api-client:build: [0m[34mℹ[39m [33m[CJS][39m [2mdist/[22m[32mthird-party-licenses.d.cts[39m          [2m 0.28 kB[22m [2m│ gzip: 0.20 kB[22m
[35m@n8n/rest-api-client:build: [0m[34mℹ[39m [33m[CJS][39m [2mdist/[22m[32morchestration.d.cts[39m                 [2m 0.27 kB[22m [2m│ gzip: 0.20 kB[22m
[35m@n8n/rest-api-client:build: [0m[34mℹ[39m [33m[CJS][39m [2mdist/[22m[32mctas.d.cts[39m                          [2m 0.25 kB[22m [2m│ gzip: 0.19 kB[22m
[35m@n8n/rest-api-client:build: [0m[34mℹ[39m [33m[CJS][39m [2mdist/[22m[32mevents.d.cts[39m                        [2m 0.24 kB[22m [2m│ gzip: 0.18 kB[22m
[35m@n8n/rest-api-client:build: [0m[34mℹ[39m [33m[CJS][39m [2mdist/[22m[32mtags.d.cts[39m                          [2m 0.21 kB[22m [2m│ gzip: 0.16 kB[22m
[35m@n8n/rest-api-client:build: [0m[34mℹ[39m [33m[CJS][39m [2mdist/[22m[32mtypes2.d.cts[39m                        [2m 0.18 kB[22m [2m│ gzip: 0.15 kB[22m
[35m@n8n/rest-api-client:build: [0m[34mℹ[39m [33m[CJS][39m [2mdist/[22m[32mindex2.d.cts[39m                        [2m 0.01 kB[22m [2m│ gzip: 0.03 kB[22m
[35m@n8n/rest-api-client:build: [0m[34mℹ[39m [33m[CJS][39m 79 files, total: 88.12 kB
[35m@n8n/rest-api-client:build: [0m[32m✔[39m Build complete in [32m7625ms[39m
[32m@n8n/workflow-sdk:build: [0mcache hit, replaying logs [2mde9799c597a979dc[0m
[32m@n8n/workflow-sdk:build: [0m
[32m@n8n/workflow-sdk:build: [0m> @n8n/workflow-sdk@0.29.0 build /Users/romeobalta/work/n8n/worktrees/nudge-manual-builders-to-aia/packages/@n8n/workflow-sdk
[32m@n8n/workflow-sdk:build: [0m> tsc -p tsconfig.build.json
[32m@n8n/workflow-sdk:build: [0m
[33m@n8n/workflow-sdk:typecheck: [0mcache miss, executing [2mc3f4e68aea95ffd2[0m
[36m@n8n/composables:typecheck: [0m
[36m@n8n/composables:typecheck: [0m> @n8n/composables@1.26.0 typecheck /Users/romeobalta/work/n8n/worktrees/nudge-manual-builders-to-aia/packages/frontend/@n8n/composables
[36m@n8n/composables:typecheck: [0m> vue-tsc --noEmit
[36m@n8n/composables:typecheck: [0m
[34m@n8n/design-system:build: [0mcache hit, replaying logs [2m695fad6ada6cae20[0m
[34m@n8n/design-system:build: [0m
[34m@n8n/design-system:build: [0m> @n8n/design-system@2.35.0 build /Users/romeobalta/work/n8n/worktrees/nudge-manual-builders-to-aia/packages/frontend/@n8n/design-system
[34m@n8n/design-system:build: [0m> vite build
[34m@n8n/design-system:build: [0m
[34m@n8n/design-system:build: [0m[36mvite v8.0.2 [32mbuilding client environment for production...[36m[39m
[34m@n8n/design-system:build: [0m[2K[34m@n8n/design-system:build: [0mtransforming...[32m✓[39m 1049 modules transformed.
[34m@n8n/design-system:build: [0mrendering chunks...
[34m@n8n/design-system:build: [0m[32m
[34m@n8n/design-system:build: [0m[36m[vite:dts][32m Start generate declaration files...[39m
[34m@n8n/design-system:build: [0m[96msrc/v2/components/Combobox/ComboboxItem.vue[0m:[93m23[0m:[93m3[0m - [91merror[0m[90m TS2345: [0mArgument of type '{ disabled: boolean; value: string; textValue: string; dataDisabled: true | undefined; class: string; onSelect: any; onMousedown: any; }' is not assignable to parameter of type '{ readonly type?: "item" | undefined; readonly value: string; readonly label: string; readonly icon?: "anthropic" | "bolt-filled" | "filled-square" | "grip-lines-vertical" | "variable" | ... 279 more ... | undefined; readonly disabled?: boolean | undefined; readonly textValue?: string | undefined; readonly keywords?...'.
[34m@n8n/design-system:build: [0m  Property 'label' is missing in type '{ disabled: boolean; value: string; textValue: string; dataDisabled: true | undefined; class: string; onSelect: any; onMousedown: any; }' but required in type '{ readonly type?: "item" | undefined; readonly value: string; readonly label: string; readonly icon?: "anthropic" | "bolt-filled" | "filled-square" | "grip-lines-vertical" | "variable" | "pop-out" | ... 278 more ... | undefined; readonly disabled?: boolean | undefined; readonly textValue?: string | undefined; readon...'.
[34m@n8n/design-system:build: [0m
[34m@n8n/design-system:build: [0m[7m23[0m  <ComboboxItem
[34m@n8n/design-system:build: [0m[7m  [0m [91m  ~~~~~~~~~~~~[0m
[34m@n8n/design-system:build: [0m
[34m@n8n/design-system:build: [0m  [96msrc/v2/components/Combobox/Combobox.types.ts[0m:[93m10[0m:[93m2[0m
[34m@n8n/design-system:build: [0m    [7m10[0m  label: string;
[34m@n8n/design-system:build: [0m    [7m  [0m [96m ~~~~~[0m
[34m@n8n/design-system:build: [0m    'label' is declared here.
[34m@n8n/design-system:build: [0m
[34m@n8n/design-system:build: [0m[32m[36m[vite:dts][32m Declaration files built in 16219ms.
[34m@n8n/design-system:build: [0m[39m
[34m@n8n/design-system:build: [0mcomputing gzip size...
[34m@n8n/design-system:build: [0m[2mdist/[0m[35mstyle.css                           [39m[2m[1m375.19 kB[0m[0m[2m │ gzip:  45.54 kB[0m
[34m@n8n/design-system:build: [0m[2mdist/[0m[36mplugin.js                           [39m[2m[1m  0.07 kB[0m[0m[2m │ gzip:   0.08 kB[0m
[34m@n8n/design-system:build: [0m[2mdist/[0m[36museIconBodyLoader-TKQVcLVc.js       [39m[2m[1m  0.20 kB[0m[0m[2m │ gzip:   0.17 kB[0m
[34m@n8n/design-system:build: [0m[2mdist/[0m[36mplugin-DT0YTbz-.js                  [39m[2m[1m  0.99 kB[0m[0m[2m │ gzip:   0.58 kB[0m
[34m@n8n/design-system:build: [0m[2mdist/[0m[36micons/lucide/index.js               [39m[2m[1m  1.55 kB[0m[0m[2m │ gzip:   0.63 kB[0m
[34m@n8n/design-system:build: [0m[2mdist/[0m[36men-BrDOZbhj.js                      [39m[2m[1m 12.61 kB[0m[0m[2m │ gzip:   3.66 kB[0m
[34m@n8n/design-system:build: [0m[2mdist/[0m[36mlucide-icons-bucket-13-C9gGGcMo.js  [39m[2m[1m 26.05 kB[0m[0m[2m │ gzip:   5.44 kB[0m
[34m@n8n/design-system:build: [0m[2mdist/[0m[36mlucide-icons-bucket-14-BWliLnR1.js  [39m[2m[1m 26.25 kB[0m[0m[2m │ gzip:   5.30 kB[0m
[34m@n8n/design-system:build: [0m[2mdist/[0m[36mlucide-icons-bucket-11-Ds8QwYDh.js  [39m[2m[1m 28.75 kB[0m[0m[2m │ gzip:   6.20 kB[0m
[34m@n8n/design-system:build: [0m[2mdist/[0m[36mlucide-icons-bucket-6-AleswO1A.js   [39m[2m[1m 28.88 kB[0m[0m[2m │ gzip:   5.97 kB[0m
[34m@n8n/design-system:build: [0m[2mdist/[0m[36mlucide-icons-bucket-7-D80iZbJz.js   [39m[2m[1m 29.36 kB[0m[0m[2m │ gzip:   6.38 kB[0m
[34m@n8n/design-system:build: [0m[2mdist/[0m[36mlucide-icons-bucket-9-by9vBB8Z.js   [39m[2m[1m 29.38 kB[0m[0m[2m │ gzip:   6.60 kB[0m
[34m@n8n/design-system:build: [0m[2mdist/[0m[36mlucide-icons-bucket-15-CLY5CBLS.js  [39m[2m[1m 32.27 kB[0m[0m[2m │ gzip:   6.66 kB[0m
[34m@n8n/design-system:build: [0m[2mdist/[0m[36mlucide-icons-bucket-4-BPArXNh5.js   [39m[2m[1m 33.20 kB[0m[0m[2m │ gzip:   6.95 kB[0m
[34m@n8n/design-system:build: [0m[2mdist/[0m[36mlucide-icons-bucket-2-CbY7fxwP.js   [39m[2m[1m 34.51 kB[0m[0m[2m │ gzip:   7.56 kB[0m
[34m@n8n/design-system:build: [0m[2mdist/[0m[36mlucide-icons-bucket-0-DqyR_rVv.js   [39m[2m[1m 34.58 kB[0m[0m[2m │ gzip:   7.09 kB[0m
[34m@n8n/design-system:build: [0m[2mdist/[0m[36mlucide-icons-bucket-1-Bm-V3uZ6.js   [39m[2m[1m 34.74 kB[0m[0m[2m │ gzip:   7.44 kB[0m
[34m@n8n/design-system:build: [0m[2mdist/[0m[36mlucide-icons-bucket-8-pvdXrKbw.js   [39m[2m[1m 35.69 kB[0m[0m[2m │ gzip:   7.80 kB[0m
[34m@n8n/design-system:build: [0m[2mdist/[0m[36mlucide-icons-bucket-3-BETKMrI1.js   [39m[2m[1m 35.69 kB[0m[0m[2m │ gzip:   7.20 kB[0m
[34m@n8n/design-system:build: [0m[2mdist/[0m[36mlucide-icons-bucket-5-BieAWTJB.js   [39m[2m[1m 36.78 kB[0m[0m[2m │ gzip:   7.59 kB[0m
[34m@n8n/design-system:build: [0m[2mdist/[0m[36mlucide-icons-bucket-12-D9Z8UvgY.js  [39m[2m[1m 36.92 kB[0m[0m[2m │ gzip:   7.68 kB[0m
[34m@n8n/design-system:build: [0m[2mdist/[0m[36mlucide-icons-bucket-10-DiRCwi50.js  [39m[2m[1m 37.85 kB[0m[0m[2m │ gzip:   7.78 kB[0m
[34m@n8n/design-system:build: [0m[2mdist/[0m[36mnode-icons-CaKBLFvs.js              [39m[2m[1m 50.40 kB[0m[0m[2m │ gzip:   8.42 kB[0m
[34m@n8n/design-system:build: [0m[2mdist/[0m[36mlucideIconData-CKJ1do82.js          [39m[2m[1m311.95 kB[0m[0m[2m │ gzip:  51.80 kB[0m
[34m@n8n/design-system:build: [0m[2mdist/[0m[36memojiData-zOxnhmb7.js               [39m[2m[1m335.28 kB[0m[0m[2m │ gzip:  56.50 kB[0m
[34m@n8n/design-system:build: [0m[2mdist/[0m[36mindex.js                            [39m[33m[1m670.33 kB[0m[39m[2m │ gzip: 157.11 kB[0m
[34m@n8n/design-system:build: [0m
[34m@n8n/design-system:build: [0m[33m[33m[PLUGIN_TIMINGS] Warning:[0m Your build spent significant time in plugins. Here is a breakdown:
[34m@n8n/design-system:build: [0m  - vite:vue (37%)
[34m@n8n/design-system:build: [0m  - unplugin-icons (20%)
[34m@n8n/design-system:build: [0m  - vite:css (16%)
[34m@n8n/design-system:build: [0m  - vite:dts (15%)
[34m@n8n/design-system:build: [0m  - svg-loader (11%)
[34m@n8n/design-system:build: [0mSee https://rolldown.rs/options/checks#plugintimings for more details.
[34m@n8n/design-system:build: [0m[39m
[34m@n8n/design-system:build: [0m[32m✓ built in 19.20s[39m
[34m@n8n/design-system:build: [0m[36mvite v8.0.2 [32mbuilding client environment for production...[36m[39m
[34m@n8n/design-system:build: [0m[33m[1mDeprecation Warning[0m [[34mglobal-builtin[0m]: Global built-in functions are deprecated and will be removed in Dart Sass 3.0.0.
[34m@n8n/design-system:build: [0mUse color.mix instead.
[34m@n8n/design-system:build: [0m
[34m@n8n/design-system:build: [0mMore info and automated migrator: https://sass-lang.com/d/import
[34m@n8n/design-system:build: [0m
[34m@n8n/design-system:build: [0m[34m   ╷[0m
[34m@n8n/design-system:build: [0m[34m63 │[0m [31m┌[0m           [31mmix([0m
[34m@n8n/design-system:build: [0m[34m64 │[0m [31m│[0m [31m            $mix-color,[0m
[34m@n8n/design-system:build: [0m[34m65 │[0m [31m│[0m [31m            map.get($colors, $type, 'base'),[0m
[34m@n8n/design-system:build: [0m[34m66 │[0m [31m│[0m [31m            math.percentage(math.div($number, 10))[0m
[34m@n8n/design-system:build: [0m[34m67 │[0m [31m│[0m [31m          )[0m,
[34m@n8n/design-system:build: [0m[34m   │[0m [31m└[0m[31m───────────^[0m
[34m@n8n/design-system:build: [0m[34m   ╵[0m
[34m@n8n/design-system:build: [0m    /Users/romeobalta/work/n8n/worktrees/nudge-manual-builders-to-aia/node_modules/.pnpm/element-plus@2.4.3_patch_hash=fbab57fe3750e430abd5d5e7c04cbf1b6a8f9f1c9676b14c73b77d3e0_ad2671a9dc4701bd91b53b83324d31e0/node_modules/element-plus/theme-chalk/src/common/var.scss 63:11   set-color-mix-level()
[34m@n8n/design-system:build: [0m    /Users/romeobalta/work/n8n/worktrees/nudge-manual-builders-to-aia/node_modules/.pnpm/element-plus@2.4.3_patch_hash=fbab57fe3750e430abd5d5e7c04cbf1b6a8f9f1c9676b14c73b77d3e0_ad2671a9dc4701bd91b53b83324d31e0/node_modules/element-plus/theme-chalk/src/common/var.scss 87:5    @use
[34m@n8n/design-system:build: [0m    /Users/romeobalta/work/n8n/worktrees/nudge-manual-builders-to-aia/node_modules/.pnpm/element-plus@2.4.3_patch_hash=fbab57fe3750e430abd5d5e7c04cbf1b6a8f9f1c9676b14c73b77d3e0_ad2671a9dc4701bd91b53b83324d31e0/node_modules/element-plus/theme-chalk/src/mixins/mixins.scss 2:1  @use
[34m@n8n/design-system:build: [0m    /Users/romeobalta/work/n8n/worktrees/nudge-manual-builders-to-aia/node_modules/.pnpm/element-plus@2.4.3_patch_hash=fbab57fe3750e430abd5d5e7c04cbf1b6a8f9f1c9676b14c73b77d3e0_ad2671a9dc4701bd91b53b83324d31e0/node_modules/element-plus/theme-chalk/src/slider.scss 3:1         @use
[34m@n8n/design-system:build: [0m    /Users/romeobalta/work/n8n/worktrees/nudge-manual-builders-to-aia/packages/frontend/@n8n/design-system/src/css/slider.scss 7:1                                                                                                                                                  @use
[34m@n8n/design-system:build: [0m    /Users/romeobalta/work/n8n/worktrees/nudge-manual-builders-to-aia/packages/frontend/@n8n/design-system/src/css/index.scss 15:1                                                                                                                                                  root stylesheet
[34m@n8n/design-system:build: [0m
[34m@n8n/design-system:build: [0m[33m[1mDeprecation Warning[0m [[34mglobal-builtin[0m]: Global built-in functions are deprecated and will be removed in Dart Sass 3.0.0.
[34m@n8n/design-system:build: [0mUse meta.inspect instead.
[34m@n8n/design-system:build: [0m
[34m@n8n/design-system:build: [0mMore info and automated migrator: https://sass-lang.com/d/import
[34m@n8n/design-system:build: [0m
[34m@n8n/design-system:build: [0m[34m  ╷[0m
[34m@n8n/design-system:build: [0m[34m5 │[0m   $selector: [31minspect($selector)[0m;
[34m@n8n/design-system:build: [0m[34m  │[0m [31m             ^^^^^^^^^^^^^^^^^^[0m
[34m@n8n/design-system:build: [0m[34m  ╵[0m
[34m@n8n/design-system:build: [0m    /Users/romeobalta/work/n8n/worktrees/nudge-manual-builders-to-aia/node_modules/.pnpm/element-plus@2.4.3_patch_hash=fbab57fe3750e430abd5d5e7c04cbf1b6a8f9f1c9676b14c73b77d3e0_ad2671a9dc4701bd91b53b83324d31e0/node_modules/element-plus/theme-chalk/src/mixins/function.scss 5:14   selectorToString()
[34m@n8n/design-system:build: [0m    /Users/romeobalta/work/n8n/worktrees/nudge-manual-builders-to-aia/node_modules/.pnpm/element-plus@2.4.3_patch_hash=fbab57fe3750e430abd5d5e7c04cbf1b6a8f9f1c9676b14c73b77d3e0_ad2671a9dc4701bd91b53b83324d31e0/node_modules/element-plus/theme-chalk/src/mixins/function.scss 11:14  containsModifier()
[34m@n8n/design-system:build: [0m    /Users/romeobalta/work/n8n/worktrees/nudge-manual-builders-to-aia/node_modules/.pnpm/element-plus@2.4.3_patch_hash=fbab57fe3750e430abd5d5e7c04cbf1b6a8f9f1c9676b14c73b77d3e0_ad2671a9dc4701bd91b53b83324d31e0/node_modules/element-plus/theme-chalk/src/mixins/function.scss 41:11  hitAllSpecialNestRule()
[34m@n8n/design-system:build: [0m    /Users/romeobalta/work/n8n/worktrees/nudge-manual-builders-to-aia/node_modules/.pnpm/element-plus@2.4.3_patch_hash=fbab57fe3750e430abd5d5e7c04cbf1b6a8f9f1c9676b14c73b77d3e0_ad2671a9dc4701bd91b53b83324d31e0/node_modules/element-plus/theme-chalk/src/mixins/mixins.scss 77:7     e()
[34m@n8n/design-system:build: [0m    /Users/romeobalta/work/n8n/worktrees/nudge-manual-builders-to-aia/node_modules/.pnpm/element-plus@2.4.3_patch_hash=fbab57fe3750e430abd5d5e7c04cbf1b6a8f9f1c9676b14c73b77d3e0_ad2671a9dc4701bd91b53b83324d31e0/node_modules/element-plus/theme-chalk/src/slider.scss 28:3            @content
[34m@n8n/design-system:build: [0m    /Users/romeobalta/work/n8n/worktrees/nudge-manual-builders-to-aia/node_modules/.pnpm/element-plus@2.4.3_patch_hash=fbab57fe3750e430abd5d5e7c04cbf1b6a8f9f1c9676b14c73b77d3e0_ad2671a9dc4701bd91b53b83324d31e0/node_modules/element-plus/theme-chalk/src/mixins/mixins.scss 60:5     b()
[34m@n8n/design-system:build: [0m    /Users/romeobalta/work/n8n/worktrees/nudge-manual-builders-to-aia/node_modules/.pnpm/element-plus@2.4.3_patch_hash=fbab57fe3750e430abd5d5e7c04cbf1b6a8f9f1c9676b14c73b77d3e0_ad2671a9dc4701bd91b53b83324d31e0/node_modules/element-plus/theme-chalk/src/slider.scss 22:1            @use
[34m@n8n/design-system:build: [0m    /Users/romeobalta/work/n8n/worktrees/nudge-manual-builders-to-aia/packages/frontend/@n8n/design-system/src/css/slider.scss 7:1                                                                                                                                                      @use
[34m@n8n/design-system:build: [0m    /Users/romeobalta/work/n8n/worktrees/nudge-manual-builders-to-aia/packages/frontend/@n8n/design-system/src/css/index.scss 15:1                                                                                                                                                      root stylesheet
[34m@n8n/design-system:build: [0m
[34m@n8n/design-system:build: [0m[33m[1mDeprecation Warning[0m [[34mglobal-builtin[0m]: Global built-in functions are deprecated and will be removed in Dart Sass 3.0.0.
[34m@n8n/design-system:build: [0mUse string.slice instead.
[34m@n8n/design-system:build: [0m
[34m@n8n/design-system:build: [0mMore info and automated migrator: https://sass-lang.com/d/import
[34m@n8n/design-system:build: [0m
[34m@n8n/design-system:build: [0m[34m  ╷[0m
[34m@n8n/design-system:build: [0m[34m6 │[0m   $selector: [31mstr-slice($selector, 2, -2)[0m;
[34m@n8n/design-system:build: [0m[34m  │[0m [31m             ^^^^^^^^^^^^^^^^^^^^^^^^^^^[0m
[34m@n8n/design-system:build: [0m[34m  ╵[0m
[34m@n8n/design-system:build: [0m    /Users/romeobalta/work/n8n/worktrees/nudge-manual-builders-to-aia/node_modules/.pnpm/element-plus@2.4.3_patch_hash=fbab57fe3750e430abd5d5e7c04cbf1b6a8f9f1c9676b14c73b77d3e0_ad2671a9dc4701bd91b53b83324d31e0/node_modules/element-plus/theme-chalk/src/mixins/function.scss 6:14   selectorToString()
[34m@n8n/design-system:build: [0m    /Users/romeobalta/work/n8n/worktrees/nudge-manual-builders-to-aia/node_modules/.pnpm/element-plus@2.4.3_patch_hash=fbab57fe3750e430abd5d5e7c04cbf1b6a8f9f1c9676b14c73b77d3e0_ad2671a9dc4701bd91b53b83324d31e0/node_modules/element-plus/theme-chalk/src/mixins/function.scss 11:14  containsModifier()
[34m@n8n/design-system:build: [0m    /Users/romeobalta/work/n8n/worktrees/nudge-manual-builders-to-aia/node_modules/.pnpm/element-plus@2.4.3_patch_hash=fbab57fe3750e430abd5d5e7c04cbf1b6a8f9f1c9676b14c73b77d3e0_ad2671a9dc4701bd91b53b83324d31e0/node_modules/element-plus/theme-chalk/src/mixins/function.scss 41:11  hitAllSpecialNestRule()
[34m@n8n/design-system:build: [0m    /Users/romeobalta/work/n8n/worktrees/nudge-manual-builders-to-aia/node_modules/.pnpm/element-plus@2.4.3_patch_hash=fbab57fe3750e430abd5d5e7c04cbf1b6a8f9f1c9676b14c73b77d3e0_ad2671a9dc4701bd91b53b83324d31e0/node_modules/element-plus/theme-chalk/src/mixins/mixins.scss 77:7     e()
[34m@n8n/design-system:build: [0m    /Users/romeobalta/work/n8n/worktrees/nudge-manual-builders-to-aia/node_modules/.pnpm/element-plus@2.4.3_patch_hash=fbab57fe3750e430abd5d5e7c04cbf1b6a8f9f1c9676b14c73b77d3e0_ad2671a9dc4701bd91b53b83324d31e0/node_modules/element-plus/theme-chalk/src/slider.scss 28:3            @content
[34m@n8n/design-system:build: [0m    /Users/romeobalta/work/n8n/worktrees/nudge-manual-builders-to-aia/node_modules/.pnpm/element-plus@2.4.3_patch_hash=fbab57fe3750e430abd5d5e7c04cbf1b6a8f9f1c9676b14c73b77d3e0_ad2671a9dc4701bd91b53b83324d31e0/node_modules/element-plus/theme-chalk/src/mixins/mixins.scss 60:5     b()
[34m@n8n/design-system:build: [0m    /Users/romeobalta/work/n8n/worktrees/nudge-manual-builders-to-aia/node_modules/.pnpm/element-plus@2.4.3_patch_hash=fbab57fe3750e430abd5d5e7c04cbf1b6a8f9f1c9676b14c73b77d3e0_ad2671a9dc4701bd91b53b83324d31e0/node_modules/element-plus/theme-chalk/src/slider.scss 22:1            @use
[34m@n8n/design-system:build: [0m    /Users/romeobalta/work/n8n/worktrees/nudge-manual-builders-to-aia/packages/frontend/@n8n/design-system/src/css/slider.scss 7:1                                                                                                                                                      @use
[34m@n8n/design-system:build: [0m    /Users/romeobalta/work/n8n/worktrees/nudge-manual-builders-to-aia/packages/frontend/@n8n/design-system/src/css/index.scss 15:1                                                                                                                                                      root stylesheet
[34m@n8n/design-system:build: [0m
[34m@n8n/design-system:build: [0m[33m[1mDeprecation Warning[0m [[34mglobal-builtin[0m]: Global built-in functions are deprecated and will be removed in Dart Sass 3.0.0.
[34m@n8n/design-system:build: [0mUse string.index instead.
[34m@n8n/design-system:build: [0m
[34m@n8n/design-system:build: [0mMore info and automated migrator: https://sass-lang.com/d/import
[34m@n8n/design-system:build: [0m
[34m@n8n/design-system:build: [0m[34m   ╷[0m
[34m@n8n/design-system:build: [0m[34m13 │[0m   @if [31mstr-index($selector, config.$modifier-separator)[0m {
[34m@n8n/design-system:build: [0m[34m   │[0m [31m      ^^^^^^^^^^^^^^^^^^^^^^^^^^^^^^^^^^^^^^^^^^^^^^^^[0m
[34m@n8n/design-system:build: [0m[34m   ╵[0m
[34m@n8n/design-system:build: [0m    /Users/romeobalta/work/n8n/worktrees/nudge-manual-builders-to-aia/node_modules/.pnpm/element-plus@2.4.3_patch_hash=fbab57fe3750e430abd5d5e7c04cbf1b6a8f9f1c9676b14c73b77d3e0_ad2671a9dc4701bd91b53b83324d31e0/node_modules/element-plus/theme-chalk/src/mixins/function.scss 13:7   containsModifier()
[34m@n8n/design-system:build: [0m    /Users/romeobalta/work/n8n/worktrees/nudge-manual-builders-to-aia/node_modules/.pnpm/element-plus@2.4.3_patch_hash=fbab57fe3750e430abd5d5e7c04cbf1b6a8f9f1c9676b14c73b77d3e0_ad2671a9dc4701bd91b53b83324d31e0/node_modules/element-plus/theme-chalk/src/mixins/function.scss 41:11  hitAllSpecialNestRule()
[34m@n8n/design-system:build: [0m    /Users/romeobalta/work/n8n/worktrees/nudge-manual-builders-to-aia/node_modules/.pnpm/element-plus@2.4.3_patch_hash=fbab57fe3750e430abd5d5e7c04cbf1b6a8f9f1c9676b14c73b77d3e0_ad2671a9dc4701bd91b53b83324d31e0/node_modules/element-plus/theme-chalk/src/mixins/mixins.scss 77:7     e()
[34m@n8n/design-system:build: [0m    /Users/romeobalta/work/n8n/worktrees/nudge-manual-builders-to-aia/node_modules/.pnpm/element-plus@2.4.3_patch_hash=fbab57fe3750e430abd5d5e7c04cbf1b6a8f9f1c9676b14c73b77d3e0_ad2671a9dc4701bd91b53b83324d31e0/node_modules/element-plus/theme-chalk/src/slider.scss 28:3            @content
[34m@n8n/design-system:build: [0m    /Users/romeobalta/work/n8n/worktrees/nudge-manual-builders-to-aia/node_modules/.pnpm/element-plus@2.4.3_patch_hash=fbab57fe3750e430abd5d5e7c04cbf1b6a8f9f1c9676b14c73b77d3e0_ad2671a9dc4701bd91b53b83324d31e0/node_modules/element-plus/theme-chalk/src/mixins/mixins.scss 60:5     b()
[34m@n8n/design-system:build: [0m    /Users/romeobalta/work/n8n/worktrees/nudge-manual-builders-to-aia/node_modules/.pnpm/element-plus@2.4.3_patch_hash=fbab57fe3750e430abd5d5e7c04cbf1b6a8f9f1c9676b14c73b77d3e0_ad2671a9dc4701bd91b53b83324d31e0/node_modules/element-plus/theme-chalk/src/slider.scss 22:1            @use
[34m@n8n/design-system:build: [0m    /Users/romeobalta/work/n8n/worktrees/nudge-manual-builders-to-aia/packages/frontend/@n8n/design-system/src/css/slider.scss 7:1                                                                                                                                                      @use
[34m@n8n/design-system:build: [0m    /Users/romeobalta/work/n8n/worktrees/nudge-manual-builders-to-aia/packages/frontend/@n8n/design-system/src/css/index.scss 15:1                                                                                                                                                      root stylesheet
[34m@n8n/design-system:build: [0m
[34m@n8n/design-system:build: [0m[33m[1mDeprecation Warning[0m [[34mglobal-builtin[0m]: Global built-in functions are deprecated and will be removed in Dart Sass 3.0.0.
[34m@n8n/design-system:build: [0mUse string.index instead.
[34m@n8n/design-system:build: [0m
[34m@n8n/design-system:build: [0mMore info and automated migrator: https://sass-lang.com/d/import
[34m@n8n/design-system:build: [0m
[34m@n8n/design-system:build: [0m[34m   ╷[0m
[34m@n8n/design-system:build: [0m[34m23 │[0m   @if [31mstr-index($selector, '.' + config.$state-prefix)[0m {
[34m@n8n/design-system:build: [0m[34m   │[0m [31m      ^^^^^^^^^^^^^^^^^^^^^^^^^^^^^^^^^^^^^^^^^^^^^^^^[0m
[34m@n8n/design-system:build: [0m[34m   ╵[0m
[34m@n8n/design-system:build: [0m    /Users/romeobalta/work/n8n/worktrees/nudge-manual-builders-to-aia/node_modules/.pnpm/element-plus@2.4.3_patch_hash=fbab57fe3750e430abd5d5e7c04cbf1b6a8f9f1c9676b14c73b77d3e0_ad2671a9dc4701bd91b53b83324d31e0/node_modules/element-plus/theme-chalk/src/mixins/function.scss 23:7   containWhenFlag()
[34m@n8n/design-system:build: [0m    /Users/romeobalta/work/n8n/worktrees/nudge-manual-builders-to-aia/node_modules/.pnpm/element-plus@2.4.3_patch_hash=fbab57fe3750e430abd5d5e7c04cbf1b6a8f9f1c9676b14c73b77d3e0_ad2671a9dc4701bd91b53b83324d31e0/node_modules/element-plus/theme-chalk/src/mixins/function.scss 41:42  hitAllSpecialNestRule()
[34m@n8n/design-system:build: [0m    /Users/romeobalta/work/n8n/worktrees/nudge-manual-builders-to-aia/node_modules/.pnpm/element-plus@2.4.3_patch_hash=fbab57fe3750e430abd5d5e7c04cbf1b6a8f9f1c9676b14c73b77d3e0_ad2671a9dc4701bd91b53b83324d31e0/node_modules/element-plus/theme-chalk/src/mixins/mixins.scss 77:7     e()
[34m@n8n/design-system:build: [0m    /Users/romeobalta/work/n8n/worktrees/nudge-manual-builders-to-aia/node_modules/.pnpm/element-plus@2.4.3_patch_hash=fbab57fe3750e430abd5d5e7c04cbf1b6a8f9f1c9676b14c73b77d3e0_ad2671a9dc4701bd91b53b83324d31e0/node_modules/element-plus/theme-chalk/src/slider.scss 28:3            @content
[34m@n8n/design-system:build: [0m    /Users/romeobalta/work/n8n/worktrees/nudge-manual-builders-to-aia/node_modules/.pnpm/element-plus@2.4.3_patch_hash=fbab57fe3750e430abd5d5e7c04cbf1b6a8f9f1c9676b14c73b77d3e0_ad2671a9dc4701bd91b53b83324d31e0/node_modules/element-plus/theme-chalk/src/mixins/mixins.scss 60:5     b()
[34m@n8n/design-system:build: [0m    /Users/romeobalta/work/n8n/worktrees/nudge-manual-builders-to-aia/node_modules/.pnpm/element-plus@2.4.3_patch_hash=fbab57fe3750e430abd5d5e7c04cbf1b6a8f9f1c9676b14c73b77d3e0_ad2671a9dc4701bd91b53b83324d31e0/node_modules/element-plus/theme-chalk/src/slider.scss 22:1            @use
[34m@n8n/design-system:build: [0m    /Users/romeobalta/work/n8n/worktrees/nudge-manual-builders-to-aia/packages/frontend/@n8n/design-system/src/css/slider.scss 7:1                                                                                                                                                      @use
[34m@n8n/design-system:build: [0m    /Users/romeobalta/work/n8n/worktrees/nudge-manual-builders-to-aia/packages/frontend/@n8n/design-system/src/css/index.scss 15:1                                                                                                                                                      root stylesheet
[34m@n8n/design-system:build: [0m
[34m@n8n/design-system:build: [0m[33m[1mWarning[0m: 1 repetitive deprecation warnings omitted.
[34m@n8n/design-system:build: [0mRun in verbose mode to see all warnings.
[34m@n8n/design-system:build: [0m
[34m@n8n/design-system:build: [0m[2K[34m@n8n/design-system:build: [0mtransforming...[32m✓[39m 2 modules transformed.
[34m@n8n/design-system:build: [0mrendering chunks...
[34m@n8n/design-system:build: [0mcomputing gzip size...
[34m@n8n/design-system:build: [0m[2mdist/[0m[2massets/[0m[32melement-icons.woff          [39m[2m[1m 28.20 kB[0m[0m
[34m@n8n/design-system:build: [0m[2mdist/[0m[2massets/[0m[32melement-icons.ttf           [39m[2m[1m 55.95 kB[0m[0m
[34m@n8n/design-system:build: [0m[2mdist/[0m[2massets/[0m[32mCommitMonoVariable.woff2    [39m[2m[1m 86.76 kB[0m[0m
[34m@n8n/design-system:build: [0m[2mdist/[0m[2massets/[0m[32mInterVariable.woff2         [39m[2m[1m352.24 kB[0m[0m
[34m@n8n/design-system:build: [0m[2mdist/[0m[2massets/[0m[32mInterVariable-Italic.woff2  [39m[2m[1m387.97 kB[0m[0m
[34m@n8n/design-system:build: [0m[2mdist/[0m[35mtheme.css                          [39m[2m[1m331.20 kB[0m[0m[2m │ gzip: 41.72 kB[0m
[34m@n8n/design-system:build: [0m
[34m@n8n/design-system:build: [0m[32m✓ built in 352ms[39m
[36m@n8n/design-system:typecheck: [0mcache miss, executing [2m417731554ce59943[0m
[33m@n8n/workflow-sdk:typecheck: [0m
[33m@n8n/workflow-sdk:typecheck: [0m> @n8n/workflow-sdk@0.29.0 typecheck /Users/romeobalta/work/n8n/worktrees/nudge-manual-builders-to-aia/packages/@n8n/workflow-sdk
[33m@n8n/workflow-sdk:typecheck: [0m> tsc --noEmit
[33m@n8n/workflow-sdk:typecheck: [0m
[35m@n8n/backend-common:build: [0mcache hit, replaying logs [2mb6a4330939e13ce1[0m
[35m@n8n/backend-common:build: [0m
[35m@n8n/backend-common:build: [0m> @n8n/backend-common@1.36.0 build /Users/romeobalta/work/n8n/worktrees/nudge-manual-builders-to-aia/packages/@n8n/backend-common
[35m@n8n/backend-common:build: [0m> tsc -p tsconfig.build.json
[35m@n8n/backend-common:build: [0m
[32m@n8n/backend-common:typecheck: [0mcache miss, executing [2m2e0802c36871eeab[0m
[33m@n8n/stores:build: [0mcache hit, replaying logs [2mc26ccd666732c862[0m
[33m@n8n/stores:build: [0m
[33m@n8n/stores:build: [0m> @n8n/stores@2.36.0 build /Users/romeobalta/work/n8n/worktrees/nudge-manual-builders-to-aia/packages/frontend/@n8n/stores
[33m@n8n/stores:build: [0m> tsdown
[33m@n8n/stores:build: [0m
[33m@n8n/stores:build: [0m[34mℹ[39m tsdown [2mv0.16.5[22m powered by rolldown [2mv1.0.0-beta.50[22m
[33m@n8n/stores:build: [0m[34mℹ[39m Using tsdown config: [4m/Users/romeobalta/work/n8n/worktrees/nudge-manual-builders-to-aia/packages/frontend/@n8n/stores/tsdown.config.ts[24m
[33m@n8n/stores:build: [0m[34mℹ[39m entry: [34msrc/cloudPlan.store.ts, src/constants.ts, src/index.ts, src/invitation.api.ts, src/metaTagConfig.ts, src/modalOpeners.ts, src/notifications.store.ts, src/onboarding.api.ts, src/rbac.store.ts, src/roles.store.ts, src/settings.store.ts, src/useAgentRequestStore.ts, src/useRootStore.ts, src/users.store.ts, src/versions.store.ts, src/composables/useBasePageRedirectionHelper.ts, src/types/pageRedirection.ts[39m
[33m@n8n/stores:build: [0m[34mℹ[39m tsconfig: [34mtsconfig.json[39m
[33m@n8n/stores:build: [0m[34mℹ[39m Build start
[33m@n8n/stores:build: [0m[34mℹ[39m Cleaning 124 files
[33m@n8n/stores:build: [0m[34mℹ[39m [33m[CJS][39m [2mdist/[22m[1mcomposables/useBasePageRedirectionHelper.cjs[22m      [2m 4.46 kB[22m [2m│ gzip: 1.52 kB[22m
[33m@n8n/stores:build: [0m[34mℹ[39m [33m[CJS][39m [2mdist/[22m[1mroles.store.cjs[22m                                   [2m 4.16 kB[22m [2m│ gzip: 1.13 kB[22m
[33m@n8n/stores:build: [0m[34mℹ[39m [33m[CJS][39m [2mdist/[22m[1mrbac.store.cjs[22m                                    [2m 3.06 kB[22m [2m│ gzip: 0.96 kB[22m
[33m@n8n/stores:build: [0m[34mℹ[39m [33m[CJS][39m [2mdist/[22m[1museAgentRequestStore.cjs[22m                          [2m 1.96 kB[22m [2m│ gzip: 0.59 kB[22m
[33m@n8n/stores:build: [0m[34mℹ[39m [33m[CJS][39m [2mdist/[22m[1mnotifications.store.cjs[22m                           [2m 0.99 kB[22m [2m│ gzip: 0.41 kB[22m
[33m@n8n/stores:build: [0m[34mℹ[39m [33m[CJS][39m [2mdist/[22m[1mversions.store.cjs[22m                                [2m 0.42 kB[22m [2m│ gzip: 0.19 kB[22m
[33m@n8n/stores:build: [0m[34mℹ[39m [33m[CJS][39m [2mdist/[22m[1musers.store.cjs[22m                                   [2m 0.31 kB[22m [2m│ gzip: 0.16 kB[22m
[33m@n8n/stores:build: [0m[34mℹ[39m [33m[CJS][39m [2mdist/[22m[1mcloudPlan.store.cjs[22m                               [2m 0.27 kB[22m [2m│ gzip: 0.14 kB[22m
[33m@n8n/stores:build: [0m[34mℹ[39m [33m[CJS][39m [2mdist/[22m[1mmetaTagConfig.cjs[22m                                 [2m 0.23 kB[22m [2m│ gzip: 0.11 kB[22m
[33m@n8n/stores:build: [0m[34mℹ[39m [33m[CJS][39m [2mdist/[22m[1msettings.store.cjs[22m                                [2m 0.23 kB[22m [2m│ gzip: 0.13 kB[22m
[33m@n8n/stores:build: [0m[34mℹ[39m [33m[CJS][39m [2mdist/[22m[1minvitation.api.cjs[22m                                [2m 0.19 kB[22m [2m│ gzip: 0.11 kB[22m
[33m@n8n/stores:build: [0m[34mℹ[39m [33m[CJS][39m [2mdist/[22m[1museRootStore.cjs[22m                                  [2m 0.18 kB[22m [2m│ gzip: 0.11 kB[22m
[33m@n8n/stores:build: [0m[34mℹ[39m [33m[CJS][39m [2mdist/[22m[1monboarding.api.cjs[22m                                [2m 0.14 kB[22m [2m│ gzip: 0.11 kB[22m
[33m@n8n/stores:build: [0m[34mℹ[39m [33m[CJS][39m [2mdist/[22m[1mconstants.cjs[22m                                     [2m 0.10 kB[22m [2m│ gzip: 0.08 kB[22m
[33m@n8n/stores:build: [0m[34mℹ[39m [33m[CJS][39m [2mdist/[22m[1mindex.cjs[22m                                         [2m 0.10 kB[22m [2m│ gzip: 0.08 kB[22m
[33m@n8n/stores:build: [0m[34mℹ[39m [33m[CJS][39m [2mdist/[22m[1mmodalOpeners.cjs[22m                                  [2m 0.00 kB[22m [2m│ gzip: 0.02 kB[22m
[33m@n8n/stores:build: [0m[34mℹ[39m [33m[CJS][39m [2mdist/[22m[1mtypes/pageRedirection.cjs[22m                         [2m 0.00 kB[22m [2m│ gzip: 0.02 kB[22m
[33m@n8n/stores:build: [0m[34mℹ[39m [33m[CJS][39m [2mdist/[22msettings2.store.cjs.map                           [2m26.95 kB[22m [2m│ gzip: 7.00 kB[22m
[33m@n8n/stores:build: [0m[34mℹ[39m [33m[CJS][39m [2mdist/[22musers2.store.cjs.map                              [2m24.25 kB[22m [2m│ gzip: 6.54 kB[22m
[33m@n8n/stores:build: [0m[34mℹ[39m [33m[CJS][39m [2mdist/[22msettings2.store.cjs                               [2m19.78 kB[22m [2m│ gzip: 4.92 kB[22m
[33m@n8n/stores:build: [0m[34mℹ[39m [33m[CJS][39m [2mdist/[22mversions2.store.cjs.map                           [2m15.15 kB[22m [2m│ gzip: 4.54 kB[22m
[33m@n8n/stores:build: [0m[34mℹ[39m [33m[CJS][39m [2mdist/[22mcloudPlan2.store.cjs.map                          [2m14.53 kB[22m [2m│ gzip: 4.31 kB[22m
[33m@n8n/stores:build: [0m[34mℹ[39m [33m[CJS][39m [2mdist/[22musers2.store.cjs                                  [2m14.19 kB[22m [2m│ gzip: 3.32 kB[22m
[33m@n8n/stores:build: [0m[34mℹ[39m [33m[CJS][39m [2mdist/[22museRootStore2.cjs.map                             [2m11.43 kB[22m [2m│ gzip: 2.42 kB[22m
[33m@n8n/stores:build: [0m[34mℹ[39m [33m[CJS][39m [2mdist/[22mversions2.store.cjs                               [2m 9.36 kB[22m [2m│ gzip: 2.68 kB[22m
[33m@n8n/stores:build: [0m[34mℹ[39m [33m[CJS][39m [2mdist/[22mcloudPlan2.store.cjs                              [2m 8.50 kB[22m [2m│ gzip: 2.39 kB[22m
[33m@n8n/stores:build: [0m[34mℹ[39m [33m[CJS][39m [2mdist/[22mroles.store.cjs.map                               [2m 6.95 kB[22m [2m│ gzip: 1.97 kB[22m
[33m@n8n/stores:build: [0m[34mℹ[39m [33m[CJS][39m [2mdist/[22mcomposables/useBasePageRedirectionHelper.cjs.map  [2m 6.71 kB[22m [2m│ gzip: 2.37 kB[22m
[33m@n8n/stores:build: [0m[34mℹ[39m [33m[CJS][39m [2mdist/[22museRootStore2.cjs                                 [2m 6.68 kB[22m [2m│ gzip: 1.48 kB[22m
[33m@n8n/stores:build: [0m[34mℹ[39m [33m[CJS][39m [2mdist/[22mrbac.store.cjs.map                                [2m 5.80 kB[22m [2m│ gzip: 1.66 kB[22m
[33m@n8n/stores:build: [0m[34mℹ[39m [33m[CJS][39m [2mdist/[22museAgentRequestStore.cjs.map                      [2m 3.65 kB[22m [2m│ gzip: 1.14 kB[22m
[33m@n8n/stores:build: [0m[34mℹ[39m [33m[CJS][39m [2mdist/[22mconstants2.cjs.map                                [2m 3.20 kB[22m [2m│ gzip: 1.38 kB[22m
[33m@n8n/stores:build: [0m[34mℹ[39m [33m[CJS][39m [2mdist/[22mconstants2.cjs                                    [2m 2.39 kB[22m [2m│ gzip: 1.16 kB[22m
[33m@n8n/stores:build: [0m[34mℹ[39m [33m[CJS][39m [2mdist/[22mmetaTagConfig2.cjs.map                            [2m 1.85 kB[22m [2m│ gzip: 0.76 kB[22m
[33m@n8n/stores:build: [0m[34mℹ[39m [33m[CJS][39m [2mdist/[22mnotifications.store.cjs.map                       [2m 1.69 kB[22m [2m│ gzip: 0.72 kB[22m
[33m@n8n/stores:build: [0m[34mℹ[39m [33m[CJS][39m [2mdist/[22minvitation2.api.cjs.map                           [2m 1.55 kB[22m [2m│ gzip: 0.69 kB[22m
[33m@n8n/stores:build: [0m[34mℹ[39m [33m[CJS][39m [2mdist/[22mmetaTagConfig2.cjs                                [2m 1.34 kB[22m [2m│ gzip: 0.51 kB[22m
[33m@n8n/stores:build: [0m[34mℹ[39m [33m[CJS][39m [2mdist/[22monboarding2.api.cjs.map                           [2m 1.05 kB[22m [2m│ gzip: 0.62 kB[22m
[33m@n8n/stores:build: [0m[34mℹ[39m [33m[CJS][39m [2mdist/[22minvitation2.api.cjs                               [2m 0.84 kB[22m [2m│ gzip: 0.38 kB[22m
[33m@n8n/stores:build: [0m[34mℹ[39m [33m[CJS][39m [2mdist/[22monboarding2.api.cjs                               [2m 0.77 kB[22m [2m│ gzip: 0.46 kB[22m
[33m@n8n/stores:build: [0m[34mℹ[39m [33m[CJS][39m 40 files, total: 205.41 kB
[33m@n8n/stores:build: [0m[33m[EMPTY_IMPORT_META] Warning:[0m `import.meta` may not be a valid syntax with the `cjs` output format.
[33m@n8n/stores:build: [0m    [38;5;246m╭[0m[38;5;246m─[0m[38;5;246m[[0m src/versions.store.ts:60:7 [38;5;246m][0m
[33m@n8n/stores:build: [0m    [38;5;246m│[0m
[33m@n8n/stores:build: [0m [38;5;246m60 │[0m [38;5;249m [0m[38;5;249m [0m[38;5;249m [0m[38;5;249m [0m[38;5;249m [0m[38;5;249m [0m[38;5;249m [0m[38;5;249mi[0m[38;5;249mf[0m[38;5;249m [0m[38;5;249m([0mimport.meta[38;5;249m.[0m[38;5;249me[0m[38;5;249mn[0m[38;5;249mv[0m[38;5;249m.[0m[38;5;249mD[0m[38;5;249mE[0m[38;5;249mV[0m[38;5;249m)[0m[38;5;249m [0m[38;5;249m{[0m
[33m@n8n/stores:build: [0m [38;5;240m   │[0m            ─────┬─────  
[33m@n8n/stores:build: [0m [38;5;240m   │[0m                 ╰─────── This `import.meta` will be replaced with an empty object (`{}`) automatically. If this is desired, you can suppress this warning by adding `transform.define: { 'import.meta': {} }`. If `import.meta` needs to be kept as-is, you need to set the output format to `esm`.
[33m@n8n/stores:build: [0m[38;5;246m────╯[0m
[33m@n8n/stores:build: [0m
[33m@n8n/stores:build: [0m[33m[EMPTY_IMPORT_META] Warning:[0m `import.meta` may not be a valid syntax with the `cjs` output format.
[33m@n8n/stores:build: [0m   [38;5;246m╭[0m[38;5;246m─[0m[38;5;246m[[0m src/useRootStore.ts:8:34 [38;5;246m][0m
[33m@n8n/stores:build: [0m   [38;5;246m│[0m
[33m@n8n/stores:build: [0m [38;5;246m8 │[0m [38;5;249mc[0m[38;5;249mo[0m[38;5;249mn[0m[38;5;249ms[0m[38;5;249mt[0m[38;5;249m [0m[38;5;249m{[0m[38;5;249m [0m[38;5;249mV[0m[38;5;249mU[0m[38;5;249mE[0m[38;5;249m_[0m[38;5;249mA[0m[38;5;249mP[0m[38;5;249mP[0m[38;5;249m_[0m[38;5;249mU[0m[38;5;249mR[0m[38;5;249mL[0m[38;5;249m_[0m[38;5;249mB[0m[38;5;249mA[0m[38;5;249mS[0m[38;5;249mE[0m[38;5;249m_[0m[38;5;249mA[0m[38;5;249mP[0m[38;5;249mI[0m[38;5;249m [0m[38;5;249m}[0m[38;5;249m [0m[38;5;249m=[0m[38;5;249m [0mimport.meta[38;5;249m.[0m[38;5;249me[0m[38;5;249mn[0m[38;5;249mv[0m[38;5;249m;[0m
[33m@n8n/stores:build: [0m [38;5;240m  │[0m                                  ─────┬─────  
[33m@n8n/stores:build: [0m [38;5;240m  │[0m                                       ╰─────── This `import.meta` will be replaced with an empty object (`{}`) automatically. If this is desired, you can suppress this warning by adding `transform.define: { 'import.meta': {} }`. If `import.meta` needs to be kept as-is, you need to set the output format to `esm`.
[33m@n8n/stores:build: [0m[38;5;246m───╯[0m
[33m@n8n/stores:build: [0m
[33m@n8n/stores:build: [0m[33m[EMPTY_IMPORT_META] Warning:[0m `import.meta` may not be a valid syntax with the `cjs` output format.
[33m@n8n/stores:build: [0m    [38;5;246m╭[0m[38;5;246m─[0m[38;5;246m[[0m src/users.store.ts:64:7 [38;5;246m][0m
[33m@n8n/stores:build: [0m    [38;5;246m│[0m
[33m@n8n/stores:build: [0m [38;5;246m64 │[0m [38;5;249m [0m[38;5;249m [0m[38;5;249m [0m[38;5;249m [0m[38;5;249m [0m[38;5;249m [0m[38;5;249m [0m[38;5;249mi[0m[38;5;249mf[0m[38;5;249m [0m[38;5;249m([0mimport.meta[38;5;249m.[0m[38;5;249me[0m[38;5;249mn[0m[38;5;249mv[0m[38;5;249m.[0m[38;5;249mD[0m[38;5;249mE[0m[38;5;249mV[0m[38;5;249m)[0m[38;5;249m [0m[38;5;249m{[0m
[33m@n8n/stores:build: [0m [38;5;240m   │[0m            ─────┬─────  
[33m@n8n/stores:build: [0m [38;5;240m   │[0m                 ╰─────── This `import.meta` will be replaced with an empty object (`{}`) automatically. If this is desired, you can suppress this warning by adding `transform.define: { 'import.meta': {} }`. If `import.meta` needs to be kept as-is, you need to set the output format to `esm`.
[33m@n8n/stores:build: [0m[38;5;246m────╯[0m
[33m@n8n/stores:build: [0m
[33m@n8n/stores:build: [0m[34mℹ[39m [33m[CJS][39m [2mdist/[22m[32m[1msettings.store.d.cts[22m[39m                            [2m139.15 kB[22m [2m│ gzip: 10.81 kB[22m
[33m@n8n/stores:build: [0m[34mℹ[39m [33m[CJS][39m [2mdist/[22m[32m[1mroles.store.d.cts[22m[39m                               [2m 22.98 kB[22m [2m│ gzip:  0.99 kB[22m
[33m@n8n/stores:build: [0m[34mℹ[39m [33m[CJS][39m [2mdist/[22m[32m[1musers.store.d.cts[22m[39m                               [2m 19.82 kB[22m [2m│ gzip:  2.26 kB[22m
[33m@n8n/stores:build: [0m[34mℹ[39m [33m[CJS][39m [2mdist/[22m[32m[1mcloudPlan.store.d.cts[22m[39m                           [2m 18.25 kB[22m [2m│ gzip:  1.70 kB[22m
[33m@n8n/stores:build: [0m[34mℹ[39m [33m[CJS][39m [2mdist/[22m[32m[1mrbac.store.d.cts[22m[39m                                [2m 16.82 kB[22m [2m│ gzip:  1.19 kB[22m
[33m@n8n/stores:build: [0m[34mℹ[39m [33m[CJS][39m [2mdist/[22m[32m[1mversions.store.d.cts[22m[39m                            [2m 11.45 kB[22m [2m│ gzip:  1.11 kB[22m
[33m@n8n/stores:build: [0m[34mℹ[39m [33m[CJS][39m [2mdist/[22m[32m[1museRootStore.d.cts[22m[39m                              [2m  8.83 kB[22m [2m│ gzip:  1.03 kB[22m
[33m@n8n/stores:build: [0m[34mℹ[39m [33m[CJS][39m [2mdist/[22m[32m[1museAgentRequestStore.d.cts[22m[39m                      [2m  2.45 kB[22m [2m│ gzip:  0.49 kB[22m
[33m@n8n/stores:build: [0m[34mℹ[39m [33m[CJS][39m [2mdist/[22m[32m[1mcomposables/useBasePageRedirectionHelper.d.cts[22m[39m  [2m  0.79 kB[22m [2m│ gzip:  0.35 kB[22m
[33m@n8n/stores:build: [0m[34mℹ[39m [33m[CJS][39m [2mdist/[22m[32m[1mnotifications.store.d.cts[22m[39m                       [2m  0.72 kB[22m [2m│ gzip:  0.30 kB[22m
[33m@n8n/stores:build: [0m[34mℹ[39m [33m[CJS][39m [2mdist/[22m[32m[1monboarding.api.d.cts[22m[39m                            [2m  0.32 kB[22m [2m│ gzip:  0.23 kB[22m
[33m@n8n/stores:build: [0m[34mℹ[39m [33m[CJS][39m [2mdist/[22m[32m[1mmetaTagConfig.d.cts[22m[39m                             [2m  0.31 kB[22m [2m│ gzip:  0.17 kB[22m
[33m@n8n/stores:build: [0m[34mℹ[39m [33m[CJS][39m [2mdist/[22m[32m[1minvitation.api.d.cts[22m[39m                            [2m  0.16 kB[22m [2m│ gzip:  0.12 kB[22m
[33m@n8n/stores:build: [0m[34mℹ[39m [33m[CJS][39m [2mdist/[22m[32m[1mtypes/pageRedirection.d.cts[22m[39m                     [2m  0.14 kB[22m [2m│ gzip:  0.12 kB[22m
[33m@n8n/stores:build: [0m[34mℹ[39m [33m[CJS][39m [2mdist/[22m[32m[1mmodalOpeners.d.cts[22m[39m                              [2m  0.08 kB[22m [2m│ gzip:  0.07 kB[22m
[33m@n8n/stores:build: [0m[34mℹ[39m [33m[CJS][39m [2mdist/[22m[32m[1mconstants.d.cts[22m[39m                                 [2m  0.07 kB[22m [2m│ gzip:  0.07 kB[22m
[33m@n8n/stores:build: [0m[34mℹ[39m [33m[CJS][39m [2mdist/[22m[32m[1mindex.d.cts[22m[39m                                     [2m  0.07 kB[22m [2m│ gzip:  0.07 kB[22m
[33m@n8n/stores:build: [0m[34mℹ[39m [33m[CJS][39m [2mdist/[22m[32mconstants2.d.cts[39m                                [2m  2.96 kB[22m [2m│ gzip:  1.12 kB[22m
[33m@n8n/stores:build: [0m[34mℹ[39m [33m[CJS][39m [2mdist/[22m[32mpageRedirection.d.cts[39m                           [2m  1.56 kB[22m [2m│ gzip:  0.57 kB[22m
[33m@n8n/stores:build: [0m[34mℹ[39m [33m[CJS][39m [2mdist/[22m[32minvitation2.api.d.cts[39m                           [2m  0.94 kB[22m [2m│ gzip:  0.42 kB[22m
[33m@n8n/stores:build: [0m[34mℹ[39m [33m[CJS][39m [2mdist/[22m[32mmodalOpeners2.d.cts[39m                             [2m  0.28 kB[22m [2m│ gzip:  0.19 kB[22m
[33m@n8n/stores:build: [0m[34mℹ[39m [33m[CJS][39m 21 files, total: 248.13 kB
[33m@n8n/stores:build: [0m[34mℹ[39m [34m[ESM][39m [2mdist/[22m[1mcomposables/useBasePageRedirectionHelper.mjs[22m      [2m  4.23 kB[22m [2m│ gzip:  1.47 kB[22m
[33m@n8n/stores:build: [0m[34mℹ[39m [34m[ESM][39m [2mdist/[22m[1mroles.store.mjs[22m                                   [2m  3.73 kB[22m [2m│ gzip:  1.09 kB[22m
[33m@n8n/stores:build: [0m[34mℹ[39m [34m[ESM][39m [2mdist/[22m[1mrbac.store.mjs[22m                                    [2m  2.89 kB[22m [2m│ gzip:  0.93 kB[22m
[33m@n8n/stores:build: [0m[34mℹ[39m [34m[ESM][39m [2mdist/[22m[1museAgentRequestStore.mjs[22m                          [2m  1.85 kB[22m [2m│ gzip:  0.55 kB[22m
[33m@n8n/stores:build: [0m[34mℹ[39m [34m[ESM][39m [2mdist/[22m[1mnotifications.store.mjs[22m                           [2m  0.86 kB[22m [2m│ gzip:  0.38 kB[22m
[33m@n8n/stores:build: [0m[34mℹ[39m [34m[ESM][39m [2mdist/[22m[1mversions.store.mjs[22m                                [2m  0.34 kB[22m [2m│ gzip:  0.18 kB[22m
[33m@n8n/stores:build: [0m[34mℹ[39m [34m[ESM][39m [2mdist/[22m[1musers.store.mjs[22m                                   [2m  0.27 kB[22m [2m│ gzip:  0.15 kB[22m
[33m@n8n/stores:build: [0m[34mℹ[39m [34m[ESM][39m [2mdist/[22m[1mcloudPlan.store.mjs[22m                               [2m  0.21 kB[22m [2m│ gzip:  0.14 kB[22m
[33m@n8n/stores:build: [0m[34mℹ[39m [34m[ESM][39m [2mdist/[22m[1msettings.store.mjs[22m                                [2m  0.18 kB[22m [2m│ gzip:  0.12 kB[22m
[33m@n8n/stores:build: [0m[34mℹ[39m [34m[ESM][39m [2mdist/[22m[1mmetaTagConfig.mjs[22m                                 [2m  0.16 kB[22m [2m│ gzip:  0.11 kB[22m
[33m@n8n/stores:build: [0m[34mℹ[39m [34m[ESM][39m [2mdist/[22m[1museRootStore.mjs[22m                                  [2m  0.14 kB[22m [2m│ gzip:  0.10 kB[22m
[33m@n8n/stores:build: [0m[34mℹ[39m [34m[ESM][39m [2mdist/[22m[1minvitation.api.mjs[22m                                [2m  0.12 kB[22m [2m│ gzip:  0.10 kB[22m
[33m@n8n/stores:build: [0m[34mℹ[39m [34m[ESM][39m [2mdist/[22m[1monboarding.api.mjs[22m                                [2m  0.10 kB[22m [2m│ gzip:  0.09 kB[22m
[33m@n8n/stores:build: [0m[34mℹ[39m [34m[ESM][39m [2mdist/[22m[1mconstants.mjs[22m                                     [2m  0.07 kB[22m [2m│ gzip:  0.08 kB[22m
[33m@n8n/stores:build: [0m[34mℹ[39m [34m[ESM][39m [2mdist/[22m[1mindex.mjs[22m                                         [2m  0.07 kB[22m [2m│ gzip:  0.08 kB[22m
[33m@n8n/stores:build: [0m[34mℹ[39m [34m[ESM][39m [2mdist/[22m[1mmodalOpeners.mjs[22m                                  [2m  0.01 kB[22m [2m│ gzip:  0.03 kB[22m
[33m@n8n/stores:build: [0m[34mℹ[39m [34m[ESM][39m [2mdist/[22m[1mtypes/pageRedirection.mjs[22m                         [2m  0.01 kB[22m [2m│ gzip:  0.03 kB[22m
[33m@n8n/stores:build: [0m[34mℹ[39m [34m[ESM][39m [2mdist/[22msettings2.store.mjs.map                           [2m 27.14 kB[22m [2m│ gzip:  6.92 kB[22m
[33m@n8n/stores:build: [0m[34mℹ[39m [34m[ESM][39m [2mdist/[22musers2.store.mjs.map                              [2m 24.25 kB[22m [2m│ gzip:  6.47 kB[22m
[33m@n8n/stores:build: [0m[34mℹ[39m [34m[ESM][39m [2mdist/[22msettings2.store.mjs                               [2m 17.04 kB[22m [2m│ gzip:  4.34 kB[22m
[33m@n8n/stores:build: [0m[34mℹ[39m [34m[ESM][39m [2mdist/[22mversions2.store.mjs.map                           [2m 15.05 kB[22m [2m│ gzip:  4.46 kB[22m
[33m@n8n/stores:build: [0m[34mℹ[39m [34m[ESM][39m [2mdist/[22mcloudPlan2.store.mjs.map                          [2m 14.60 kB[22m [2m│ gzip:  4.28 kB[22m
[33m@n8n/stores:build: [0m[34mℹ[39m [34m[ESM][39m [2mdist/[22musers2.store.mjs                                  [2m 12.53 kB[22m [2m│ gzip:  3.15 kB[22m
[33m@n8n/stores:build: [0m[34mℹ[39m [34m[ESM][39m [2mdist/[22museRootStore2.mjs.map                             [2m 11.52 kB[22m [2m│ gzip:  2.40 kB[22m
[33m@n8n/stores:build: [0m[34mℹ[39m [34m[ESM][39m [2mdist/[22mversions2.store.mjs                               [2m  8.49 kB[22m [2m│ gzip:  2.54 kB[22m
[33m@n8n/stores:build: [0m[34mℹ[39m [34m[ESM][39m [2mdist/[22mcloudPlan2.store.mjs                              [2m  7.95 kB[22m [2m│ gzip:  2.29 kB[22m
[33m@n8n/stores:build: [0m[34mℹ[39m [34m[ESM][39m [2mdist/[22mroles.store.mjs.map                               [2m  6.84 kB[22m [2m│ gzip:  1.94 kB[22m
[33m@n8n/stores:build: [0m[34mℹ[39m [34m[ESM][39m [2mdist/[22mcomposables/useBasePageRedirectionHelper.mjs.map  [2m  6.61 kB[22m [2m│ gzip:  2.34 kB[22m
[33m@n8n/stores:build: [0m[34mℹ[39m [34m[ESM][39m [2mdist/[22museRootStore2.mjs                                 [2m  6.25 kB[22m [2m│ gzip:  1.38 kB[22m
[33m@n8n/stores:build: [0m[34mℹ[39m [34m[ESM][39m [2mdist/[22mrbac.store.mjs.map                                [2m  5.85 kB[22m [2m│ gzip:  1.67 kB[22m
[33m@n8n/stores:build: [0m[34mℹ[39m [34m[ESM][39m [2mdist/[22museAgentRequestStore.mjs.map                      [2m  3.66 kB[22m [2m│ gzip:  1.15 kB[22m
[33m@n8n/stores:build: [0m[34mℹ[39m [34m[ESM][39m [2mdist/[22mconstants2.mjs.map                                [2m  3.20 kB[22m [2m│ gzip:  1.37 kB[22m
[33m@n8n/stores:build: [0m[34mℹ[39m [34m[ESM][39m [2mdist/[22mconstants2.mjs                                    [2m  2.31 kB[22m [2m│ gzip:  1.09 kB[22m
[33m@n8n/stores:build: [0m[34mℹ[39m [34m[ESM][39m [2mdist/[22mmetaTagConfig2.mjs.map                            [2m  1.85 kB[22m [2m│ gzip:  0.76 kB[22m
[33m@n8n/stores:build: [0m[34mℹ[39m [34m[ESM][39m [2mdist/[22mnotifications.store.mjs.map                       [2m  1.70 kB[22m [2m│ gzip:  0.72 kB[22m
[33m@n8n/stores:build: [0m[34mℹ[39m [34m[ESM][39m [2mdist/[22minvitation2.api.mjs.map                           [2m  1.56 kB[22m [2m│ gzip:  0.70 kB[22m
[33m@n8n/stores:build: [0m[34mℹ[39m [34m[ESM][39m [2mdist/[22mmetaTagConfig2.mjs                                [2m  1.12 kB[22m [2m│ gzip:  0.46 kB[22m
[33m@n8n/stores:build: [0m[34mℹ[39m [34m[ESM][39m [2mdist/[22monboarding2.api.mjs.map                           [2m  1.05 kB[22m [2m│ gzip:  0.62 kB[22m
[33m@n8n/stores:build: [0m[34mℹ[39m [34m[ESM][39m [2mdist/[22monboarding2.api.mjs                               [2m  0.56 kB[22m [2m│ gzip:  0.36 kB[22m
[33m@n8n/stores:build: [0m[34mℹ[39m [34m[ESM][39m [2mdist/[22minvitation2.api.mjs                               [2m  0.52 kB[22m [2m│ gzip:  0.28 kB[22m
[33m@n8n/stores:build: [0m[34mℹ[39m [34m[ESM][39m [2mdist/[22m[32m[1msettings.store.d.mts[22m[39m                              [2m139.15 kB[22m [2m│ gzip: 10.81 kB[22m
[33m@n8n/stores:build: [0m[34mℹ[39m [34m[ESM][39m [2mdist/[22m[32m[1mroles.store.d.mts[22m[39m                                 [2m 22.98 kB[22m [2m│ gzip:  0.99 kB[22m
[33m@n8n/stores:build: [0m[34mℹ[39m [34m[ESM][39m [2mdist/[22m[32m[1musers.store.d.mts[22m[39m                                 [2m 19.82 kB[22m [2m│ gzip:  2.26 kB[22m
[33m@n8n/stores:build: [0m[34mℹ[39m [34m[ESM][39m [2mdist/[22m[32m[1mcloudPlan.store.d.mts[22m[39m                             [2m 18.18 kB[22m [2m│ gzip:  1.69 kB[22m
[33m@n8n/stores:build: [0m[34mℹ[39m [34m[ESM][39m [2mdist/[22m[32m[1mrbac.store.d.mts[22m[39m                                  [2m 16.84 kB[22m [2m│ gzip:  1.20 kB[22m
[33m@n8n/stores:build: [0m[34mℹ[39m [34m[ESM][39m [2mdist/[22m[32m[1mversions.store.d.mts[22m[39m                              [2m 11.45 kB[22m [2m│ gzip:  1.12 kB[22m
[33m@n8n/stores:build: [0m[34mℹ[39m [34m[ESM][39m [2mdist/[22m[32m[1museRootStore.d.mts[22m[39m                                [2m  8.83 kB[22m [2m│ gzip:  1.03 kB[22m
[33m@n8n/stores:build: [0m[34mℹ[39m [34m[ESM][39m [2mdist/[22m[32m[1museAgentRequestStore.d.mts[22m[39m                        [2m  2.45 kB[22m [2m│ gzip:  0.49 kB[22m
[33m@n8n/stores:build: [0m[34mℹ[39m [34m[ESM][39m [2mdist/[22m[32m[1mcomposables/useBasePageRedirectionHelper.d.mts[22m[39m    [2m  0.79 kB[22m [2m│ gzip:  0.35 kB[22m
[33m@n8n/stores:build: [0m[34mℹ[39m [34m[ESM][39m [2mdist/[22m[32m[1mnotifications.store.d.mts[22m[39m                         [2m  0.72 kB[22m [2m│ gzip:  0.30 kB[22m
[33m@n8n/stores:build: [0m[34mℹ[39m [34m[ESM][39m [2mdist/[22m[32m[1monboarding.api.d.mts[22m[39m                              [2m  0.32 kB[22m [2m│ gzip:  0.23 kB[22m
[33m@n8n/stores:build: [0m[34mℹ[39m [34m[ESM][39m [2mdist/[22m[32m[1mmetaTagConfig.d.mts[22m[39m                               [2m  0.31 kB[22m [2m│ gzip:  0.17 kB[22m
[33m@n8n/stores:build: [0m[34mℹ[39m [34m[ESM][39m [2mdist/[22m[32m[1minvitation.api.d.mts[22m[39m                              [2m  0.16 kB[22m [2m│ gzip:  0.12 kB[22m
[33m@n8n/stores:build: [0m[34mℹ[39m [34m[ESM][39m [2mdist/[22m[32m[1mtypes/pageRedirection.d.mts[22m[39m                       [2m  0.14 kB[22m [2m│ gzip:  0.12 kB[22m
[33m@n8n/stores:build: [0m[34mℹ[39m [34m[ESM][39m [2mdist/[22m[32m[1mmodalOpeners.d.mts[22m[39m                                [2m  0.08 kB[22m [2m│ gzip:  0.07 kB[22m
[33m@n8n/stores:build: [0m[34mℹ[39m [34m[ESM][39m [2mdist/[22m[32m[1mconstants.d.mts[22m[39m                                   [2m  0.07 kB[22m [2m│ gzip:  0.07 kB[22m
[33m@n8n/stores:build: [0m[34mℹ[39m [34m[ESM][39m [2mdist/[22m[32m[1mindex.d.mts[22m[39m                                       [2m  0.07 kB[22m [2m│ gzip:  0.07 kB[22m
[33m@n8n/stores:build: [0m[34mℹ[39m [34m[ESM][39m [2mdist/[22m[32mconstants2.d.mts[39m                                  [2m  2.96 kB[22m [2m│ gzip:  1.12 kB[22m
[33m@n8n/stores:build: [0m[34mℹ[39m [34m[ESM][39m [2mdist/[22m[32mpageRedirection.d.mts[39m                             [2m  1.56 kB[22m [2m│ gzip:  0.57 kB[22m
[33m@n8n/stores:build: [0m[34mℹ[39m [34m[ESM][39m [2mdist/[22m[32minvitation2.api.d.mts[39m                             [2m  0.94 kB[22m [2m│ gzip:  0.42 kB[22m
[33m@n8n/stores:build: [0m[34mℹ[39m [34m[ESM][39m [2mdist/[22m[32mmodalOpeners2.d.mts[39m                               [2m  0.28 kB[22m [2m│ gzip:  0.19 kB[22m
[33m@n8n/stores:build: [0m[34mℹ[39m [34m[ESM][39m 61 files, total: 444.96 kB
[33m@n8n/stores:build: [0m[32m✔[39m Build complete in [32m3179ms[39m
[34m@n8n/stores:typecheck: [0mcache miss, executing [2m424d68d28f7eb63b[0m
[36m@n8n/design-system:typecheck: [0m
[36m@n8n/design-system:typecheck: [0m> @n8n/design-system@2.35.0 typecheck /Users/romeobalta/work/n8n/worktrees/nudge-manual-builders-to-aia/packages/frontend/@n8n/design-system
[36m@n8n/design-system:typecheck: [0m> vue-tsc --noEmit
[36m@n8n/design-system:typecheck: [0m
[32m@n8n/backend-common:typecheck: [0m
[32m@n8n/backend-common:typecheck: [0m> @n8n/backend-common@1.36.0 typecheck /Users/romeobalta/work/n8n/worktrees/nudge-manual-builders-to-aia/packages/@n8n/backend-common
[32m@n8n/backend-common:typecheck: [0m> tsc --noEmit
[32m@n8n/backend-common:typecheck: [0m
[34m@n8n/stores:typecheck: [0m
[34m@n8n/stores:typecheck: [0m> @n8n/stores@2.36.0 typecheck /Users/romeobalta/work/n8n/worktrees/nudge-manual-builders-to-aia/packages/frontend/@n8n/stores
[34m@n8n/stores:typecheck: [0m> vue-tsc --noEmit
[34m@n8n/stores:typecheck: [0m
[36m@n8n/mcp-apps:typecheck: [0mcache miss, executing [2mb91f680b389f9c66[0m
[35m@n8n/mcp-apps:build: [0mcache hit, replaying logs [2m4fe6ceb87913c9d1[0m
[35m@n8n/mcp-apps:build: [0m
[35m@n8n/mcp-apps:build: [0m> @n8n/mcp-apps@0.13.0 build /Users/romeobalta/work/n8n/worktrees/nudge-manual-builders-to-aia/packages/@n8n/mcp-apps
[35m@n8n/mcp-apps:build: [0m> pnpm build:ui && pnpm build:server
[35m@n8n/mcp-apps:build: [0m
[35m@n8n/mcp-apps:build: [0m../../..                                 | [43m[30m WARN [39m[49m Unsupported engine: wanted: {"node":">=24.0.0"} (current: {"node":"v22.22.3","pnpm":"10.32.1"})
[35m@n8n/mcp-apps:build: [0m../agents                                | [43m[30m WARN [39m[49m Unsupported engine: wanted: {"node":">=24.0.0"} (current: {"node":"v22.22.3","pnpm":"10.32.1"})
[35m@n8n/mcp-apps:build: [0m../benchmark                             | [43m[30m WARN [39m[49m Unsupported engine: wanted: {"node":">=24.0.0"} (current: {"node":"v22.22.3","pnpm":"10.32.1"})
[35m@n8n/mcp-apps:build: [0m../../cli                                | [43m[30m WARN [39m[49m Unsupported engine: wanted: {"node":">=24.0.0"} (current: {"node":"v22.22.3","pnpm":"10.32.1"})
[35m@n8n/mcp-apps:build: [0m
[35m@n8n/mcp-apps:build: [0m> @n8n/mcp-apps@0.13.0 build:ui /Users/romeobalta/work/n8n/worktrees/nudge-manual-builders-to-aia/packages/@n8n/mcp-apps
[35m@n8n/mcp-apps:build: [0m> vite build --mode workflow-preview
[35m@n8n/mcp-apps:build: [0m
[35m@n8n/mcp-apps:build: [0m[36mvite v8.0.2 [32mbuilding client environment for workflow-preview...[36m[39m
[35m@n8n/mcp-apps:build: [0m[2K[35m@n8n/mcp-apps:build: [0mtransforming...[32m✓[39m 3359 modules transformed.
[35m@n8n/mcp-apps:build: [0mrendering chunks...
[35m@n8n/mcp-apps:build: [0m[plugin vite:singlefile] 
[35m@n8n/mcp-apps:build: [0m
[35m@n8n/mcp-apps:build: [0m[plugin vite:singlefile] Inlining: index-M-RNmHwV.js
[35m@n8n/mcp-apps:build: [0m[plugin vite:singlefile] Inlining: style-Dq-nncBS.css
[35m@n8n/mcp-apps:build: [0mcomputing gzip size...
[35m@n8n/mcp-apps:build: [0m[2mdist/apps/[0m[32mindex.html  [39m[2m[1m1,166.97 kB[0m[0m[2m │ gzip: 513.44 kB[0m
[35m@n8n/mcp-apps:build: [0m
[35m@n8n/mcp-apps:build: [0m[32m✓ built in 2.94s[39m
[35m@n8n/mcp-apps:build: [0m../../..                                 | [43m[30m WARN [39m[49m Unsupported engine: wanted: {"node":">=24.0.0"} (current: {"node":"v22.22.3","pnpm":"10.32.1"})
[35m@n8n/mcp-apps:build: [0m../agents                                | [43m[30m WARN [39m[49m Unsupported engine: wanted: {"node":">=24.0.0"} (current: {"node":"v22.22.3","pnpm":"10.32.1"})
[35m@n8n/mcp-apps:build: [0m../benchmark                             | [43m[30m WARN [39m[49m Unsupported engine: wanted: {"node":">=24.0.0"} (current: {"node":"v22.22.3","pnpm":"10.32.1"})
[35m@n8n/mcp-apps:build: [0m../../cli                                | [43m[30m WARN [39m[49m Unsupported engine: wanted: {"node":">=24.0.0"} (current: {"node":"v22.22.3","pnpm":"10.32.1"})
[35m@n8n/mcp-apps:build: [0m
[35m@n8n/mcp-apps:build: [0m> @n8n/mcp-apps@0.13.0 build:server /Users/romeobalta/work/n8n/worktrees/nudge-manual-builders-to-aia/packages/@n8n/mcp-apps
[35m@n8n/mcp-apps:build: [0m> tsc -p tsconfig.build.json
[35m@n8n/mcp-apps:build: [0m
[32m@n8n/mcp-browser-extension:typecheck: [0mcache miss, executing [2m5d004d6b404ab561[0m
[36m@n8n/mcp-apps:typecheck: [0m
[36m@n8n/mcp-apps:typecheck: [0m> @n8n/mcp-apps@0.13.0 typecheck /Users/romeobalta/work/n8n/worktrees/nudge-manual-builders-to-aia/packages/@n8n/mcp-apps
[36m@n8n/mcp-apps:typecheck: [0m> vue-tsc --noEmit -p tsconfig.json && tsc --noEmit -p tsconfig.build.json
[36m@n8n/mcp-apps:typecheck: [0m
[32m@n8n/mcp-browser-extension:typecheck: [0m
[32m@n8n/mcp-browser-extension:typecheck: [0m> @n8n/mcp-browser-extension@0.0.7 typecheck /Users/romeobalta/work/n8n/worktrees/nudge-manual-builders-to-aia/packages/@n8n/mcp-browser-extension
[32m@n8n/mcp-browser-extension:typecheck: [0m> tsc --noEmit
[32m@n8n/mcp-browser-extension:typecheck: [0m
[33m@n8n/chat:build: [0mcache hit, replaying logs [2m31be52f3d4b60a0c[0m
[33m@n8n/chat:build: [0m
[33m@n8n/chat:build: [0m> @n8n/chat@1.35.0 build /Users/romeobalta/work/n8n/worktrees/nudge-manual-builders-to-aia/packages/frontend/@n8n/chat
[33m@n8n/chat:build: [0m> pnpm build:vite && pnpm build:bundle
[33m@n8n/chat:build: [0m
[33m@n8n/chat:build: [0m../../../..                              | [43m[30m WARN [39m[49m Unsupported engine: wanted: {"node":">=24.0.0"} (current: {"node":"v22.22.3","pnpm":"10.32.1"})
[33m@n8n/chat:build: [0m../../../@n8n/agents                     | [43m[30m WARN [39m[49m Unsupported engine: wanted: {"node":">=24.0.0"} (current: {"node":"v22.22.3","pnpm":"10.32.1"})
[33m@n8n/chat:build: [0m../../../@n8n/benchmark                  | [43m[30m WARN [39m[49m Unsupported engine: wanted: {"node":">=24.0.0"} (current: {"node":"v22.22.3","pnpm":"10.32.1"})
[33m@n8n/chat:build: [0m../../../cli                             | [43m[30m WARN [39m[49m Unsupported engine: wanted: {"node":">=24.0.0"} (current: {"node":"v22.22.3","pnpm":"10.32.1"})
[33m@n8n/chat:build: [0m
[33m@n8n/chat:build: [0m> @n8n/chat@1.35.0 build:vite /Users/romeobalta/work/n8n/worktrees/nudge-manual-builders-to-aia/packages/frontend/@n8n/chat
[33m@n8n/chat:build: [0m> cross-env vite build
[33m@n8n/chat:build: [0m
[33m@n8n/chat:build: [0m[36mvite v8.0.2 [32mbuilding client environment for production...[36m[39m
[33m@n8n/chat:build: [0m[2K[33m@n8n/chat:build: [0mtransforming...[32m✓[39m 2273 modules transformed.
[33m@n8n/chat:build: [0mrendering chunks...
[33m@n8n/chat:build: [0m[32m
[33m@n8n/chat:build: [0m[36m[vite:dts][32m Start generate declaration files...[39m
[33m@n8n/chat:build: [0m[32m[36m[vite:dts][32m Declaration files built in 7799ms.
[33m@n8n/chat:build: [0m[39m
[33m@n8n/chat:build: [0mcomputing gzip size...
[33m@n8n/chat:build: [0m[2mdist/[0m[35mchat.css                              [39m[2m[1m   34.27 kB[0m[0m[2m │ gzip:   6.19 kB[0m
[33m@n8n/chat:build: [0m[2mdist/[0m[36mnode-icons-CaKBLFvs-D7FnshBU.mjs      [39m[2m[1m   50.44 kB[0m[0m[2m │ gzip:   8.46 kB[0m
[33m@n8n/chat:build: [0m[2mdist/[0m[36men-BrDOZbhj-C2Nw_7IW.mjs              [39m[2m[1m  301.90 kB[0m[0m[2m │ gzip: 102.62 kB[0m
[33m@n8n/chat:build: [0m[2mdist/[0m[36mlucideIconData-CKJ1do82-DSkMvY80.mjs  [39m[2m[1m  311.99 kB[0m[0m[2m │ gzip:  51.84 kB[0m
[33m@n8n/chat:build: [0m[2mdist/[0m[36memojiData-zOxnhmb7-DiyV5kHh.mjs       [39m[2m[1m  335.32 kB[0m[0m[2m │ gzip:  56.55 kB[0m
[33m@n8n/chat:build: [0m[2mdist/[0m[36mchat.es.js                            [39m[33m[1m1,693.75 kB[0m[39m[2m │ gzip: 464.50 kB[0m
[33m@n8n/chat:build: [0m
[33m@n8n/chat:build: [0m[33m[33m[PLUGIN_TIMINGS] Warning:[0m Your build spent significant time in plugins. Here is a breakdown:
[33m@n8n/chat:build: [0m  - unplugin-icons (58%)
[33m@n8n/chat:build: [0m  - vite:vue (24%)
[33m@n8n/chat:build: [0m  - vite:dts (17%)
[33m@n8n/chat:build: [0mSee https://rolldown.rs/options/checks#plugintimings for more details.
[33m@n8n/chat:build: [0m[39m
[33m@n8n/chat:build: [0m[2K[33m@n8n/chat:build: [0mtransforming...[32m✓[39m 2273 modules transformed.
[33m@n8n/chat:build: [0mrendering chunks...
[33m@n8n/chat:build: [0mcomputing gzip size...
[33m@n8n/chat:build: [0m[2mdist/[0m[35mchat.css     [39m[2m[1m   34.27 kB[0m[0m[2m │ gzip:   6.19 kB[0m
[33m@n8n/chat:build: [0m[2mdist/[0m[36mchat.umd.js  [39m[33m[1m1,660.88 kB[0m[39m[2m │ gzip: 518.53 kB[0m
[33m@n8n/chat:build: [0m
[33m@n8n/chat:build: [0m[32m✓ built in 9.94s[39m
[33m@n8n/chat:build: [0m../../../..                              | [43m[30m WARN [39m[49m Unsupported engine: wanted: {"node":">=24.0.0"} (current: {"node":"v22.22.3","pnpm":"10.32.1"})
[33m@n8n/chat:build: [0m../../../@n8n/agents                     | [43m[30m WARN [39m[49m Unsupported engine: wanted: {"node":">=24.0.0"} (current: {"node":"v22.22.3","pnpm":"10.32.1"})
[33m@n8n/chat:build: [0m../../../@n8n/benchmark                  | [43m[30m WARN [39m[49m Unsupported engine: wanted: {"node":">=24.0.0"} (current: {"node":"v22.22.3","pnpm":"10.32.1"})
[33m@n8n/chat:build: [0m../../../cli                             | [43m[30m WARN [39m[49m Unsupported engine: wanted: {"node":">=24.0.0"} (current: {"node":"v22.22.3","pnpm":"10.32.1"})
[33m@n8n/chat:build: [0m
[33m@n8n/chat:build: [0m> @n8n/chat@1.35.0 build:bundle /Users/romeobalta/work/n8n/worktrees/nudge-manual-builders-to-aia/packages/frontend/@n8n/chat
[33m@n8n/chat:build: [0m> cross-env INCLUDE_VUE=true vite build
[33m@n8n/chat:build: [0m
[33m@n8n/chat:build: [0m[36mvite v8.0.2 [32mbuilding client environment for production...[36m[39m
[33m@n8n/chat:build: [0m[2K[33m@n8n/chat:build: [0mtransforming...[32m✓[39m 2276 modules transformed.
[33m@n8n/chat:build: [0mrendering chunks...
[33m@n8n/chat:build: [0mcomputing gzip size...
[33m@n8n/chat:build: [0m[2mdist/[0m[35mchat.css                              [39m[2m[1m   34.27 kB[0m[0m[2m │ gzip:   6.19 kB[0m
[33m@n8n/chat:build: [0m[2mdist/[0m[36mchunk-Cf6COONi.mjs                    [39m[2m[1m    1.12 kB[0m[0m[2m │ gzip:   0.60 kB[0m
[33m@n8n/chat:build: [0m[2mdist/[0m[36mnode-icons-CaKBLFvs-UF9yHQnQ.mjs      [39m[2m[1m   50.42 kB[0m[0m[2m │ gzip:   8.46 kB[0m
[33m@n8n/chat:build: [0m[2mdist/[0m[36mvue.runtime.esm-bundler-J_yKC8qZ.mjs  [39m[2m[1m  143.81 kB[0m[0m[2m │ gzip:  46.48 kB[0m
[33m@n8n/chat:build: [0m[2mdist/[0m[36men-BrDOZbhj-BqSu7b3L.mjs              [39m[2m[1m  300.86 kB[0m[0m[2m │ gzip: 102.09 kB[0m
[33m@n8n/chat:build: [0m[2mdist/[0m[36mlucideIconData-CKJ1do82-C8yYqsa6.mjs  [39m[2m[1m  311.99 kB[0m[0m[2m │ gzip:  51.84 kB[0m
[33m@n8n/chat:build: [0m[2mdist/[0m[36memojiData-zOxnhmb7-B3Q4_0rV.mjs       [39m[2m[1m  335.32 kB[0m[0m[2m │ gzip:  56.55 kB[0m
[33m@n8n/chat:build: [0m[2mdist/[0m[36mchat.bundle.es.js                     [39m[33m[1m1,691.87 kB[0m[39m[2m │ gzip: 463.97 kB[0m
[33m@n8n/chat:build: [0m
[33m@n8n/chat:build: [0m[2K[33m@n8n/chat:build: [0mtransforming...[32m✓[39m 2276 modules transformed.
[33m@n8n/chat:build: [0mrendering chunks...
[33m@n8n/chat:build: [0mcomputing gzip size...
[33m@n8n/chat:build: [0m[2mdist/[0m[35mchat.css            [39m[2m[1m   34.27 kB[0m[0m[2m │ gzip:   6.19 kB[0m
[33m@n8n/chat:build: [0m[2mdist/[0m[36mchat.bundle.umd.js  [39m[33m[1m1,678.61 kB[0m[39m[2m │ gzip: 552.60 kB[0m
[33m@n8n/chat:build: [0m
[33m@n8n/chat:build: [0m[32m✓ built in 1.36s[39m
[34m@n8n/chat:typecheck: [0mcache miss, executing [2mad8e14aba1714c52[0m
[34m@n8n/chat:typecheck: [0m
[34m@n8n/chat:typecheck: [0m> @n8n/chat@1.35.0 typecheck /Users/romeobalta/work/n8n/worktrees/nudge-manual-builders-to-aia/packages/frontend/@n8n/chat
[34m@n8n/chat:typecheck: [0m> vue-tsc --noEmit
[34m@n8n/chat:typecheck: [0m
[36m@n8n/frontend-module-sdk:typecheck: [0mcache miss, executing [2m7dfa4b4da751b471[0m
[35m@n8n/backend-network:build: [0mcache hit, replaying logs [2m8fd52e9f5b6f1729[0m
[35m@n8n/backend-network:build: [0m
[35m@n8n/backend-network:build: [0m> @n8n/backend-network@1.10.0 build /Users/romeobalta/work/n8n/worktrees/nudge-manual-builders-to-aia/packages/@n8n/backend-network
[35m@n8n/backend-network:build: [0m> tsc -p tsconfig.build.json
[35m@n8n/backend-network:build: [0m
[32m@n8n/backend-network:typecheck: [0mcache miss, executing [2mb68d47d5bd05bb01[0m
[36m@n8n/frontend-module-sdk:typecheck: [0m
[36m@n8n/frontend-module-sdk:typecheck: [0m> @n8n/frontend-module-sdk@0.6.0 typecheck /Users/romeobalta/work/n8n/worktrees/nudge-manual-builders-to-aia/packages/frontend/@n8n/frontend-module-sdk
[36m@n8n/frontend-module-sdk:typecheck: [0m> vue-tsc --noEmit
[36m@n8n/frontend-module-sdk:typecheck: [0m
[33m@n8n/storybook:typecheck: [0mcache miss, executing [2mf86c2e9be76438c0[0m
[32m@n8n/backend-network:typecheck: [0m
[32m@n8n/backend-network:typecheck: [0m> @n8n/backend-network@1.10.0 typecheck /Users/romeobalta/work/n8n/worktrees/nudge-manual-builders-to-aia/packages/@n8n/backend-network
[32m@n8n/backend-network:typecheck: [0m> tsc --noEmit
[32m@n8n/backend-network:typecheck: [0m
[33m@n8n/storybook:typecheck: [0m
[33m@n8n/storybook:typecheck: [0m> @n8n/storybook@0.0.0 typecheck /Users/romeobalta/work/n8n/worktrees/nudge-manual-builders-to-aia/packages/frontend/@n8n/storybook
[33m@n8n/storybook:typecheck: [0m> vue-tsc --noEmit -p tsconfig.app.json
[33m@n8n/storybook:typecheck: [0m
[34m@n8n/frontend-module-instance-registry:typecheck: [0mcache miss, executing [2m7bdc6bb5ee1302b6[0m
[34m@n8n/frontend-module-instance-registry:typecheck: [0m
[34m@n8n/frontend-module-instance-registry:typecheck: [0m> @n8n/frontend-module-instance-registry@0.1.0 typecheck /Users/romeobalta/work/n8n/worktrees/nudge-manual-builders-to-aia/packages/modules/instance-registry/frontend
[34m@n8n/frontend-module-instance-registry:typecheck: [0m> vue-tsc --noEmit
[34m@n8n/frontend-module-instance-registry:typecheck: [0m
[36m@n8n/blob-storage:typecheck: [0mcache miss, executing [2md11a42f3e09701e6[0m
[36m@n8n/blob-storage:typecheck: [0m
[36m@n8n/blob-storage:typecheck: [0m> @n8n/blob-storage@1.4.0 typecheck /Users/romeobalta/work/n8n/worktrees/nudge-manual-builders-to-aia/packages/@n8n/blob-storage
[36m@n8n/blob-storage:typecheck: [0m> tsc --noEmit
[36m@n8n/blob-storage:typecheck: [0m
[35m@n8n/client-oauth2:build: [0mcache hit, replaying logs [2m613902c704601422[0m
[35m@n8n/client-oauth2:build: [0m
[35m@n8n/client-oauth2:build: [0m> @n8n/client-oauth2@1.18.0 build /Users/romeobalta/work/n8n/worktrees/nudge-manual-builders-to-aia/packages/@n8n/client-oauth2
[35m@n8n/client-oauth2:build: [0m> tsc -p tsconfig.build.json
[35m@n8n/client-oauth2:build: [0m
[32m@n8n/blob-storage:build: [0mcache hit, replaying logs [2m28bba8abce5e0ef3[0m
[32m@n8n/blob-storage:build: [0m
[32m@n8n/blob-storage:build: [0m> @n8n/blob-storage@1.4.0 build /Users/romeobalta/work/n8n/worktrees/nudge-manual-builders-to-aia/packages/@n8n/blob-storage
[32m@n8n/blob-storage:build: [0m> tsc -p tsconfig.build.json
[32m@n8n/blob-storage:build: [0m
[33m@n8n/ai-utilities:build: [0mcache hit, replaying logs [2m61f0c5e850383ba2[0m
[33m@n8n/ai-utilities:build: [0m
[33m@n8n/ai-utilities:build: [0m> @n8n/ai-utilities@0.29.0 build /Users/romeobalta/work/n8n/worktrees/nudge-manual-builders-to-aia/packages/@n8n/ai-utilities
[33m@n8n/ai-utilities:build: [0m> tsc --build tsconfig.build.esm.json tsconfig.build.cjs.json && tsc-alias -p tsconfig.build.esm.json && tsc-alias -p tsconfig.build.cjs.json && pnpm copy-tokenizer-json dist/cjs && pnpm copy-tokenizer-json dist/esm
[33m@n8n/ai-utilities:build: [0m
[33m@n8n/ai-utilities:build: [0m../../..                                 | [43m[30m WARN [39m[49m Unsupported engine: wanted: {"node":">=24.0.0"} (current: {"node":"v22.22.3","pnpm":"10.32.1"})
[33m@n8n/ai-utilities:build: [0m../agents                                | [43m[30m WARN [39m[49m Unsupported engine: wanted: {"node":">=24.0.0"} (current: {"node":"v22.22.3","pnpm":"10.32.1"})
[33m@n8n/ai-utilities:build: [0m../benchmark                             | [43m[30m WARN [39m[49m Unsupported engine: wanted: {"node":">=24.0.0"} (current: {"node":"v22.22.3","pnpm":"10.32.1"})
[33m@n8n/ai-utilities:build: [0m../../cli                                | [43m[30m WARN [39m[49m Unsupported engine: wanted: {"node":">=24.0.0"} (current: {"node":"v22.22.3","pnpm":"10.32.1"})
[33m@n8n/ai-utilities:build: [0m
[33m@n8n/ai-utilities:build: [0m> @n8n/ai-utilities@0.29.0 copy-tokenizer-json /Users/romeobalta/work/n8n/worktrees/nudge-manual-builders-to-aia/packages/@n8n/ai-utilities
[33m@n8n/ai-utilities:build: [0m> node scripts/copy-tokenizer-json.js . dist/cjs
[33m@n8n/ai-utilities:build: [0m
[33m@n8n/ai-utilities:build: [0mCopied: src/utils/tokenizer/cl100k_base.json -> /Users/romeobalta/work/n8n/worktrees/nudge-manual-builders-to-aia/packages/@n8n/ai-utilities/dist/cjs/utils/tokenizer/cl100k_basejson
[33m@n8n/ai-utilities:build: [0mCopied: src/utils/tokenizer/o200k_base.json -> /Users/romeobalta/work/n8n/worktrees/nudge-manual-builders-to-aia/packages/@n8n/ai-utilities/dist/cjs/utils/tokenizer/o200k_basejson
[33m@n8n/ai-utilities:build: [0m../../..                                 | [43m[30m WARN [39m[49m Unsupported engine: wanted: {"node":">=24.0.0"} (current: {"node":"v22.22.3","pnpm":"10.32.1"})
[33m@n8n/ai-utilities:build: [0m../agents                                | [43m[30m WARN [39m[49m Unsupported engine: wanted: {"node":">=24.0.0"} (current: {"node":"v22.22.3","pnpm":"10.32.1"})
[33m@n8n/ai-utilities:build: [0m../benchmark                             | [43m[30m WARN [39m[49m Unsupported engine: wanted: {"node":">=24.0.0"} (current: {"node":"v22.22.3","pnpm":"10.32.1"})
[33m@n8n/ai-utilities:build: [0m../../cli                                | [43m[30m WARN [39m[49m Unsupported engine: wanted: {"node":">=24.0.0"} (current: {"node":"v22.22.3","pnpm":"10.32.1"})
[33m@n8n/ai-utilities:build: [0m
[33m@n8n/ai-utilities:build: [0m> @n8n/ai-utilities@0.29.0 copy-tokenizer-json /Users/romeobalta/work/n8n/worktrees/nudge-manual-builders-to-aia/packages/@n8n/ai-utilities
[33m@n8n/ai-utilities:build: [0m> node scripts/copy-tokenizer-json.js . dist/esm
[33m@n8n/ai-utilities:build: [0m
[33m@n8n/ai-utilities:build: [0mCopied: src/utils/tokenizer/cl100k_base.json -> /Users/romeobalta/work/n8n/worktrees/nudge-manual-builders-to-aia/packages/@n8n/ai-utilities/dist/esm/utils/tokenizer/cl100k_basejson
[33m@n8n/ai-utilities:build: [0mCopied: src/utils/tokenizer/o200k_base.json -> /Users/romeobalta/work/n8n/worktrees/nudge-manual-builders-to-aia/packages/@n8n/ai-utilities/dist/esm/utils/tokenizer/o200k_basejson
[34m@n8n/ai-utilities:typecheck: [0mcache miss, executing [2m39e5b2be891643af[0m
[36m@n8n/client-oauth2:typecheck: [0mcache miss, executing [2m3c47bfe800395559[0m
[34m@n8n/ai-utilities:typecheck: [0m
[34m@n8n/ai-utilities:typecheck: [0m> @n8n/ai-utilities@0.29.0 typecheck /Users/romeobalta/work/n8n/worktrees/nudge-manual-builders-to-aia/packages/@n8n/ai-utilities
[34m@n8n/ai-utilities:typecheck: [0m> tsc --noEmit
[34m@n8n/ai-utilities:typecheck: [0m
[36m@n8n/client-oauth2:typecheck: [0m
[36m@n8n/client-oauth2:typecheck: [0m> @n8n/client-oauth2@1.18.0 typecheck /Users/romeobalta/work/n8n/worktrees/nudge-manual-builders-to-aia/packages/@n8n/client-oauth2
[36m@n8n/client-oauth2:typecheck: [0m> tsc --noEmit
[36m@n8n/client-oauth2:typecheck: [0m
[35mn8n-editor-ui:typecheck: [0mcache miss, executing [2mbcc82ca539402cf1[0m
[35mn8n-editor-ui:typecheck: [0m
[35mn8n-editor-ui:typecheck: [0m> n8n-editor-ui@2.36.0 typecheck /Users/romeobalta/work/n8n/worktrees/nudge-manual-builders-to-aia/packages/frontend/editor-ui
[35mn8n-editor-ui:typecheck: [0m> cross-env NODE_OPTIONS="--max-old-space-size=8192" vue-tsc --noEmit
[35mn8n-editor-ui:typecheck: [0m
[32mn8n-editor-ui:build: [0mcache hit, replaying logs [2m60ce6454f70c4190[0m
[32mn8n-editor-ui:build: [0m
[32mn8n-editor-ui:build: [0m> n8n-editor-ui@2.36.0 build /Users/romeobalta/work/n8n/worktrees/nudge-manual-builders-to-aia/packages/frontend/editor-ui
[32mn8n-editor-ui:build: [0m> cross-env VUE_APP_PUBLIC_PATH="/{{BASE_PATH}}/" NODE_OPTIONS="--max-old-space-size=8192" vite build
[32mn8n-editor-ui:build: [0m
[32mn8n-editor-ui:build: [0m[36mvite v8.0.2 [32mbuilding client environment for production...[36m[39m
[32mn8n-editor-ui:build: [0m<script src="/{{BASE_PATH}}/static/base-path.js"> in "/index.html" can't be bundled without type="module" attribute
[32mn8n-editor-ui:build: [0m<script src="/{{BASE_PATH}}/static/posthog.init.js"> in "/index.html" can't be bundled without type="module" attribute
[32mn8n-editor-ui:build: [0m
[32mn8n-editor-ui:build: [0m/{{BASE_PATH}}/static/prefers-color-scheme.css doesn't exist at build time, it will remain unchanged to be resolved at runtime
[32mn8n-editor-ui:build: [0m[33m[plugin rolldown:vite-resolve] Module "path" has been externalized for browser compatibility, imported by "/Users/romeobalta/work/n8n/worktrees/nudge-manual-builders-to-aia/packages/workflow/dist/esm/utils.js". See https://vite.dev/guide/troubleshooting.html#module-externalized-for-browser-compatibility for more details.[39m
[32mn8n-editor-ui:build: [0m[33m[plugin rolldown:vite-resolve] Module "os" has been externalized for browser compatibility, imported by "/Users/romeobalta/work/n8n/worktrees/nudge-manual-builders-to-aia/node_modules/.pnpm/recast@0.22.0/node_modules/recast/lib/util.js". See https://vite.dev/guide/troubleshooting.html#module-externalized-for-browser-compatibility for more details.[39m
[32mn8n-editor-ui:build: [0m[33m[plugin rolldown:vite-resolve] Module "timers" has been externalized for browser compatibility, imported by "/Users/romeobalta/work/n8n/worktrees/nudge-manual-builders-to-aia/node_modules/.pnpm/xml2js@0.6.2/node_modules/xml2js/lib/parser.js". See https://vite.dev/guide/troubleshooting.html#module-externalized-for-browser-compatibility for more details.[39m
[32mn8n-editor-ui:build: [0m[33m[plugin rolldown:vite-resolve] Module "child_process" has been externalized for browser compatibility, imported by "/Users/romeobalta/work/n8n/worktrees/nudge-manual-builders-to-aia/node_modules/.pnpm/cron@4.4.0/node_modules/cron/dist/job.js". See https://vite.dev/guide/troubleshooting.html#module-externalized-for-browser-compatibility for more details.[39m
[32mn8n-editor-ui:build: [0m[33m[plugin rolldown:vite-resolve] Module "path" has been externalized for browser compatibility, imported by "/Users/romeobalta/work/n8n/worktrees/nudge-manual-builders-to-aia/packages/workflow/dist/esm/utils.js". See https://vite.dev/guide/troubleshooting.html#module-externalized-for-browser-compatibility for more details.[39m
[32mn8n-editor-ui:build: [0m[33m[plugin rolldown:vite-resolve] Module "os" has been externalized for browser compatibility, imported by "/Users/romeobalta/work/n8n/worktrees/nudge-manual-builders-to-aia/node_modules/.pnpm/recast@0.22.0/node_modules/recast/lib/util.js". See https://vite.dev/guide/troubleshooting.html#module-externalized-for-browser-compatibility for more details.[39m
[32mn8n-editor-ui:build: [0m[33m[plugin rolldown:vite-resolve] Module "timers" has been externalized for browser compatibility, imported by "/Users/romeobalta/work/n8n/worktrees/nudge-manual-builders-to-aia/node_modules/.pnpm/xml2js@0.6.2/node_modules/xml2js/lib/parser.js". See https://vite.dev/guide/troubleshooting.html#module-externalized-for-browser-compatibility for more details.[39m
[32mn8n-editor-ui:build: [0m[33m[plugin rolldown:vite-resolve] Module "path" has been externalized for browser compatibility, imported by "/Users/romeobalta/work/n8n/worktrees/nudge-manual-builders-to-aia/packages/workflow/dist/esm/utils.js". See https://vite.dev/guide/troubleshooting.html#module-externalized-for-browser-compatibility for more details.[39m
[32mn8n-editor-ui:build: [0m[33m[plugin rolldown:vite-resolve] Module "timers" has been externalized for browser compatibility, imported by "/Users/romeobalta/work/n8n/worktrees/nudge-manual-builders-to-aia/node_modules/.pnpm/xml2js@0.6.2/node_modules/xml2js/lib/parser.js". See https://vite.dev/guide/troubleshooting.html#module-externalized-for-browser-compatibility for more details.[39m
[32mn8n-editor-ui:build: [0m[33m[plugin rolldown:vite-resolve] Module "os" has been externalized for browser compatibility, imported by "/Users/romeobalta/work/n8n/worktrees/nudge-manual-builders-to-aia/node_modules/.pnpm/recast@0.22.0/node_modules/recast/lib/util.js". See https://vite.dev/guide/troubleshooting.html#module-externalized-for-browser-compatibility for more details.[39m
[32mn8n-editor-ui:build: [0m[33m[plugin rolldown:vite-resolve] Module "fs" has been externalized for browser compatibility, imported by "/Users/romeobalta/work/n8n/worktrees/nudge-manual-builders-to-aia/node_modules/.pnpm/web-tree-sitter@0.24.3/node_modules/web-tree-sitter/tree-sitter.js". See https://vite.dev/guide/troubleshooting.html#module-externalized-for-browser-compatibility for more details.[39m
[32mn8n-editor-ui:build: [0m[33m[plugin rolldown:vite-resolve] Module "path" has been externalized for browser compatibility, imported by "/Users/romeobalta/work/n8n/worktrees/nudge-manual-builders-to-aia/node_modules/.pnpm/web-tree-sitter@0.24.3/node_modules/web-tree-sitter/tree-sitter.js". See https://vite.dev/guide/troubleshooting.html#module-externalized-for-browser-compatibility for more details.[39m
[32mn8n-editor-ui:build: [0m[33m[1mDeprecation Warning[0m [[34mglobal-builtin[0m]: Global built-in functions are deprecated and will be removed in Dart Sass 3.0.0.
[32mn8n-editor-ui:build: [0mUse color.mix instead.
[32mn8n-editor-ui:build: [0m
[32mn8n-editor-ui:build: [0mMore info and automated migrator: https://sass-lang.com/d/import
[32mn8n-editor-ui:build: [0m
[32mn8n-editor-ui:build: [0m[34m   ╷[0m
[32mn8n-editor-ui:build: [0m[34m63 │[0m [31m┌[0m           [31mmix([0m
[32mn8n-editor-ui:build: [0m[34m64 │[0m [31m│[0m [31m            $mix-color,[0m
[32mn8n-editor-ui:build: [0m[34m65 │[0m [31m│[0m [31m            map.get($colors, $type, 'base'),[0m
[32mn8n-editor-ui:build: [0m[34m66 │[0m [31m│[0m [31m            math.percentage(math.div($number, 10))[0m
[32mn8n-editor-ui:build: [0m[34m67 │[0m [31m│[0m [31m          )[0m,
[32mn8n-editor-ui:build: [0m[34m   │[0m [31m└[0m[31m───────────^[0m
[32mn8n-editor-ui:build: [0m[34m   ╵[0m
[32mn8n-editor-ui:build: [0m    ../../../../../element-plus@2.4.3_patch_hash=fbab57fe3750e430abd5d5e7c04cbf1b6a8f9f1c9676b14c73b77d3e0_ad2671a9dc4701bd91b53b83324d31e0/node_modules/element-plus/theme-chalk/src/common/var.scss 63:11   set-color-mix-level()
[32mn8n-editor-ui:build: [0m    ../../../../../element-plus@2.4.3_patch_hash=fbab57fe3750e430abd5d5e7c04cbf1b6a8f9f1c9676b14c73b77d3e0_ad2671a9dc4701bd91b53b83324d31e0/node_modules/element-plus/theme-chalk/src/common/var.scss 87:5    @use
[32mn8n-editor-ui:build: [0m    ../../../../../element-plus@2.4.3_patch_hash=fbab57fe3750e430abd5d5e7c04cbf1b6a8f9f1c9676b14c73b77d3e0_ad2671a9dc4701bd91b53b83324d31e0/node_modules/element-plus/theme-chalk/src/mixins/mixins.scss 2:1  @use
[32mn8n-editor-ui:build: [0m    ../../../../../element-plus@2.4.3_patch_hash=fbab57fe3750e430abd5d5e7c04cbf1b6a8f9f1c9676b14c73b77d3e0_ad2671a9dc4701bd91b53b83324d31e0/node_modules/element-plus/theme-chalk/src/slider.scss 3:1         @use
[32mn8n-editor-ui:build: [0m    ../../../../../../../packages/frontend/@n8n/design-system/src/css/slider.scss 7:1                                                                                                                         @use
[32mn8n-editor-ui:build: [0m    ../../../../../../../packages/frontend/@n8n/design-system/src/css/index.scss 17:1                                                                                                                         root stylesheet
[32mn8n-editor-ui:build: [0m
[32mn8n-editor-ui:build: [0m[33m[1mDeprecation Warning[0m [[34mglobal-builtin[0m]: Global built-in functions are deprecated and will be removed in Dart Sass 3.0.0.
[32mn8n-editor-ui:build: [0mUse meta.inspect instead.
[32mn8n-editor-ui:build: [0m
[32mn8n-editor-ui:build: [0mMore info and automated migrator: https://sass-lang.com/d/import
[32mn8n-editor-ui:build: [0m
[32mn8n-editor-ui:build: [0m[34m  ╷[0m
[32mn8n-editor-ui:build: [0m[34m5 │[0m   $selector: [31minspect($selector)[0m;
[32mn8n-editor-ui:build: [0m[34m  │[0m [31m             ^^^^^^^^^^^^^^^^^^[0m
[32mn8n-editor-ui:build: [0m[34m  ╵[0m
[32mn8n-editor-ui:build: [0m    ../../../../../element-plus@2.4.3_patch_hash=fbab57fe3750e430abd5d5e7c04cbf1b6a8f9f1c9676b14c73b77d3e0_ad2671a9dc4701bd91b53b83324d31e0/node_modules/element-plus/theme-chalk/src/mixins/function.scss 5:14   selectorToString()
[32mn8n-editor-ui:build: [0m    ../../../../../element-plus@2.4.3_patch_hash=fbab57fe3750e430abd5d5e7c04cbf1b6a8f9f1c9676b14c73b77d3e0_ad2671a9dc4701bd91b53b83324d31e0/node_modules/element-plus/theme-chalk/src/mixins/function.scss 11:14  containsModifier()
[32mn8n-editor-ui:build: [0m    ../../../../../element-plus@2.4.3_patch_hash=fbab57fe3750e430abd5d5e7c04cbf1b6a8f9f1c9676b14c73b77d3e0_ad2671a9dc4701bd91b53b83324d31e0/node_modules/element-plus/theme-chalk/src/mixins/function.scss 41:11  hitAllSpecialNestRule()
[32mn8n-editor-ui:build: [0m    ../../../../../element-plus@2.4.3_patch_hash=fbab57fe3750e430abd5d5e7c04cbf1b6a8f9f1c9676b14c73b77d3e0_ad2671a9dc4701bd91b53b83324d31e0/node_modules/element-plus/theme-chalk/src/mixins/mixins.scss 77:7     e()
[32mn8n-editor-ui:build: [0m    ../../../../../element-plus@2.4.3_patch_hash=fbab57fe3750e430abd5d5e7c04cbf1b6a8f9f1c9676b14c73b77d3e0_ad2671a9dc4701bd91b53b83324d31e0/node_modules/element-plus/theme-chalk/src/slider.scss 28:3            @content
[32mn8n-editor-ui:build: [0m    ../../../../../element-plus@2.4.3_patch_hash=fbab57fe3750e430abd5d5e7c04cbf1b6a8f9f1c9676b14c73b77d3e0_ad2671a9dc4701bd91b53b83324d31e0/node_modules/element-plus/theme-chalk/src/mixins/mixins.scss 60:5     b()
[32mn8n-editor-ui:build: [0m    ../../../../../element-plus@2.4.3_patch_hash=fbab57fe3750e430abd5d5e7c04cbf1b6a8f9f1c9676b14c73b77d3e0_ad2671a9dc4701bd91b53b83324d31e0/node_modules/element-plus/theme-chalk/src/slider.scss 22:1            @use
[32mn8n-editor-ui:build: [0m    ../../../../../../../packages/frontend/@n8n/design-system/src/css/slider.scss 7:1                                                                                                                             @use
[32mn8n-editor-ui:build: [0m    ../../../../../../../packages/frontend/@n8n/design-system/src/css/index.scss 17:1                                                                                                                             root stylesheet
[32mn8n-editor-ui:build: [0m
[32mn8n-editor-ui:build: [0m[33m[1mDeprecation Warning[0m [[34mglobal-builtin[0m]: Global built-in functions are deprecated and will be removed in Dart Sass 3.0.0.
[32mn8n-editor-ui:build: [0mUse string.slice instead.
[32mn8n-editor-ui:build: [0m
[32mn8n-editor-ui:build: [0mMore info and automated migrator: https://sass-lang.com/d/import
[32mn8n-editor-ui:build: [0m
[32mn8n-editor-ui:build: [0m[34m  ╷[0m
[32mn8n-editor-ui:build: [0m[34m6 │[0m   $selector: [31mstr-slice($selector, 2, -2)[0m;
[32mn8n-editor-ui:build: [0m[34m  │[0m [31m             ^^^^^^^^^^^^^^^^^^^^^^^^^^^[0m
[32mn8n-editor-ui:build: [0m[34m  ╵[0m
[32mn8n-editor-ui:build: [0m    ../../../../../element-plus@2.4.3_patch_hash=fbab57fe3750e430abd5d5e7c04cbf1b6a8f9f1c9676b14c73b77d3e0_ad2671a9dc4701bd91b53b83324d31e0/node_modules/element-plus/theme-chalk/src/mixins/function.scss 6:14   selectorToString()
[32mn8n-editor-ui:build: [0m    ../../../../../element-plus@2.4.3_patch_hash=fbab57fe3750e430abd5d5e7c04cbf1b6a8f9f1c9676b14c73b77d3e0_ad2671a9dc4701bd91b53b83324d31e0/node_modules/element-plus/theme-chalk/src/mixins/function.scss 11:14  containsModifier()
[32mn8n-editor-ui:build: [0m    ../../../../../element-plus@2.4.3_patch_hash=fbab57fe3750e430abd5d5e7c04cbf1b6a8f9f1c9676b14c73b77d3e0_ad2671a9dc4701bd91b53b83324d31e0/node_modules/element-plus/theme-chalk/src/mixins/function.scss 41:11  hitAllSpecialNestRule()
[32mn8n-editor-ui:build: [0m    ../../../../../element-plus@2.4.3_patch_hash=fbab57fe3750e430abd5d5e7c04cbf1b6a8f9f1c9676b14c73b77d3e0_ad2671a9dc4701bd91b53b83324d31e0/node_modules/element-plus/theme-chalk/src/mixins/mixins.scss 77:7     e()
[32mn8n-editor-ui:build: [0m    ../../../../../element-plus@2.4.3_patch_hash=fbab57fe3750e430abd5d5e7c04cbf1b6a8f9f1c9676b14c73b77d3e0_ad2671a9dc4701bd91b53b83324d31e0/node_modules/element-plus/theme-chalk/src/slider.scss 28:3            @content
[32mn8n-editor-ui:build: [0m    ../../../../../element-plus@2.4.3_patch_hash=fbab57fe3750e430abd5d5e7c04cbf1b6a8f9f1c9676b14c73b77d3e0_ad2671a9dc4701bd91b53b83324d31e0/node_modules/element-plus/theme-chalk/src/mixins/mixins.scss 60:5     b()
[32mn8n-editor-ui:build: [0m    ../../../../../element-plus@2.4.3_patch_hash=fbab57fe3750e430abd5d5e7c04cbf1b6a8f9f1c9676b14c73b77d3e0_ad2671a9dc4701bd91b53b83324d31e0/node_modules/element-plus/theme-chalk/src/slider.scss 22:1            @use
[32mn8n-editor-ui:build: [0m    ../../../../../../../packages/frontend/@n8n/design-system/src/css/slider.scss 7:1                                                                                                                             @use
[32mn8n-editor-ui:build: [0m    ../../../../../../../packages/frontend/@n8n/design-system/src/css/index.scss 17:1                                                                                                                             root stylesheet
[32mn8n-editor-ui:build: [0m
[32mn8n-editor-ui:build: [0m[33m[1mDeprecation Warning[0m [[34mglobal-builtin[0m]: Global built-in functions are deprecated and will be removed in Dart Sass 3.0.0.
[32mn8n-editor-ui:build: [0mUse string.index instead.
[32mn8n-editor-ui:build: [0m
[32mn8n-editor-ui:build: [0mMore info and automated migrator: https://sass-lang.com/d/import
[32mn8n-editor-ui:build: [0m
[32mn8n-editor-ui:build: [0m[34m   ╷[0m
[32mn8n-editor-ui:build: [0m[34m13 │[0m   @if [31mstr-index($selector, config.$modifier-separator)[0m {
[32mn8n-editor-ui:build: [0m[34m   │[0m [31m      ^^^^^^^^^^^^^^^^^^^^^^^^^^^^^^^^^^^^^^^^^^^^^^^^[0m
[32mn8n-editor-ui:build: [0m[34m   ╵[0m
[32mn8n-editor-ui:build: [0m    ../../../../../element-plus@2.4.3_patch_hash=fbab57fe3750e430abd5d5e7c04cbf1b6a8f9f1c9676b14c73b77d3e0_ad2671a9dc4701bd91b53b83324d31e0/node_modules/element-plus/theme-chalk/src/mixins/function.scss 13:7   containsModifier()
[32mn8n-editor-ui:build: [0m    ../../../../../element-plus@2.4.3_patch_hash=fbab57fe3750e430abd5d5e7c04cbf1b6a8f9f1c9676b14c73b77d3e0_ad2671a9dc4701bd91b53b83324d31e0/node_modules/element-plus/theme-chalk/src/mixins/function.scss 41:11  hitAllSpecialNestRule()
[32mn8n-editor-ui:build: [0m    ../../../../../element-plus@2.4.3_patch_hash=fbab57fe3750e430abd5d5e7c04cbf1b6a8f9f1c9676b14c73b77d3e0_ad2671a9dc4701bd91b53b83324d31e0/node_modules/element-plus/theme-chalk/src/mixins/mixins.scss 77:7     e()
[32mn8n-editor-ui:build: [0m    ../../../../../element-plus@2.4.3_patch_hash=fbab57fe3750e430abd5d5e7c04cbf1b6a8f9f1c9676b14c73b77d3e0_ad2671a9dc4701bd91b53b83324d31e0/node_modules/element-plus/theme-chalk/src/slider.scss 28:3            @content
[32mn8n-editor-ui:build: [0m    ../../../../../element-plus@2.4.3_patch_hash=fbab57fe3750e430abd5d5e7c04cbf1b6a8f9f1c9676b14c73b77d3e0_ad2671a9dc4701bd91b53b83324d31e0/node_modules/element-plus/theme-chalk/src/mixins/mixins.scss 60:5     b()
[32mn8n-editor-ui:build: [0m    ../../../../../element-plus@2.4.3_patch_hash=fbab57fe3750e430abd5d5e7c04cbf1b6a8f9f1c9676b14c73b77d3e0_ad2671a9dc4701bd91b53b83324d31e0/node_modules/element-plus/theme-chalk/src/slider.scss 22:1            @use
[32mn8n-editor-ui:build: [0m    ../../../../../../../packages/frontend/@n8n/design-system/src/css/slider.scss 7:1                                                                                                                             @use
[32mn8n-editor-ui:build: [0m    ../../../../../../../packages/frontend/@n8n/design-system/src/css/index.scss 17:1                                                                                                                             root stylesheet
[32mn8n-editor-ui:build: [0m
[32mn8n-editor-ui:build: [0m[33m[1mDeprecation Warning[0m [[34mglobal-builtin[0m]: Global built-in functions are deprecated and will be removed in Dart Sass 3.0.0.
[32mn8n-editor-ui:build: [0mUse string.index instead.
[32mn8n-editor-ui:build: [0m
[32mn8n-editor-ui:build: [0mMore info and automated migrator: https://sass-lang.com/d/import
[32mn8n-editor-ui:build: [0m
[32mn8n-editor-ui:build: [0m[34m   ╷[0m
[32mn8n-editor-ui:build: [0m[34m23 │[0m   @if [31mstr-index($selector, '.' + config.$state-prefix)[0m {
[32mn8n-editor-ui:build: [0m[34m   │[0m [31m      ^^^^^^^^^^^^^^^^^^^^^^^^^^^^^^^^^^^^^^^^^^^^^^^^[0m
[32mn8n-editor-ui:build: [0m[34m   ╵[0m
[32mn8n-editor-ui:build: [0m    ../../../../../element-plus@2.4.3_patch_hash=fbab57fe3750e430abd5d5e7c04cbf1b6a8f9f1c9676b14c73b77d3e0_ad2671a9dc4701bd91b53b83324d31e0/node_modules/element-plus/theme-chalk/src/mixins/function.scss 23:7   containWhenFlag()
[32mn8n-editor-ui:build: [0m    ../../../../../element-plus@2.4.3_patch_hash=fbab57fe3750e430abd5d5e7c04cbf1b6a8f9f1c9676b14c73b77d3e0_ad2671a9dc4701bd91b53b83324d31e0/node_modules/element-plus/theme-chalk/src/mixins/function.scss 41:42  hitAllSpecialNestRule()
[32mn8n-editor-ui:build: [0m    ../../../../../element-plus@2.4.3_patch_hash=fbab57fe3750e430abd5d5e7c04cbf1b6a8f9f1c9676b14c73b77d3e0_ad2671a9dc4701bd91b53b83324d31e0/node_modules/element-plus/theme-chalk/src/mixins/mixins.scss 77:7     e()
[32mn8n-editor-ui:build: [0m    ../../../../../element-plus@2.4.3_patch_hash=fbab57fe3750e430abd5d5e7c04cbf1b6a8f9f1c9676b14c73b77d3e0_ad2671a9dc4701bd91b53b83324d31e0/node_modules/element-plus/theme-chalk/src/slider.scss 28:3            @content
[32mn8n-editor-ui:build: [0m    ../../../../../element-plus@2.4.3_patch_hash=fbab57fe3750e430abd5d5e7c04cbf1b6a8f9f1c9676b14c73b77d3e0_ad2671a9dc4701bd91b53b83324d31e0/node_modules/element-plus/theme-chalk/src/mixins/mixins.scss 60:5     b()
[32mn8n-editor-ui:build: [0m    ../../../../../element-plus@2.4.3_patch_hash=fbab57fe3750e430abd5d5e7c04cbf1b6a8f9f1c9676b14c73b77d3e0_ad2671a9dc4701bd91b53b83324d31e0/node_modules/element-plus/theme-chalk/src/slider.scss 22:1            @use
[32mn8n-editor-ui:build: [0m    ../../../../../../../packages/frontend/@n8n/design-system/src/css/slider.scss 7:1                                                                                                                             @use
[32mn8n-editor-ui:build: [0m    ../../../../../../../packages/frontend/@n8n/design-system/src/css/index.scss 17:1                                                                                                                             root stylesheet
[32mn8n-editor-ui:build: [0m
[32mn8n-editor-ui:build: [0m[33m[1mWarning[0m: 1 repetitive deprecation warnings omitted.
[32mn8n-editor-ui:build: [0mRun in verbose mode to see all warnings.
[32mn8n-editor-ui:build: [0m
[32mn8n-editor-ui:build: [0m[2K[32mn8n-editor-ui:build: [0mtransforming...[32m✓[39m 9411 modules transformed.
[32mn8n-editor-ui:build: [0mrendering chunks...
[32mn8n-editor-ui:build: [0m[36m[vite-plugin-static-copy][39m [32mCopied 4 items.[39m
[32mn8n-editor-ui:build: [0mcomputing gzip size...
[32mn8n-editor-ui:build: [0m[2mdist/[0m[2massets/[0m[32msafeRegex.worker-CUgnGUYO.js                            [39m[2m[1m     0.90 kB[0m[0m
[32mn8n-editor-ui:build: [0m[2mdist/[0m[2massets/[0m[32mKaTeX_Size3-Regular-CTq5MqoE.woff                       [39m[2m[1m     4.42 kB[0m[0m
[32mn8n-editor-ui:build: [0m[2mdist/[0m[2massets/[0m[32mKaTeX_Size4-Regular-Dl5lxZxV.woff2                      [39m[2m[1m     4.92 kB[0m[0m
[32mn8n-editor-ui:build: [0m[2mdist/[0m[2massets/[0m[32mKaTeX_Size2-Regular-Dy4dx90m.woff2                      [39m[2m[1m     5.20 kB[0m[0m
[32mn8n-editor-ui:build: [0m[2mdist/[0m[2massets/[0m[32mKaTeX_Size1-Regular-mCD8mA8B.woff2                      [39m[2m[1m     5.46 kB[0m[0m
[32mn8n-editor-ui:build: [0m[2mdist/[0m[2massets/[0m[32mKaTeX_Size4-Regular-BF-4gkZK.woff                       [39m[2m[1m     5.98 kB[0m[0m
[32mn8n-editor-ui:build: [0m[2mdist/[0m[2massets/[0m[32mKaTeX_Size2-Regular-oD1tc_U0.woff                       [39m[2m[1m     6.18 kB[0m[0m
[32mn8n-editor-ui:build: [0m[2mdist/[0m[2massets/[0m[32mKaTeX_Size1-Regular-C195tn64.woff                       [39m[2m[1m     6.49 kB[0m[0m
[32mn8n-editor-ui:build: [0m[2mdist/[0m[2massets/[0m[32mKaTeX_Caligraphic-Regular-Di6jR-x-.woff2                [39m[2m[1m     6.90 kB[0m[0m
[32mn8n-editor-ui:build: [0m[2mdist/[0m[2massets/[0m[32mKaTeX_Caligraphic-Bold-Dq_IR9rO.woff2                   [39m[2m[1m     6.91 kB[0m[0m
[32mn8n-editor-ui:build: [0m[2mdist/[0m[2massets/[0m[32mKaTeX_Size3-Regular-DgpXs0kz.ttf                        [39m[2m[1m     7.58 kB[0m[0m
[32mn8n-editor-ui:build: [0m[2mdist/[0m[2massets/[0m[32mKaTeX_Caligraphic-Regular-CTRA-rTL.woff                 [39m[2m[1m     7.65 kB[0m[0m
[32mn8n-editor-ui:build: [0m[2mdist/[0m[2massets/[0m[32mKaTeX_Caligraphic-Bold-BEiXGLvX.woff                    [39m[2m[1m     7.71 kB[0m[0m
[32mn8n-editor-ui:build: [0m[2mdist/[0m[2massets/[0m[32mKaTeX_Script-Regular-D3wIWfF6.woff2                     [39m[2m[1m     9.64 kB[0m[0m
[32mn8n-editor-ui:build: [0m[2mdist/[0m[2massets/[0m[32mKaTeX_SansSerif-Regular-DDBCnlJ7.woff2                  [39m[2m[1m    10.34 kB[0m[0m
[32mn8n-editor-ui:build: [0m[2mdist/[0m[2massets/[0m[32mKaTeX_Size4-Regular-DWFBv043.ttf                        [39m[2m[1m    10.36 kB[0m[0m
[32mn8n-editor-ui:build: [0m[2mdist/[0m[2massets/[0m[32mKaTeX_Script-Regular-D5yQViql.woff                      [39m[2m[1m    10.58 kB[0m[0m
[32mn8n-editor-ui:build: [0m[2mdist/[0m[2massets/[0m[32mKaTeX_Fraktur-Regular-CTYiF6lA.woff2                    [39m[2m[1m    11.31 kB[0m[0m
[32mn8n-editor-ui:build: [0m[2mdist/[0m[2massets/[0m[32mKaTeX_Fraktur-Bold-CL6g_b3V.woff2                       [39m[2m[1m    11.34 kB[0m[0m
[32mn8n-editor-ui:build: [0m[2mdist/[0m[2massets/[0m[32mKaTeX_Size2-Regular-B7gKUWhC.ttf                        [39m[2m[1m    11.50 kB[0m[0m
[32mn8n-editor-ui:build: [0m[2mdist/[0m[2massets/[0m[32mKaTeX_SansSerif-Italic-C3H0VqGB.woff2                   [39m[2m[1m    12.02 kB[0m[0m
[32mn8n-editor-ui:build: [0m[2mdist/[0m[2massets/[0m[32mKaTeX_SansSerif-Bold-D1sUS0GD.woff2                     [39m[2m[1m    12.21 kB[0m[0m
[32mn8n-editor-ui:build: [0m[2mdist/[0m[2massets/[0m[32mKaTeX_Size1-Regular-Dbsnue_I.ttf                        [39m[2m[1m    12.22 kB[0m[0m
[32mn8n-editor-ui:build: [0m[2mdist/[0m[2massets/[0m[32mKaTeX_SansSerif-Regular-CS6fqUqJ.woff                   [39m[2m[1m    12.31 kB[0m[0m
[32mn8n-editor-ui:build: [0m[2mdist/[0m[2massets/[0m[32mKaTeX_Caligraphic-Regular-wX97UBjC.ttf                  [39m[2m[1m    12.34 kB[0m[0m
[32mn8n-editor-ui:build: [0m[2mdist/[0m[2massets/[0m[32mKaTeX_Caligraphic-Bold-ATXxdsX0.ttf                     [39m[2m[1m    12.36 kB[0m[0m
[32mn8n-editor-ui:build: [0m[2mdist/[0m[2massets/[0m[32mKaTeX_Fraktur-Regular-Dxdc4cR9.woff                     [39m[2m[1m    13.20 kB[0m[0m
[32mn8n-editor-ui:build: [0m[2mdist/[0m[2massets/[0m[32mKaTeX_Fraktur-Bold-BsDP51OF.woff                        [39m[2m[1m    13.29 kB[0m[0m
[32mn8n-editor-ui:build: [0m[2mdist/[0m[2massets/[0m[32mKaTeX_Typewriter-Regular-CO6r4hn1.woff2                 [39m[2m[1m    13.56 kB[0m[0m
[32mn8n-editor-ui:build: [0m[2mdist/[0m[2massets/[0m[32mKaTeX_SansSerif-Italic-DN2j7dab.woff                    [39m[2m[1m    14.11 kB[0m[0m
[32mn8n-editor-ui:build: [0m[2mdist/[0m[2massets/[0m[32mKaTeX_SansSerif-Bold-DbIhKOiC.woff                      [39m[2m[1m    14.40 kB[0m[0m
[32mn8n-editor-ui:build: [0m[2mdist/[0m[2massets/[0m[32mKaTeX_Typewriter-Regular-C0xS9mPB.woff                  [39m[2m[1m    16.02 kB[0m[0m
[32mn8n-editor-ui:build: [0m[2mdist/[0m[2massets/[0m[32mKaTeX_Math-BoldItalic-CZnvNsCZ.woff2                    [39m[2m[1m    16.40 kB[0m[0m
[32mn8n-editor-ui:build: [0m[2mdist/[0m[2massets/[0m[32mKaTeX_Math-Italic-t53AETM-.woff2                        [39m[2m[1m    16.44 kB[0m[0m
[32mn8n-editor-ui:build: [0m[2mdist/[0m[2massets/[0m[32mKaTeX_Script-Regular-C5JkGWo-.ttf                       [39m[2m[1m    16.64 kB[0m[0m
[32mn8n-editor-ui:build: [0m[2mdist/[0m[2massets/[0m[32mKaTeX_Main-BoldItalic-DxDJ3AOS.woff2                    [39m[2m[1m    16.78 kB[0m[0m
[32mn8n-editor-ui:build: [0m[2mdist/[0m[2massets/[0m[32mKaTeX_Main-Italic-NWA7e6Wa.woff2                        [39m[2m[1m    16.98 kB[0m[0m
[32mn8n-editor-ui:build: [0m[2mdist/[0m[2massets/[0m[32mworker-BAe5BeIp.js                                      [39m[2m[1m    18.43 kB[0m[0m
[32mn8n-editor-ui:build: [0m[2mdist/[0m[2massets/[0m[32mKaTeX_Math-BoldItalic-iY-2wyZ7.woff                     [39m[2m[1m    18.66 kB[0m[0m
[32mn8n-editor-ui:build: [0m[2mdist/[0m[2massets/[0m[32mKaTeX_Math-Italic-DA0__PXp.woff                         [39m[2m[1m    18.74 kB[0m[0m
[32mn8n-editor-ui:build: [0m[2mdist/[0m[2massets/[0m[32mKaTeX_Main-BoldItalic-SpSLRI95.woff                     [39m[2m[1m    19.41 kB[0m[0m
[32mn8n-editor-ui:build: [0m[2mdist/[0m[2massets/[0m[32mKaTeX_SansSerif-Regular-BNo7hRIc.ttf                    [39m[2m[1m    19.43 kB[0m[0m
[32mn8n-editor-ui:build: [0m[2mdist/[0m[2massets/[0m[32mKaTeX_Fraktur-Regular-CB_wures.ttf                      [39m[2m[1m    19.57 kB[0m[0m
[32mn8n-editor-ui:build: [0m[2mdist/[0m[2massets/[0m[32mKaTeX_Fraktur-Bold-BdnERNNW.ttf                         [39m[2m[1m    19.58 kB[0m[0m
[32mn8n-editor-ui:build: [0m[2mdist/[0m[2massets/[0m[32mKaTeX_Main-Italic-BMLOBm91.woff                         [39m[2m[1m    19.67 kB[0m[0m
[32mn8n-editor-ui:build: [0m[2mdist/[0m[2massets/[0m[32mKaTeX_SansSerif-Italic-YYjJ1zSn.ttf                     [39m[2m[1m    22.36 kB[0m[0m
[32mn8n-editor-ui:build: [0m[2mdist/[0m[2massets/[0m[32mKaTeX_SansSerif-Bold-CFMepnvq.ttf                       [39m[2m[1m    24.50 kB[0m[0m
[32mn8n-editor-ui:build: [0m[2mdist/[0m[2massets/[0m[32mKaTeX_Main-Bold-Cx986IdX.woff2                          [39m[2m[1m    25.32 kB[0m[0m
[32mn8n-editor-ui:build: [0m[2mdist/[0m[2massets/[0m[32mKaTeX_Main-Regular-B22Nviop.woff2                       [39m[2m[1m    26.27 kB[0m[0m
[32mn8n-editor-ui:build: [0m[2mdist/[0m[2massets/[0m[32mKaTeX_Typewriter-Regular-D3Ib7_Hf.ttf                   [39m[2m[1m    27.55 kB[0m[0m
[32mn8n-editor-ui:build: [0m[2mdist/[0m[2massets/[0m[32mKaTeX_AMS-Regular-BQhdFMY1.woff2                        [39m[2m[1m    28.07 kB[0m[0m
[32mn8n-editor-ui:build: [0m[2mdist/[0m[2massets/[0m[32melement-icons-B-tDfklg.woff                             [39m[2m[1m    28.20 kB[0m[0m
[32mn8n-editor-ui:build: [0m[2mdist/[0m[2massets/[0m[32mKaTeX_Main-Bold-Jm3AIy58.woff                           [39m[2m[1m    29.91 kB[0m[0m
[32mn8n-editor-ui:build: [0m[2mdist/[0m[2massets/[0m[32mKaTeX_Main-Regular-Dr94JaBh.woff                        [39m[2m[1m    30.77 kB[0m[0m
[32mn8n-editor-ui:build: [0m[2mdist/[0m[2massets/[0m[32mKaTeX_Math-BoldItalic-B3XSjfu4.ttf                      [39m[2m[1m    31.19 kB[0m[0m
[32mn8n-editor-ui:build: [0m[2mdist/[0m[2massets/[0m[32mKaTeX_Math-Italic-flOr_0UB.ttf                          [39m[2m[1m    31.30 kB[0m[0m
[32mn8n-editor-ui:build: [0m[2mdist/[0m[2massets/[0m[32mKaTeX_Main-BoldItalic-DzxPMmG6.ttf                      [39m[2m[1m    32.96 kB[0m[0m
[32mn8n-editor-ui:build: [0m[2mdist/[0m[2massets/[0m[32mKaTeX_AMS-Regular-DMm9YOAa.woff                         [39m[2m[1m    33.51 kB[0m[0m
[32mn8n-editor-ui:build: [0m[2mdist/[0m[2massets/[0m[32mKaTeX_Main-Italic-3WenGoN9.ttf                          [39m[2m[1m    33.58 kB[0m[0m
[32mn8n-editor-ui:build: [0m[2mdist/[0m[32mindex.html                                                     [39m[2m[1m    42.65 kB[0m[0m[2m │ gzip:   6.74 kB[0m
[32mn8n-editor-ui:build: [0m[2mdist/[0m[2massets/[0m[32mKaTeX_Main-Bold-waoOVXN0.ttf                            [39m[2m[1m    51.33 kB[0m[0m
[32mn8n-editor-ui:build: [0m[2mdist/[0m[2massets/[0m[32mKaTeX_Main-Regular-ypZvNtVU.ttf                         [39m[2m[1m    53.58 kB[0m[0m
[32mn8n-editor-ui:build: [0m[2mdist/[0m[2massets/[0m[32melement-icons-_lZGOqcG.ttf                              [39m[2m[1m    55.95 kB[0m[0m
[32mn8n-editor-ui:build: [0m[2mdist/[0m[2massets/[0m[32mKaTeX_AMS-Regular-DRggAlZN.ttf                          [39m[2m[1m    63.63 kB[0m[0m
[32mn8n-editor-ui:build: [0m[2mdist/[0m[2massets/[0m[32mCommitMonoVariable-ytizKI8U.woff2                       [39m[2m[1m    86.76 kB[0m[0m
[32mn8n-editor-ui:build: [0m[2mdist/[0m[2massets/[0m[32mdoppler-B__k0MeW.webp                                   [39m[2m[1m   315.06 kB[0m[0m
[32mn8n-editor-ui:build: [0m[2mdist/[0m[2massets/[0m[32mInterVariable-DiVDrmQJ.woff2                            [39m[2m[1m   352.24 kB[0m[0m
[32mn8n-editor-ui:build: [0m[2mdist/[0m[2massets/[0m[32mInterVariable-Italic-FCBEiFp6.woff2                     [39m[2m[1m   387.97 kB[0m[0m
[32mn8n-editor-ui:build: [0m[2mdist/[0m[2massets/[0m[32mwa-sqlite-DDTbX34h.wasm                                 [39m[2m[1m   596.88 kB[0m[0m[2m │ gzip: 295.39 kB[0m
[32mn8n-editor-ui:build: [0m[2mdist/[0m[2massets/[0m[32mworker-BcK4oOlL.js                                      [39m[2m[1m 3,214.73 kB[0m[0m
[32mn8n-editor-ui:build: [0m[2mdist/[0m[2massets/[0m[32mtypescript.worker-C--GG-KE.js                           [39m[2m[1m10,883.88 kB[0m[0m
[32mn8n-editor-ui:build: [0m[2mdist/[0m[2massets/[0m[35mConnectionTracker-c7uDDNb0.css                          [39m[2m[1m     0.18 kB[0m[0m[2m │ gzip:   0.13 kB[0m
[32mn8n-editor-ui:build: [0m[2mdist/[0m[2massets/[0m[35mEntityNotFound-DA5wD1RS.css                             [39m[2m[1m     0.19 kB[0m[0m[2m │ gzip:   0.15 kB[0m
[32mn8n-editor-ui:build: [0m[2mdist/[0m[2massets/[0m[35mEntityUnAuthorised-D3XTbU6Y.css                         [39m[2m[1m     0.19 kB[0m[0m[2m │ gzip:   0.16 kB[0m
[32mn8n-editor-ui:build: [0m[2mdist/[0m[2massets/[0m[35mDialogFooter-BNJ_h6f2.css                               [39m[2m[1m     0.25 kB[0m[0m[2m │ gzip:   0.16 kB[0m
[32mn8n-editor-ui:build: [0m[2mdist/[0m[2massets/[0m[35mSeverityTag-C0hCvHeU.css                                [39m[2m[1m     0.27 kB[0m[0m[2m │ gzip:   0.15 kB[0m
[32mn8n-editor-ui:build: [0m[2mdist/[0m[2massets/[0m[35mAnimatedSpinner-CoP6Lyme.css                            [39m[2m[1m     0.57 kB[0m[0m[2m │ gzip:   0.19 kB[0m
[32mn8n-editor-ui:build: [0m[2mdist/[0m[2massets/[0m[35museRoleEditorForm-CL88lqWh.css                          [39m[2m[1m     0.57 kB[0m[0m[2m │ gzip:   0.31 kB[0m
[32mn8n-editor-ui:build: [0m[2mdist/[0m[2massets/[0m[35mNDVEmptyState-C0V2112A.css                              [39m[2m[1m     0.58 kB[0m[0m[2m │ gzip:   0.30 kB[0m
[32mn8n-editor-ui:build: [0m[2mdist/[0m[2massets/[0m[35mMigrationRuleDetail-CNqoOkMh.css                        [39m[2m[1m     0.63 kB[0m[0m[2m │ gzip:   0.39 kB[0m
[32mn8n-editor-ui:build: [0m[2mdist/[0m[2massets/[0m[35mMigrationRules-CnoXUHIO.css                             [39m[2m[1m     0.68 kB[0m[0m[2m │ gzip:   0.33 kB[0m
[32mn8n-editor-ui:build: [0m[2mdist/[0m[2massets/[0m[35mAgentView-DZtLv_vB.css                                  [39m[2m[1m     1.07 kB[0m[0m[2m │ gzip:   0.45 kB[0m
[32mn8n-editor-ui:build: [0m[2mdist/[0m[2massets/[0m[35mAgentTaskModal-Le66LoNW.css                             [39m[2m[1m     1.22 kB[0m[0m[2m │ gzip:   0.47 kB[0m
[32mn8n-editor-ui:build: [0m[2mdist/[0m[2massets/[0m[35mCheckbox-CsWkpTVy.css                                   [39m[2m[1m     1.82 kB[0m[0m[2m │ gzip:   0.62 kB[0m
[32mn8n-editor-ui:build: [0m[2mdist/[0m[2massets/[0m[35mProjectRoleView-CfBMdDOX.css                            [39m[2m[1m     1.85 kB[0m[0m[2m │ gzip:   0.68 kB[0m
[32mn8n-editor-ui:build: [0m[2mdist/[0m[2massets/[0m[35mSettingsSecretsProviders-CRebq6fq.css                   [39m[2m[1m     2.48 kB[0m[0m[2m │ gzip:   0.85 kB[0m
[32mn8n-editor-ui:build: [0m[2mdist/[0m[2massets/[0m[35mRolesView-B3k3qsut.css                                  [39m[2m[1m     2.62 kB[0m[0m[2m │ gzip:   0.79 kB[0m
[32mn8n-editor-ui:build: [0m[2mdist/[0m[2massets/[0m[35mSecuritySettings-CRZjppji.css                           [39m[2m[1m     2.86 kB[0m[0m[2m │ gzip:   0.46 kB[0m
[32mn8n-editor-ui:build: [0m[2mdist/[0m[2massets/[0m[35mSwitch-VVCsxUqF.css                                     [39m[2m[1m     4.22 kB[0m[0m[2m │ gzip:   1.15 kB[0m
[32mn8n-editor-ui:build: [0m[2mdist/[0m[2massets/[0m[35mSelect-BFME-47l.css                                     [39m[2m[1m     4.63 kB[0m[0m[2m │ gzip:   1.26 kB[0m
[32mn8n-editor-ui:build: [0m[2mdist/[0m[2massets/[0m[35mDateRangePicker-DzddKEHd.css                            [39m[2m[1m     7.69 kB[0m[0m[2m │ gzip:   1.53 kB[0m
[32mn8n-editor-ui:build: [0m[2mdist/[0m[2massets/[0m[35mRunDataHtml-D54zvnKa.css                                [39m[2m[1m     8.13 kB[0m[0m[2m │ gzip:   1.44 kB[0m
[32mn8n-editor-ui:build: [0m[2mdist/[0m[2massets/[0m[35mBrowserUseSetupModal-BOW31swk.css                       [39m[2m[1m     8.24 kB[0m[0m[2m │ gzip:   1.47 kB[0m
[32mn8n-editor-ui:build: [0m[2mdist/[0m[2massets/[0m[35mComputerUseSetupModal-CRvGKzEB.css                      [39m[2m[1m     8.24 kB[0m[0m[2m │ gzip:   1.47 kB[0m
[32mn8n-editor-ui:build: [0m[2mdist/[0m[2massets/[0m[35mConfirmPasswordModal-CgZPE0yK.css                       [39m[2m[1m     8.39 kB[0m[0m[2m │ gzip:   1.45 kB[0m
[32mn8n-editor-ui:build: [0m[2mdist/[0m[2massets/[0m[35mPromptMfaCodeModal-DqXIRlbs.css                         [39m[2m[1m     8.39 kB[0m[0m[2m │ gzip:   1.46 kB[0m
[32mn8n-editor-ui:build: [0m[2mdist/[0m[2massets/[0m[35mCredentialIcon-C4grmwxF.css                             [39m[2m[1m     8.40 kB[0m[0m[2m │ gzip:   1.45 kB[0m
[32mn8n-editor-ui:build: [0m[2mdist/[0m[2massets/[0m[35mPrivateCredentialIcon-Djt1dVnh.css                      [39m[2m[1m     8.42 kB[0m[0m[2m │ gzip:   1.47 kB[0m
[32mn8n-editor-ui:build: [0m[2mdist/[0m[2massets/[0m[35mExposeAllWorkflowsToMcpModal-BMVnl-2M.css               [39m[2m[1m     8.42 kB[0m[0m[2m │ gzip:   1.47 kB[0m
[32mn8n-editor-ui:build: [0m[2mdist/[0m[2massets/[0m[35mCopyButton-Df0vp-zk.css                                 [39m[2m[1m     8.43 kB[0m[0m[2m │ gzip:   1.47 kB[0m
[32mn8n-editor-ui:build: [0m[2mdist/[0m[2massets/[0m[35mNodeIcon-C9lIHc2o.css                                   [39m[2m[1m     8.46 kB[0m[0m[2m │ gzip:   1.49 kB[0m
[32mn8n-editor-ui:build: [0m[2mdist/[0m[2massets/[0m[35mTextWithHighlights-BcOufOs5.css                         [39m[2m[1m     8.47 kB[0m[0m[2m │ gzip:   1.49 kB[0m
[32mn8n-editor-ui:build: [0m[2mdist/[0m[2massets/[0m[35mRunDataJsonActions-CBGHqJ85.css                         [39m[2m[1m     8.49 kB[0m[0m[2m │ gzip:   1.50 kB[0m
[32mn8n-editor-ui:build: [0m[2mdist/[0m[2massets/[0m[35mChatLayout-CyGWY9Ae.css                                 [39m[2m[1m     8.50 kB[0m[0m[2m │ gzip:   1.51 kB[0m
[32mn8n-editor-ui:build: [0m[2mdist/[0m[2massets/[0m[35museLatestFetch-BmmyujEQ.css                             [39m[2m[1m     8.51 kB[0m[0m[2m │ gzip:   1.51 kB[0m
[32mn8n-editor-ui:build: [0m[2mdist/[0m[2massets/[0m[35museWorkflowsEmptyState-DVpY2Uht.css                     [39m[2m[1m     8.52 kB[0m[0m[2m │ gzip:   1.52 kB[0m
[32mn8n-editor-ui:build: [0m[2mdist/[0m[2massets/[0m[35mInsightsPaywall-CFdfkVhR.css                            [39m[2m[1m     8.55 kB[0m[0m[2m │ gzip:   1.54 kB[0m
[32mn8n-editor-ui:build: [0m[2mdist/[0m[2massets/[0m[35mContactAdministratorToInstall-DVoed5n3.css              [39m[2m[1m     8.56 kB[0m[0m[2m │ gzip:   1.53 kB[0m
[32mn8n-editor-ui:build: [0m[2mdist/[0m[2massets/[0m[35mDraggable-WeIHOLmR.css                                  [39m[2m[1m     8.56 kB[0m[0m[2m │ gzip:   1.53 kB[0m
[32mn8n-editor-ui:build: [0m[2mdist/[0m[2massets/[0m[35mDemoDiffView-Cf61kfri.css                               [39m[2m[1m     8.57 kB[0m[0m[2m │ gzip:   1.53 kB[0m
[32mn8n-editor-ui:build: [0m[2mdist/[0m[2massets/[0m[35museCredentialResolvers-DEViw1w8.css                     [39m[2m[1m     8.58 kB[0m[0m[2m │ gzip:   1.53 kB[0m
[32mn8n-editor-ui:build: [0m[2mdist/[0m[2massets/[0m[35mExternalSecretsProviderConnectionSwitch-DxhaIVu5.css    [39m[2m[1m     8.59 kB[0m[0m[2m │ gzip:   1.53 kB[0m
[32mn8n-editor-ui:build: [0m[2mdist/[0m[2massets/[0m[35mCredentialPicker-DFSCPErG.css                           [39m[2m[1m     8.60 kB[0m[0m[2m │ gzip:   1.54 kB[0m
[32mn8n-editor-ui:build: [0m[2mdist/[0m[2massets/[0m[35mDeleteInstanceRoleModal-Y_4y8bD0.css                    [39m[2m[1m     8.61 kB[0m[0m[2m │ gzip:   1.51 kB[0m
[32mn8n-editor-ui:build: [0m[2mdist/[0m[2massets/[0m[35mWorkflowPreviewHost-CrFhvTMf.css                        [39m[2m[1m     8.61 kB[0m[0m[2m │ gzip:   1.54 kB[0m
[32mn8n-editor-ui:build: [0m[2mdist/[0m[2massets/[0m[35mAgentJsonImportModal-618OGw94.css                       [39m[2m[1m     8.61 kB[0m[0m[2m │ gzip:   1.51 kB[0m
[32mn8n-editor-ui:build: [0m[2mdist/[0m[2massets/[0m[35mAgentConfirmationModal-t-UhxgKr.css                     [39m[2m[1m     8.63 kB[0m[0m[2m │ gzip:   1.54 kB[0m
[32mn8n-editor-ui:build: [0m[2mdist/[0m[2massets/[0m[35mKeyboardShortcutTooltip-B_DTewwj.css                    [39m[2m[1m     8.65 kB[0m[0m[2m │ gzip:   1.56 kB[0m
[32mn8n-editor-ui:build: [0m[2mdist/[0m[2massets/[0m[35mLoadingView-CETj9_dx.css                                [39m[2m[1m     8.68 kB[0m[0m[2m │ gzip:   1.57 kB[0m
[32mn8n-editor-ui:build: [0m[2mdist/[0m[2massets/[0m[35mModelByIdSelectorModal-D8Z38JT4.css                     [39m[2m[1m     8.71 kB[0m[0m[2m │ gzip:   1.58 kB[0m
[32mn8n-editor-ui:build: [0m[2mdist/[0m[2massets/[0m[35mErrorView-C7nPW4zj.css                                  [39m[2m[1m     8.77 kB[0m[0m[2m │ gzip:   1.58 kB[0m
[32mn8n-editor-ui:build: [0m[2mdist/[0m[2massets/[0m[35mNodeToolSettingsContent-Dopnxwg3.css                    [39m[2m[1m     8.79 kB[0m[0m[2m │ gzip:   1.59 kB[0m
[32mn8n-editor-ui:build: [0m[2mdist/[0m[2massets/[0m[35mSettingsExternalSecrets-CQkc1VdO.css                    [39m[2m[1m     8.80 kB[0m[0m[2m │ gzip:   1.58 kB[0m
[32mn8n-editor-ui:build: [0m[2mdist/[0m[2massets/[0m[35mSelectedItemsInfo-NHB7qtjF.css                          [39m[2m[1m     8.81 kB[0m[0m[2m │ gzip:   1.60 kB[0m
[32mn8n-editor-ui:build: [0m[2mdist/[0m[2massets/[0m[35mWorkflowExecutionsLandingPage-DBXhh5u8.css              [39m[2m[1m     8.82 kB[0m[0m[2m │ gzip:   1.58 kB[0m
[32mn8n-editor-ui:build: [0m[2mdist/[0m[2massets/[0m[35mPageViewLayout-C5qhBPk_.css                             [39m[2m[1m     8.83 kB[0m[0m[2m │ gzip:   1.62 kB[0m
[32mn8n-editor-ui:build: [0m[2mdist/[0m[2massets/[0m[35mSetupWorkflowFromTemplateView-DFRH6_o7.css              [39m[2m[1m     8.94 kB[0m[0m[2m │ gzip:   1.65 kB[0m
[32mn8n-editor-ui:build: [0m[2mdist/[0m[2massets/[0m[35mResourceFiltersDropdown-Bads2QBn.css                    [39m[2m[1m     9.01 kB[0m[0m[2m │ gzip:   1.70 kB[0m
[32mn8n-editor-ui:build: [0m[2mdist/[0m[2massets/[0m[35mSigninView-CfcpGub3.css                                 [39m[2m[1m     9.01 kB[0m[0m[2m │ gzip:   1.68 kB[0m
[32mn8n-editor-ui:build: [0m[2mdist/[0m[2massets/[0m[35mCredentialSelectorModal-B1Jg9n3b.css                    [39m[2m[1m     9.03 kB[0m[0m[2m │ gzip:   1.65 kB[0m
[32mn8n-editor-ui:build: [0m[2mdist/[0m[2massets/[0m[35mToolSettingsModal-BO6D6tVE.css                          [39m[2m[1m     9.06 kB[0m[0m[2m │ gzip:   1.70 kB[0m
[32mn8n-editor-ui:build: [0m[2mdist/[0m[2massets/[0m[35mChatPersonalAgentsView-D3bwovIW.css                     [39m[2m[1m     9.07 kB[0m[0m[2m │ gzip:   1.66 kB[0m
[32mn8n-editor-ui:build: [0m[2mdist/[0m[2massets/[0m[35mProviderSettingsModal-BwH1F-LU.css                      [39m[2m[1m     9.11 kB[0m[0m[2m │ gzip:   1.63 kB[0m
[32mn8n-editor-ui:build: [0m[2mdist/[0m[2massets/[0m[35mRunDataSearch-CY-tiPCr.css                              [39m[2m[1m     9.12 kB[0m[0m[2m │ gzip:   1.63 kB[0m
[32mn8n-editor-ui:build: [0m[2mdist/[0m[2massets/[0m[35mWorkflowExecutionsInfoAccordion-C_qgYcOa.css            [39m[2m[1m     9.16 kB[0m[0m[2m │ gzip:   1.70 kB[0m
[32mn8n-editor-ui:build: [0m[2mdist/[0m[2massets/[0m[35mWorkflowLocation-C4cINJP7.css                           [39m[2m[1m     9.17 kB[0m[0m[2m │ gzip:   1.69 kB[0m
[32mn8n-editor-ui:build: [0m[2mdist/[0m[2massets/[0m[35mSettingsLdapView-DkixKZyb.css                           [39m[2m[1m     9.20 kB[0m[0m[2m │ gzip:   1.70 kB[0m
[32mn8n-editor-ui:build: [0m[2mdist/[0m[2massets/[0m[35mInsightsTableWorkflows-DIki8ucg.css                     [39m[2m[1m     9.22 kB[0m[0m[2m │ gzip:   1.71 kB[0m
[32mn8n-editor-ui:build: [0m[2mdist/[0m[2massets/[0m[35museTelemetryContext-CeLl1-lo.css                        [39m[2m[1m     9.22 kB[0m[0m[2m │ gzip:   1.69 kB[0m
[32mn8n-editor-ui:build: [0m[2mdist/[0m[2massets/[0m[35mProjectBreadcrumb-BsOr10Zl.css                          [39m[2m[1m     9.24 kB[0m[0m[2m │ gzip:   1.71 kB[0m
[32mn8n-editor-ui:build: [0m[2mdist/[0m[2massets/[0m[35mChatWorkflowAgentsView-aI-t1dtR.css                     [39m[2m[1m     9.25 kB[0m[0m[2m │ gzip:   1.72 kB[0m
[32mn8n-editor-ui:build: [0m[2mdist/[0m[2massets/[0m[35mChatAgentAvatar-BGMF9uPV.css                            [39m[2m[1m     9.27 kB[0m[0m[2m │ gzip:   1.69 kB[0m
[32mn8n-editor-ui:build: [0m[2mdist/[0m[2massets/[0m[35mSettingsAIView-DdN2xQ81.css                             [39m[2m[1m     9.30 kB[0m[0m[2m │ gzip:   1.67 kB[0m
[32mn8n-editor-ui:build: [0m[2mdist/[0m[2massets/[0m[35mProjectCardBadge-5nhsnHGu.css                           [39m[2m[1m     9.33 kB[0m[0m[2m │ gzip:   1.73 kB[0m
[32mn8n-editor-ui:build: [0m[2mdist/[0m[2massets/[0m[35mProjectIcon-BFiVSA8e.css                                [39m[2m[1m     9.34 kB[0m[0m[2m │ gzip:   1.68 kB[0m
[32mn8n-editor-ui:build: [0m[2mdist/[0m[2massets/[0m[35mSettingsPersonalView-CTiQO_eL.css                       [39m[2m[1m     9.35 kB[0m[0m[2m │ gzip:   1.80 kB[0m
[32mn8n-editor-ui:build: [0m[2mdist/[0m[2massets/[0m[35mCredentialsDropdown-pzL47MO8.css                        [39m[2m[1m     9.35 kB[0m[0m[2m │ gzip:   1.77 kB[0m
[32mn8n-editor-ui:build: [0m[2mdist/[0m[2massets/[0m[35museLogsTreeExpand-CHxTblkB.css                          [39m[2m[1m     9.37 kB[0m[0m[2m │ gzip:   1.70 kB[0m
[32mn8n-editor-ui:build: [0m[2mdist/[0m[2massets/[0m[35mInstanceRoleView-0mDW5PQk.css                           [39m[2m[1m     9.40 kB[0m[0m[2m │ gzip:   1.88 kB[0m
[32mn8n-editor-ui:build: [0m[2mdist/[0m[2massets/[0m[35mAgentCredentialSelect-Z9BVvV__.css                      [39m[2m[1m     9.41 kB[0m[0m[2m │ gzip:   1.60 kB[0m
[32mn8n-editor-ui:build: [0m[2mdist/[0m[2massets/[0m[35mDataTableView-cJ6tGuPK.css                              [39m[2m[1m     9.43 kB[0m[0m[2m │ gzip:   1.82 kB[0m
[32mn8n-editor-ui:build: [0m[2mdist/[0m[2massets/[0m[35mChatFile-DBl9-zwe.css                                   [39m[2m[1m     9.52 kB[0m[0m[2m │ gzip:   1.81 kB[0m
[32mn8n-editor-ui:build: [0m[2mdist/[0m[2massets/[0m[35mBaseLayout-BPTvqVuL.css                                 [39m[2m[1m     9.57 kB[0m[0m[2m │ gzip:   1.82 kB[0m
[32mn8n-editor-ui:build: [0m[2mdist/[0m[2massets/[0m[35mAgentPersonalisationIcon-BOOARh8n.css                   [39m[2m[1m     9.62 kB[0m[0m[2m │ gzip:   1.85 kB[0m
[32mn8n-editor-ui:build: [0m[2mdist/[0m[2massets/[0m[35mInstanceAiToolsConnectionModalWrapper-Bhm9cAfv.css      [39m[2m[1m     9.63 kB[0m[0m[2m │ gzip:   1.88 kB[0m
[32mn8n-editor-ui:build: [0m[2mdist/[0m[2massets/[0m[35mAgentVectorStoresModal-DLgxhPhA.css                     [39m[2m[1m     9.65 kB[0m[0m[2m │ gzip:   1.81 kB[0m
[32mn8n-editor-ui:build: [0m[2mdist/[0m[2massets/[0m[35mCopyInput-C_IQpNkh.css                                  [39m[2m[1m     9.68 kB[0m[0m[2m │ gzip:   1.87 kB[0m
[32mn8n-editor-ui:build: [0m[2mdist/[0m[2massets/[0m[35mRunDataParsedAiContent-DtSYPOwE.css                     [39m[2m[1m     9.79 kB[0m[0m[2m │ gzip:   1.73 kB[0m
[32mn8n-editor-ui:build: [0m[2mdist/[0m[2massets/[0m[35mAgentSubAgentsModal-DnTweX4v.css                        [39m[2m[1m     9.84 kB[0m[0m[2m │ gzip:   1.86 kB[0m
[32mn8n-editor-ui:build: [0m[2mdist/[0m[2massets/[0m[35mSettingsAiGatewayView-Co3yw7da.css                      [39m[2m[1m     9.88 kB[0m[0m[2m │ gzip:   1.88 kB[0m
[32mn8n-editor-ui:build: [0m[2mdist/[0m[2massets/[0m[35mAgentsListView-CgvgU0ee.css                             [39m[2m[1m    10.10 kB[0m[0m[2m │ gzip:   1.91 kB[0m
[32mn8n-editor-ui:build: [0m[2mdist/[0m[2massets/[0m[35mMfaSetupModal-DigywPG-.css                              [39m[2m[1m    10.21 kB[0m[0m[2m │ gzip:   1.95 kB[0m
[32mn8n-editor-ui:build: [0m[2mdist/[0m[2massets/[0m[35mSettingsEncryptionKeys-DTaq-tQb.css                     [39m[2m[1m    10.22 kB[0m[0m[2m │ gzip:   1.97 kB[0m
[32mn8n-editor-ui:build: [0m[2mdist/[0m[2massets/[0m[35mTagsDropdown-Bq96NYXI.css                               [39m[2m[1m    10.55 kB[0m[0m[2m │ gzip:   2.06 kB[0m
[32mn8n-editor-ui:build: [0m[2mdist/[0m[2massets/[0m[35mInsightsDashboard-DiXzswy0.css                          [39m[2m[1m    11.31 kB[0m[0m[2m │ gzip:   2.36 kB[0m
[32mn8n-editor-ui:build: [0m[2mdist/[0m[2massets/[0m[35magentSkill-Cds_vfVD.css                                 [39m[2m[1m    11.40 kB[0m[0m[2m │ gzip:   2.19 kB[0m
[32mn8n-editor-ui:build: [0m[2mdist/[0m[2massets/[0m[35mInsightsSummary-C6u_PCLt.css                            [39m[2m[1m    12.00 kB[0m[0m[2m │ gzip:   2.29 kB[0m
[32mn8n-editor-ui:build: [0m[2mdist/[0m[2massets/[0m[35mComputerUseSetupContent-ORpzCcGj.css                    [39m[2m[1m    12.23 kB[0m[0m[2m │ gzip:   2.30 kB[0m
[32mn8n-editor-ui:build: [0m[2mdist/[0m[2massets/[0m[35mScopesSelector-Bc1boN4H.css                             [39m[2m[1m    12.31 kB[0m[0m[2m │ gzip:   2.49 kB[0m
[32mn8n-editor-ui:build: [0m[2mdist/[0m[2massets/[0m[35mAddDataTableModal-CHAp3oHO.css                          [39m[2m[1m    12.72 kB[0m[0m[2m │ gzip:   2.40 kB[0m
[32mn8n-editor-ui:build: [0m[2mdist/[0m[2massets/[0m[35mTrialIntroModal-d5ItKsKG.css                            [39m[2m[1m    13.50 kB[0m[0m[2m │ gzip:   2.55 kB[0m
[32mn8n-editor-ui:build: [0m[2mdist/[0m[2massets/[0m[35mOAuthConsentView-Iydwb9E8.css                           [39m[2m[1m    14.31 kB[0m[0m[2m │ gzip:   3.28 kB[0m
[32mn8n-editor-ui:build: [0m[2mdist/[0m[2massets/[0m[35mRedactedDataState-DDcJhuA_.css                          [39m[2m[1m    16.78 kB[0m[0m[2m │ gzip:   1.82 kB[0m
[32mn8n-editor-ui:build: [0m[2mdist/[0m[2massets/[0m[35mVirtualSchema-BELM1LB-.css                              [39m[2m[1m    16.78 kB[0m[0m[2m │ gzip:   3.31 kB[0m
[32mn8n-editor-ui:build: [0m[2mdist/[0m[2massets/[0m[35mWorkflowVersionForm-S9zmT17P.css                        [39m[2m[1m    16.90 kB[0m[0m[2m │ gzip:   1.78 kB[0m
[32mn8n-editor-ui:build: [0m[2mdist/[0m[2massets/[0m[35mbanners-p7kZcXY4.css                                    [39m[2m[1m    17.13 kB[0m[0m[2m │ gzip:   1.83 kB[0m
[32mn8n-editor-ui:build: [0m[2mdist/[0m[2massets/[0m[35mDependencyPill-Dtf39nQh.css                             [39m[2m[1m    17.19 kB[0m[0m[2m │ gzip:   1.93 kB[0m
[32mn8n-editor-ui:build: [0m[2mdist/[0m[2massets/[0m[35mCommunityNodeUpdateInfo-DdBa2r22.css                    [39m[2m[1m    17.27 kB[0m[0m[2m │ gzip:   1.89 kB[0m
[32mn8n-editor-ui:build: [0m[2mdist/[0m[2massets/[0m[35mMCPConnectWorkflowsModal-DckUVg1E.css                   [39m[2m[1m    17.36 kB[0m[0m[2m │ gzip:   1.91 kB[0m
[32mn8n-editor-ui:build: [0m[2mdist/[0m[2massets/[0m[35mModal-Brky8jHZ.css                                      [39m[2m[1m    17.43 kB[0m[0m[2m │ gzip:   2.07 kB[0m
[32mn8n-editor-ui:build: [0m[2mdist/[0m[2massets/[0m[35mMCPConnectAgentsModal-C9ZqJck1.css                      [39m[2m[1m    17.66 kB[0m[0m[2m │ gzip:   2.01 kB[0m
[32mn8n-editor-ui:build: [0m[2mdist/[0m[2massets/[0m[35mSettingsLayout-3w-6JeAd.css                             [39m[2m[1m    17.66 kB[0m[0m[2m │ gzip:   1.98 kB[0m
[32mn8n-editor-ui:build: [0m[2mdist/[0m[2massets/[0m[35mNodeCreation-puCaVms-.css                               [39m[2m[1m    17.69 kB[0m[0m[2m │ gzip:   2.11 kB[0m
[32mn8n-editor-ui:build: [0m[2mdist/[0m[2massets/[0m[35mTemplatesView-Btpc1BK4.css                              [39m[2m[1m    17.69 kB[0m[0m[2m │ gzip:   1.99 kB[0m
[32mn8n-editor-ui:build: [0m[2mdist/[0m[2massets/[0m[35mSettingsLogStreamingView-B-JQTlsl.css                   [39m[2m[1m    17.71 kB[0m[0m[2m │ gzip:   2.05 kB[0m
[32mn8n-editor-ui:build: [0m[2mdist/[0m[2massets/[0m[35mSettingsInstanceAiView-Cj3lDy-w.css                     [39m[2m[1m    17.79 kB[0m[0m[2m │ gzip:   2.02 kB[0m
[32mn8n-editor-ui:build: [0m[2mdist/[0m[2massets/[0m[35mToolsSelector-mIYuwXpJ.css                              [39m[2m[1m    17.79 kB[0m[0m[2m │ gzip:   2.14 kB[0m
[32mn8n-editor-ui:build: [0m[2mdist/[0m[2massets/[0m[35mBrowserUseSetupContent-H0G_uV5A.css                     [39m[2m[1m    17.86 kB[0m[0m[2m │ gzip:   2.03 kB[0m
[32mn8n-editor-ui:build: [0m[2mdist/[0m[2massets/[0m[35mCredentialsView-DULbmiSz.css                            [39m[2m[1m    17.91 kB[0m[0m[2m │ gzip:   2.09 kB[0m
[32mn8n-editor-ui:build: [0m[2mdist/[0m[2massets/[0m[35mProjectSharing-kfEVR9hm.css                             [39m[2m[1m    17.97 kB[0m[0m[2m │ gzip:   2.05 kB[0m
[32mn8n-editor-ui:build: [0m[2mdist/[0m[2massets/[0m[35mDataTableActions-Dz9qe7Oz.css                           [39m[2m[1m    18.01 kB[0m[0m[2m │ gzip:   2.05 kB[0m
[32mn8n-editor-ui:build: [0m[2mdist/[0m[2massets/[0m[35mDataTableDetailsView-DvUDzFlW.css                       [39m[2m[1m    18.02 kB[0m[0m[2m │ gzip:   2.05 kB[0m
[32mn8n-editor-ui:build: [0m[2mdist/[0m[2massets/[0m[35mSettingsCommunityNodesView-pjMY5Xb1.css                 [39m[2m[1m    18.18 kB[0m[0m[2m │ gzip:   2.12 kB[0m
[32mn8n-editor-ui:build: [0m[2mdist/[0m[2massets/[0m[35mSettingsMCPAgentsView-BRyXjq4S.css                      [39m[2m[1m    18.24 kB[0m[0m[2m │ gzip:   2.22 kB[0m
[32mn8n-editor-ui:build: [0m[2mdist/[0m[2massets/[0m[35mProjectHeader-Bp1_bg6s.css                              [39m[2m[1m    18.38 kB[0m[0m[2m │ gzip:   2.22 kB[0m
[32mn8n-editor-ui:build: [0m[2mdist/[0m[2massets/[0m[35mAttachmentPreview-DPNwr9MR.css                          [39m[2m[1m    18.69 kB[0m[0m[2m │ gzip:   2.35 kB[0m
[32mn8n-editor-ui:build: [0m[2mdist/[0m[2massets/[0m[35mRunDataJson-DNJpMHtT.css                                [39m[2m[1m    18.71 kB[0m[0m[2m │ gzip:   2.25 kB[0m
[32mn8n-editor-ui:build: [0m[2mdist/[0m[2massets/[0m[35mSettingsMCPWorkflowsView-DW56y379.css                   [39m[2m[1m    18.78 kB[0m[0m[2m │ gzip:   2.38 kB[0m
[32mn8n-editor-ui:build: [0m[2mdist/[0m[2massets/[0m[35mMcpEmptyStateCard-DbDBVuxP.css                          [39m[2m[1m    18.88 kB[0m[0m[2m │ gzip:   2.35 kB[0m
[32mn8n-editor-ui:build: [0m[2mdist/[0m[2massets/[0m[35mToolsManagerModal-BpAgz8RE.css                          [39m[2m[1m    19.27 kB[0m[0m[2m │ gzip:   2.30 kB[0m
[32mn8n-editor-ui:build: [0m[2mdist/[0m[2massets/[0m[35mToolIcon-D2wKWUey.css                                   [39m[2m[1m    19.53 kB[0m[0m[2m │ gzip:   2.35 kB[0m
[32mn8n-editor-ui:build: [0m[2mdist/[0m[2massets/[0m[35mTemplatesWorkflowView-6WvuVSX1.css                      [39m[2m[1m    20.41 kB[0m[0m[2m │ gzip:   2.59 kB[0m
[32mn8n-editor-ui:build: [0m[2mdist/[0m[2massets/[0m[35mN8nRecycleScroller-DZUEsUcn.css                         [39m[2m[1m    20.89 kB[0m[0m[2m │ gzip:   1.87 kB[0m
[32mn8n-editor-ui:build: [0m[2mdist/[0m[2massets/[0m[35mLogsOverviewRow-C7Fhgkov.css                            [39m[2m[1m    21.01 kB[0m[0m[2m │ gzip:   2.81 kB[0m
[32mn8n-editor-ui:build: [0m[2mdist/[0m[2massets/[0m[35mN8nInputNumber-BVck83RP.css                             [39m[2m[1m    21.07 kB[0m[0m[2m │ gzip:   1.81 kB[0m
[32mn8n-editor-ui:build: [0m[2mdist/[0m[2massets/[0m[35mN8nFormInputs-DWno4xsX.css                              [39m[2m[1m    21.12 kB[0m[0m[2m │ gzip:   1.83 kB[0m
[32mn8n-editor-ui:build: [0m[2mdist/[0m[2massets/[0m[35mInstanceAiOnboardingWizard-ykkfnmpV.css                 [39m[2m[1m    21.19 kB[0m[0m[2m │ gzip:   2.82 kB[0m
[32mn8n-editor-ui:build: [0m[2mdist/[0m[2massets/[0m[35mAgentSkillModal-CPhfXy-P.css                            [39m[2m[1m    21.20 kB[0m[0m[2m │ gzip:   2.70 kB[0m
[32mn8n-editor-ui:build: [0m[2mdist/[0m[2massets/[0m[35mN8nUserSelect-DJRJZOTJ.css                              [39m[2m[1m    21.22 kB[0m[0m[2m │ gzip:   1.88 kB[0m
[32mn8n-editor-ui:build: [0m[2mdist/[0m[2massets/[0m[35mN8nFormInput-Byju8pDH.css                               [39m[2m[1m    21.34 kB[0m[0m[2m │ gzip:   1.92 kB[0m
[32mn8n-editor-ui:build: [0m[2mdist/[0m[2massets/[0m[35mPreviewTag-aJ4UkZFC.css                                 [39m[2m[1m    21.36 kB[0m[0m[2m │ gzip:   1.90 kB[0m
[32mn8n-editor-ui:build: [0m[2mdist/[0m[2massets/[0m[35mSettingsRowConfigure-BXML4r0e.css                       [39m[2m[1m    21.42 kB[0m[0m[2m │ gzip:   1.94 kB[0m
[32mn8n-editor-ui:build: [0m[2mdist/[0m[2massets/[0m[35mIcon-BEE-aWKa.css                                       [39m[2m[1m    21.46 kB[0m[0m[2m │ gzip:   1.92 kB[0m
[32mn8n-editor-ui:build: [0m[2mdist/[0m[2massets/[0m[35mN8nActionToggle-BG5kjqyo.css                            [39m[2m[1m    21.48 kB[0m[0m[2m │ gzip:   1.94 kB[0m
[32mn8n-editor-ui:build: [0m[2mdist/[0m[2massets/[0m[35mN8nDatatable-C5ygc5qZ.css                               [39m[2m[1m    21.53 kB[0m[0m[2m │ gzip:   1.97 kB[0m
[32mn8n-editor-ui:build: [0m[2mdist/[0m[2massets/[0m[35mN8nTags-B-EaOfTr.css                                    [39m[2m[1m    21.54 kB[0m[0m[2m │ gzip:   1.98 kB[0m
[32mn8n-editor-ui:build: [0m[2mdist/[0m[2massets/[0m[35museNodeCreatorShortcutCoachmark-NksBH5vj.css            [39m[2m[1m    21.60 kB[0m[0m[2m │ gzip:   1.92 kB[0m
[32mn8n-editor-ui:build: [0m[2mdist/[0m[2massets/[0m[35mN8nSpinner-XlFFSTyb.css                                 [39m[2m[1m    21.69 kB[0m[0m[2m │ gzip:   1.98 kB[0m
[32mn8n-editor-ui:build: [0m[2mdist/[0m[2massets/[0m[35mN8nKeyboardShortcut-Ck__9eKX.css                        [39m[2m[1m    21.76 kB[0m[0m[2m │ gzip:   1.98 kB[0m
[32mn8n-editor-ui:build: [0m[2mdist/[0m[2massets/[0m[35mN8nLink-BreKnas2.css                                    [39m[2m[1m    21.77 kB[0m[0m[2m │ gzip:   1.91 kB[0m
[32mn8n-editor-ui:build: [0m[2mdist/[0m[2massets/[0m[35mN8nInfoTip-Bwqc0cK5.css                                 [39m[2m[1m    21.83 kB[0m[0m[2m │ gzip:   1.98 kB[0m
[32mn8n-editor-ui:build: [0m[2mdist/[0m[2massets/[0m[35mN8nLogo-BjoRurou.css                                    [39m[2m[1m    21.96 kB[0m[0m[2m │ gzip:   2.02 kB[0m
[32mn8n-editor-ui:build: [0m[2mdist/[0m[2massets/[0m[35mN8nAvatar-ChNRaOk9.css                                  [39m[2m[1m    21.99 kB[0m[0m[2m │ gzip:   2.10 kB[0m
[32mn8n-editor-ui:build: [0m[2mdist/[0m[2massets/[0m[35mN8nSelect-CZkDTweF.css                                  [39m[2m[1m    22.00 kB[0m[0m[2m │ gzip:   2.09 kB[0m
[32mn8n-editor-ui:build: [0m[2mdist/[0m[2massets/[0m[35mN8nInfoAccordion-M-xQfDhp.css                           [39m[2m[1m    22.20 kB[0m[0m[2m │ gzip:   2.07 kB[0m
[32mn8n-editor-ui:build: [0m[2mdist/[0m[2massets/[0m[35mN8nUserInfo-DG3fiPhp.css                                [39m[2m[1m    22.30 kB[0m[0m[2m │ gzip:   2.03 kB[0m
[32mn8n-editor-ui:build: [0m[2mdist/[0m[2massets/[0m[35mN8nBadge-B7awsgtv.css                                   [39m[2m[1m    22.34 kB[0m[0m[2m │ gzip:   2.06 kB[0m
[32mn8n-editor-ui:build: [0m[2mdist/[0m[2massets/[0m[35mN8nNotice-DasbBvua.css                                  [39m[2m[1m    22.35 kB[0m[0m[2m │ gzip:   2.12 kB[0m
[32mn8n-editor-ui:build: [0m[2mdist/[0m[2massets/[0m[35mTag-D4laVm4C.css                                        [39m[2m[1m    22.36 kB[0m[0m[2m │ gzip:   2.09 kB[0m
[32mn8n-editor-ui:build: [0m[2mdist/[0m[2massets/[0m[35mSettingsSection-Hxy5gDKA.css                            [39m[2m[1m    22.39 kB[0m[0m[2m │ gzip:   2.24 kB[0m
[32mn8n-editor-ui:build: [0m[2mdist/[0m[2massets/[0m[35mTableBase-B4ZT4dLO.css                                  [39m[2m[1m    22.41 kB[0m[0m[2m │ gzip:   2.11 kB[0m
[32mn8n-editor-ui:build: [0m[2mdist/[0m[2massets/[0m[35mN8nInlineTextEdit-CLY77g3L.css                          [39m[2m[1m    22.51 kB[0m[0m[2m │ gzip:   2.18 kB[0m
[32mn8n-editor-ui:build: [0m[2mdist/[0m[2massets/[0m[35mTooltip-DmN76yqY.css                                    [39m[2m[1m    22.54 kB[0m[0m[2m │ gzip:   2.21 kB[0m
[32mn8n-editor-ui:build: [0m[2mdist/[0m[2massets/[0m[35mSettingsPageHeader-M7RGiMZJ.css                         [39m[2m[1m    22.75 kB[0m[0m[2m │ gzip:   2.49 kB[0m
[32mn8n-editor-ui:build: [0m[2mdist/[0m[2massets/[0m[35mActionPill-CEteejEx.css                                 [39m[2m[1m    22.94 kB[0m[0m[2m │ gzip:   2.26 kB[0m
[32mn8n-editor-ui:build: [0m[2mdist/[0m[2massets/[0m[35mN8nActionDropdown-BGrweoUU.css                          [39m[2m[1m    23.05 kB[0m[0m[2m │ gzip:   2.44 kB[0m
[32mn8n-editor-ui:build: [0m[2mdist/[0m[2massets/[0m[35mN8nScrollArea-o2zvGpO7.css                              [39m[2m[1m    23.06 kB[0m[0m[2m │ gzip:   2.21 kB[0m
[32mn8n-editor-ui:build: [0m[2mdist/[0m[2massets/[0m[35mSettingsLayout-B7J8cvGz.css                             [39m[2m[1m    23.20 kB[0m[0m[2m │ gzip:   2.58 kB[0m
[32mn8n-editor-ui:build: [0m[2mdist/[0m[2massets/[0m[35mN8nHeading-_8k1-vBy.css                                 [39m[2m[1m    23.41 kB[0m[0m[2m │ gzip:   2.16 kB[0m
[32mn8n-editor-ui:build: [0m[2mdist/[0m[2massets/[0m[35mN8nCopyInput-DYXHI14-.css                               [39m[2m[1m    23.63 kB[0m[0m[2m │ gzip:   2.60 kB[0m
[32mn8n-editor-ui:build: [0m[2mdist/[0m[2massets/[0m[35mAnimatedCollapsibleContent-Cv9MEKe2.css                 [39m[2m[1m    23.65 kB[0m[0m[2m │ gzip:   2.15 kB[0m
[32mn8n-editor-ui:build: [0m[2mdist/[0m[2massets/[0m[35mN8nCard-C9ma-x0j.css                                    [39m[2m[1m    23.66 kB[0m[0m[2m │ gzip:   2.27 kB[0m
[32mn8n-editor-ui:build: [0m[2mdist/[0m[2massets/[0m[35mN8nText-CZXTgWG6.css                                    [39m[2m[1m    23.79 kB[0m[0m[2m │ gzip:   2.24 kB[0m
[32mn8n-editor-ui:build: [0m[2mdist/[0m[2massets/[0m[35mtemplatedAuth-DPMnXWmN.css                              [39m[2m[1m    23.88 kB[0m[0m[2m │ gzip:   2.24 kB[0m
[32mn8n-editor-ui:build: [0m[2mdist/[0m[2massets/[0m[35mN8nCallout-DeY4Rksd.css                                 [39m[2m[1m    23.94 kB[0m[0m[2m │ gzip:   2.34 kB[0m
[32mn8n-editor-ui:build: [0m[2mdist/[0m[2massets/[0m[35mN8nPopover-Jai9F8o6.css                                 [39m[2m[1m    24.04 kB[0m[0m[2m │ gzip:   2.22 kB[0m
[32mn8n-editor-ui:build: [0m[2mdist/[0m[2massets/[0m[35mN8nMenuItem-HI2ZdioD.css                                [39m[2m[1m    24.11 kB[0m[0m[2m │ gzip:   2.45 kB[0m
[32mn8n-editor-ui:build: [0m[2mdist/[0m[2massets/[0m[35mN8nHoverCard-D26jdsR4.css                               [39m[2m[1m    24.15 kB[0m[0m[2m │ gzip:   2.23 kB[0m
[32mn8n-editor-ui:build: [0m[2mdist/[0m[2massets/[0m[35mRadioGroup-CLFg6A4l.css                                 [39m[2m[1m    24.24 kB[0m[0m[2m │ gzip:   2.49 kB[0m
[32mn8n-editor-ui:build: [0m[2mdist/[0m[2massets/[0m[35mN8nChatInput-CtSE3jeM.css                               [39m[2m[1m    24.80 kB[0m[0m[2m │ gzip:   2.53 kB[0m
[32mn8n-editor-ui:build: [0m[2mdist/[0m[2massets/[0m[35mN8nMarkdown-D05eEz7Y.css                                [39m[2m[1m    24.82 kB[0m[0m[2m │ gzip:   2.50 kB[0m
[32mn8n-editor-ui:build: [0m[2mdist/[0m[2massets/[0m[35mAiModelSelectorDropdown-MwG1IbGF.css                    [39m[2m[1m    24.89 kB[0m[0m[2m │ gzip:   2.55 kB[0m
[32mn8n-editor-ui:build: [0m[2mdist/[0m[2massets/[0m[35mN8nInputLabel-BXKqOLV3.css                              [39m[2m[1m    25.42 kB[0m[0m[2m │ gzip:   2.73 kB[0m
[32mn8n-editor-ui:build: [0m[2mdist/[0m[2massets/[0m[35mN8nBreadcrumbs-KHV1Emfa.css                             [39m[2m[1m    25.67 kB[0m[0m[2m │ gzip:   2.62 kB[0m
[32mn8n-editor-ui:build: [0m[2mdist/[0m[2massets/[0m[35mAlert-5CDsUu_Y.css                                      [39m[2m[1m    25.75 kB[0m[0m[2m │ gzip:   2.39 kB[0m
[32mn8n-editor-ui:build: [0m[2mdist/[0m[2massets/[0m[35mSetupTemplateFormStep-tlz1oWUH.css                      [39m[2m[1m    25.78 kB[0m[0m[2m │ gzip:   2.25 kB[0m
[32mn8n-editor-ui:build: [0m[2mdist/[0m[2massets/[0m[35mTemplatesCollectionView-BYqFMQiU.css                    [39m[2m[1m    26.00 kB[0m[0m[2m │ gzip:   2.19 kB[0m
[32mn8n-editor-ui:build: [0m[2mdist/[0m[2massets/[0m[35mN8nPagination-DVQZJa9v.css                              [39m[2m[1m    26.05 kB[0m[0m[2m │ gzip:   2.66 kB[0m
[32mn8n-editor-ui:build: [0m[2mdist/[0m[2massets/[0m[35mN8nDataTableServer-n1qheADi.css                         [39m[2m[1m    26.08 kB[0m[0m[2m │ gzip:   2.73 kB[0m
[32mn8n-editor-ui:build: [0m[2mdist/[0m[2massets/[0m[35mN8nTabs-Cuu69yLs.css                                    [39m[2m[1m    26.19 kB[0m[0m[2m │ gzip:   2.96 kB[0m
[32mn8n-editor-ui:build: [0m[2mdist/[0m[2massets/[0m[35mExecutionsView-C6D7LYRt.css                             [39m[2m[1m    26.41 kB[0m[0m[2m │ gzip:   2.42 kB[0m
[32mn8n-editor-ui:build: [0m[2mdist/[0m[2massets/[0m[35mProjectVariables-C_rSo9IW.css                           [39m[2m[1m    26.44 kB[0m[0m[2m │ gzip:   2.47 kB[0m
[32mn8n-editor-ui:build: [0m[2mdist/[0m[2massets/[0m[35mN8nCollapsiblePanel-DH4NzAWb.css                        [39m[2m[1m    26.50 kB[0m[0m[2m │ gzip:   2.68 kB[0m
[32mn8n-editor-ui:build: [0m[2mdist/[0m[2massets/[0m[35mGroupedMetricChart-DMDwQPYn.css                         [39m[2m[1m    26.77 kB[0m[0m[2m │ gzip:   2.37 kB[0m
[32mn8n-editor-ui:build: [0m[2mdist/[0m[2massets/[0m[35mSettingsChatHubView-CUi9mJIn.css                        [39m[2m[1m    27.08 kB[0m[0m[2m │ gzip:   2.46 kB[0m
[32mn8n-editor-ui:build: [0m[2mdist/[0m[2massets/[0m[35museCanvasOperations-C4Iy_m6r.css                        [39m[2m[1m    27.17 kB[0m[0m[2m │ gzip:   2.40 kB[0m
[32mn8n-editor-ui:build: [0m[2mdist/[0m[2massets/[0m[35mSettingsUsageAndPlan-BEkI6W0X.css                       [39m[2m[1m    27.52 kB[0m[0m[2m │ gzip:   2.65 kB[0m
[32mn8n-editor-ui:build: [0m[2mdist/[0m[2massets/[0m[35mTemplateList-Cs2zcI2r.css                               [39m[2m[1m    27.56 kB[0m[0m[2m │ gzip:   2.54 kB[0m
[32mn8n-editor-ui:build: [0m[2mdist/[0m[2massets/[0m[35mResourcesListLayout-Cf-ueohQ.css                        [39m[2m[1m    27.60 kB[0m[0m[2m │ gzip:   2.65 kB[0m
[32mn8n-editor-ui:build: [0m[2mdist/[0m[2massets/[0m[35mSkeletonAgentCard-DEGqHA6X.css                          [39m[2m[1m    27.69 kB[0m[0m[2m │ gzip:   2.49 kB[0m
[32mn8n-editor-ui:build: [0m[2mdist/[0m[2massets/[0m[35mCreditWarningBanner-CFrgEl8E.css                        [39m[2m[1m    28.12 kB[0m[0m[2m │ gzip:   2.81 kB[0m
[32mn8n-editor-ui:build: [0m[2mdist/[0m[2massets/[0m[35magents-CU9TnuAV.css                                     [39m[2m[1m    28.30 kB[0m[0m[2m │ gzip:   2.91 kB[0m
[32mn8n-editor-ui:build: [0m[2mdist/[0m[2massets/[0m[35mAppSidebar-DemRfFSn.css                                 [39m[2m[1m    30.23 kB[0m[0m[2m │ gzip:   3.15 kB[0m
[32mn8n-editor-ui:build: [0m[2mdist/[0m[2massets/[0m[35mInput-D9Tj_fqF.css                                      [39m[2m[1m    30.54 kB[0m[0m[2m │ gzip:   3.29 kB[0m
[32mn8n-editor-ui:build: [0m[2mdist/[0m[2massets/[0m[35mAgentSessionsListView-D6qfce1M.css                      [39m[2m[1m    30.57 kB[0m[0m[2m │ gzip:   3.21 kB[0m
[32mn8n-editor-ui:build: [0m[2mdist/[0m[2massets/[0m[35mExecutionsTime-D2_FAA08.css                             [39m[2m[1m    36.05 kB[0m[0m[2m │ gzip:   2.95 kB[0m
[32mn8n-editor-ui:build: [0m[2mdist/[0m[2massets/[0m[35mCanvasRunWorkflowButton-CAu_KsnT.css                    [39m[2m[1m    36.35 kB[0m[0m[2m │ gzip:   2.90 kB[0m
[32mn8n-editor-ui:build: [0m[2mdist/[0m[2massets/[0m[35mAgentEditorModal-BzQLL2pi.css                           [39m[2m[1m    36.69 kB[0m[0m[2m │ gzip:   3.19 kB[0m
[32mn8n-editor-ui:build: [0m[2mdist/[0m[2massets/[0m[35mSettingsMCPClientsView-DaH-Y1HM.css                     [39m[2m[1m    37.63 kB[0m[0m[2m │ gzip:   3.36 kB[0m
[32mn8n-editor-ui:build: [0m[2mdist/[0m[2massets/[0m[35mFixedCollectionParameter-jnLyP9-l.css                   [39m[2m[1m    39.15 kB[0m[0m[2m │ gzip:   3.18 kB[0m
[32mn8n-editor-ui:build: [0m[2mdist/[0m[2massets/[0m[35mAuthView-Bs0PHEjY.css                                   [39m[2m[1m    39.71 kB[0m[0m[2m │ gzip:   2.88 kB[0m
[32mn8n-editor-ui:build: [0m[2mdist/[0m[2massets/[0m[35mWorkflowExecutionsView-D9z0meqy.css                     [39m[2m[1m    40.03 kB[0m[0m[2m │ gzip:   3.44 kB[0m
[32mn8n-editor-ui:build: [0m[2mdist/[0m[2massets/[0m[35mResourceCenterView-DFTX0gR8.css                         [39m[2m[1m    40.64 kB[0m[0m[2m │ gzip:   4.79 kB[0m
[32mn8n-editor-ui:build: [0m[2mdist/[0m[2massets/[0m[35mN8nLoading-Bi_gQVvt.css                                 [39m[2m[1m    41.64 kB[0m[0m[2m │ gzip:   2.27 kB[0m
[32mn8n-editor-ui:build: [0m[2mdist/[0m[2massets/[0m[35mMainSidebarHeader-CWPNv9Pm.css                          [39m[2m[1m    41.87 kB[0m[0m[2m │ gzip:   3.45 kB[0m
[32mn8n-editor-ui:build: [0m[2mdist/[0m[2massets/[0m[35mN8nNodeIcon-Czz5Fyp2.css                                [39m[2m[1m    43.25 kB[0m[0m[2m │ gzip:   2.61 kB[0m
[32mn8n-editor-ui:build: [0m[2mdist/[0m[2massets/[0m[35mN8nResizeWrapper-DfUvKISp.css                           [39m[2m[1m    43.38 kB[0m[0m[2m │ gzip:   2.54 kB[0m
[32mn8n-editor-ui:build: [0m[2mdist/[0m[2massets/[0m[35mSettingsUsersView-QqaMJZOo.css                          [39m[2m[1m    43.88 kB[0m[0m[2m │ gzip:   3.03 kB[0m
[32mn8n-editor-ui:build: [0m[2mdist/[0m[2massets/[0m[35mResolversView-DQ3n8yHa.css                              [39m[2m[1m    44.01 kB[0m[0m[2m │ gzip:   2.95 kB[0m
[32mn8n-editor-ui:build: [0m[2mdist/[0m[2massets/[0m[35mRoleSelectDropdown-CAhyafgZ.css                         [39m[2m[1m    44.66 kB[0m[0m[2m │ gzip:   3.37 kB[0m
[32mn8n-editor-ui:build: [0m[2mdist/[0m[2massets/[0m[35mRunDataTable-GBU6nPR4.css                               [39m[2m[1m    44.83 kB[0m[0m[2m │ gzip:   3.95 kB[0m
[32mn8n-editor-ui:build: [0m[2mdist/[0m[2massets/[0m[35mEvaluationsRootView-CI_WCIM0.css                        [39m[2m[1m    45.44 kB[0m[0m[2m │ gzip:   3.27 kB[0m
[32mn8n-editor-ui:build: [0m[2mdist/[0m[2massets/[0m[35mN8nEmptyState-DLBLSYqA.css                              [39m[2m[1m    45.64 kB[0m[0m[2m │ gzip:   2.85 kB[0m
[32mn8n-editor-ui:build: [0m[2mdist/[0m[2massets/[0m[35mChatLayout-BJCu8A3f.css                                 [39m[2m[1m    45.95 kB[0m[0m[2m │ gzip:   3.40 kB[0m
[32mn8n-editor-ui:build: [0m[2mdist/[0m[2massets/[0m[35mProjectSettings-qE6Frnjm.css                            [39m[2m[1m    46.48 kB[0m[0m[2m │ gzip:   3.52 kB[0m
[32mn8n-editor-ui:build: [0m[2mdist/[0m[2massets/[0m[35mexpressions-C_jljxll.css                                [39m[2m[1m    46.64 kB[0m[0m[2m │ gzip:   3.07 kB[0m
[32mn8n-editor-ui:build: [0m[2mdist/[0m[2massets/[0m[35mInstanceAiView--4jceNO5.css                             [39m[2m[1m    47.28 kB[0m[0m[2m │ gzip:   3.71 kB[0m
[32mn8n-editor-ui:build: [0m[2mdist/[0m[2massets/[0m[35mWorkflowExecutionsPreview-CqUywUNY.css                  [39m[2m[1m    47.98 kB[0m[0m[2m │ gzip:   3.91 kB[0m
[32mn8n-editor-ui:build: [0m[2mdist/[0m[2massets/[0m[35mSettingsRowGroup-BWt98Hcs.css                           [39m[2m[1m    51.95 kB[0m[0m[2m │ gzip:   4.40 kB[0m
[32mn8n-editor-ui:build: [0m[2mdist/[0m[2massets/[0m[35mN8nToggleGroup-YPfnsqK7.css                             [39m[2m[1m    52.08 kB[0m[0m[2m │ gzip:   3.43 kB[0m
[32mn8n-editor-ui:build: [0m[2mdist/[0m[2massets/[0m[35mSettingsSourceControl-D3SVOVrV.css                      [39m[2m[1m    52.49 kB[0m[0m[2m │ gzip:   3.44 kB[0m
[32mn8n-editor-ui:build: [0m[2mdist/[0m[2massets/[0m[35mTemplatesSearchView-Bag5cesN.css                        [39m[2m[1m    54.08 kB[0m[0m[2m │ gzip:   3.90 kB[0m
[32mn8n-editor-ui:build: [0m[2mdist/[0m[2massets/[0m[35mAgentToolConfigModal-CE__84oP.css                       [39m[2m[1m    54.46 kB[0m[0m[2m │ gzip:   3.70 kB[0m
[32mn8n-editor-ui:build: [0m[2mdist/[0m[2massets/[0m[35mN8nButton-eAEmv00f.css                                  [39m[2m[1m    56.30 kB[0m[0m[2m │ gzip:   4.56 kB[0m
[32mn8n-editor-ui:build: [0m[2mdist/[0m[2massets/[0m[35mChatView--Hs5rwai.css                                   [39m[2m[1m    58.07 kB[0m[0m[2m │ gzip:   4.38 kB[0m
[32mn8n-editor-ui:build: [0m[2mdist/[0m[2massets/[0m[35mEvalCollectionsListView-OfjcXBLQ.css                    [39m[2m[1m    58.17 kB[0m[0m[2m │ gzip:   4.25 kB[0m
[32mn8n-editor-ui:build: [0m[2mdist/[0m[2massets/[0m[35mWorkflowBuilderUnavailableNotice-DAZ2UoNp.css           [39m[2m[1m    58.20 kB[0m[0m[2m │ gzip:   4.51 kB[0m
[32mn8n-editor-ui:build: [0m[2mdist/[0m[2massets/[0m[35mToolsConnectionModal-Bp346czv.css                       [39m[2m[1m    58.85 kB[0m[0m[2m │ gzip:   4.23 kB[0m
[32mn8n-editor-ui:build: [0m[2mdist/[0m[2massets/[0m[35mWorkflowDiffView-p7FfIqn-.css                           [39m[2m[1m    59.75 kB[0m[0m[2m │ gzip:   4.80 kB[0m
[32mn8n-editor-ui:build: [0m[2mdist/[0m[2massets/[0m[35mEvaluationsListSwitcher-B6WaU8Xx.css                    [39m[2m[1m    65.07 kB[0m[0m[2m │ gzip:   4.52 kB[0m
[32mn8n-editor-ui:build: [0m[2mdist/[0m[2massets/[0m[35mSettingsApiView-ZJQPI9sp.css                            [39m[2m[1m    66.14 kB[0m[0m[2m │ gzip:   4.88 kB[0m
[32mn8n-editor-ui:build: [0m[2mdist/[0m[2massets/[0m[35mDataTableTable-Dp7QnIdt.css                             [39m[2m[1m    66.46 kB[0m[0m[2m │ gzip:   4.75 kB[0m
[32mn8n-editor-ui:build: [0m[2mdist/[0m[2massets/[0m[35mSettingsOpenTelemetryView-DJiXWmNY.css                  [39m[2m[1m    68.04 kB[0m[0m[2m │ gzip:   6.73 kB[0m
[32mn8n-editor-ui:build: [0m[2mdist/[0m[2massets/[0m[35mWorkerView-vTs7T4ol.css                                 [39m[2m[1m    69.60 kB[0m[0m[2m │ gzip:   3.88 kB[0m
[32mn8n-editor-ui:build: [0m[2mdist/[0m[2massets/[0m[35mMCPOnboardingModal-gaYMiPYB.css                         [39m[2m[1m    70.68 kB[0m[0m[2m │ gzip:   5.37 kB[0m
[32mn8n-editor-ui:build: [0m[2mdist/[0m[2massets/[0m[35mN8nIconPicker-UAa7xU1V.css                              [39m[2m[1m    71.43 kB[0m[0m[2m │ gzip:   4.50 kB[0m
[32mn8n-editor-ui:build: [0m[2mdist/[0m[2massets/[0m[35mSettingsMCPView-COVSgaQa.css                            [39m[2m[1m    73.06 kB[0m[0m[2m │ gzip:   4.92 kB[0m
[32mn8n-editor-ui:build: [0m[2mdist/[0m[2massets/[0m[35mChatGreetings-_okVH7Mg.css                              [39m[2m[1m    73.25 kB[0m[0m[2m │ gzip:   4.81 kB[0m
[32mn8n-editor-ui:build: [0m[2mdist/[0m[2massets/[0m[35mChatMarkdownChunk-CJFot_lF.css                          [39m[2m[1m    73.82 kB[0m[0m[2m │ gzip:  13.75 kB[0m
[32mn8n-editor-ui:build: [0m[2mdist/[0m[2massets/[0m[35mTestRunDetailView-CWGHxzGn.css                          [39m[2m[1m    74.56 kB[0m[0m[2m │ gzip:   4.92 kB[0m
[32mn8n-editor-ui:build: [0m[2mdist/[0m[2massets/[0m[35mMarkdownEditor-BKlhw7tK.css                             [39m[2m[1m    87.91 kB[0m[0m[2m │ gzip:   8.42 kB[0m
[32mn8n-editor-ui:build: [0m[2mdist/[0m[2massets/[0m[35mDialogTitle-CxO-VSbc.css                                [39m[2m[1m    91.11 kB[0m[0m[2m │ gzip:   4.85 kB[0m
[32mn8n-editor-ui:build: [0m[2mdist/[0m[2massets/[0m[35mWorkflowHistory-Bq6fDwHF.css                            [39m[2m[1m    94.42 kB[0m[0m[2m │ gzip:   6.08 kB[0m
[32mn8n-editor-ui:build: [0m[2mdist/[0m[2massets/[0m[35mCompareCollectionView-9sJGCgX_.css                      [39m[2m[1m    94.55 kB[0m[0m[2m │ gzip:   5.79 kB[0m
[32mn8n-editor-ui:build: [0m[2mdist/[0m[2massets/[0m[35mDropdownMenu-XPaA-LC4.css                               [39m[2m[1m    97.27 kB[0m[0m[2m │ gzip:   5.51 kB[0m
[32mn8n-editor-ui:build: [0m[2mdist/[0m[2massets/[0m[35mNodeDetailsView-zSrOSHox.css                            [39m[2m[1m   108.57 kB[0m[0m[2m │ gzip:   6.91 kB[0m
[32mn8n-editor-ui:build: [0m[2mdist/[0m[2massets/[0m[35mSettingsSso-BcfIQPXx.css                                [39m[2m[1m   113.01 kB[0m[0m[2m │ gzip:   6.79 kB[0m
[32mn8n-editor-ui:build: [0m[2mdist/[0m[2massets/[0m[35mWorkflowLayout-DLc0CGI_.css                             [39m[2m[1m   117.05 kB[0m[0m[2m │ gzip:   6.80 kB[0m
[32mn8n-editor-ui:build: [0m[2mdist/[0m[2massets/[0m[35mNodeSettings-D_5EG2td.css                               [39m[2m[1m   123.01 kB[0m[0m[2m │ gzip:   7.92 kB[0m
[32mn8n-editor-ui:build: [0m[2mdist/[0m[2massets/[0m[35mWorkflowReviewRequestsView-vHzWhQ6S.css                 [39m[2m[1m   140.67 kB[0m[0m[2m │ gzip:  10.30 kB[0m
[32mn8n-editor-ui:build: [0m[2mdist/[0m[2massets/[0m[35mAgentSessionTimelineView-74eZM7_H.css                   [39m[2m[1m   152.52 kB[0m[0m[2m │ gzip:  11.00 kB[0m
[32mn8n-editor-ui:build: [0m[2mdist/[0m[2massets/[0m[35mMainHeader-CMIofguc.css                                 [39m[2m[1m   153.15 kB[0m[0m[2m │ gzip:   8.35 kB[0m
[32mn8n-editor-ui:build: [0m[2mdist/[0m[2massets/[0m[35mWorkflowsView-6duj7t5H.css                              [39m[2m[1m   169.48 kB[0m[0m[2m │ gzip:   9.76 kB[0m
[32mn8n-editor-ui:build: [0m[2mdist/[0m[2massets/[0m[35museExecutionDebugging-BAXXTqZW.css                      [39m[2m[1m   181.72 kB[0m[0m[2m │ gzip:  11.04 kB[0m
[32mn8n-editor-ui:build: [0m[2mdist/[0m[2massets/[0m[35mRunData-BnWjCg9w.css                                    [39m[2m[1m   221.93 kB[0m[0m[2m │ gzip:  12.29 kB[0m
[32mn8n-editor-ui:build: [0m[2mdist/[0m[2massets/[0m[35mAgentPreviewDock-DpDoFDuK.css                           [39m[2m[1m   241.04 kB[0m[0m[2m │ gzip:  14.22 kB[0m
[32mn8n-editor-ui:build: [0m[2mdist/[0m[2massets/[0m[35mNodeCreator-CTV741TB.css                                [39m[2m[1m   280.48 kB[0m[0m[2m │ gzip:  14.03 kB[0m
[32mn8n-editor-ui:build: [0m[2mdist/[0m[2massets/[0m[35mNodeView-CBCFluPF.css                                   [39m[2m[1m   290.58 kB[0m[0m[2m │ gzip:  14.49 kB[0m
[32mn8n-editor-ui:build: [0m[2mdist/[0m[2massets/[0m[35mInstanceAiEmptyView-DsnT8_dj.css                        [39m[2m[1m   291.06 kB[0m[0m[2m │ gzip:  19.84 kB[0m
[32mn8n-editor-ui:build: [0m[2mdist/[0m[2massets/[0m[35museWorkflowDocumentRenderData-DVCBP9n7.css              [39m[2m[1m   397.96 kB[0m[0m[2m │ gzip:  22.12 kB[0m
[32mn8n-editor-ui:build: [0m[2mdist/[0m[2massets/[0m[35mAgentBuilderView-lUPpk_en.css                           [39m[2m[1m   444.39 kB[0m[0m[2m │ gzip:  24.24 kB[0m
[32mn8n-editor-ui:build: [0m[2mdist/[0m[2massets/[0m[35mInstanceAiThreadView-BBQpQr0l.css                       [39m[2m[1m   533.85 kB[0m[0m[2m │ gzip:  29.70 kB[0m
[32mn8n-editor-ui:build: [0m[2mdist/[0m[2massets/[0m[35mParameterInputList-DBBN-lxD.css                         [39m[2m[1m   613.68 kB[0m[0m[2m │ gzip:  34.19 kB[0m
[32mn8n-editor-ui:build: [0m[2mdist/[0m[2massets/[0m[35mindex-DEh4v3IH.css                                      [39m[2m[1m 1,950.82 kB[0m[0m[2m │ gzip: 130.58 kB[0m
[32mn8n-editor-ui:build: [0m[2mdist/[0m[2massets/[0m[36musePushConnection-CCNbpERQ.js                           [39m[2m[1m     0.04 kB[0m[0m[2m │ gzip:   0.06 kB[0m
[32mn8n-editor-ui:build: [0m[2mdist/[0m[2massets/[0m[36men-BL1_k0tU.js                                          [39m[2m[1m     0.08 kB[0m[0m[2m │ gzip:   0.08 kB[0m
[32mn8n-editor-ui:build: [0m[2mdist/[0m[2massets/[0m[36mNodeView-BTzy0yfp.js                                    [39m[2m[1m     0.10 kB[0m[0m[2m │ gzip:   0.09 kB[0m
[32mn8n-editor-ui:build: [0m[2mdist/[0m[2massets/[0m[36mRunDataHtml-CsletEQG.js                                 [39m[2m[1m     0.11 kB[0m[0m[2m │ gzip:   0.09 kB[0m
[32mn8n-editor-ui:build: [0m[2mdist/[0m[2massets/[0m[36mpushConnection.store-BRIiAkDf.js                        [39m[2m[1m     0.11 kB[0m[0m[2m │ gzip:   0.09 kB[0m
[32mn8n-editor-ui:build: [0m[2mdist/[0m[2massets/[0m[36mVirtualSchema-BB3d4XL0.js                               [39m[2m[1m     0.11 kB[0m[0m[2m │ gzip:   0.09 kB[0m
[32mn8n-editor-ui:build: [0m[2mdist/[0m[2massets/[0m[36mAgentBuilderView-BSpAnauD.js                            [39m[2m[1m     0.12 kB[0m[0m[2m │ gzip:   0.09 kB[0m
[32mn8n-editor-ui:build: [0m[2mdist/[0m[2massets/[0m[36mCollectionParameter-DzC69j1I.js                         [39m[2m[1m     0.13 kB[0m[0m[2m │ gzip:   0.11 kB[0m
[32mn8n-editor-ui:build: [0m[2mdist/[0m[2massets/[0m[36mAgentSessionsListView-DXKYBcGi.js                       [39m[2m[1m     0.14 kB[0m[0m[2m │ gzip:   0.10 kB[0m
[32mn8n-editor-ui:build: [0m[2mdist/[0m[2massets/[0m[36mRunDataParsedAiContent-DxHIsHpS.js                      [39m[2m[1m     0.14 kB[0m[0m[2m │ gzip:   0.10 kB[0m
[32mn8n-editor-ui:build: [0m[2mdist/[0m[2massets/[0m[36mexpression-runtime-stub-BOIoYyR2.js                     [39m[2m[1m     0.15 kB[0m[0m[2m │ gzip:   0.12 kB[0m
[32mn8n-editor-ui:build: [0m[2mdist/[0m[2massets/[0m[36musers-CZp_IfxF.js                                       [39m[2m[1m     0.15 kB[0m[0m[2m │ gzip:   0.14 kB[0m
[32mn8n-editor-ui:build: [0m[2mdist/[0m[2massets/[0m[36mconstants-D_VTf2Xo.js                                   [39m[2m[1m     0.18 kB[0m[0m[2m │ gzip:   0.16 kB[0m
[32mn8n-editor-ui:build: [0m[2mdist/[0m[2massets/[0m[36mis-record-prOZdIPq.js                                   [39m[2m[1m     0.19 kB[0m[0m[2m │ gzip:   0.16 kB[0m
[32mn8n-editor-ui:build: [0m[2mdist/[0m[2massets/[0m[36mN8nTag-BOt_Vn3b.js                                      [39m[2m[1m     0.19 kB[0m[0m[2m │ gzip:   0.16 kB[0m
[32mn8n-editor-ui:build: [0m[2mdist/[0m[2massets/[0m[36mN8nIcon-CuSvq0RX.js                                     [39m[2m[1m     0.20 kB[0m[0m[2m │ gzip:   0.15 kB[0m
[32mn8n-editor-ui:build: [0m[2mdist/[0m[2massets/[0m[36mconstants-D87SFn6O.js                                   [39m[2m[1m     0.20 kB[0m[0m[2m │ gzip:   0.15 kB[0m
[32mn8n-editor-ui:build: [0m[2mdist/[0m[2massets/[0m[36mN8nSwitch-B0sTLFRo.js                                   [39m[2m[1m     0.21 kB[0m[0m[2m │ gzip:   0.16 kB[0m
[32mn8n-editor-ui:build: [0m[2mdist/[0m[2massets/[0m[36museI18n-B6I8WRBF.js                                     [39m[2m[1m     0.21 kB[0m[0m[2m │ gzip:   0.17 kB[0m
[32mn8n-editor-ui:build: [0m[2mdist/[0m[2massets/[0m[36massert-BgZvUjbv.js                                      [39m[2m[1m     0.21 kB[0m[0m[2m │ gzip:   0.16 kB[0m
[32mn8n-editor-ui:build: [0m[2mdist/[0m[2massets/[0m[36mN8nTooltip-cpTcGYTt.js                                  [39m[2m[1m     0.22 kB[0m[0m[2m │ gzip:   0.16 kB[0m
[32mn8n-editor-ui:build: [0m[2mdist/[0m[2massets/[0m[36mcore-D8l50o8u.js                                        [39m[2m[1m     0.22 kB[0m[0m[2m │ gzip:   0.17 kB[0m
[32mn8n-editor-ui:build: [0m[2mdist/[0m[2massets/[0m[36msourceControl.eventBus-Bauy10pr.js                      [39m[2m[1m     0.24 kB[0m[0m[2m │ gzip:   0.16 kB[0m
[32mn8n-editor-ui:build: [0m[2mdist/[0m[2massets/[0m[36mN8nScrollArea-EbE2ruUr.js                               [39m[2m[1m     0.25 kB[0m[0m[2m │ gzip:   0.16 kB[0m
[32mn8n-editor-ui:build: [0m[2mdist/[0m[2massets/[0m[36mAskAssistantIcon-DUpdD8BA.js                            [39m[2m[1m     0.25 kB[0m[0m[2m │ gzip:   0.16 kB[0m
[32mn8n-editor-ui:build: [0m[2mdist/[0m[2massets/[0m[36m_plugin-vue_export-helper-D-F0WtqU.js                   [39m[2m[1m     0.26 kB[0m[0m[2m │ gzip:   0.18 kB[0m
[32mn8n-editor-ui:build: [0m[2mdist/[0m[2massets/[0m[36mconstants-C_6LWjz4.js                                   [39m[2m[1m     0.27 kB[0m[0m[2m │ gzip:   0.22 kB[0m
[32mn8n-editor-ui:build: [0m[2mdist/[0m[2massets/[0m[36m__vite-browser-external-CTj19RIp.js                     [39m[2m[1m     0.27 kB[0m[0m[2m │ gzip:   0.20 kB[0m
[32mn8n-editor-ui:build: [0m[2mdist/[0m[2massets/[0m[36museInjectWorkflowId-EN656JkQ.js                         [39m[2m[1m     0.30 kB[0m[0m[2m │ gzip:   0.20 kB[0m
[32mn8n-editor-ui:build: [0m[2mdist/[0m[2massets/[0m[36mnullish-DsACEi3N.js                                     [39m[2m[1m     0.31 kB[0m[0m[2m │ gzip:   0.24 kB[0m
[32mn8n-editor-ui:build: [0m[2mdist/[0m[2massets/[0m[36mtypes-BozgK3KO.js                                       [39m[2m[1m     0.32 kB[0m[0m[2m │ gzip:   0.22 kB[0m
[32mn8n-editor-ui:build: [0m[2mdist/[0m[2massets/[0m[36msort-by-property-3fE3q7OE.js                            [39m[2m[1m     0.35 kB[0m[0m[2m │ gzip:   0.24 kB[0m
[32mn8n-editor-ui:build: [0m[2mdist/[0m[2massets/[0m[36msmart-decimal-DrPf7l5p.js                               [39m[2m[1m     0.36 kB[0m[0m[2m │ gzip:   0.24 kB[0m
[32mn8n-editor-ui:build: [0m[2mdist/[0m[2massets/[0m[36minjectionKeys-DCtELIvT.js                               [39m[2m[1m     0.37 kB[0m[0m[2m │ gzip:   0.26 kB[0m
[32mn8n-editor-ui:build: [0m[2mdist/[0m[2massets/[0m[36mauth.constants-B_zvFZ4f.js                              [39m[2m[1m     0.38 kB[0m[0m[2m │ gzip:   0.22 kB[0m
[32mn8n-editor-ui:build: [0m[2mdist/[0m[2massets/[0m[36mlib-CcMDH-kD.js                                         [39m[2m[1m     0.39 kB[0m[0m[2m │ gzip:   0.28 kB[0m
[32mn8n-editor-ui:build: [0m[2mdist/[0m[2massets/[0m[36mevent-BWR2J8pj.js                                       [39m[2m[1m     0.39 kB[0m[0m[2m │ gzip:   0.28 kB[0m
[32mn8n-editor-ui:build: [0m[2mdist/[0m[2massets/[0m[36mbytes-Bp1UJTyx.js                                       [39m[2m[1m     0.40 kB[0m[0m[2m │ gzip:   0.24 kB[0m
[32mn8n-editor-ui:build: [0m[2mdist/[0m[2massets/[0m[36mauth.eventBus-BEsivfvi.js                               [39m[2m[1m     0.41 kB[0m[0m[2m │ gzip:   0.24 kB[0m
[32mn8n-editor-ui:build: [0m[2mdist/[0m[2massets/[0m[36minstanceAiLayout-Bh2z1Mjs.js                            [39m[2m[1m     0.42 kB[0m[0m[2m │ gzip:   0.27 kB[0m
[32mn8n-editor-ui:build: [0m[2mdist/[0m[2massets/[0m[36museInstanceAiEditorCapability-DaQmyP1G.js               [39m[2m[1m     0.42 kB[0m[0m[2m │ gzip:   0.24 kB[0m
[32mn8n-editor-ui:build: [0m[2mdist/[0m[2massets/[0m[36museStyles-BreHshnR.js                                   [39m[2m[1m     0.47 kB[0m[0m[2m │ gzip:   0.32 kB[0m
[32mn8n-editor-ui:build: [0m[2mdist/[0m[2massets/[0m[36magentReturnContext.store-CnJCElIj.js                    [39m[2m[1m     0.48 kB[0m[0m[2m │ gzip:   0.28 kB[0m
[32mn8n-editor-ui:build: [0m[2mdist/[0m[2massets/[0m[36misUndefined-CTsagQCT.js                                 [39m[2m[1m     0.50 kB[0m[0m[2m │ gzip:   0.30 kB[0m
[32mn8n-editor-ui:build: [0m[2mdist/[0m[2massets/[0m[36mrefs-k1RcPJAc.js                                        [39m[2m[1m     0.52 kB[0m[0m[2m │ gzip:   0.36 kB[0m
[32mn8n-editor-ui:build: [0m[2mdist/[0m[2massets/[0m[36museLocale-NoxszNkz.js                                   [39m[2m[1m     0.58 kB[0m[0m[2m │ gzip:   0.40 kB[0m
[32mn8n-editor-ui:build: [0m[2mdist/[0m[2massets/[0m[36minstanceAiComputerUse.telemetry-DNIWSzZn.js             [39m[2m[1m     0.65 kB[0m[0m[2m │ gzip:   0.36 kB[0m
[32mn8n-editor-ui:build: [0m[2mdist/[0m[2massets/[0m[36mcreateAgentRoute-DDto_8Bw.js                            [39m[2m[1m     0.68 kB[0m[0m[2m │ gzip:   0.40 kB[0m
[32mn8n-editor-ui:build: [0m[2mdist/[0m[2massets/[0m[36mAuthLayout-C-bzp4h9.js                                  [39m[2m[1m     0.69 kB[0m[0m[2m │ gzip:   0.38 kB[0m
[32mn8n-editor-ui:build: [0m[2mdist/[0m[2massets/[0m[36museEvaluationsLicense-D6AdwxHa.js                       [39m[2m[1m     0.75 kB[0m[0m[2m │ gzip:   0.38 kB[0m
[32mn8n-editor-ui:build: [0m[2mdist/[0m[2massets/[0m[36mvalidator-_yiJ_ICt.js                                   [39m[2m[1m     0.77 kB[0m[0m[2m │ gzip:   0.37 kB[0m
[32mn8n-editor-ui:build: [0m[2mdist/[0m[2massets/[0m[36mverified-2XEOG7gk.js                                    [39m[2m[1m     0.78 kB[0m[0m[2m │ gzip:   0.50 kB[0m
[32mn8n-editor-ui:build: [0m[2mdist/[0m[2massets/[0m[36mpostMessageUtils-Bu74y40i.js                            [39m[2m[1m     0.78 kB[0m[0m[2m │ gzip:   0.45 kB[0m
[32mn8n-editor-ui:build: [0m[2mdist/[0m[2massets/[0m[36museWorkflowReviewsFeature-ChBwWS6B.js                   [39m[2m[1m     0.79 kB[0m[0m[2m │ gzip:   0.37 kB[0m
[32mn8n-editor-ui:build: [0m[2mdist/[0m[2massets/[0m[36musePrivateCredentials-D5opXqYl.js                       [39m[2m[1m     0.80 kB[0m[0m[2m │ gzip:   0.45 kB[0m
[32mn8n-editor-ui:build: [0m[2mdist/[0m[2massets/[0m[36minvite-link.utils-DGeyge-M.js                           [39m[2m[1m     0.80 kB[0m[0m[2m │ gzip:   0.48 kB[0m
[32mn8n-editor-ui:build: [0m[2mdist/[0m[2massets/[0m[36museExecutionData-DoFantKT.js                            [39m[2m[1m     0.81 kB[0m[0m[2m │ gzip:   0.36 kB[0m
[32mn8n-editor-ui:build: [0m[2mdist/[0m[2massets/[0m[36mexpression-runtime-stub-DHA3RX1a.js                     [39m[2m[1m     0.82 kB[0m[0m[2m │ gzip:   0.38 kB[0m
[32mn8n-editor-ui:build: [0m[2mdist/[0m[2massets/[0m[36museAgentConfirmationModal-BXe2pLuA.js                   [39m[2m[1m     0.83 kB[0m[0m[2m │ gzip:   0.40 kB[0m
[32mn8n-editor-ui:build: [0m[2mdist/[0m[2massets/[0m[36mshield-alt-DipIJTNj.js                                  [39m[2m[1m     0.83 kB[0m[0m[2m │ gzip:   0.55 kB[0m
[32mn8n-editor-ui:build: [0m[2mdist/[0m[2massets/[0m[36mDefaultLayout-DW76IJEs.js                               [39m[2m[1m     0.84 kB[0m[0m[2m │ gzip:   0.42 kB[0m
[32mn8n-editor-ui:build: [0m[2mdist/[0m[2massets/[0m[36mevent-bus-a2R-CWx4.js                                   [39m[2m[1m     0.85 kB[0m[0m[2m │ gzip:   0.27 kB[0m
[32mn8n-editor-ui:build: [0m[2mdist/[0m[2massets/[0m[36mnotifications.store-DJgthUs5.js                         [39m[2m[1m     0.85 kB[0m[0m[2m │ gzip:   0.40 kB[0m
[32mn8n-editor-ui:build: [0m[2mdist/[0m[2massets/[0m[36museActivationError-Dj5WHwzJ.js                          [39m[2m[1m     0.86 kB[0m[0m[2m │ gzip:   0.47 kB[0m
[32mn8n-editor-ui:build: [0m[2mdist/[0m[2massets/[0m[36museKbd-CNop2v9G.js                                      [39m[2m[1m     0.87 kB[0m[0m[2m │ gzip:   0.51 kB[0m
[32mn8n-editor-ui:build: [0m[2mdist/[0m[2massets/[0m[36mbreaking-changes-fy4Lj9GC.js                            [39m[2m[1m     0.92 kB[0m[0m[2m │ gzip:   0.38 kB[0m
[32mn8n-editor-ui:build: [0m[2mdist/[0m[2massets/[0m[36mEnterpriseEdition.ee-DJ1tELsN.js                        [39m[2m[1m     0.94 kB[0m[0m[2m │ gzip:   0.50 kB[0m
[32mn8n-editor-ui:build: [0m[2mdist/[0m[2massets/[0m[36mComputerUseSetupModal-BcIl9EPJ.js                       [39m[2m[1m     0.96 kB[0m[0m[2m │ gzip:   0.49 kB[0m
[32mn8n-editor-ui:build: [0m[2mdist/[0m[2massets/[0m[36mz-indexes-6L1EZzrF.js                                   [39m[2m[1m     0.98 kB[0m[0m[2m │ gzip:   0.61 kB[0m
[32mn8n-editor-ui:build: [0m[2mdist/[0m[2massets/[0m[36mevent-bus-D6BxR6-6.js                                   [39m[2m[1m     0.99 kB[0m[0m[2m │ gzip:   0.45 kB[0m
[32mn8n-editor-ui:build: [0m[2mdist/[0m[2massets/[0m[36mVueMarkdown-DYMRCo7d.js                                 [39m[2m[1m     1.00 kB[0m[0m[2m │ gzip:   0.54 kB[0m
[32mn8n-editor-ui:build: [0m[2mdist/[0m[2massets/[0m[36mjson-BTFwBmHt.js                                        [39m[2m[1m     1.00 kB[0m[0m[2m │ gzip:   0.58 kB[0m
[32mn8n-editor-ui:build: [0m[2mdist/[0m[2massets/[0m[36mDialogFooter-AKzGUZKF.js                                [39m[2m[1m     1.06 kB[0m[0m[2m │ gzip:   0.52 kB[0m
[32mn8n-editor-ui:build: [0m[2mdist/[0m[2massets/[0m[36minstanceAiComputerUse-HpsTvTyX.js                       [39m[2m[1m     1.06 kB[0m[0m[2m │ gzip:   0.40 kB[0m
[32mn8n-editor-ui:build: [0m[2mdist/[0m[2massets/[0m[36msamples-ORgmwVXj.js                                     [39m[2m[1m     1.08 kB[0m[0m[2m │ gzip:   0.54 kB[0m
[32mn8n-editor-ui:build: [0m[2mdist/[0m[2massets/[0m[36museDocumentVisibility-oMVAC2C1.js                       [39m[2m[1m     1.10 kB[0m[0m[2m │ gzip:   0.42 kB[0m
[32mn8n-editor-ui:build: [0m[2mdist/[0m[2massets/[0m[36misSymbol-DAI9oII0.js                                    [39m[2m[1m     1.11 kB[0m[0m[2m │ gzip:   0.62 kB[0m
[32mn8n-editor-ui:build: [0m[2mdist/[0m[2massets/[0m[36mrepeat-click-BBWrkIio.js                                [39m[2m[1m     1.11 kB[0m[0m[2m │ gzip:   0.59 kB[0m
[32mn8n-editor-ui:build: [0m[2mdist/[0m[2massets/[0m[36msortBy-BXfxyrJ_.js                                      [39m[2m[1m     1.13 kB[0m[0m[2m │ gzip:   0.52 kB[0m
[32mn8n-editor-ui:build: [0m[2mdist/[0m[2massets/[0m[36muse-size-8oGTaPnQ.js                                    [39m[2m[1m     1.13 kB[0m[0m[2m │ gzip:   0.57 kB[0m
[32mn8n-editor-ui:build: [0m[2mdist/[0m[2massets/[0m[36museDirection-UW3tNAWY.js                                [39m[2m[1m     1.14 kB[0m[0m[2m │ gzip:   0.50 kB[0m
[32mn8n-editor-ui:build: [0m[2mdist/[0m[2massets/[0m[36mInstanceAiLayout-Bc_nXYl2.js                            [39m[2m[1m     1.16 kB[0m[0m[2m │ gzip:   0.52 kB[0m
[32mn8n-editor-ui:build: [0m[2mdist/[0m[2massets/[0m[36mLabel-b4FnckK8.js                                       [39m[2m[1m     1.16 kB[0m[0m[2m │ gzip:   0.68 kB[0m
[32mn8n-editor-ui:build: [0m[2mdist/[0m[2massets/[0m[36museSidebarLayout-umJS7JDg.js                            [39m[2m[1m     1.17 kB[0m[0m[2m │ gzip:   0.50 kB[0m
[32mn8n-editor-ui:build: [0m[2mdist/[0m[2massets/[0m[36mmcp.constants-CtGlan57.js                               [39m[2m[1m     1.19 kB[0m[0m[2m │ gzip:   0.49 kB[0m
[32mn8n-editor-ui:build: [0m[2mdist/[0m[2massets/[0m[36mBrowserUseSetupModal-CcE5iSab.js                        [39m[2m[1m     1.23 kB[0m[0m[2m │ gzip:   0.60 kB[0m
[32mn8n-editor-ui:build: [0m[2mdist/[0m[2massets/[0m[36mN8nIconButton-qH5a_UB2.js                               [39m[2m[1m     1.23 kB[0m[0m[2m │ gzip:   0.58 kB[0m
[32mn8n-editor-ui:build: [0m[2mdist/[0m[2massets/[0m[36misValueEqualOrExist-BiFXY21j.js                         [39m[2m[1m     1.25 kB[0m[0m[2m │ gzip:   0.62 kB[0m
[32mn8n-editor-ui:build: [0m[2mdist/[0m[2massets/[0m[36mfileUtils-Dcvs0rqd.js                                   [39m[2m[1m     1.28 kB[0m[0m[2m │ gzip:   0.66 kB[0m
[32mn8n-editor-ui:build: [0m[2mdist/[0m[2massets/[0m[36museIntersectionObserver-BrBo9Wj2.js                     [39m[2m[1m     1.29 kB[0m[0m[2m │ gzip:   0.59 kB[0m
[32mn8n-editor-ui:build: [0m[2mdist/[0m[2massets/[0m[36mN8nSpinner-GyTkMdCC.js                                  [39m[2m[1m     1.30 kB[0m[0m[2m │ gzip:   0.59 kB[0m
[32mn8n-editor-ui:build: [0m[2mdist/[0m[2massets/[0m[36minstanceAiBrowserUse-WYCePPJR.js                        [39m[2m[1m     1.31 kB[0m[0m[2m │ gzip:   0.61 kB[0m
[32mn8n-editor-ui:build: [0m[2mdist/[0m[2massets/[0m[36museTagPermissions-CduHJV6D.js                           [39m[2m[1m     1.32 kB[0m[0m[2m │ gzip:   0.38 kB[0m
[32mn8n-editor-ui:build: [0m[2mdist/[0m[2massets/[0m[36museAgentPermissions-BuOOCGjU.js                         [39m[2m[1m     1.32 kB[0m[0m[2m │ gzip:   0.57 kB[0m
[32mn8n-editor-ui:build: [0m[2mdist/[0m[2massets/[0m[36motel.constants-95VbOe3o.js                              [39m[2m[1m     1.32 kB[0m[0m[2m │ gzip:   0.73 kB[0m
[32mn8n-editor-ui:build: [0m[2mdist/[0m[2massets/[0m[36museEvalCollectionsFlag-PxQYVJ1h.js                      [39m[2m[1m     1.34 kB[0m[0m[2m │ gzip:   0.72 kB[0m
[32mn8n-editor-ui:build: [0m[2mdist/[0m[2massets/[0m[36mdurations-xVQWCRRO.js                                   [39m[2m[1m     1.35 kB[0m[0m[2m │ gzip:   0.72 kB[0m
[32mn8n-editor-ui:build: [0m[2mdist/[0m[2massets/[0m[36mSignoutView-BPKh8GZF.js                                 [39m[2m[1m     1.35 kB[0m[0m[2m │ gzip:   0.67 kB[0m
[32mn8n-editor-ui:build: [0m[2mdist/[0m[2massets/[0m[36msetupPanel.store-DrQXNqsU.js                            [39m[2m[1m     1.36 kB[0m[0m[2m │ gzip:   0.60 kB[0m
[32mn8n-editor-ui:build: [0m[2mdist/[0m[2massets/[0m[36muserRoleProvisioning.store-CF2Qp3z6.js                  [39m[2m[1m     1.37 kB[0m[0m[2m │ gzip:   0.50 kB[0m
[32mn8n-editor-ui:build: [0m[2mdist/[0m[2massets/[0m[36museInstanceAiAvailability-CQfJop1Q.js                   [39m[2m[1m     1.41 kB[0m[0m[2m │ gzip:   0.61 kB[0m
[32mn8n-editor-ui:build: [0m[2mdist/[0m[2massets/[0m[36mconstants-DMU0Fj8d.js                                   [39m[2m[1m     1.42 kB[0m[0m[2m │ gzip:   0.78 kB[0m
[32mn8n-editor-ui:build: [0m[2mdist/[0m[2massets/[0m[36mretry-BpzRKeah.js                                       [39m[2m[1m     1.43 kB[0m[0m[2m │ gzip:   0.65 kB[0m
[32mn8n-editor-ui:build: [0m[2mdist/[0m[2massets/[0m[36muniqBy-51RolGPF.js                                      [39m[2m[1m     1.43 kB[0m[0m[2m │ gzip:   0.79 kB[0m
[32mn8n-editor-ui:build: [0m[2mdist/[0m[2massets/[0m[36msrc-CQueprMZ.js                                         [39m[2m[1m     1.44 kB[0m[0m[2m │ gzip:   0.71 kB[0m
[32mn8n-editor-ui:build: [0m[2mdist/[0m[2massets/[0m[36museFocusGuards-D2NKhJRJ.js                              [39m[2m[1m     1.44 kB[0m[0m[2m │ gzip:   0.76 kB[0m
[32mn8n-editor-ui:build: [0m[2mdist/[0m[2massets/[0m[36mpickBy-DKHuf-yk.js                                      [39m[2m[1m     1.48 kB[0m[0m[2m │ gzip:   0.75 kB[0m
[32mn8n-editor-ui:build: [0m[2mdist/[0m[2massets/[0m[36museExternalHooks-ItRXpQL3.js                            [39m[2m[1m     1.51 kB[0m[0m[2m │ gzip:   0.73 kB[0m
[32mn8n-editor-ui:build: [0m[2mdist/[0m[2massets/[0m[36mtruncate-B0m9bkui.js                                    [39m[2m[1m     1.54 kB[0m[0m[2m │ gzip:   0.66 kB[0m
[32mn8n-editor-ui:build: [0m[2mdist/[0m[2massets/[0m[36mSeverityTag-BspHhc-R.js                                 [39m[2m[1m     1.58 kB[0m[0m[2m │ gzip:   0.73 kB[0m
[32mn8n-editor-ui:build: [0m[2mdist/[0m[2massets/[0m[36mdist-Ck202Mxy.js                                        [39m[2m[1m     1.59 kB[0m[0m[2m │ gzip:   0.74 kB[0m
[32mn8n-editor-ui:build: [0m[2mdist/[0m[2massets/[0m[36mexposeAllWorkflowsToMcp.store-ycAZSR1t.js               [39m[2m[1m     1.60 kB[0m[0m[2m │ gzip:   0.59 kB[0m
[32mn8n-editor-ui:build: [0m[2mdist/[0m[2massets/[0m[36mEmptySharedSectionActionBox-C8Z6miyp.js                 [39m[2m[1m     1.63 kB[0m[0m[2m │ gzip:   0.80 kB[0m
[32mn8n-editor-ui:build: [0m[2mdist/[0m[2massets/[0m[36mRunDataHtml-CNrwA_go.js                                 [39m[2m[1m     1.65 kB[0m[0m[2m │ gzip:   0.78 kB[0m
[32mn8n-editor-ui:build: [0m[2mdist/[0m[2massets/[0m[36mgenerate-nano-id-aFpenCcN.js                            [39m[2m[1m     1.65 kB[0m[0m[2m │ gzip:   0.85 kB[0m
[32mn8n-editor-ui:build: [0m[2mdist/[0m[2massets/[0m[36museDeviceSupport-CZosAKtc.js                            [39m[2m[1m     1.70 kB[0m[0m[2m │ gzip:   0.72 kB[0m
[32mn8n-editor-ui:build: [0m[2mdist/[0m[2massets/[0m[36mAnimatedSpinner-BZb5ncjv.js                             [39m[2m[1m     1.75 kB[0m[0m[2m │ gzip:   0.66 kB[0m
[32mn8n-editor-ui:build: [0m[2mdist/[0m[2massets/[0m[36mmarkdown-it-link-attributes-BC3Hu7Xj.js                 [39m[2m[1m     1.76 kB[0m[0m[2m │ gzip:   0.72 kB[0m
[32mn8n-editor-ui:build: [0m[2mdist/[0m[2massets/[0m[36museMcp-TTt-dAcC.js                                      [39m[2m[1m     1.77 kB[0m[0m[2m │ gzip:   0.65 kB[0m
[32mn8n-editor-ui:build: [0m[2mdist/[0m[2massets/[0m[36museAiGatewayTopUp-D6irKO42.js                           [39m[2m[1m     1.78 kB[0m[0m[2m │ gzip:   0.76 kB[0m
[32mn8n-editor-ui:build: [0m[2mdist/[0m[2massets/[0m[36museInstanceAiCredentialHelp-B09Sc0Uj.js                 [39m[2m[1m     1.79 kB[0m[0m[2m │ gzip:   0.77 kB[0m
[32mn8n-editor-ui:build: [0m[2mdist/[0m[2massets/[0m[36mSecretsProviderImage.ee-CCRR8agO.js                     [39m[2m[1m     1.80 kB[0m[0m[2m │ gzip:   0.72 kB[0m
[32mn8n-editor-ui:build: [0m[2mdist/[0m[2massets/[0m[36mscopes.utils-C47xeVUq.js                                [39m[2m[1m     1.82 kB[0m[0m[2m │ gzip:   0.67 kB[0m
[32mn8n-editor-ui:build: [0m[2mdist/[0m[2massets/[0m[36mscroll-CUg7IegU.js                                      [39m[2m[1m     1.84 kB[0m[0m[2m │ gzip:   0.81 kB[0m
[32mn8n-editor-ui:build: [0m[2mdist/[0m[2massets/[0m[36museAgentConfig-bssEW6A-.js                              [39m[2m[1m     1.84 kB[0m[0m[2m │ gzip:   0.78 kB[0m
[32mn8n-editor-ui:build: [0m[2mdist/[0m[2massets/[0m[36museDocumentTitle-Db-tRS_w.js                            [39m[2m[1m     1.84 kB[0m[0m[2m │ gzip:   0.78 kB[0m
[32mn8n-editor-ui:build: [0m[2mdist/[0m[2massets/[0m[36mInsightsChartFailed-DfTxT-ps.js                         [39m[2m[1m     1.84 kB[0m[0m[2m │ gzip:   0.87 kB[0m
[32mn8n-editor-ui:build: [0m[2mdist/[0m[2massets/[0m[36mprojectRoleScopes-oQc04T8m.js                           [39m[2m[1m     1.84 kB[0m[0m[2m │ gzip:   0.89 kB[0m
[32mn8n-editor-ui:build: [0m[2mdist/[0m[2massets/[0m[36mconstants-zeVT1Ciq.js                                   [39m[2m[1m     1.88 kB[0m[0m[2m │ gzip:   0.81 kB[0m
[32mn8n-editor-ui:build: [0m[2mdist/[0m[2massets/[0m[36mchatHubPanel.store-Bc2NTFrj.js                          [39m[2m[1m     1.96 kB[0m[0m[2m │ gzip:   0.82 kB[0m
[32mn8n-editor-ui:build: [0m[2mdist/[0m[2massets/[0m[36mInsightsChartTotal-BgqYZ1fO.js                          [39m[2m[1m     1.97 kB[0m[0m[2m │ gzip:   0.88 kB[0m
[32mn8n-editor-ui:build: [0m[2mdist/[0m[2massets/[0m[36museClipboard-FfSvbxpY.js                                [39m[2m[1m     2.00 kB[0m[0m[2m │ gzip:   0.90 kB[0m
[32mn8n-editor-ui:build: [0m[2mdist/[0m[2massets/[0m[36mEvaluationsPaywall-kxmUtXCA.js                          [39m[2m[1m     2.03 kB[0m[0m[2m │ gzip:   0.89 kB[0m
[32mn8n-editor-ui:build: [0m[2mdist/[0m[2massets/[0m[36mdateFormatter-BAvK5_B4.js                               [39m[2m[1m     2.03 kB[0m[0m[2m │ gzip:   0.72 kB[0m
[32mn8n-editor-ui:build: [0m[2mdist/[0m[2massets/[0m[36morderBy-C2Mi0OhW.js                                     [39m[2m[1m     2.05 kB[0m[0m[2m │ gzip:   0.97 kB[0m
[32mn8n-editor-ui:build: [0m[2mdist/[0m[2massets/[0m[36mutils-DWsV5_mh.js                                       [39m[2m[1m     2.06 kB[0m[0m[2m │ gzip:   0.87 kB[0m
[32mn8n-editor-ui:build: [0m[2mdist/[0m[2massets/[0m[36minsights.constants-S45O2d3B.js                          [39m[2m[1m     2.06 kB[0m[0m[2m │ gzip:   0.77 kB[0m
[32mn8n-editor-ui:build: [0m[2mdist/[0m[2massets/[0m[36mInsightsChartFailureRate-BOcG7yYI.js                    [39m[2m[1m     2.08 kB[0m[0m[2m │ gzip:   0.95 kB[0m
[32mn8n-editor-ui:build: [0m[2mdist/[0m[2massets/[0m[36mutils-DMYm6cvX.js                                       [39m[2m[1m     2.08 kB[0m[0m[2m │ gzip:   0.95 kB[0m
[32mn8n-editor-ui:build: [0m[2mdist/[0m[2massets/[0m[36museExternalHooks-8L2FA7u2.js                            [39m[2m[1m     2.10 kB[0m[0m[2m │ gzip:   0.84 kB[0m
[32mn8n-editor-ui:build: [0m[2mdist/[0m[2massets/[0m[36museTelemetry-2P8aHE7m.js                                [39m[2m[1m     2.12 kB[0m[0m[2m │ gzip:   0.96 kB[0m
[32mn8n-editor-ui:build: [0m[2mdist/[0m[2massets/[0m[36mpreload-helper-CMc80dNB.js                              [39m[2m[1m     2.13 kB[0m[0m[2m │ gzip:   1.00 kB[0m
[32mn8n-editor-ui:build: [0m[2mdist/[0m[2massets/[0m[36mchunk-CC9Q-vWm.js                                       [39m[2m[1m     2.17 kB[0m[0m[2m │ gzip:   0.98 kB[0m
[32mn8n-editor-ui:build: [0m[2mdist/[0m[2massets/[0m[36mflatten-Bm8cAP2a.js                                     [39m[2m[1m     2.24 kB[0m[0m[2m │ gzip:   0.93 kB[0m
[32mn8n-editor-ui:build: [0m[2mdist/[0m[2massets/[0m[36mSamlOnboarding-CZSf4eYI.js                              [39m[2m[1m     2.25 kB[0m[0m[2m │ gzip:   0.96 kB[0m
[32mn8n-editor-ui:build: [0m[2mdist/[0m[2massets/[0m[36museAiGateway-B9lFh9u4.js                                [39m[2m[1m     2.25 kB[0m[0m[2m │ gzip:   0.72 kB[0m
[32mn8n-editor-ui:build: [0m[2mdist/[0m[2massets/[0m[36mInsightsChartAverageRuntime-CAjTHj5t.js                 [39m[2m[1m     2.29 kB[0m[0m[2m │ gzip:   1.04 kB[0m
[32mn8n-editor-ui:build: [0m[2mdist/[0m[2massets/[0m[36museAgentTelemetry-CUsWd_Xq.js                           [39m[2m[1m     2.29 kB[0m[0m[2m │ gzip:   0.73 kB[0m
[32mn8n-editor-ui:build: [0m[2mdist/[0m[2massets/[0m[36museCredentialTestInBackground-_wg5tv_u.js               [39m[2m[1m     2.31 kB[0m[0m[2m │ gzip:   0.82 kB[0m
[32mn8n-editor-ui:build: [0m[2mdist/[0m[2massets/[0m[36mInsightsChartTimeSaved-Bpaal_8w.js                      [39m[2m[1m     2.34 kB[0m[0m[2m │ gzip:   1.07 kB[0m
[32mn8n-editor-ui:build: [0m[2mdist/[0m[2massets/[0m[36momit-DVSRjRAw.js                                        [39m[2m[1m     2.36 kB[0m[0m[2m │ gzip:   0.97 kB[0m
[32mn8n-editor-ui:build: [0m[2mdist/[0m[2massets/[0m[36mWorkflowOnboardingView-BQrAOENF.js                      [39m[2m[1m     2.38 kB[0m[0m[2m │ gzip:   0.91 kB[0m
[32mn8n-editor-ui:build: [0m[2mdist/[0m[2massets/[0m[36museProjectAgentsList-Bl5pPuIO.js                        [39m[2m[1m     2.40 kB[0m[0m[2m │ gzip:   0.92 kB[0m
[32mn8n-editor-ui:build: [0m[2mdist/[0m[2massets/[0m[36mindex.es-Bd6Zrgml.js                                    [39m[2m[1m     2.43 kB[0m[0m[2m │ gzip:   1.04 kB[0m
[32mn8n-editor-ui:build: [0m[2mdist/[0m[2massets/[0m[36mutils-C-aniw00.js                                       [39m[2m[1m     2.49 kB[0m[0m[2m │ gzip:   1.07 kB[0m
[32mn8n-editor-ui:build: [0m[2mdist/[0m[2massets/[0m[36mlocale-BlcHbNbm.js                                      [39m[2m[1m     2.64 kB[0m[0m[2m │ gzip:   1.22 kB[0m
[32mn8n-editor-ui:build: [0m[2mdist/[0m[2massets/[0m[36museSecretsProvidersList.ee-v8-TYoc5.js                  [39m[2m[1m     2.66 kB[0m[0m[2m │ gzip:   0.84 kB[0m
[32mn8n-editor-ui:build: [0m[2mdist/[0m[2massets/[0m[36mAnnotationTagsDropdown.ee-nALF-TP8.js                   [39m[2m[1m     2.69 kB[0m[0m[2m │ gzip:   1.03 kB[0m
[32mn8n-editor-ui:build: [0m[2mdist/[0m[2massets/[0m[36museFreeAiCredits-DbkP8Zu8.js                            [39m[2m[1m     2.77 kB[0m[0m[2m │ gzip:   0.97 kB[0m
[32mn8n-editor-ui:build: [0m[2mdist/[0m[2massets/[0m[36mrbac.store-BpCq5_iM.js                                  [39m[2m[1m     2.90 kB[0m[0m[2m │ gzip:   0.96 kB[0m
[32mn8n-editor-ui:build: [0m[2mdist/[0m[2massets/[0m[36mConnectionTracker-Dr9HMYEP.js                           [39m[2m[1m     2.92 kB[0m[0m[2m │ gzip:   1.11 kB[0m
[32mn8n-editor-ui:build: [0m[2mdist/[0m[2massets/[0m[36mEntityUnAuthorised-B7dIzaE7.js                          [39m[2m[1m     2.94 kB[0m[0m[2m │ gzip:   1.19 kB[0m
[32mn8n-editor-ui:build: [0m[2mdist/[0m[2massets/[0m[36mLoadingView-CmRfG_Sa.js                                 [39m[2m[1m     2.95 kB[0m[0m[2m │ gzip:   0.98 kB[0m
[32mn8n-editor-ui:build: [0m[2mdist/[0m[2massets/[0m[36mcommunityNodes.store-C67yPqWX.js                        [39m[2m[1m     2.95 kB[0m[0m[2m │ gzip:   0.93 kB[0m
[32mn8n-editor-ui:build: [0m[2mdist/[0m[2massets/[0m[36museTypeahead-Bhd2Ygic.js                                [39m[2m[1m     3.00 kB[0m[0m[2m │ gzip:   1.35 kB[0m
[32mn8n-editor-ui:build: [0m[2mdist/[0m[2massets/[0m[36museWorkflowEvaluationState-CHIjVqaA.js                  [39m[2m[1m     3.01 kB[0m[0m[2m │ gzip:   1.04 kB[0m
[32mn8n-editor-ui:build: [0m[2mdist/[0m[2massets/[0m[36mForgotMyPasswordView-C6AKMpeo.js                        [39m[2m[1m     3.03 kB[0m[0m[2m │ gzip:   1.19 kB[0m
[32mn8n-editor-ui:build: [0m[2mdist/[0m[2massets/[0m[36mPreviewTag-CNFXQpdk.js                                  [39m[2m[1m     3.04 kB[0m[0m[2m │ gzip:   1.04 kB[0m
[32mn8n-editor-ui:build: [0m[2mdist/[0m[2massets/[0m[36mPageViewLayout-BI1QPgLE.js                              [39m[2m[1m     3.07 kB[0m[0m[2m │ gzip:   1.03 kB[0m
[32mn8n-editor-ui:build: [0m[2mdist/[0m[2massets/[0m[36mpermissions-BdLxBGHQ.js                                 [39m[2m[1m     3.11 kB[0m[0m[2m │ gzip:   0.96 kB[0m
[32mn8n-editor-ui:build: [0m[2mdist/[0m[2massets/[0m[36museInstallNode-2Ak5H2Xd.js                              [39m[2m[1m     3.16 kB[0m[0m[2m │ gzip:   1.13 kB[0m
[32mn8n-editor-ui:build: [0m[2mdist/[0m[2massets/[0m[36mworkflowReviews.utils-BfSfOH2S.js                       [39m[2m[1m     3.16 kB[0m[0m[2m │ gzip:   0.80 kB[0m
[32mn8n-editor-ui:build: [0m[2mdist/[0m[2massets/[0m[36mEntityNotFound-8hQx19zY.js                              [39m[2m[1m     3.16 kB[0m[0m[2m │ gzip:   1.10 kB[0m
[32mn8n-editor-ui:build: [0m[2mdist/[0m[2massets/[0m[36mAlertDialog-CAGSggKq.js                                 [39m[2m[1m     3.19 kB[0m[0m[2m │ gzip:   1.08 kB[0m
[32mn8n-editor-ui:build: [0m[2mdist/[0m[2massets/[0m[36mTag-CUeMVIZD.js                                         [39m[2m[1m     3.19 kB[0m[0m[2m │ gzip:   1.13 kB[0m
[32mn8n-editor-ui:build: [0m[2mdist/[0m[2massets/[0m[36mcollapse-transition-CTDntJnD.js                         [39m[2m[1m     3.20 kB[0m[0m[2m │ gzip:   1.01 kB[0m
[32mn8n-editor-ui:build: [0m[2mdist/[0m[2massets/[0m[36museResizablePanel-BaCLbe-U.js                           [39m[2m[1m     3.23 kB[0m[0m[2m │ gzip:   1.04 kB[0m
[32mn8n-editor-ui:build: [0m[2mdist/[0m[2massets/[0m[36mdist-dUcNVZjh.js                                        [39m[2m[1m     3.23 kB[0m[0m[2m │ gzip:   1.14 kB[0m
[32mn8n-editor-ui:build: [0m[2mdist/[0m[2massets/[0m[36mSetupView-Cw4As646.js                                   [39m[2m[1m     3.31 kB[0m[0m[2m │ gzip:   1.21 kB[0m
[32mn8n-editor-ui:build: [0m[2mdist/[0m[2massets/[0m[36museSecretsProviderConnection.ee-BAIqDmSy.js             [39m[2m[1m     3.32 kB[0m[0m[2m │ gzip:   0.91 kB[0m
[32mn8n-editor-ui:build: [0m[2mdist/[0m[2massets/[0m[36mtoolDisplayName-BKnTfk-z.js                             [39m[2m[1m     3.34 kB[0m[0m[2m │ gzip:   0.97 kB[0m
[32mn8n-editor-ui:build: [0m[2mdist/[0m[2massets/[0m[36museExecutionHelpers-C9tuta7b.js                         [39m[2m[1m     3.34 kB[0m[0m[2m │ gzip:   1.11 kB[0m
[32mn8n-editor-ui:build: [0m[2mdist/[0m[2massets/[0m[36mNewAgentView-DgJh6w9E.js                                [39m[2m[1m     3.36 kB[0m[0m[2m │ gzip:   1.34 kB[0m
[32mn8n-editor-ui:build: [0m[2mdist/[0m[2massets/[0m[36mAnimatedCollapsibleContent-KleUVoWJ.js                  [39m[2m[1m     3.40 kB[0m[0m[2m │ gzip:   1.16 kB[0m
[32mn8n-editor-ui:build: [0m[2mdist/[0m[2massets/[0m[36muse-global-config-C4SRRir5.js                           [39m[2m[1m     3.40 kB[0m[0m[2m │ gzip:   1.21 kB[0m
[32mn8n-editor-ui:build: [0m[2mdist/[0m[2massets/[0m[36minsights.store-tPxa6GS4.js                              [39m[2m[1m     3.46 kB[0m[0m[2m │ gzip:   1.04 kB[0m
[32mn8n-editor-ui:build: [0m[2mdist/[0m[2massets/[0m[36mmenuItemId-C0J1cDgc.js                                  [39m[2m[1m     3.51 kB[0m[0m[2m │ gzip:   1.25 kB[0m
[32mn8n-editor-ui:build: [0m[2mdist/[0m[2massets/[0m[36museCalloutHelpers-gjR7nf2J.js                           [39m[2m[1m     3.52 kB[0m[0m[2m │ gzip:   1.23 kB[0m
[32mn8n-editor-ui:build: [0m[2mdist/[0m[2massets/[0m[36mN8nInputNumber-CTPC4op1.js                              [39m[2m[1m     3.54 kB[0m[0m[2m │ gzip:   1.18 kB[0m
[32mn8n-editor-ui:build: [0m[2mdist/[0m[2massets/[0m[36mResourcesListEmptyState-DPmdV12-.js                     [39m[2m[1m     3.54 kB[0m[0m[2m │ gzip:   1.14 kB[0m
[32mn8n-editor-ui:build: [0m[2mdist/[0m[2massets/[0m[36mDialog-5HIIQdtt.js                                      [39m[2m[1m     3.58 kB[0m[0m[2m │ gzip:   1.16 kB[0m
[32mn8n-editor-ui:build: [0m[2mdist/[0m[2massets/[0m[36museAgentPublish-BhIVzQpH.js                             [39m[2m[1m     3.61 kB[0m[0m[2m │ gzip:   0.98 kB[0m
[32mn8n-editor-ui:build: [0m[2mdist/[0m[2massets/[0m[36mroles.store-IBkplXdY.js                                 [39m[2m[1m     3.62 kB[0m[0m[2m │ gzip:   1.10 kB[0m
[32mn8n-editor-ui:build: [0m[2mdist/[0m[2massets/[0m[36mSettingsRowConfigure-02zrnJfp.js                        [39m[2m[1m     3.63 kB[0m[0m[2m │ gzip:   1.18 kB[0m
[32mn8n-editor-ui:build: [0m[2mdist/[0m[2massets/[0m[36mFileSaver.min-EXdbaoeR.js                               [39m[2m[1m     3.67 kB[0m[0m[2m │ gzip:   1.56 kB[0m
[32mn8n-editor-ui:build: [0m[2mdist/[0m[2massets/[0m[36mhtmlUtils-CZzL9YQk.js                                   [39m[2m[1m     3.68 kB[0m[0m[2m │ gzip:   1.67 kB[0m
[32mn8n-editor-ui:build: [0m[2mdist/[0m[2massets/[0m[36museTelemetryContext-DeAMcbw4.js                         [39m[2m[1m     3.70 kB[0m[0m[2m │ gzip:   1.31 kB[0m
[32mn8n-editor-ui:build: [0m[2mdist/[0m[2massets/[0m[36mconstants-CzphDVGd.js                                   [39m[2m[1m     3.71 kB[0m[0m[2m │ gzip:   1.42 kB[0m
[32mn8n-editor-ui:build: [0m[2mdist/[0m[2massets/[0m[36mKeyboardShortcutTooltip-pvVblk4B.js                     [39m[2m[1m     3.76 kB[0m[0m[2m │ gzip:   1.23 kB[0m
[32mn8n-editor-ui:build: [0m[2mdist/[0m[2massets/[0m[36mtemplateActions-DHDcIeD9.js                             [39m[2m[1m     3.79 kB[0m[0m[2m │ gzip:   1.28 kB[0m
[32mn8n-editor-ui:build: [0m[2mdist/[0m[2massets/[0m[36mTableBase-BhnVYm7H.js                                   [39m[2m[1m     3.80 kB[0m[0m[2m │ gzip:   1.31 kB[0m
[32mn8n-editor-ui:build: [0m[2mdist/[0m[2massets/[0m[36mN8nBadge-BU9PsSq6.js                                    [39m[2m[1m     3.81 kB[0m[0m[2m │ gzip:   1.27 kB[0m
[32mn8n-editor-ui:build: [0m[2mdist/[0m[2massets/[0m[36msurfaceMcpToNewCloudUsers.store-BYPppNno.js             [39m[2m[1m     3.87 kB[0m[0m[2m │ gzip:   1.04 kB[0m
[32mn8n-editor-ui:build: [0m[2mdist/[0m[2massets/[0m[36mN8nKeyboardShortcut-DZFKzw3w.js                         [39m[2m[1m     3.88 kB[0m[0m[2m │ gzip:   1.29 kB[0m
[32mn8n-editor-ui:build: [0m[2mdist/[0m[2massets/[0m[36muse-form-item-CV4_f5CE.js                               [39m[2m[1m     3.92 kB[0m[0m[2m │ gzip:   1.18 kB[0m
[32mn8n-editor-ui:build: [0m[2mdist/[0m[2massets/[0m[36mCopyButton-CT4JwSqh.js                                  [39m[2m[1m     3.95 kB[0m[0m[2m │ gzip:   1.38 kB[0m
[32mn8n-editor-ui:build: [0m[2mdist/[0m[2massets/[0m[36mAgentView-DPp3LZlT.js                                   [39m[2m[1m     3.95 kB[0m[0m[2m │ gzip:   1.40 kB[0m
[32mn8n-editor-ui:build: [0m[2mdist/[0m[2massets/[0m[36mPrivateCredentialIcon-Dh245Bzi.js                       [39m[2m[1m     4.01 kB[0m[0m[2m │ gzip:   1.39 kB[0m
[32mn8n-editor-ui:build: [0m[2mdist/[0m[2massets/[0m[36mtag-BtOB2CGC.js                                         [39m[2m[1m     4.07 kB[0m[0m[2m │ gzip:   1.44 kB[0m
[32mn8n-editor-ui:build: [0m[2mdist/[0m[2massets/[0m[36mAgentPersonalisationIcon-BFffdiRa.js                    [39m[2m[1m     4.11 kB[0m[0m[2m │ gzip:   1.33 kB[0m
[32mn8n-editor-ui:build: [0m[2mdist/[0m[2massets/[0m[36mSignupView-CpAQ8biX.js                                  [39m[2m[1m     4.13 kB[0m[0m[2m │ gzip:   1.49 kB[0m
[32mn8n-editor-ui:build: [0m[2mdist/[0m[2massets/[0m[36mtemplateTransforms-D1Acv3vx.js                          [39m[2m[1m     4.14 kB[0m[0m[2m │ gzip:   1.36 kB[0m
[32mn8n-editor-ui:build: [0m[2mdist/[0m[2massets/[0m[36mInsightsPaywall-DTxQPsPl.js                             [39m[2m[1m     4.15 kB[0m[0m[2m │ gzip:   1.30 kB[0m
[32mn8n-editor-ui:build: [0m[2mdist/[0m[2massets/[0m[36museAutosizeTextarea-DfiUCd-R.js                         [39m[2m[1m     4.20 kB[0m[0m[2m │ gzip:   1.40 kB[0m
[32mn8n-editor-ui:build: [0m[2mdist/[0m[2massets/[0m[36mProjectIcon-DhRq1a3s.js                                 [39m[2m[1m     4.23 kB[0m[0m[2m │ gzip:   1.41 kB[0m
[32mn8n-editor-ui:build: [0m[2mdist/[0m[2massets/[0m[36museNodeCreatorShortcutCoachmark-DfSrOua0.js             [39m[2m[1m     4.25 kB[0m[0m[2m │ gzip:   1.43 kB[0m
[32mn8n-editor-ui:build: [0m[2mdist/[0m[2massets/[0m[36musage.store-jpc5kXSq.js                                 [39m[2m[1m     4.28 kB[0m[0m[2m │ gzip:   1.31 kB[0m
[32mn8n-editor-ui:build: [0m[2mdist/[0m[2massets/[0m[36mchartjs.utils-C9t6cimv.js                               [39m[2m[1m     4.39 kB[0m[0m[2m │ gzip:   1.13 kB[0m
[32mn8n-editor-ui:build: [0m[2mdist/[0m[2massets/[0m[36mSettingsSection-0dD8DyrT.js                             [39m[2m[1m     4.39 kB[0m[0m[2m │ gzip:   1.38 kB[0m
[32mn8n-editor-ui:build: [0m[2mdist/[0m[2massets/[0m[36mworkers-BIEnZcuW.js                                     [39m[2m[1m     4.40 kB[0m[0m[2m │ gzip:   1.43 kB[0m
[32mn8n-editor-ui:build: [0m[2mdist/[0m[2massets/[0m[36mSelectedItemsInfo-BPzsMFOD.js                           [39m[2m[1m     4.42 kB[0m[0m[2m │ gzip:   1.41 kB[0m
[32mn8n-editor-ui:build: [0m[2mdist/[0m[2massets/[0m[36museNonce-DmggRvZ9.js                                    [39m[2m[1m     4.43 kB[0m[0m[2m │ gzip:   1.52 kB[0m
[32mn8n-editor-ui:build: [0m[2mdist/[0m[2massets/[0m[36mAssistantIcon-DtYlzg0_.js                               [39m[2m[1m     4.46 kB[0m[0m[2m │ gzip:   1.94 kB[0m
[32mn8n-editor-ui:build: [0m[2mdist/[0m[2massets/[0m[36mSettingsLayout-CpyPOZFU.js                              [39m[2m[1m     4.47 kB[0m[0m[2m │ gzip:   1.49 kB[0m
[32mn8n-editor-ui:build: [0m[2mdist/[0m[2massets/[0m[36mN8nHeading-DtWWbZpM.js                                  [39m[2m[1m     4.49 kB[0m[0m[2m │ gzip:   1.49 kB[0m
[32mn8n-editor-ui:build: [0m[2mdist/[0m[2massets/[0m[36mErrorView-C3LnGB3f.js                                   [39m[2m[1m     4.52 kB[0m[0m[2m │ gzip:   1.49 kB[0m
[32mn8n-editor-ui:build: [0m[2mdist/[0m[2massets/[0m[36museExtensionDirectConnect-BhjB_0jB.js                   [39m[2m[1m     4.54 kB[0m[0m[2m │ gzip:   1.67 kB[0m
[32mn8n-editor-ui:build: [0m[2mdist/[0m[2massets/[0m[36mSetupWorkflowCredentialsButton-D6qwFYW8.js              [39m[2m[1m     4.60 kB[0m[0m[2m │ gzip:   1.52 kB[0m
[32mn8n-editor-ui:build: [0m[2mdist/[0m[2massets/[0m[36mContactAdministratorToInstall-hJJ2Dpuo.js               [39m[2m[1m     4.60 kB[0m[0m[2m │ gzip:   1.55 kB[0m
[32mn8n-editor-ui:build: [0m[2mdist/[0m[2massets/[0m[36mN8nTags-Bw0YQUjA.js                                     [39m[2m[1m     4.60 kB[0m[0m[2m │ gzip:   1.59 kB[0m
[32mn8n-editor-ui:build: [0m[2mdist/[0m[2massets/[0m[36mN8nCard-W7SwOQs6.js                                     [39m[2m[1m     4.67 kB[0m[0m[2m │ gzip:   1.40 kB[0m
[32mn8n-editor-ui:build: [0m[2mdist/[0m[2massets/[0m[36mBaseLayout-91CqLUrG.js                                  [39m[2m[1m     4.71 kB[0m[0m[2m │ gzip:   1.35 kB[0m
[32mn8n-editor-ui:build: [0m[2mdist/[0m[2massets/[0m[36micon-DEwwsnFu.js                                        [39m[2m[1m     4.71 kB[0m[0m[2m │ gzip:   1.71 kB[0m
[32mn8n-editor-ui:build: [0m[2mdist/[0m[2massets/[0m[36museMcpServerConnect-DuzyhaTW.js                         [39m[2m[1m     4.72 kB[0m[0m[2m │ gzip:   1.70 kB[0m
[32mn8n-editor-ui:build: [0m[2mdist/[0m[2massets/[0m[36mdist-CLrCsDhS.js                                        [39m[2m[1m     4.73 kB[0m[0m[2m │ gzip:   1.60 kB[0m
[32mn8n-editor-ui:build: [0m[2mdist/[0m[2massets/[0m[36mActionPill-2pTxKMMA.js                                  [39m[2m[1m     4.75 kB[0m[0m[2m │ gzip:   1.53 kB[0m
[32mn8n-editor-ui:build: [0m[2mdist/[0m[2massets/[0m[36mresourceCenter.store-DVZOuCsX.js                        [39m[2m[1m     4.79 kB[0m[0m[2m │ gzip:   1.76 kB[0m
[32mn8n-editor-ui:build: [0m[2mdist/[0m[2massets/[0m[36mnodeIcon-Bgm92ljk.js                                    [39m[2m[1m     4.80 kB[0m[0m[2m │ gzip:   1.49 kB[0m
[32mn8n-editor-ui:build: [0m[2mdist/[0m[2massets/[0m[36mChangePasswordView-47QaOFQj.js                          [39m[2m[1m     4.83 kB[0m[0m[2m │ gzip:   1.61 kB[0m
[32mn8n-editor-ui:build: [0m[2mdist/[0m[2massets/[0m[36mviews-C9JmlLsL.js                                       [39m[2m[1m     4.86 kB[0m[0m[2m │ gzip:   1.81 kB[0m
[32mn8n-editor-ui:build: [0m[2mdist/[0m[2massets/[0m[36mN8nText-Cyh6n6lU.js                                     [39m[2m[1m     4.89 kB[0m[0m[2m │ gzip:   1.60 kB[0m
[32mn8n-editor-ui:build: [0m[2mdist/[0m[2massets/[0m[36museKeybindings-BlQlDZAC.js                              [39m[2m[1m     4.94 kB[0m[0m[2m │ gzip:   1.83 kB[0m
[32mn8n-editor-ui:build: [0m[2mdist/[0m[2massets/[0m[36mCopyInput-nGOSDP8O.js                                   [39m[2m[1m     4.98 kB[0m[0m[2m │ gzip:   1.65 kB[0m
[32mn8n-editor-ui:build: [0m[2mdist/[0m[2massets/[0m[36mskeleton-CXSk42nF.js                                    [39m[2m[1m     4.98 kB[0m[0m[2m │ gzip:   1.55 kB[0m
[32mn8n-editor-ui:build: [0m[2mdist/[0m[2massets/[0m[36mTextWithHighlights-ChHTPNl7.js                          [39m[2m[1m     5.08 kB[0m[0m[2m │ gzip:   1.68 kB[0m
[32mn8n-editor-ui:build: [0m[2mdist/[0m[2massets/[0m[36mopenWorkflowInAssistant.store-BQaMNsjL.js               [39m[2m[1m     5.09 kB[0m[0m[2m │ gzip:   1.67 kB[0m
[32mn8n-editor-ui:build: [0m[2mdist/[0m[2massets/[0m[36mChangePasswordModal-BFsFtzXO.js                         [39m[2m[1m     5.12 kB[0m[0m[2m │ gzip:   1.68 kB[0m
[32mn8n-editor-ui:build: [0m[2mdist/[0m[2massets/[0m[36mPromptMfaCodeModal-FzioWAAW.js                          [39m[2m[1m     5.18 kB[0m[0m[2m │ gzip:   1.76 kB[0m
[32mn8n-editor-ui:build: [0m[2mdist/[0m[2massets/[0m[36mN8nLoading-CTQpzw6C.js                                  [39m[2m[1m     5.20 kB[0m[0m[2m │ gzip:   1.47 kB[0m
[32mn8n-editor-ui:build: [0m[2mdist/[0m[2massets/[0m[36mConfirmPasswordModal-oPksHciN.js                        [39m[2m[1m     5.25 kB[0m[0m[2m │ gzip:   1.72 kB[0m
[32mn8n-editor-ui:build: [0m[2mdist/[0m[2massets/[0m[36mNodeIcon-BXMjx-Jl.js                                    [39m[2m[1m     5.27 kB[0m[0m[2m │ gzip:   1.65 kB[0m
[32mn8n-editor-ui:build: [0m[2mdist/[0m[2massets/[0m[36moauthCallback-8ItH-Ci-.js                               [39m[2m[1m     5.30 kB[0m[0m[2m │ gzip:   2.11 kB[0m
[32mn8n-editor-ui:build: [0m[2mdist/[0m[2massets/[0m[36mAgentConfirmationModal-CQa2P4am.js                      [39m[2m[1m     5.31 kB[0m[0m[2m │ gzip:   1.61 kB[0m
[32mn8n-editor-ui:build: [0m[2mdist/[0m[2massets/[0m[36mN8nInfoTip-BvaoUtsh.js                                  [39m[2m[1m     5.32 kB[0m[0m[2m │ gzip:   1.66 kB[0m
[32mn8n-editor-ui:build: [0m[2mdist/[0m[2massets/[0m[36mDemoDiffView-BrfwLOQj.js                                [39m[2m[1m     5.32 kB[0m[0m[2m │ gzip:   1.80 kB[0m
[32mn8n-editor-ui:build: [0m[2mdist/[0m[2massets/[0m[36museAgentToolCatalog-Bm1lQk6m.js                         [39m[2m[1m     5.41 kB[0m[0m[2m │ gzip:   2.16 kB[0m
[32mn8n-editor-ui:build: [0m[2mdist/[0m[2massets/[0m[36mChatFile-DOUKEcW7.js                                    [39m[2m[1m     5.45 kB[0m[0m[2m │ gzip:   1.64 kB[0m
[32mn8n-editor-ui:build: [0m[2mdist/[0m[2massets/[0m[36museToast-Csqi7-nP.js                                    [39m[2m[1m     5.48 kB[0m[0m[2m │ gzip:   2.00 kB[0m
[32mn8n-editor-ui:build: [0m[2mdist/[0m[2massets/[0m[36mN8nCopyInput-DYYuxKCK.js                                [39m[2m[1m     5.53 kB[0m[0m[2m │ gzip:   1.78 kB[0m
[32mn8n-editor-ui:build: [0m[2mdist/[0m[2massets/[0m[36mcol-ryvmp7CX.js                                         [39m[2m[1m     5.57 kB[0m[0m[2m │ gzip:   1.57 kB[0m
[32mn8n-editor-ui:build: [0m[2mdist/[0m[2massets/[0m[36mDemoLayout-B603ww8V.js                                  [39m[2m[1m     5.58 kB[0m[0m[2m │ gzip:   2.01 kB[0m
[32mn8n-editor-ui:build: [0m[2mdist/[0m[2massets/[0m[36mChatAgentAvatar-Bhmvhmku.js                             [39m[2m[1m     5.61 kB[0m[0m[2m │ gzip:   1.86 kB[0m
[32mn8n-editor-ui:build: [0m[2mdist/[0m[2massets/[0m[36mN8nLink-ldFmybi4.js                                     [39m[2m[1m     5.62 kB[0m[0m[2m │ gzip:   1.72 kB[0m
[32mn8n-editor-ui:build: [0m[2mdist/[0m[2massets/[0m[36mCredentialIcon-VWW2sisd.js                              [39m[2m[1m     5.63 kB[0m[0m[2m │ gzip:   1.69 kB[0m
[32mn8n-editor-ui:build: [0m[2mdist/[0m[2massets/[0m[36mtrialIntroModal.store-BMwHnQwn.js                       [39m[2m[1m     5.67 kB[0m[0m[2m │ gzip:   1.82 kB[0m
[32mn8n-editor-ui:build: [0m[2mdist/[0m[2massets/[0m[36mProjectBreadcrumb-BAHryc9c.js                           [39m[2m[1m     5.68 kB[0m[0m[2m │ gzip:   1.78 kB[0m
[32mn8n-editor-ui:build: [0m[2mdist/[0m[2massets/[0m[36mN8nCallout-Dgw5atAr.js                                  [39m[2m[1m     5.75 kB[0m[0m[2m │ gzip:   1.85 kB[0m
[32mn8n-editor-ui:build: [0m[2mdist/[0m[2massets/[0m[36mN8nUserInfo-CeS-_dpV.js                                 [39m[2m[1m     5.81 kB[0m[0m[2m │ gzip:   1.70 kB[0m
[32mn8n-editor-ui:build: [0m[2mdist/[0m[2massets/[0m[36mN8nRecycleScroller-C60eAEpe.js                          [39m[2m[1m     5.82 kB[0m[0m[2m │ gzip:   1.73 kB[0m
[32mn8n-editor-ui:build: [0m[2mdist/[0m[2massets/[0m[36mN8nCollapsiblePanel-D5H_j6Wp.js                         [39m[2m[1m     5.84 kB[0m[0m[2m │ gzip:   1.79 kB[0m
[32mn8n-editor-ui:build: [0m[2mdist/[0m[2massets/[0m[36mN8nDatatable-LztT1Em2.js                                [39m[2m[1m     5.84 kB[0m[0m[2m │ gzip:   1.96 kB[0m
[32mn8n-editor-ui:build: [0m[2mdist/[0m[2massets/[0m[36muse-z-index-DYH4GP29.js                                 [39m[2m[1m     5.85 kB[0m[0m[2m │ gzip:   2.11 kB[0m
[32mn8n-editor-ui:build: [0m[2mdist/[0m[2massets/[0m[36mdateformat-DxkxG_VE.js                                  [39m[2m[1m     5.89 kB[0m[0m[2m │ gzip:   2.29 kB[0m
[32mn8n-editor-ui:build: [0m[2mdist/[0m[2massets/[0m[36msso.store-DTcmhSL0.js                                   [39m[2m[1m     5.90 kB[0m[0m[2m │ gzip:   1.45 kB[0m
[32mn8n-editor-ui:build: [0m[2mdist/[0m[2massets/[0m[36mN8nNotice-7yTs7YRW.js                                   [39m[2m[1m     5.91 kB[0m[0m[2m │ gzip:   2.13 kB[0m
[32mn8n-editor-ui:build: [0m[2mdist/[0m[2massets/[0m[36mAlert-DQFj3jqr.js                                       [39m[2m[1m     5.91 kB[0m[0m[2m │ gzip:   1.77 kB[0m
[32mn8n-editor-ui:build: [0m[2mdist/[0m[2massets/[0m[36mRovingFocusGroup-Dkr_ZXpE.js                            [39m[2m[1m     5.92 kB[0m[0m[2m │ gzip:   2.17 kB[0m
[32mn8n-editor-ui:build: [0m[2mdist/[0m[2massets/[0m[36mWorkflowPreviewHost-CkqXPCVl.js                         [39m[2m[1m     5.92 kB[0m[0m[2m │ gzip:   1.93 kB[0m
[32mn8n-editor-ui:build: [0m[2mdist/[0m[2massets/[0m[36musePageRedirectionHelper-DHNigks2.js                    [39m[2m[1m     6.05 kB[0m[0m[2m │ gzip:   2.12 kB[0m
[32mn8n-editor-ui:build: [0m[2mdist/[0m[2massets/[0m[36mtypesUtils-GgtMMZNS.js                                  [39m[2m[1m     6.07 kB[0m[0m[2m │ gzip:   2.23 kB[0m
[32mn8n-editor-ui:build: [0m[2mdist/[0m[2massets/[0m[36mSettingsPageHeader-C2J-ZIx7.js                          [39m[2m[1m     6.10 kB[0m[0m[2m │ gzip:   1.80 kB[0m
[32mn8n-editor-ui:build: [0m[2mdist/[0m[2massets/[0m[36mToolSettingsModal-CK__-R3w.js                           [39m[2m[1m     6.10 kB[0m[0m[2m │ gzip:   1.87 kB[0m
[32mn8n-editor-ui:build: [0m[2mdist/[0m[2massets/[0m[36minsights.utils-BdvnQDrR.js                              [39m[2m[1m     6.18 kB[0m[0m[2m │ gzip:   1.90 kB[0m
[32mn8n-editor-ui:build: [0m[2mdist/[0m[2massets/[0m[36museBugReporting-DaxXNbvr.js                             [39m[2m[1m     6.20 kB[0m[0m[2m │ gzip:   2.38 kB[0m
[32mn8n-editor-ui:build: [0m[2mdist/[0m[2massets/[0m[36mAgentCredentialSelect-C1sYE7EI.js                       [39m[2m[1m     6.25 kB[0m[0m[2m │ gzip:   2.00 kB[0m
[32mn8n-editor-ui:build: [0m[2mdist/[0m[2massets/[0m[36mtelemetry-WsxWVzze.js                                   [39m[2m[1m     6.27 kB[0m[0m[2m │ gzip:   2.19 kB[0m
[32mn8n-editor-ui:build: [0m[2mdist/[0m[2massets/[0m[36misObject-CUkREaNL.js                                    [39m[2m[1m     6.33 kB[0m[0m[2m │ gzip:   1.55 kB[0m
[32mn8n-editor-ui:build: [0m[2mdist/[0m[2massets/[0m[36mWorkflowExecutionsLandingPage-jymTHe95.js               [39m[2m[1m     6.40 kB[0m[0m[2m │ gzip:   1.90 kB[0m
[32mn8n-editor-ui:build: [0m[2mdist/[0m[2massets/[0m[36mN8nUserSelect-DypL4SNl.js                               [39m[2m[1m     6.46 kB[0m[0m[2m │ gzip:   2.15 kB[0m
[32mn8n-editor-ui:build: [0m[2mdist/[0m[2massets/[0m[36magentSkill-C6SX0DzS.js                                  [39m[2m[1m     6.47 kB[0m[0m[2m │ gzip:   2.03 kB[0m
[32mn8n-editor-ui:build: [0m[2mdist/[0m[2massets/[0m[36mModelByIdSelectorModal-CgR6UHZY.js                      [39m[2m[1m     6.51 kB[0m[0m[2m │ gzip:   2.02 kB[0m
[32mn8n-editor-ui:build: [0m[2mdist/[0m[2massets/[0m[36mTimeAgo-DZdGvyc9.js                                     [39m[2m[1m     6.57 kB[0m[0m[2m │ gzip:   2.32 kB[0m
[32mn8n-editor-ui:build: [0m[2mdist/[0m[2massets/[0m[36mevaluation.constants-CiUHf3Tf.js                        [39m[2m[1m     6.60 kB[0m[0m[2m │ gzip:   1.89 kB[0m
[32mn8n-editor-ui:build: [0m[2mdist/[0m[2massets/[0m[36mAgentJsonImportModal-BnhJGw0M.js                        [39m[2m[1m     6.71 kB[0m[0m[2m │ gzip:   2.07 kB[0m
[32mn8n-editor-ui:build: [0m[2mdist/[0m[2massets/[0m[36museCodeDiff-GxlnlZsb.js                                 [39m[2m[1m     6.73 kB[0m[0m[2m │ gzip:   2.21 kB[0m
[32mn8n-editor-ui:build: [0m[2mdist/[0m[2massets/[0m[36mDraggable-PF97GMeJ.js                                   [39m[2m[1m     6.74 kB[0m[0m[2m │ gzip:   2.07 kB[0m
[32mn8n-editor-ui:build: [0m[2mdist/[0m[2massets/[0m[36museWorkflowActivate-ColXWTDZ.js                         [39m[2m[1m     6.78 kB[0m[0m[2m │ gzip:   1.91 kB[0m
[32mn8n-editor-ui:build: [0m[2mdist/[0m[2massets/[0m[36mlogStreaming.store-DncEVOYn.js                          [39m[2m[1m     6.79 kB[0m[0m[2m │ gzip:   1.75 kB[0m
[32mn8n-editor-ui:build: [0m[2mdist/[0m[2massets/[0m[36mchatPanel.store-L17RPvRC.js                             [39m[2m[1m     6.96 kB[0m[0m[2m │ gzip:   2.03 kB[0m
[32mn8n-editor-ui:build: [0m[2mdist/[0m[2massets/[0m[36m_initCloneObject-C7MF992k.js                            [39m[2m[1m     6.99 kB[0m[0m[2m │ gzip:   2.01 kB[0m
[32mn8n-editor-ui:build: [0m[2mdist/[0m[2massets/[0m[36mN8nInfoAccordion-BpuqOJoU.js                            [39m[2m[1m     7.01 kB[0m[0m[2m │ gzip:   2.08 kB[0m
[32mn8n-editor-ui:build: [0m[2mdist/[0m[2massets/[0m[36mCollection-CV7FjEVf.js                                  [39m[2m[1m     7.04 kB[0m[0m[2m │ gzip:   2.49 kB[0m
[32mn8n-editor-ui:build: [0m[2mdist/[0m[2massets/[0m[36mChatLayout-0XHKseTH.js                                  [39m[2m[1m     7.06 kB[0m[0m[2m │ gzip:   2.41 kB[0m
[32mn8n-editor-ui:build: [0m[2mdist/[0m[2massets/[0m[36museSettingsItems-D8uKKtks.js                            [39m[2m[1m     7.07 kB[0m[0m[2m │ gzip:   1.78 kB[0m
[32mn8n-editor-ui:build: [0m[2mdist/[0m[2massets/[0m[36museWorkflowsEmptyState-XdFQAe7V.js                      [39m[2m[1m     7.08 kB[0m[0m[2m │ gzip:   2.20 kB[0m
[32mn8n-editor-ui:build: [0m[2mdist/[0m[2massets/[0m[36mCollapsibleTrigger-DKE_Sw72.js                          [39m[2m[1m     7.08 kB[0m[0m[2m │ gzip:   1.99 kB[0m
[32mn8n-editor-ui:build: [0m[2mdist/[0m[2massets/[0m[36mTemplatesView-B6GavAuh.js                               [39m[2m[1m     7.18 kB[0m[0m[2m │ gzip:   1.88 kB[0m
[32mn8n-editor-ui:build: [0m[2mdist/[0m[2massets/[0m[36mN8nLogo-Dro1bbAT.js                                     [39m[2m[1m     7.22 kB[0m[0m[2m │ gzip:   2.57 kB[0m
[32mn8n-editor-ui:build: [0m[2mdist/[0m[2massets/[0m[36mposthog.store-EXXKkNQD.js                               [39m[2m[1m     7.30 kB[0m[0m[2m │ gzip:   2.34 kB[0m
[32mn8n-editor-ui:build: [0m[2mdist/[0m[2massets/[0m[36mRunDataSearch-CpFKua3A.js                               [39m[2m[1m     7.34 kB[0m[0m[2m │ gzip:   2.43 kB[0m
[32mn8n-editor-ui:build: [0m[2mdist/[0m[2massets/[0m[36mCredentialsDropdown-Dnvw02bh.js                         [39m[2m[1m     7.34 kB[0m[0m[2m │ gzip:   2.28 kB[0m
[32mn8n-editor-ui:build: [0m[2mdist/[0m[2massets/[0m[36mapiKeys.store-ByU5dpUJ.js                               [39m[2m[1m     7.40 kB[0m[0m[2m │ gzip:   2.31 kB[0m
[32mn8n-editor-ui:build: [0m[2mdist/[0m[2massets/[0m[36mN8nSelect-C9wXZOiK.js                                   [39m[2m[1m     7.41 kB[0m[0m[2m │ gzip:   2.38 kB[0m
[32mn8n-editor-ui:build: [0m[2mdist/[0m[2massets/[0m[36mChatWorkflowAgentsView-Dj9S54Jg.js                      [39m[2m[1m     7.47 kB[0m[0m[2m │ gzip:   2.32 kB[0m
[32mn8n-editor-ui:build: [0m[2mdist/[0m[2massets/[0m[36mExternalSecretsProviderConnectionSwitch.ee-DsFHtJkH.js  [39m[2m[1m     7.68 kB[0m[0m[2m │ gzip:   2.39 kB[0m
[32mn8n-editor-ui:build: [0m[2mdist/[0m[2massets/[0m[36mcloudPlan.store-CZDXlge8.js                             [39m[2m[1m     7.83 kB[0m[0m[2m │ gzip:   2.30 kB[0m
[32mn8n-editor-ui:build: [0m[2mdist/[0m[2massets/[0m[36mexecutions.store-x5lMADVf.js                            [39m[2m[1m     8.01 kB[0m[0m[2m │ gzip:   2.08 kB[0m
[32mn8n-editor-ui:build: [0m[2mdist/[0m[2massets/[0m[36mN8nActionToggle-qP6CuuuW.js                             [39m[2m[1m     8.05 kB[0m[0m[2m │ gzip:   2.53 kB[0m
[32mn8n-editor-ui:build: [0m[2mdist/[0m[2massets/[0m[36m_baseOrderBy-Dsanv1ku.js                                [39m[2m[1m     8.11 kB[0m[0m[2m │ gzip:   2.10 kB[0m
[32mn8n-editor-ui:build: [0m[2mdist/[0m[2massets/[0m[36mVisuallyHiddenInput-BJy-siPx.js                         [39m[2m[1m     8.16 kB[0m[0m[2m │ gzip:   2.33 kB[0m
[32mn8n-editor-ui:build: [0m[2mdist/[0m[2massets/[0m[36mcomlink-DOsuzdet.js                                     [39m[2m[1m     8.18 kB[0m[0m[2m │ gzip:   2.56 kB[0m
[32mn8n-editor-ui:build: [0m[2mdist/[0m[2massets/[0m[36mexternalSecrets.ee.store-C1L6F186.js                    [39m[2m[1m     8.19 kB[0m[0m[2m │ gzip:   2.22 kB[0m
[32mn8n-editor-ui:build: [0m[2mdist/[0m[2massets/[0m[36mN8nButton-C_d_PdZW.js                                   [39m[2m[1m     8.20 kB[0m[0m[2m │ gzip:   2.65 kB[0m
[32mn8n-editor-ui:build: [0m[2mdist/[0m[2massets/[0m[36mCredentialSelectorModal-B3MpTDGu.js                     [39m[2m[1m     8.23 kB[0m[0m[2m │ gzip:   2.28 kB[0m
[32mn8n-editor-ui:build: [0m[2mdist/[0m[2massets/[0m[36mExposeAllWorkflowsToMcpModal-Bk4SfdID.js                [39m[2m[1m     8.25 kB[0m[0m[2m │ gzip:   2.39 kB[0m
[32mn8n-editor-ui:build: [0m[2mdist/[0m[2massets/[0m[36mversions.store-CXK09Lie.js                              [39m[2m[1m     8.26 kB[0m[0m[2m │ gzip:   2.52 kB[0m
[32mn8n-editor-ui:build: [0m[2mdist/[0m[2massets/[0m[36mTagsDropdown-Rf7xp6Zo.js                                [39m[2m[1m     8.34 kB[0m[0m[2m │ gzip:   2.70 kB[0m
[32mn8n-editor-ui:build: [0m[2mdist/[0m[2massets/[0m[36mSwitch-BdrS1cje.js                                      [39m[2m[1m     8.38 kB[0m[0m[2m │ gzip:   2.48 kB[0m
[32mn8n-editor-ui:build: [0m[2mdist/[0m[2massets/[0m[36mN8nMenuItem-Bw9wOECr.js                                 [39m[2m[1m     8.46 kB[0m[0m[2m │ gzip:   2.29 kB[0m
[32mn8n-editor-ui:build: [0m[2mdist/[0m[2massets/[0m[36mN8nHoverCard-fYgLVwjx.js                                [39m[2m[1m     8.52 kB[0m[0m[2m │ gzip:   2.49 kB[0m
[32mn8n-editor-ui:build: [0m[2mdist/[0m[2massets/[0m[36mN8nResizeWrapper-C_gNBgTM.js                            [39m[2m[1m     8.55 kB[0m[0m[2m │ gzip:   2.57 kB[0m
[32mn8n-editor-ui:build: [0m[2mdist/[0m[2massets/[0m[36mSettingsAIView-de2xuxbt.js                              [39m[2m[1m     8.59 kB[0m[0m[2m │ gzip:   2.34 kB[0m
[32mn8n-editor-ui:build: [0m[2mdist/[0m[2massets/[0m[36moverlay-q5iFYDL-.js                                     [39m[2m[1m     8.61 kB[0m[0m[2m │ gzip:   2.64 kB[0m
[32mn8n-editor-ui:build: [0m[2mdist/[0m[2massets/[0m[36museAgentApi-HMxRlv3j.js                                 [39m[2m[1m     8.76 kB[0m[0m[2m │ gzip:   1.69 kB[0m
[32mn8n-editor-ui:build: [0m[2mdist/[0m[2massets/[0m[36mN8nInputLabel-BzM_AEEJ.js                               [39m[2m[1m     8.76 kB[0m[0m[2m │ gzip:   2.47 kB[0m
[32mn8n-editor-ui:build: [0m[2mdist/[0m[2massets/[0m[36minstanceRoleScopes-BMQ8VUMw.js                          [39m[2m[1m     8.98 kB[0m[0m[2m │ gzip:   3.01 kB[0m
[32mn8n-editor-ui:build: [0m[2mdist/[0m[2massets/[0m[36mfolders.store-BO2MsZbo.js                               [39m[2m[1m     8.99 kB[0m[0m[2m │ gzip:   2.53 kB[0m
[32mn8n-editor-ui:build: [0m[2mdist/[0m[2massets/[0m[36mthread-title-DoOAZoKl.js                                [39m[2m[1m     9.04 kB[0m[0m[2m │ gzip:   2.67 kB[0m
[32mn8n-editor-ui:build: [0m[2mdist/[0m[2massets/[0m[36mModal-iYQqIMFb.js                                       [39m[2m[1m     9.05 kB[0m[0m[2m │ gzip:   2.76 kB[0m
[32mn8n-editor-ui:build: [0m[2mdist/[0m[2massets/[0m[36mWorkflowLocation-DF2sNQ-M.js                            [39m[2m[1m     9.09 kB[0m[0m[2m │ gzip:   2.03 kB[0m
[32mn8n-editor-ui:build: [0m[2mdist/[0m[2massets/[0m[36museCredentialResolvers-Bpqlk3tF.js                      [39m[2m[1m     9.10 kB[0m[0m[2m │ gzip:   2.66 kB[0m
[32mn8n-editor-ui:build: [0m[2mdist/[0m[2massets/[0m[36mN8nFormInputs-Bcol4Sz9.js                               [39m[2m[1m     9.25 kB[0m[0m[2m │ gzip:   2.86 kB[0m
[32mn8n-editor-ui:build: [0m[2mdist/[0m[2massets/[0m[36musePinnedData-__Ak2Bxn.js                               [39m[2m[1m     9.31 kB[0m[0m[2m │ gzip:   2.72 kB[0m
[32mn8n-editor-ui:build: [0m[2mdist/[0m[2massets/[0m[36mMcpEmptyStateCard-Dtdy7aHx.js                           [39m[2m[1m     9.34 kB[0m[0m[2m │ gzip:   2.37 kB[0m
[32mn8n-editor-ui:build: [0m[2mdist/[0m[2massets/[0m[36mSettingsLayout-CXod_g-a.js                              [39m[2m[1m     9.36 kB[0m[0m[2m │ gzip:   2.54 kB[0m
[32mn8n-editor-ui:build: [0m[2mdist/[0m[2massets/[0m[36mResourceFiltersDropdown-Ch3iG8q5.js                     [39m[2m[1m     9.39 kB[0m[0m[2m │ gzip:   2.78 kB[0m
[32mn8n-editor-ui:build: [0m[2mdist/[0m[2massets/[0m[36mevaluation.utils-BpaEThG_.js                            [39m[2m[1m     9.40 kB[0m[0m[2m │ gzip:   3.04 kB[0m
[32mn8n-editor-ui:build: [0m[2mdist/[0m[2massets/[0m[36mRunDataParsedAiContent-Dr3HOYjo.js                      [39m[2m[1m     9.65 kB[0m[0m[2m │ gzip:   3.01 kB[0m
[32mn8n-editor-ui:build: [0m[2mdist/[0m[2massets/[0m[36mChatPersonalAgentsView-D0CAbtWn.js                      [39m[2m[1m     9.68 kB[0m[0m[2m │ gzip:   2.79 kB[0m
[32mn8n-editor-ui:build: [0m[2mdist/[0m[2massets/[0m[36mRadioGroup-BtDNIDfv.js                                  [39m[2m[1m     9.71 kB[0m[0m[2m │ gzip:   2.88 kB[0m
[32mn8n-editor-ui:build: [0m[2mdist/[0m[2massets/[0m[36musePostMessageHandler-3yDAfc4c.js                       [39m[2m[1m     9.77 kB[0m[0m[2m │ gzip:   2.83 kB[0m
[32mn8n-editor-ui:build: [0m[2mdist/[0m[2massets/[0m[36museCanvasMapping.groups-CsuS4m_c.js                     [39m[2m[1m     9.96 kB[0m[0m[2m │ gzip:   3.67 kB[0m
[32mn8n-editor-ui:build: [0m[2mdist/[0m[2massets/[0m[36mN8nActionDropdown-Bp49Ne1J.js                           [39m[2m[1m    10.05 kB[0m[0m[2m │ gzip:   3.03 kB[0m
[32mn8n-editor-ui:build: [0m[2mdist/[0m[2massets/[0m[36mpushConnection.store-DcsDy9xT.js                        [39m[2m[1m    10.27 kB[0m[0m[2m │ gzip:   2.84 kB[0m
[32mn8n-editor-ui:build: [0m[2mdist/[0m[2massets/[0m[36mdayjs.min-BGRZUk-D.js                                   [39m[2m[1m    10.31 kB[0m[0m[2m │ gzip:   3.64 kB[0m
[32mn8n-editor-ui:build: [0m[2mdist/[0m[2massets/[0m[36mnotification-Bx4DPRmz.js                                [39m[2m[1m    10.35 kB[0m[0m[2m │ gzip:   3.40 kB[0m
[32mn8n-editor-ui:build: [0m[2mdist/[0m[2massets/[0m[36mRedactedDataState-CTwbYyRH.js                           [39m[2m[1m    10.36 kB[0m[0m[2m │ gzip:   3.00 kB[0m
[32mn8n-editor-ui:build: [0m[2mdist/[0m[2massets/[0m[36mWorkflowExecutionsInfoAccordion-Bps5GNj_.js             [39m[2m[1m    10.40 kB[0m[0m[2m │ gzip:   2.75 kB[0m
[32mn8n-editor-ui:build: [0m[2mdist/[0m[2massets/[0m[36mInsightsSummary-uPrrmO0M.js                             [39m[2m[1m    10.46 kB[0m[0m[2m │ gzip:   3.05 kB[0m
[32mn8n-editor-ui:build: [0m[2mdist/[0m[2massets/[0m[36museLoadingService-CtpnOz3y.js                           [39m[2m[1m    10.52 kB[0m[0m[2m │ gzip:   3.26 kB[0m
[32mn8n-editor-ui:build: [0m[2mdist/[0m[2massets/[0m[36mRadioGroupItem-DX29_in9.js                              [39m[2m[1m    10.55 kB[0m[0m[2m │ gzip:   2.74 kB[0m
[32mn8n-editor-ui:build: [0m[2mdist/[0m[2massets/[0m[36mN8nNodeIcon-Cs6cTxda.js                                 [39m[2m[1m    10.68 kB[0m[0m[2m │ gzip:   2.57 kB[0m
[32mn8n-editor-ui:build: [0m[2mdist/[0m[2massets/[0m[36mclients.utils-B5zUYdHp.js                               [39m[2m[1m    10.73 kB[0m[0m[2m │ gzip:   4.28 kB[0m
[32mn8n-editor-ui:build: [0m[2mdist/[0m[2massets/[0m[36mtoolIcons-CAfRy3MD.js                                   [39m[2m[1m    11.00 kB[0m[0m[2m │ gzip:   2.64 kB[0m
[32mn8n-editor-ui:build: [0m[2mdist/[0m[2massets/[0m[36museDebounce-BffpVo23.js                                 [39m[2m[1m    11.01 kB[0m[0m[2m │ gzip:   3.59 kB[0m
[32mn8n-editor-ui:build: [0m[2mdist/[0m[2massets/[0m[36mInput-D_JmrCx2.js                                       [39m[2m[1m    11.02 kB[0m[0m[2m │ gzip:   2.98 kB[0m
[32mn8n-editor-ui:build: [0m[2mdist/[0m[2massets/[0m[36mProjectCardBadge-C_CSnAej.js                            [39m[2m[1m    11.10 kB[0m[0m[2m │ gzip:   2.81 kB[0m
[32mn8n-editor-ui:build: [0m[2mdist/[0m[2massets/[0m[36mdataTable.store-eWGYw20f.js                             [39m[2m[1m    11.11 kB[0m[0m[2m │ gzip:   2.87 kB[0m
[32mn8n-editor-ui:build: [0m[2mdist/[0m[2massets/[0m[36museActions-QPiGeYo7.js                                  [39m[2m[1m    11.23 kB[0m[0m[2m │ gzip:   3.40 kB[0m
[32mn8n-editor-ui:build: [0m[2mdist/[0m[2massets/[0m[36mCheckbox-B0W2pk3x.js                                    [39m[2m[1m    11.25 kB[0m[0m[2m │ gzip:   3.07 kB[0m
[32mn8n-editor-ui:build: [0m[2mdist/[0m[2massets/[0m[36mAiModelSelectorDropdown-D8HBEG66.js                     [39m[2m[1m    11.31 kB[0m[0m[2m │ gzip:   3.19 kB[0m
[32mn8n-editor-ui:build: [0m[2mdist/[0m[2massets/[0m[36mfocusPanel.store-DS9k95WR.js                            [39m[2m[1m    11.56 kB[0m[0m[2m │ gzip:   3.66 kB[0m
[32mn8n-editor-ui:build: [0m[2mdist/[0m[2massets/[0m[36museLatestFetch-BDuQ7whI.js                              [39m[2m[1m    11.76 kB[0m[0m[2m │ gzip:   3.36 kB[0m
[32mn8n-editor-ui:build: [0m[2mdist/[0m[2massets/[0m[36mradio-BHh-pAFY.js                                       [39m[2m[1m    11.77 kB[0m[0m[2m │ gzip:   2.81 kB[0m
[32mn8n-editor-ui:build: [0m[2mdist/[0m[2massets/[0m[36museAgentScopeProjectId-Xa4p9WIc.js                      [39m[2m[1m    11.87 kB[0m[0m[2m │ gzip:   3.62 kB[0m
[32mn8n-editor-ui:build: [0m[2mdist/[0m[2massets/[0m[36mbanners.store-C3xOFmhj.js                               [39m[2m[1m    11.89 kB[0m[0m[2m │ gzip:   3.29 kB[0m
[32mn8n-editor-ui:build: [0m[2mdist/[0m[2massets/[0m[36mtemplates.store-BdQ2M00D.js                             [39m[2m[1m    11.89 kB[0m[0m[2m │ gzip:   2.72 kB[0m
[32mn8n-editor-ui:build: [0m[2mdist/[0m[2massets/[0m[36mCredentialPicker-DIGG3-PW.js                            [39m[2m[1m    11.89 kB[0m[0m[2m │ gzip:   3.15 kB[0m
[32mn8n-editor-ui:build: [0m[2mdist/[0m[2massets/[0m[36mswitch-VgJfpBOv.js                                      [39m[2m[1m    12.08 kB[0m[0m[2m │ gzip:   3.20 kB[0m
[32mn8n-editor-ui:build: [0m[2mdist/[0m[2massets/[0m[36museRoleEditorForm-BgYuYF1T.js                           [39m[2m[1m    12.09 kB[0m[0m[2m │ gzip:   3.26 kB[0m
[32mn8n-editor-ui:build: [0m[2mdist/[0m[2massets/[0m[36mN8nPopover-C7WJvH2j.js                                  [39m[2m[1m    12.23 kB[0m[0m[2m │ gzip:   3.38 kB[0m
[32mn8n-editor-ui:build: [0m[2mdist/[0m[2massets/[0m[36museMcpServerAdapter-BYE8oBkE.js                         [39m[2m[1m    12.26 kB[0m[0m[2m │ gzip:   3.75 kB[0m
[32mn8n-editor-ui:build: [0m[2mdist/[0m[2massets/[0m[36museCredentialOAuth-D1bxMIsJ.js                          [39m[2m[1m    12.26 kB[0m[0m[2m │ gzip:   3.41 kB[0m
[32mn8n-editor-ui:build: [0m[2mdist/[0m[2massets/[0m[36museInstanceAiHandoff-CJrKafpk.js                        [39m[2m[1m    12.36 kB[0m[0m[2m │ gzip:   3.25 kB[0m
[32mn8n-editor-ui:build: [0m[2mdist/[0m[2massets/[0m[36mN8nBreadcrumbs-CpzVRQ3a.js                              [39m[2m[1m    12.56 kB[0m[0m[2m │ gzip:   3.38 kB[0m
[32mn8n-editor-ui:build: [0m[2mdist/[0m[2massets/[0m[36mone-password-CVcZxf8l.js                                [39m[2m[1m    12.59 kB[0m[0m[2m │ gzip:   6.65 kB[0m
[32mn8n-editor-ui:build: [0m[2mdist/[0m[2massets/[0m[36mSettingsExternalSecrets-Zf8B405c.js                     [39m[2m[1m    12.59 kB[0m[0m[2m │ gzip:   3.39 kB[0m
[32mn8n-editor-ui:build: [0m[2mdist/[0m[2massets/[0m[36men-_6UGVoq3.js                                          [39m[2m[1m    12.60 kB[0m[0m[2m │ gzip:   3.64 kB[0m
[32mn8n-editor-ui:build: [0m[2mdist/[0m[2massets/[0m[36mDependencyPill-BaxOr8Nc.js                              [39m[2m[1m    12.64 kB[0m[0m[2m │ gzip:   3.79 kB[0m
[32mn8n-editor-ui:build: [0m[2mdist/[0m[2massets/[0m[36mN8nTabs-BtaploRm.js                                     [39m[2m[1m    12.67 kB[0m[0m[2m │ gzip:   3.36 kB[0m
[32mn8n-editor-ui:build: [0m[2mdist/[0m[2massets/[0m[36mDeleteInstanceRoleModal-IldX833S.js                     [39m[2m[1m    12.80 kB[0m[0m[2m │ gzip:   3.89 kB[0m
[32mn8n-editor-ui:build: [0m[2mdist/[0m[2massets/[0m[36mcollaboration.store-Ci0XJa7G.js                         [39m[2m[1m    12.82 kB[0m[0m[2m │ gzip:   3.18 kB[0m
[32mn8n-editor-ui:build: [0m[2mdist/[0m[2massets/[0m[36minput-number-CPjLF3x3.js                                [39m[2m[1m    12.82 kB[0m[0m[2m │ gzip:   3.76 kB[0m
[32mn8n-editor-ui:build: [0m[2mdist/[0m[2massets/[0m[36mworkflowsList.store-jmz4t9PE.js                         [39m[2m[1m    12.83 kB[0m[0m[2m │ gzip:   3.04 kB[0m
[32mn8n-editor-ui:build: [0m[2mdist/[0m[2massets/[0m[36museLogsTreeExpand-CNpVrQVc.js                           [39m[2m[1m    12.94 kB[0m[0m[2m │ gzip:   3.96 kB[0m
[32mn8n-editor-ui:build: [0m[2mdist/[0m[2massets/[0m[36mRunDataJson-COF2lNdW.js                                 [39m[2m[1m    12.97 kB[0m[0m[2m │ gzip:   4.30 kB[0m
[32mn8n-editor-ui:build: [0m[2mdist/[0m[2massets/[0m[36mSettingsAiGatewayView-nGCcro9l.js                       [39m[2m[1m    13.30 kB[0m[0m[2m │ gzip:   3.52 kB[0m
[32mn8n-editor-ui:build: [0m[2mdist/[0m[2massets/[0m[36musers.store-CjKqN5-R.js                                 [39m[2m[1m    13.50 kB[0m[0m[2m │ gzip:   3.55 kB[0m
[32mn8n-editor-ui:build: [0m[2mdist/[0m[2massets/[0m[36mWorkflowVersionForm-ByD_IjRq.js                         [39m[2m[1m    13.53 kB[0m[0m[2m │ gzip:   3.42 kB[0m
[32mn8n-editor-ui:build: [0m[2mdist/[0m[2massets/[0m[36mchat.utils-EOBWCRi7.js                                  [39m[2m[1m    13.59 kB[0m[0m[2m │ gzip:   4.03 kB[0m
[32mn8n-editor-ui:build: [0m[2mdist/[0m[2massets/[0m[36mmcp.store-CBiasr_L.js                                   [39m[2m[1m    13.61 kB[0m[0m[2m │ gzip:   3.31 kB[0m
[32mn8n-editor-ui:build: [0m[2mdist/[0m[2massets/[0m[36mHoverCardTrigger-BKxr5yXZ.js                            [39m[2m[1m    13.90 kB[0m[0m[2m │ gzip:   3.10 kB[0m
[32mn8n-editor-ui:build: [0m[2mdist/[0m[2massets/[0m[36mInsightsTableWorkflows-CYeuMq99.js                      [39m[2m[1m    14.18 kB[0m[0m[2m │ gzip:   4.69 kB[0m
[32mn8n-editor-ui:build: [0m[2mdist/[0m[2massets/[0m[36mtemplatedAuth.utils-Ci_teUUA.js                         [39m[2m[1m    14.31 kB[0m[0m[2m │ gzip:   4.72 kB[0m
[32mn8n-editor-ui:build: [0m[2mdist/[0m[2massets/[0m[36mToolsSelector-B59PLSgi.js                               [39m[2m[1m    14.36 kB[0m[0m[2m │ gzip:   4.06 kB[0m
[32mn8n-editor-ui:build: [0m[2mdist/[0m[2massets/[0m[36mfocus-trap-CIpXr-Z6.js                                  [39m[2m[1m    14.39 kB[0m[0m[2m │ gzip:   3.92 kB[0m
[32mn8n-editor-ui:build: [0m[2mdist/[0m[2massets/[0m[36mN8nEmptyState-D6gfj99b.js                               [39m[2m[1m    14.41 kB[0m[0m[2m │ gzip:   3.47 kB[0m
[32mn8n-editor-ui:build: [0m[2mdist/[0m[2massets/[0m[36mMCPConnectWorkflowsModal-Bd-kazQS.js                    [39m[2m[1m    14.47 kB[0m[0m[2m │ gzip:   3.94 kB[0m
[32mn8n-editor-ui:build: [0m[2mdist/[0m[2massets/[0m[36mAgentSubAgentsModal-BaJ7qSEF.js                         [39m[2m[1m    14.49 kB[0m[0m[2m │ gzip:   3.42 kB[0m
[32mn8n-editor-ui:build: [0m[2mdist/[0m[2massets/[0m[36mCommunityNodeUpdateInfo-C6lIwxAo.js                     [39m[2m[1m    14.60 kB[0m[0m[2m │ gzip:   3.80 kB[0m
[32mn8n-editor-ui:build: [0m[2mdist/[0m[2massets/[0m[36mMCPConnectAgentsModal-BovdGXF0.js                       [39m[2m[1m    14.76 kB[0m[0m[2m │ gzip:   3.99 kB[0m
[32mn8n-editor-ui:build: [0m[2mdist/[0m[2massets/[0m[36mSetupWorkflowFromTemplateView-DumpVUsP.js               [39m[2m[1m    14.84 kB[0m[0m[2m │ gzip:   4.05 kB[0m
[32mn8n-editor-ui:build: [0m[2mdist/[0m[2massets/[0m[36mMigrationRules-DnEQ_Plt.js                              [39m[2m[1m    14.86 kB[0m[0m[2m │ gzip:   3.29 kB[0m
[32mn8n-editor-ui:build: [0m[2mdist/[0m[2massets/[0m[36museWorkflowInitialization-Bap_nBdT.js                   [39m[2m[1m    14.91 kB[0m[0m[2m │ gzip:   3.81 kB[0m
[32mn8n-editor-ui:build: [0m[2mdist/[0m[2massets/[0m[36mpersonalizedTemplatesV3.store-DLuZOarS.js               [39m[2m[1m    14.93 kB[0m[0m[2m │ gzip:   4.12 kB[0m
[32mn8n-editor-ui:build: [0m[2mdist/[0m[2massets/[0m[36mAuthView-AUrPyxHZ.js                                    [39m[2m[1m    14.99 kB[0m[0m[2m │ gzip:   3.47 kB[0m
[32mn8n-editor-ui:build: [0m[2mdist/[0m[2massets/[0m[36mSkeletonAgentCard-CN2sTvML.js                           [39m[2m[1m    15.00 kB[0m[0m[2m │ gzip:   3.53 kB[0m
[32mn8n-editor-ui:build: [0m[2mdist/[0m[2massets/[0m[36mstyle-aw1HwLDr.js                                       [39m[2m[1m    15.00 kB[0m[0m[2m │ gzip:   4.51 kB[0m
[32mn8n-editor-ui:build: [0m[2mdist/[0m[2massets/[0m[36mN8nFormInput-CmOGYFFX.js                                [39m[2m[1m    15.01 kB[0m[0m[2m │ gzip:   4.02 kB[0m
[32mn8n-editor-ui:build: [0m[2mdist/[0m[2massets/[0m[36museGlobalEntityCreation-DLd-NFv2.js                     [39m[2m[1m    15.05 kB[0m[0m[2m │ gzip:   3.10 kB[0m
[32mn8n-editor-ui:build: [0m[2mdist/[0m[2massets/[0m[36mMigrationRuleDetail-CfVTvuEB.js                         [39m[2m[1m    15.08 kB[0m[0m[2m │ gzip:   4.31 kB[0m
[32mn8n-editor-ui:build: [0m[2mdist/[0m[2massets/[0m[36mscrollbar-XVVlQ2p1.js                                   [39m[2m[1m    15.15 kB[0m[0m[2m │ gzip:   3.94 kB[0m
[32mn8n-editor-ui:build: [0m[2mdist/[0m[2massets/[0m[36mCreditWarningBanner-DNqQPk3c.js                         [39m[2m[1m    15.31 kB[0m[0m[2m │ gzip:   3.77 kB[0m
[32mn8n-editor-ui:build: [0m[2mdist/[0m[2massets/[0m[36mSettingsRowGroup-lh2WLIYA.js                            [39m[2m[1m    15.48 kB[0m[0m[2m │ gzip:   3.99 kB[0m
[32mn8n-editor-ui:build: [0m[2mdist/[0m[2massets/[0m[36mevaluation.store-Ct9yFbvz.js                            [39m[2m[1m    15.56 kB[0m[0m[2m │ gzip:   3.68 kB[0m
[32mn8n-editor-ui:build: [0m[2mdist/[0m[2massets/[0m[36mdialog-BWWCBb2k.js                                      [39m[2m[1m    15.64 kB[0m[0m[2m │ gzip:   4.38 kB[0m
[32mn8n-editor-ui:build: [0m[2mdist/[0m[2massets/[0m[36mResolversView-DMcNazkE.js                               [39m[2m[1m    16.01 kB[0m[0m[2m │ gzip:   3.94 kB[0m
[32mn8n-editor-ui:build: [0m[2mdist/[0m[2massets/[0m[36mSigninView-X40_pL36.js                                  [39m[2m[1m    16.54 kB[0m[0m[2m │ gzip:   4.51 kB[0m
[32mn8n-editor-ui:build: [0m[2mdist/[0m[2massets/[0m[36museCustomAgent-ue_RT_mu.js                              [39m[2m[1m    16.56 kB[0m[0m[2m │ gzip:   4.80 kB[0m
[32mn8n-editor-ui:build: [0m[2mdist/[0m[2massets/[0m[36mDataTableView-C7Oh7eja.js                               [39m[2m[1m    16.81 kB[0m[0m[2m │ gzip:   4.48 kB[0m
[32mn8n-editor-ui:build: [0m[2mdist/[0m[2massets/[0m[36mSetupTemplateFormStep-B_xYp2N5.js                       [39m[2m[1m    17.04 kB[0m[0m[2m │ gzip:   4.45 kB[0m
[32mn8n-editor-ui:build: [0m[2mdist/[0m[2massets/[0m[36mProviderSettingsModal-B1J8Jmhz.js                       [39m[2m[1m    17.08 kB[0m[0m[2m │ gzip:   3.88 kB[0m
[32mn8n-editor-ui:build: [0m[2mdist/[0m[2massets/[0m[36mToolIcon-CyyFQhkv.js                                    [39m[2m[1m    17.60 kB[0m[0m[2m │ gzip:   4.41 kB[0m
[32mn8n-editor-ui:build: [0m[2mdist/[0m[2massets/[0m[36mN8nChatInput-r2FDTKfg.js                                [39m[2m[1m    17.69 kB[0m[0m[2m │ gzip:   4.67 kB[0m
[32mn8n-editor-ui:build: [0m[2mdist/[0m[2massets/[0m[36mScopesSelector-C7I9OXV5.js                              [39m[2m[1m    17.93 kB[0m[0m[2m │ gzip:   4.49 kB[0m
[32mn8n-editor-ui:build: [0m[2mdist/[0m[2massets/[0m[36mNodeToolSettingsContent-CaGXyvCI.js                     [39m[2m[1m    18.02 kB[0m[0m[2m │ gzip:   4.98 kB[0m
[32mn8n-editor-ui:build: [0m[2mdist/[0m[2massets/[0m[36mPopoverTrigger-Db2gWmZU.js                              [39m[2m[1m    18.03 kB[0m[0m[2m │ gzip:   2.96 kB[0m
[32mn8n-editor-ui:build: [0m[2mdist/[0m[2massets/[0m[36mAttachmentPreview-CKIicDtV.js                           [39m[2m[1m    18.54 kB[0m[0m[2m │ gzip:   4.93 kB[0m
[32mn8n-editor-ui:build: [0m[2mdist/[0m[2massets/[0m[36mProjectSharing-Dn0qGp_Q.js                              [39m[2m[1m    18.56 kB[0m[0m[2m │ gzip:   4.66 kB[0m
[32mn8n-editor-ui:build: [0m[2mdist/[0m[2massets/[0m[36mDataTableDetailsView-C4j4HhSg.js                        [39m[2m[1m    18.60 kB[0m[0m[2m │ gzip:   4.71 kB[0m
[32mn8n-editor-ui:build: [0m[2mdist/[0m[2massets/[0m[36mN8nInlineTextEdit-CPP1fNIO.js                           [39m[2m[1m    18.64 kB[0m[0m[2m │ gzip:   4.48 kB[0m
[32mn8n-editor-ui:build: [0m[2mdist/[0m[2massets/[0m[36mTemplateList-DGPZymZs.js                                [39m[2m[1m    19.53 kB[0m[0m[2m │ gzip:   4.38 kB[0m
[32mn8n-editor-ui:build: [0m[2mdist/[0m[2massets/[0m[36mplugin-vue_export-helper-AbXb0iQc.js                    [39m[2m[1m    19.77 kB[0m[0m[2m │ gzip:   4.44 kB[0m
[32mn8n-editor-ui:build: [0m[2mdist/[0m[2massets/[0m[36mBrowserUseSetupContent-CiKJWYxp.js                      [39m[2m[1m    19.83 kB[0m[0m[2m │ gzip:   4.86 kB[0m
[32mn8n-editor-ui:build: [0m[2mdist/[0m[2massets/[0m[36mTemplatesCollectionView-DFidFTUg.js                     [39m[2m[1m    19.97 kB[0m[0m[2m │ gzip:   4.56 kB[0m
[32mn8n-editor-ui:build: [0m[2mdist/[0m[2massets/[0m[36mFocusScope-DAXHH9RF.js                                  [39m[2m[1m    20.03 kB[0m[0m[2m │ gzip:   5.95 kB[0m
[32mn8n-editor-ui:build: [0m[2mdist/[0m[2massets/[0m[36maiTemplatesStarterCollection.store-CMF34AJB.js          [39m[2m[1m    20.27 kB[0m[0m[2m │ gzip:   5.19 kB[0m
[32mn8n-editor-ui:build: [0m[2mdist/[0m[2massets/[0m[36massistant.store-DP6uXQFs.js                             [39m[2m[1m    20.27 kB[0m[0m[2m │ gzip:   4.63 kB[0m
[32mn8n-editor-ui:build: [0m[2mdist/[0m[2massets/[0m[36mSettingsPersonalView-CmroMG2J.js                        [39m[2m[1m    20.49 kB[0m[0m[2m │ gzip:   4.84 kB[0m
[32mn8n-editor-ui:build: [0m[2mdist/[0m[2massets/[0m[36mRolesView-AH90Xrqt.js                                   [39m[2m[1m    20.55 kB[0m[0m[2m │ gzip:   5.10 kB[0m
[32mn8n-editor-ui:build: [0m[2mdist/[0m[2massets/[0m[36mAgentsListView-JOn7W-Ia.js                              [39m[2m[1m    20.72 kB[0m[0m[2m │ gzip:   5.71 kB[0m
[32mn8n-editor-ui:build: [0m[2mdist/[0m[2massets/[0m[36mNodeCreation-DKw5NZ1T.js                                [39m[2m[1m    20.76 kB[0m[0m[2m │ gzip:   6.54 kB[0m
[32mn8n-editor-ui:build: [0m[2mdist/[0m[2massets/[0m[36mOAuthConsentView-D2Lv0N0z.js                            [39m[2m[1m    21.40 kB[0m[0m[2m │ gzip:   4.74 kB[0m
[32mn8n-editor-ui:build: [0m[2mdist/[0m[2massets/[0m[36mSettingsMCPAgentsView-C1Yhonx9.js                       [39m[2m[1m    21.51 kB[0m[0m[2m │ gzip:   5.23 kB[0m
[32mn8n-editor-ui:build: [0m[2mdist/[0m[2massets/[0m[36mSettingsCommunityNodesView-oJatdjOt.js                  [39m[2m[1m    22.08 kB[0m[0m[2m │ gzip:   5.08 kB[0m
[32mn8n-editor-ui:build: [0m[2mdist/[0m[2massets/[0m[36mSettingsEncryptionKeys-DCFTHeY9.js                      [39m[2m[1m    22.23 kB[0m[0m[2m │ gzip:   5.71 kB[0m
[32mn8n-editor-ui:build: [0m[2mdist/[0m[2massets/[0m[36mComputerUseSetupContent-F7qePQUe.js                     [39m[2m[1m    22.30 kB[0m[0m[2m │ gzip:   7.22 kB[0m
[32mn8n-editor-ui:build: [0m[2mdist/[0m[2massets/[0m[36mSettingsLogStreamingView-CvSsfX7M.js                    [39m[2m[1m    22.37 kB[0m[0m[2m │ gzip:   5.43 kB[0m
[32mn8n-editor-ui:build: [0m[2mdist/[0m[2massets/[0m[36mTemplatesWorkflowView-rNW1fkXz.js                       [39m[2m[1m    22.43 kB[0m[0m[2m │ gzip:   5.58 kB[0m
[32mn8n-editor-ui:build: [0m[2mdist/[0m[2massets/[0m[36mN8nToggleGroup-QmremkRy.js                              [39m[2m[1m    22.64 kB[0m[0m[2m │ gzip:   4.90 kB[0m
[32mn8n-editor-ui:build: [0m[2mdist/[0m[2massets/[0m[36mDataTableActions-CJu22mjI.js                            [39m[2m[1m    22.77 kB[0m[0m[2m │ gzip:   5.01 kB[0m
[32mn8n-editor-ui:build: [0m[2mdist/[0m[2massets/[0m[36mProjectVariables-BjgBzb--.js                            [39m[2m[1m    22.87 kB[0m[0m[2m │ gzip:   5.92 kB[0m
[32mn8n-editor-ui:build: [0m[2mdist/[0m[2massets/[0m[36mAddDataTableModal-D5Z-4ru4.js                           [39m[2m[1m    23.29 kB[0m[0m[2m │ gzip:   5.48 kB[0m
[32mn8n-editor-ui:build: [0m[2mdist/[0m[2massets/[0m[36mAgentToolsConnectionModalWrapper-DdOnuoWj.js            [39m[2m[1m    23.50 kB[0m[0m[2m │ gzip:   6.17 kB[0m
[32mn8n-editor-ui:build: [0m[2mdist/[0m[2massets/[0m[36mSettingsUsageAndPlan-B07IhUtY.js                        [39m[2m[1m    23.64 kB[0m[0m[2m │ gzip:   5.48 kB[0m
[32mn8n-editor-ui:build: [0m[2mdist/[0m[2massets/[0m[36mInstanceRoleView-MOIogFIU.js                            [39m[2m[1m    24.11 kB[0m[0m[2m │ gzip:   6.07 kB[0m
[32mn8n-editor-ui:build: [0m[2mdist/[0m[2massets/[0m[36mInstanceAiToolsConnectionModalWrapper-BNgb5dwA.js       [39m[2m[1m    24.22 kB[0m[0m[2m │ gzip:   6.06 kB[0m
[32mn8n-editor-ui:build: [0m[2mdist/[0m[2massets/[0m[36mSettingsMCPWorkflowsView-W95RtyYH.js                    [39m[2m[1m    24.47 kB[0m[0m[2m │ gzip:   5.82 kB[0m
[32mn8n-editor-ui:build: [0m[2mdist/[0m[2massets/[0m[36mN8nPagination-BE9ZvHH7.js                               [39m[2m[1m    25.38 kB[0m[0m[2m │ gzip:   5.63 kB[0m
[32mn8n-editor-ui:build: [0m[2mdist/[0m[2massets/[0m[36minstanceAiSettings.store-D6zCZdQN.js                    [39m[2m[1m    25.40 kB[0m[0m[2m │ gzip:   5.90 kB[0m
[32mn8n-editor-ui:build: [0m[2mdist/[0m[2massets/[0m[36mreadyToRun.store-BoOiCrmk.js                            [39m[2m[1m    25.99 kB[0m[0m[2m │ gzip:   7.15 kB[0m
[32mn8n-editor-ui:build: [0m[2mdist/[0m[2massets/[0m[36museMessage-LhcHq8oD.js                                  [39m[2m[1m    26.14 kB[0m[0m[2m │ gzip:   6.97 kB[0m
[32mn8n-editor-ui:build: [0m[2mdist/[0m[2massets/[0m[36mlucide-icons-bucket-13-Ce38Rm6L.js                      [39m[2m[1m    26.16 kB[0m[0m[2m │ gzip:   5.41 kB[0m
[32mn8n-editor-ui:build: [0m[2mdist/[0m[2massets/[0m[36mlucide-icons-bucket-14-BcA5GVu4.js                      [39m[2m[1m    26.36 kB[0m[0m[2m │ gzip:   5.28 kB[0m
[32mn8n-editor-ui:build: [0m[2mdist/[0m[2massets/[0m[36mTrialIntroModal-BX0gQnm9.js                             [39m[2m[1m    26.48 kB[0m[0m[2m │ gzip:   5.12 kB[0m
[32mn8n-editor-ui:build: [0m[2mdist/[0m[2massets/[0m[36minput-DcFckfM5.js                                       [39m[2m[1m    26.66 kB[0m[0m[2m │ gzip:   6.71 kB[0m
[32mn8n-editor-ui:build: [0m[2mdist/[0m[2massets/[0m[36mGroupedMetricChart-B0d9JP-0.js                          [39m[2m[1m    27.32 kB[0m[0m[2m │ gzip:   6.07 kB[0m
[32mn8n-editor-ui:build: [0m[2mdist/[0m[2massets/[0m[36mProjectRoleView-Bi0idd6p.js                             [39m[2m[1m    27.93 kB[0m[0m[2m │ gzip:   6.45 kB[0m
[32mn8n-editor-ui:build: [0m[2mdist/[0m[2massets/[0m[36mAgentSessionsListView-BAKMA5ph.js                       [39m[2m[1m    28.27 kB[0m[0m[2m │ gzip:   6.57 kB[0m
[32mn8n-editor-ui:build: [0m[2mdist/[0m[2massets/[0m[36mToolsManagerModal-CXPY9YgJ.js                           [39m[2m[1m    28.75 kB[0m[0m[2m │ gzip:   6.75 kB[0m
[32mn8n-editor-ui:build: [0m[2mdist/[0m[2massets/[0m[36mlucide-icons-bucket-11-B61ye2Jl.js                      [39m[2m[1m    28.86 kB[0m[0m[2m │ gzip:   6.18 kB[0m
[32mn8n-editor-ui:build: [0m[2mdist/[0m[2massets/[0m[36mlucide-icons-bucket-6-Bat1F-CQ.js                       [39m[2m[1m    28.99 kB[0m[0m[2m │ gzip:   5.95 kB[0m
[32mn8n-editor-ui:build: [0m[2mdist/[0m[2massets/[0m[36mSettingsSecretsProviders.ee-BT5GpBTU.js                 [39m[2m[1m    29.43 kB[0m[0m[2m │ gzip:   6.30 kB[0m
[32mn8n-editor-ui:build: [0m[2mdist/[0m[2massets/[0m[36mlucide-icons-bucket-7-PbdFnsC4.js                       [39m[2m[1m    29.48 kB[0m[0m[2m │ gzip:   6.36 kB[0m
[32mn8n-editor-ui:build: [0m[2mdist/[0m[2massets/[0m[36mlucide-icons-bucket-9-DTiVesPm.js                       [39m[2m[1m    29.51 kB[0m[0m[2m │ gzip:   6.58 kB[0m
[32mn8n-editor-ui:build: [0m[2mdist/[0m[2massets/[0m[36museRunWorkflow-D_WinEqv.js                              [39m[2m[1m    30.38 kB[0m[0m[2m │ gzip:   7.99 kB[0m
[32mn8n-editor-ui:build: [0m[2mdist/[0m[2massets/[0m[36mCredentialsView-BnzkVByf.js                             [39m[2m[1m    31.30 kB[0m[0m[2m │ gzip:   7.60 kB[0m
[32mn8n-editor-ui:build: [0m[2mdist/[0m[2massets/[0m[36mRoleSelectDropdown-Bt--lIw2.js                          [39m[2m[1m    32.06 kB[0m[0m[2m │ gzip:   6.76 kB[0m
[32mn8n-editor-ui:build: [0m[2mdist/[0m[2massets/[0m[36mResourcesListLayout-hIY_HLOG.js                         [39m[2m[1m    32.09 kB[0m[0m[2m │ gzip:   7.81 kB[0m
[32mn8n-editor-ui:build: [0m[2mdist/[0m[2massets/[0m[36mSettingsSourceControl-eP396Q_d.js                       [39m[2m[1m    32.14 kB[0m[0m[2m │ gzip:   6.41 kB[0m
[32mn8n-editor-ui:build: [0m[2mdist/[0m[2massets/[0m[36mResourceCenterView-COIPrsOq.js                          [39m[2m[1m    32.33 kB[0m[0m[2m │ gzip:   7.73 kB[0m
[32mn8n-editor-ui:build: [0m[2mdist/[0m[2massets/[0m[36mlucide-icons-bucket-15-C8JhNrSi.js                      [39m[2m[1m    32.42 kB[0m[0m[2m │ gzip:   6.63 kB[0m
[32mn8n-editor-ui:build: [0m[2mdist/[0m[2massets/[0m[36mDialogTitle-Dc8zFEXJ.js                                 [39m[2m[1m    32.61 kB[0m[0m[2m │ gzip:   5.62 kB[0m
[32mn8n-editor-ui:build: [0m[2mdist/[0m[2massets/[0m[36mChatLayout-BKv_AFMX.js                                  [39m[2m[1m    32.84 kB[0m[0m[2m │ gzip:   7.44 kB[0m
[32mn8n-editor-ui:build: [0m[2mdist/[0m[2massets/[0m[36mVisuallyHidden-lv4qVqRn.js                              [39m[2m[1m    32.95 kB[0m[0m[2m │ gzip:   9.34 kB[0m
[32mn8n-editor-ui:build: [0m[2mdist/[0m[2massets/[0m[36mInsightsDashboard-ClCm74fh.js                           [39m[2m[1m    32.97 kB[0m[0m[2m │ gzip:   9.17 kB[0m
[32mn8n-editor-ui:build: [0m[2mdist/[0m[2massets/[0m[36mN8nAvatar-BN7Hde99.js                                   [39m[2m[1m    33.28 kB[0m[0m[2m │ gzip:   6.46 kB[0m
[32mn8n-editor-ui:build: [0m[2mdist/[0m[2massets/[0m[36mlucide-icons-bucket-4-C-SjHPUT.js                       [39m[2m[1m    33.32 kB[0m[0m[2m │ gzip:   6.95 kB[0m
[32mn8n-editor-ui:build: [0m[2mdist/[0m[2massets/[0m[36mProjectHeader-CqjGvmn3.js                               [39m[2m[1m    33.60 kB[0m[0m[2m │ gzip:   7.74 kB[0m
[32mn8n-editor-ui:build: [0m[2mdist/[0m[2massets/[0m[36mTooltip-C22UazQn.js                                     [39m[2m[1m    34.07 kB[0m[0m[2m │ gzip:   7.68 kB[0m
[32mn8n-editor-ui:build: [0m[2mdist/[0m[2massets/[0m[36mAgentVectorStoresModal-rb6nrEz2.js                      [39m[2m[1m    34.52 kB[0m[0m[2m │ gzip:   7.92 kB[0m
[32mn8n-editor-ui:build: [0m[2mdist/[0m[2massets/[0m[36mlucide-icons-bucket-2-6MAsnQ5o.js                       [39m[2m[1m    34.65 kB[0m[0m[2m │ gzip:   7.57 kB[0m
[32mn8n-editor-ui:build: [0m[2mdist/[0m[2massets/[0m[36mlucide-icons-bucket-0-CvmswxLS.js                       [39m[2m[1m    34.71 kB[0m[0m[2m │ gzip:   7.09 kB[0m
[32mn8n-editor-ui:build: [0m[2mdist/[0m[2massets/[0m[36mlucide-icons-bucket-1-CoHmuUIS.js                       [39m[2m[1m    34.86 kB[0m[0m[2m │ gzip:   7.46 kB[0m
[32mn8n-editor-ui:build: [0m[2mdist/[0m[2massets/[0m[36mvue-json-pretty-DKXAJY3l.js                             [39m[2m[1m    35.18 kB[0m[0m[2m │ gzip:  10.03 kB[0m
[32mn8n-editor-ui:build: [0m[2mdist/[0m[2massets/[0m[36mExecutionsTime-B7OEIxFw.js                              [39m[2m[1m    35.40 kB[0m[0m[2m │ gzip:   7.13 kB[0m
[32mn8n-editor-ui:build: [0m[2mdist/[0m[2massets/[0m[36mlucide-icons-bucket-3-DP1ZK_7u.js                       [39m[2m[1m    35.82 kB[0m[0m[2m │ gzip:   7.20 kB[0m
[32mn8n-editor-ui:build: [0m[2mdist/[0m[2massets/[0m[36mlucide-icons-bucket-8-1xjXPPrd.js                       [39m[2m[1m    35.83 kB[0m[0m[2m │ gzip:   7.81 kB[0m
[32mn8n-editor-ui:build: [0m[2mdist/[0m[2massets/[0m[36museNodeHelpers-CEnOEopz.js                              [39m[2m[1m    36.85 kB[0m[0m[2m │ gzip:   8.29 kB[0m
[32mn8n-editor-ui:build: [0m[2mdist/[0m[2massets/[0m[36mlucide-icons-bucket-5-D202m_j_.js                       [39m[2m[1m    36.90 kB[0m[0m[2m │ gzip:   7.59 kB[0m
[32mn8n-editor-ui:build: [0m[2mdist/[0m[2massets/[0m[36mSettingsChatHubView-DSsCvGHW.js                         [39m[2m[1m    36.95 kB[0m[0m[2m │ gzip:   7.01 kB[0m
[32mn8n-editor-ui:build: [0m[2mdist/[0m[2massets/[0m[36mlucide-icons-bucket-12-DnFw0Uh-.js                      [39m[2m[1m    37.02 kB[0m[0m[2m │ gzip:   7.69 kB[0m
[32mn8n-editor-ui:build: [0m[2mdist/[0m[2massets/[0m[36mSecuritySettings-BfSS1V82.js                            [39m[2m[1m    37.22 kB[0m[0m[2m │ gzip:   5.29 kB[0m
[32mn8n-editor-ui:build: [0m[2mdist/[0m[2massets/[0m[36mcolor-picker-BATD1YTp.js                                [39m[2m[1m    37.35 kB[0m[0m[2m │ gzip:   8.87 kB[0m
[32mn8n-editor-ui:build: [0m[2mdist/[0m[2massets/[0m[36mlucide-icons-bucket-10-s0s5I6GX.js                      [39m[2m[1m    37.97 kB[0m[0m[2m │ gzip:   7.78 kB[0m
[32mn8n-editor-ui:build: [0m[2mdist/[0m[2massets/[0m[36mdropdown-D0HKKN-a.js                                    [39m[2m[1m    38.31 kB[0m[0m[2m │ gzip:   8.47 kB[0m
[32mn8n-editor-ui:build: [0m[2mdist/[0m[2massets/[0m[36mxml-AqPLxZQZ.js                                         [39m[2m[1m    39.06 kB[0m[0m[2m │ gzip:   8.16 kB[0m
[32mn8n-editor-ui:build: [0m[2mdist/[0m[2massets/[0m[36mEvaluationsRootView-ClYscDsQ.js                         [39m[2m[1m    39.09 kB[0m[0m[2m │ gzip:   7.28 kB[0m
[32mn8n-editor-ui:build: [0m[2mdist/[0m[2massets/[0m[36musePushConnection-94Ffo0DA.js                           [39m[2m[1m    39.29 kB[0m[0m[2m │ gzip:   8.33 kB[0m
[32mn8n-editor-ui:build: [0m[2mdist/[0m[2massets/[0m[36mbutton-CsoT5HJl.js                                      [39m[2m[1m    40.30 kB[0m[0m[2m │ gzip:  10.63 kB[0m
[32mn8n-editor-ui:build: [0m[2mdist/[0m[2massets/[0m[36mN8nScrollArea-DULHGx9o.js                               [39m[2m[1m    40.54 kB[0m[0m[2m │ gzip:   7.51 kB[0m
[32mn8n-editor-ui:build: [0m[2mdist/[0m[2massets/[0m[36mui.store-7-xRpurA.js                                    [39m[2m[1m    40.55 kB[0m[0m[2m │ gzip:  12.41 kB[0m
[32mn8n-editor-ui:build: [0m[2mdist/[0m[2massets/[0m[36mreadyToRunWorkflows.store-CCiQOWWe.js                   [39m[2m[1m    40.90 kB[0m[0m[2m │ gzip:  10.37 kB[0m
[32mn8n-editor-ui:build: [0m[2mdist/[0m[2massets/[0m[36mWorkflowExecutionsView-CBTnfjyH.js                      [39m[2m[1m    41.03 kB[0m[0m[2m │ gzip:   8.91 kB[0m
[32mn8n-editor-ui:build: [0m[2mdist/[0m[2massets/[0m[36muse-namespace-xWWi2xIE.js                               [39m[2m[1m    41.57 kB[0m[0m[2m │ gzip:   9.22 kB[0m
[32mn8n-editor-ui:build: [0m[2mdist/[0m[2massets/[0m[36mAgentEditorModal-bpULF3PA.js                            [39m[2m[1m    41.69 kB[0m[0m[2m │ gzip:   9.16 kB[0m
[32mn8n-editor-ui:build: [0m[2mdist/[0m[2massets/[0m[36mlib-BC5w3MlX.js                                         [39m[2m[1m    41.83 kB[0m[0m[2m │ gzip:   8.75 kB[0m
[32mn8n-editor-ui:build: [0m[2mdist/[0m[2massets/[0m[36mCalendarDate-BViQJNZ4.js                                [39m[2m[1m    42.02 kB[0m[0m[2m │ gzip:   8.71 kB[0m
[32mn8n-editor-ui:build: [0m[2mdist/[0m[2massets/[0m[36mInstanceAiView-CwQnsqvb.js                              [39m[2m[1m    42.48 kB[0m[0m[2m │ gzip:   9.55 kB[0m
[32mn8n-editor-ui:build: [0m[2mdist/[0m[2massets/[0m[36mRunDataTable-BBi1Iszi.js                                [39m[2m[1m    43.15 kB[0m[0m[2m │ gzip:   9.85 kB[0m
[32mn8n-editor-ui:build: [0m[2mdist/[0m[2massets/[0m[36mAppSidebar-qCvbQL3O.js                                  [39m[2m[1m    44.11 kB[0m[0m[2m │ gzip:   9.83 kB[0m
[32mn8n-editor-ui:build: [0m[2mdist/[0m[2massets/[0m[36mconstants-C4ljSpD7.js                                   [39m[2m[1m    44.52 kB[0m[0m[2m │ gzip:  12.42 kB[0m
[32mn8n-editor-ui:build: [0m[2mdist/[0m[2massets/[0m[36mWorkerView-uCUf7dnT.js                                  [39m[2m[1m    45.00 kB[0m[0m[2m │ gzip:   8.64 kB[0m
[32mn8n-editor-ui:build: [0m[2mdist/[0m[2massets/[0m[36mSettingsMCPClientsView-D5H3JzWw.js                      [39m[2m[1m    45.78 kB[0m[0m[2m │ gzip:   9.41 kB[0m
[32mn8n-editor-ui:build: [0m[2mdist/[0m[2massets/[0m[36mMfaSetupModal-C1saglXQ.js                               [39m[2m[1m    45.88 kB[0m[0m[2m │ gzip:  11.69 kB[0m
[32mn8n-editor-ui:build: [0m[2mdist/[0m[2massets/[0m[36mExecutionsView-ClGFgpPQ.js                              [39m[2m[1m    46.61 kB[0m[0m[2m │ gzip:   9.84 kB[0m
[32mn8n-editor-ui:build: [0m[33m[33m[EVAL] Warning:[0m Use of direct `eval` function is strongly discouraged as it poses security risks and may cause issues with minification.
[32mn8n-editor-ui:build: [0m      [38;5;246m╭[0m[38;5;246m─[0m[38;5;246m[[0m ../../../node_modules/.pnpm/web-tree-sitter@0.24.3/node_modules/web-tree-sitter/tree-sitter.js:1195:37 [38;5;246m][0m
[32mn8n-editor-ui:build: [0m      [38;5;246m│[0m
[32mn8n-editor-ui:build: [0m [38;5;246m1195 │[0m [38;5;249m [0m[38;5;249m [0m[38;5;249m [0m[38;5;249m [0m[38;5;249m [0m[38;5;249m [0m[38;5;249m [0m[38;5;249m [0m[38;5;249m [0m[38;5;249m [0m[38;5;249m [0m[38;5;249m [0m[38;5;249m [0m[38;5;249m [0m[38;5;249m [0m[38;5;249m [0m[38;5;249mA[0m[38;5;249mS[0m[38;5;249mM[0m[38;5;249m_[0m[38;5;249mC[0m[38;5;249mO[0m[38;5;249mN[0m[38;5;249mS[0m[38;5;249mT[0m[38;5;249mS[0m[38;5;249m[[0m[38;5;249ms[0m[38;5;249mt[0m[38;5;249ma[0m[38;5;249mr[0m[38;5;249mt[0m[38;5;249m][0m[38;5;249m [0m[38;5;249m=[0m[38;5;249m [0meval[38;5;249m([0m[38;5;249mf[0m[38;5;249mu[0m[38;5;249mn[0m[38;5;249mc[0m[38;5;249m)[0m[38;5;249m;[0m
[32mn8n-editor-ui:build: [0m [38;5;240m     │[0m                                     ──┬─  
[32mn8n-editor-ui:build: [0m [38;5;240m     │[0m                                       ╰─── Use of direct `eval` here.
[32mn8n-editor-ui:build: [0m [38;5;240m     │[0m 
[32mn8n-editor-ui:build: [0m [38;5;240m     │[0m [38;5;115mHelp[0m: Consider using indirect eval. For more information, check the documentation: https://rolldown.rs/guide/troubleshooting#avoiding-direct-eval
[32mn8n-editor-ui:build: [0m[38;5;246m──────╯[0m
[32mn8n-editor-ui:build: [0m[39m
[32mn8n-editor-ui:build: [0m[33m[33m[EVAL] Warning:[0m Use of direct `eval` function is strongly discouraged as it poses security risks and may cause issues with minification.
[32mn8n-editor-ui:build: [0m      [38;5;246m╭[0m[38;5;246m─[0m[38;5;246m[[0m ../../../node_modules/.pnpm/web-tree-sitter@0.24.3/node_modules/web-tree-sitter/tree-sitter.js:1221:39 [38;5;246m][0m
[32mn8n-editor-ui:build: [0m      [38;5;246m│[0m
[32mn8n-editor-ui:build: [0m [38;5;246m1221 │[0m [38;5;249m [0m[38;5;249m [0m[38;5;249m [0m[38;5;249m [0m[38;5;249m [0m[38;5;249m [0m[38;5;249m [0m[38;5;249m [0m[38;5;249m [0m[38;5;249m [0m[38;5;249m [0m[38;5;249m [0m[38;5;249m [0m[38;5;249m [0m[38;5;249m [0m[38;5;249m [0m[38;5;249mm[0m[38;5;249mo[0m[38;5;249md[0m[38;5;249mu[0m[38;5;249ml[0m[38;5;249me[0m[38;5;249mE[0m[38;5;249mx[0m[38;5;249mp[0m[38;5;249mo[0m[38;5;249mr[0m[38;5;249mt[0m[38;5;249ms[0m[38;5;249m[[0m[38;5;249mn[0m[38;5;249ma[0m[38;5;249mm[0m[38;5;249me[0m[38;5;249m][0m[38;5;249m [0m[38;5;249m=[0m[38;5;249m [0meval[38;5;249m([0m[38;5;249mf[0m[38;5;249mu[0m[38;5;249mn[0m[38;5;249mc[0m[38;5;249m)[0m[38;5;249m;[0m
[32mn8n-editor-ui:build: [0m [38;5;240m     │[0m                                       ──┬─  
[32mn8n-editor-ui:build: [0m [38;5;240m     │[0m                                         ╰─── Use of direct `eval` here.
[32mn8n-editor-ui:build: [0m [38;5;240m     │[0m 
[32mn8n-editor-ui:build: [0m [38;5;240m     │[0m [38;5;115mHelp[0m: Consider using indirect eval. For more information, check the documentation: https://rolldown.rs/guide/troubleshooting#avoiding-direct-eval
[32mn8n-editor-ui:build: [0m[38;5;246m──────╯[0m
[32mn8n-editor-ui:build: [0m[39m
[32mn8n-editor-ui:build: [0m[33m[33m[INEFFECTIVE_DYNAMIC_IMPORT] Warning:[0m src/features/ndv/parameters/components/Collection/CollectionParameter.vue is dynamically imported by src/features/ndv/parameters/components/ParameterInputList.vue?vue&type=script&setup=true&lang.ts but also statically imported by src/features/ndv/parameters/components/MultipleParameter.vue?vue&type=script&setup=true&lang.ts, dynamic import will not move module into another chunk.
[32mn8n-editor-ui:build: [0m[39m
[32mn8n-editor-ui:build: [0m[2mdist/[0m[2massets/[0m[36mSettingsInstanceAiView-CzINMVbv.js                      [39m[2m[1m    46.84 kB[0m[0m[2m │ gzip:   8.93 kB[0m
[32mn8n-editor-ui:build: [0m[2mdist/[0m[2massets/[0m[36mLogsOverviewRow-BVa1GmoB.js                             [39m[2m[1m    46.96 kB[0m[0m[2m │ gzip:  11.98 kB[0m
[32mn8n-editor-ui:build: [0m[2mdist/[0m[2massets/[0m[36mchat.store-CB-Jzr7w.js                                  [39m[2m[1m    50.27 kB[0m[0m[2m │ gzip:  10.90 kB[0m
[32mn8n-editor-ui:build: [0m[2mdist/[0m[2massets/[0m[36mSettingsUsersView-DI6XY8rg.js                           [39m[2m[1m    50.69 kB[0m[0m[2m │ gzip:  10.61 kB[0m
[32mn8n-editor-ui:build: [0m[2mdist/[0m[2massets/[0m[36msemver-5EnF4HBn.js                                      [39m[2m[1m    51.92 kB[0m[0m[2m │ gzip:  10.25 kB[0m
[32mn8n-editor-ui:build: [0m[2mdist/[0m[2massets/[0m[36mupload-Bxv1dcg-.js                                      [39m[2m[1m    52.60 kB[0m[0m[2m │ gzip:  12.12 kB[0m
[32mn8n-editor-ui:build: [0m[2mdist/[0m[2massets/[0m[36msettings.store-BtdpEnH2.js                              [39m[2m[1m    53.85 kB[0m[0m[2m │ gzip:  10.90 kB[0m
[32mn8n-editor-ui:build: [0m[2mdist/[0m[2massets/[0m[36msrc-DGYL2WpK.js                                         [39m[2m[1m    54.61 kB[0m[0m[2m │ gzip:  14.22 kB[0m
[32mn8n-editor-ui:build: [0m[2mdist/[0m[2massets/[0m[36mTemplatesSearchView-C7QdPY2v.js                         [39m[2m[1m    56.00 kB[0m[0m[2m │ gzip:  13.04 kB[0m
[32mn8n-editor-ui:build: [0m[2mdist/[0m[2massets/[0m[36mTestRunDetailView-CdOqda88.js                           [39m[2m[1m    56.74 kB[0m[0m[2m │ gzip:  11.21 kB[0m
[32mn8n-editor-ui:build: [0m[2mdist/[0m[2massets/[0m[36mcore-DettzGq-.js                                        [39m[2m[1m    56.94 kB[0m[0m[2m │ gzip:  16.23 kB[0m
[32mn8n-editor-ui:build: [0m[2mdist/[0m[2massets/[0m[36mSettingsOpenTelemetryView-Dz_Wsu7U.js                   [39m[2m[1m    57.42 kB[0m[0m[2m │ gzip:  11.12 kB[0m
[32mn8n-editor-ui:build: [0m[2mdist/[0m[2massets/[0m[36mN8nIconPicker-ZQaAgccT.js                               [39m[2m[1m    59.62 kB[0m[0m[2m │ gzip:  13.90 kB[0m
[32mn8n-editor-ui:build: [0m[2mdist/[0m[2massets/[0m[36mWorkflowExecutionsPreview-C2bzWZDo.js                   [39m[2m[1m    60.88 kB[0m[0m[2m │ gzip:  13.32 kB[0m
[32mn8n-editor-ui:build: [0m[2mdist/[0m[2massets/[0m[36mRunDataJsonActions-IlFPeovE.js                          [39m[2m[1m    61.33 kB[0m[0m[2m │ gzip:  16.71 kB[0m
[32mn8n-editor-ui:build: [0m[2mdist/[0m[2massets/[0m[36mToolsConnectionModal-GtQaUjza.js                        [39m[2m[1m    61.68 kB[0m[0m[2m │ gzip:  11.39 kB[0m
[32mn8n-editor-ui:build: [0m[2mdist/[0m[2massets/[0m[36mSettingsApiView-Cs3Tw8PD.js                             [39m[2m[1m    62.63 kB[0m[0m[2m │ gzip:  12.81 kB[0m
[32mn8n-editor-ui:build: [0m[2mdist/[0m[2massets/[0m[36mvue-router-DPnGeMd9.js                                  [39m[2m[1m    65.51 kB[0m[0m[2m │ gzip:  18.54 kB[0m
[32mn8n-editor-ui:build: [0m[2mdist/[0m[2massets/[0m[36mWorkflowBuilderUnavailableNotice-DxwvwuMj.js            [39m[2m[1m    65.74 kB[0m[0m[2m │ gzip:  14.44 kB[0m
[32mn8n-editor-ui:build: [0m[2mdist/[0m[2massets/[0m[36mMainSidebarHeader-DTt-s7-p.js                           [39m[2m[1m    66.23 kB[0m[0m[2m │ gzip:  14.76 kB[0m
[32mn8n-editor-ui:build: [0m[2mdist/[0m[2massets/[0m[36mMCPOnboardingModal-pk1cUxWm.js                          [39m[2m[1m    66.33 kB[0m[0m[2m │ gzip:  14.20 kB[0m
[32mn8n-editor-ui:build: [0m[2mdist/[0m[2massets/[0m[36mEvalCollectionsListView-TqRFPcx1.js                     [39m[2m[1m    66.35 kB[0m[0m[2m │ gzip:  12.25 kB[0m
[32mn8n-editor-ui:build: [0m[2mdist/[0m[2massets/[0m[36mSelect-CRQxSvgs.js                                      [39m[2m[1m    67.67 kB[0m[0m[2m │ gzip:  12.88 kB[0m
[32mn8n-editor-ui:build: [0m[2mdist/[0m[2massets/[0m[36mnode-icons-BtHRiNmk.js                                  [39m[2m[1m    70.46 kB[0m[0m[2m │ gzip:  10.01 kB[0m
[32mn8n-editor-ui:build: [0m[2mdist/[0m[2massets/[0m[36mChatView-B3wR5Ocl.js                                    [39m[2m[1m    71.60 kB[0m[0m[2m │ gzip:  15.69 kB[0m
[32mn8n-editor-ui:build: [0m[2mdist/[0m[2massets/[0m[36mtooltip-oYsvce70.js                                     [39m[2m[1m    73.01 kB[0m[0m[2m │ gzip:  18.45 kB[0m
[32mn8n-editor-ui:build: [0m[2mdist/[0m[2massets/[0m[36mInstanceAiOnboardingWizard-BKUGINFD.js                  [39m[2m[1m    74.54 kB[0m[0m[2m │ gzip:  13.15 kB[0m
[32mn8n-editor-ui:build: [0m[2mdist/[0m[2massets/[0m[36mmerge-I1kuvuLK.js                                       [39m[2m[1m    75.26 kB[0m[0m[2m │ gzip:  12.13 kB[0m
[32mn8n-editor-ui:build: [0m[2mdist/[0m[2massets/[0m[36mAgentToolConfigModal-DweL3kkp.js                        [39m[2m[1m    76.24 kB[0m[0m[2m │ gzip:  15.38 kB[0m
[32mn8n-editor-ui:build: [0m[2mdist/[0m[2massets/[0m[36mProjectSettings-sh96OH9E.js                             [39m[2m[1m    77.41 kB[0m[0m[2m │ gzip:  15.29 kB[0m
[32mn8n-editor-ui:build: [0m[2mdist/[0m[2massets/[0m[36mWorkflowLayout-D4hTRBC5.js                              [39m[2m[1m    80.89 kB[0m[0m[2m │ gzip:  17.26 kB[0m
[32mn8n-editor-ui:build: [0m[2mdist/[0m[2massets/[0m[36mChatGreetings-Cq2wHAu7.js                               [39m[2m[1m    82.33 kB[0m[0m[2m │ gzip:  15.51 kB[0m
[32mn8n-editor-ui:build: [0m[2mdist/[0m[2massets/[0m[36mPopperContent-Dajl-5rg.js                               [39m[2m[1m    82.40 kB[0m[0m[2m │ gzip:  19.86 kB[0m
[32mn8n-editor-ui:build: [0m[2mdist/[0m[2massets/[0m[36mdist-BKkqSB6h.js                                        [39m[2m[1m    82.70 kB[0m[0m[2m │ gzip:  20.36 kB[0m
[32mn8n-editor-ui:build: [0m[2mdist/[0m[2massets/[0m[36mSettingsMCPView-BLodUQOv.js                             [39m[2m[1m    82.71 kB[0m[0m[2m │ gzip:  16.06 kB[0m
[32mn8n-editor-ui:build: [0m[2mdist/[0m[2massets/[0m[36mFixedCollectionParameter-CsI87cBP.js                    [39m[2m[1m    82.95 kB[0m[0m[2m │ gzip:  14.92 kB[0m
[32mn8n-editor-ui:build: [0m[2mdist/[0m[2massets/[0m[36minstanceAi.store-CN_LGs-0.js                            [39m[2m[1m    85.24 kB[0m[0m[2m │ gzip:  20.33 kB[0m
[32mn8n-editor-ui:build: [0m[2mdist/[0m[2massets/[0m[36mvuedraggable-DbY2AIiN.js                                [39m[2m[1m    89.12 kB[0m[0m[2m │ gzip:  22.47 kB[0m
[32mn8n-editor-ui:build: [0m[2mdist/[0m[2massets/[0m[36mEvaluationsListSwitcher-By5wvjy9.js                     [39m[2m[1m    89.98 kB[0m[0m[2m │ gzip:  20.50 kB[0m
[32mn8n-editor-ui:build: [0m[2mdist/[0m[2massets/[0m[36mCompareCollectionView-k9RQQAML.js                       [39m[2m[1m    94.93 kB[0m[0m[2m │ gzip:  18.20 kB[0m
[32mn8n-editor-ui:build: [0m[2mdist/[0m[2massets/[0m[36mVirtualSchema-S85OTdef.js                               [39m[2m[1m    95.54 kB[0m[0m[2m │ gzip:  24.90 kB[0m
[32mn8n-editor-ui:build: [0m[2mdist/[0m[2massets/[0m[36mCanvasRunWorkflowButton-B6qjC7Yy.js                     [39m[2m[1m    96.86 kB[0m[0m[2m │ gzip:  24.60 kB[0m
[32mn8n-editor-ui:build: [0m[2mdist/[0m[2massets/[0m[36magents.eventBus-CBGK0z6i.js                             [39m[2m[1m    99.72 kB[0m[0m[2m │ gzip:  21.94 kB[0m
[32mn8n-editor-ui:build: [0m[2mdist/[0m[2massets/[0m[36mWorkflowHistory-tKMyDE66.js                             [39m[2m[1m   106.35 kB[0m[0m[2m │ gzip:  20.57 kB[0m
[32mn8n-editor-ui:build: [0m[2mdist/[0m[2massets/[0m[36mexports-kkeZrzev.js                                     [39m[2m[1m   109.40 kB[0m[0m[2m │ gzip:  26.31 kB[0m
[32mn8n-editor-ui:build: [0m[2mdist/[0m[2massets/[0m[36mbuilder.store-CD5YYqcK.js                               [39m[2m[1m   111.72 kB[0m[0m[2m │ gzip:  27.44 kB[0m
[32mn8n-editor-ui:build: [0m[2mdist/[0m[2massets/[0m[36mDropdownMenu-BkdmE_ea.js                                [39m[2m[1m   116.03 kB[0m[0m[2m │ gzip:  18.93 kB[0m
[32mn8n-editor-ui:build: [0m[2mdist/[0m[2massets/[0m[36mNodeDetailsView-DZgfZV9t.js                             [39m[2m[1m   117.69 kB[0m[0m[2m │ gzip:  24.73 kB[0m
[32mn8n-editor-ui:build: [0m[2mdist/[0m[2massets/[0m[36mN8nDataTableServer-BG-2AlY-.js                          [39m[2m[1m   118.14 kB[0m[0m[2m │ gzip:  24.15 kB[0m
[32mn8n-editor-ui:build: [0m[2mdist/[0m[2massets/[0m[36mcanvas.eventBus-CLX-TTw9.js                             [39m[2m[1m   120.49 kB[0m[0m[2m │ gzip:  23.70 kB[0m
[32mn8n-editor-ui:build: [0m[2mdist/[0m[2massets/[0m[36mselect-BAQ3MG4b.js                                      [39m[2m[1m   121.36 kB[0m[0m[2m │ gzip:  27.05 kB[0m
[32mn8n-editor-ui:build: [0m[2mdist/[0m[2massets/[0m[36mWorkflowReviewRequestsView-CMzgieff.js                  [39m[2m[1m   137.06 kB[0m[0m[2m │ gzip:  26.26 kB[0m
[32mn8n-editor-ui:build: [0m[2mdist/[0m[2massets/[0m[36mNodeSettings-B-XktSrE.js                                [39m[2m[1m   145.36 kB[0m[0m[2m │ gzip:  33.07 kB[0m
[32mn8n-editor-ui:build: [0m[2mdist/[0m[2massets/[0m[36mSettingsSso-BH_e6CxI.js                                 [39m[2m[1m   149.17 kB[0m[0m[2m │ gzip:  27.30 kB[0m
[32mn8n-editor-ui:build: [0m[2mdist/[0m[2massets/[0m[36museCanvasOperations-Dq6ABY97.js                         [39m[2m[1m   149.97 kB[0m[0m[2m │ gzip:  35.24 kB[0m
[32mn8n-editor-ui:build: [0m[2mdist/[0m[2massets/[0m[36mdate-picker-COP7YYI0.js                                 [39m[2m[1m   154.93 kB[0m[0m[2m │ gzip:  29.64 kB[0m
[32mn8n-editor-ui:build: [0m[2mdist/[0m[2massets/[0m[36museExecutionDebugging-BziCRo35.js                       [39m[2m[1m   155.71 kB[0m[0m[2m │ gzip:  34.66 kB[0m
[32mn8n-editor-ui:build: [0m[2mdist/[0m[2massets/[0m[36mAgentSessionTimelineView-DlJYOHXB.js                    [39m[2m[1m   168.82 kB[0m[0m[2m │ gzip:  35.51 kB[0m
[32mn8n-editor-ui:build: [0m[2mdist/[0m[2massets/[0m[36mN8nMarkdown-DgMCruio.js                                 [39m[2m[1m   170.24 kB[0m[0m[2m │ gzip:  50.39 kB[0m
[32mn8n-editor-ui:build: [0m[2mdist/[0m[2massets/[0m[36mDateRangePicker-CEOGjCvu.js                             [39m[2m[1m   177.69 kB[0m[0m[2m │ gzip:  30.52 kB[0m
[32mn8n-editor-ui:build: [0m[2mdist/[0m[2massets/[0m[36mMainHeader-CtsAHwzy.js                                  [39m[2m[1m   179.01 kB[0m[0m[2m │ gzip:  35.97 kB[0m
[32mn8n-editor-ui:build: [0m[2mdist/[0m[2massets/[0m[36mtable-BOvrTTQT.js                                       [39m[2m[1m   179.06 kB[0m[0m[2m │ gzip:  40.74 kB[0m
[32mn8n-editor-ui:build: [0m[2mdist/[0m[2massets/[0m[36mNodeCreator-Ceu-jM-0.js                                 [39m[2m[1m   180.85 kB[0m[0m[2m │ gzip:  34.37 kB[0m
[32mn8n-editor-ui:build: [0m[2mdist/[0m[2massets/[0m[36museRootStore-BKfa5lo_.js                                [39m[2m[1m   186.60 kB[0m[0m[2m │ gzip:  47.76 kB[0m
[32mn8n-editor-ui:build: [0m[2mdist/[0m[2massets/[0m[36mWorkflowDiffView-CKooyxhv.js                            [39m[2m[1m   223.95 kB[0m[0m[2m │ gzip:  56.55 kB[0m
[32mn8n-editor-ui:build: [0m[2mdist/[0m[2massets/[0m[36mAgentPreviewDock-B6mPY7wS.js                            [39m[2m[1m   228.84 kB[0m[0m[2m │ gzip:  48.81 kB[0m
[32mn8n-editor-ui:build: [0m[2mdist/[0m[2massets/[0m[36mIcon-Di9prGzr.js                                        [39m[2m[1m   229.97 kB[0m[0m[2m │ gzip:  36.00 kB[0m
[32mn8n-editor-ui:build: [0m[2mdist/[0m[2massets/[0m[36mSettingsLdapView-DV3AJuTs.js                            [39m[2m[1m   232.40 kB[0m[0m[2m │ gzip:  54.61 kB[0m
[32mn8n-editor-ui:build: [0m[2mdist/[0m[2massets/[0m[36mrouter-C5PEbcNS.js                                      [39m[2m[1m   239.24 kB[0m[0m[2m │ gzip:  53.17 kB[0m
[32mn8n-editor-ui:build: [0m[2mdist/[0m[2massets/[0m[36mAgentSkillModal-DNBRN1YY.js                             [39m[2m[1m   243.33 kB[0m[0m[2m │ gzip:  57.21 kB[0m
[32mn8n-editor-ui:build: [0m[2mdist/[0m[2massets/[0m[36mWorkflowsView-BziulAi9.js                               [39m[2m[1m   244.22 kB[0m[0m[2m │ gzip:  48.14 kB[0m
[32mn8n-editor-ui:build: [0m[2mdist/[0m[2massets/[0m[36mmarkdown-it-CdtM44Tu.js                                 [39m[2m[1m   266.95 kB[0m[0m[2m │ gzip:  69.87 kB[0m
[32mn8n-editor-ui:build: [0m[2mdist/[0m[2massets/[0m[36mvue.runtime.esm-bundler-DYHsQBZB.js                     [39m[2m[1m   282.28 kB[0m[0m[2m │ gzip:  70.90 kB[0m
[32mn8n-editor-ui:build: [0m[2mdist/[0m[2massets/[0m[36mAgentTaskModal-CohLuZJr.js                              [39m[2m[1m   284.25 kB[0m[0m[2m │ gzip:  64.03 kB[0m
[32mn8n-editor-ui:build: [0m[2mdist/[0m[2massets/[0m[36mlucideIconData-B8XUIt9J.js                              [39m[2m[1m   321.72 kB[0m[0m[2m │ gzip:  50.82 kB[0m
[32mn8n-editor-ui:build: [0m[2mdist/[0m[2massets/[0m[36museImportCurlCommand-B32Yqs7A.js                        [39m[2m[1m   324.78 kB[0m[0m[2m │ gzip:  65.08 kB[0m
[32mn8n-editor-ui:build: [0m[2mdist/[0m[2massets/[0m[36memojiData-BsDmWGv4.js                                   [39m[2m[1m   335.31 kB[0m[0m[2m │ gzip:  56.52 kB[0m
[32mn8n-editor-ui:build: [0m[2mdist/[0m[2massets/[0m[36mlanguageModules-BcJcYUse.js                             [39m[2m[1m   337.59 kB[0m[0m[2m │ gzip:  92.08 kB[0m
[32mn8n-editor-ui:build: [0m[2mdist/[0m[2massets/[0m[36mNodeView-BV0wRukW.js                                    [39m[2m[1m   353.00 kB[0m[0m[2m │ gzip:  73.33 kB[0m
[32mn8n-editor-ui:build: [0m[2mdist/[0m[2massets/[0m[36mchart-BQpGz93x.js                                       [39m[2m[1m   359.05 kB[0m[0m[2m │ gzip:  89.95 kB[0m
[32mn8n-editor-ui:build: [0m[2mdist/[0m[2massets/[0m[36mRunData-xu8ijz6u.js                                     [39m[2m[1m   389.02 kB[0m[0m[2m │ gzip:  83.84 kB[0m
[32mn8n-editor-ui:build: [0m[2mdist/[0m[2massets/[0m[36msanitize-html-HcOJCXUs.js                               [39m[2m[1m   407.28 kB[0m[0m[2m │ gzip: 116.22 kB[0m
[32mn8n-editor-ui:build: [0m[2mdist/[0m[2massets/[0m[36mInstanceAiEmptyView-Btrv2ThO.js                         [39m[2m[1m   466.49 kB[0m[0m[2m │ gzip: 116.28 kB[0m
[32mn8n-editor-ui:build: [0m[2mdist/[0m[2massets/[0m[36mInstanceAiThreadView-CVu5drGT.js                        [39m[33m[1m   602.74 kB[0m[39m[2m │ gzip: 118.01 kB[0m
[32mn8n-editor-ui:build: [0m[2mdist/[0m[2massets/[0m[36mChatMarkdownChunk-DV9-ejTo.js                           [39m[33m[1m   622.62 kB[0m[39m[2m │ gzip: 123.00 kB[0m
[32mn8n-editor-ui:build: [0m[2mdist/[0m[2massets/[0m[36museWorkflowDocumentRenderData-CxcpXvpY.js               [39m[33m[1m   682.86 kB[0m[39m[2m │ gzip: 150.54 kB[0m
[32mn8n-editor-ui:build: [0m[2mdist/[0m[2massets/[0m[36mNDVEmptyState-Cw5hh6fu.js                               [39m[33m[1m   737.05 kB[0m[39m[2m │ gzip: 185.34 kB[0m
[32mn8n-editor-ui:build: [0m[2mdist/[0m[2massets/[0m[36mAgentBuilderView-Br--NlSK.js                            [39m[33m[1m   784.38 kB[0m[39m[2m │ gzip: 177.22 kB[0m
[32mn8n-editor-ui:build: [0m[2mdist/[0m[2massets/[0m[36msrc-BQKw1Bsm.js                                         [39m[33m[1m   794.61 kB[0m[39m[2m │ gzip: 174.66 kB[0m
[32mn8n-editor-ui:build: [0m[2mdist/[0m[2massets/[0m[36mworkflows.store-DN0begCq.js                             [39m[33m[1m   822.80 kB[0m[39m[2m │ gzip: 196.00 kB[0m
[32mn8n-editor-ui:build: [0m[2mdist/[0m[2massets/[0m[36mexpressions-D0CrLSIZ.js                                 [39m[33m[1m   866.49 kB[0m[39m[2m │ gzip: 242.74 kB[0m
[32mn8n-editor-ui:build: [0m[2mdist/[0m[2massets/[0m[36mMarkdownEditor-DoqMDe1r.js                              [39m[33m[1m 1,102.87 kB[0m[39m[2m │ gzip: 270.64 kB[0m
[32mn8n-editor-ui:build: [0m[2mdist/[0m[2massets/[0m[36mes-DrEYCdeL.js                                          [39m[33m[1m 1,266.94 kB[0m[39m[2m │ gzip: 341.48 kB[0m
[32mn8n-editor-ui:build: [0m[2mdist/[0m[2massets/[0m[36mParameterInputList-o1DxDO1j.js                          [39m[33m[1m 1,470.31 kB[0m[39m[2m │ gzip: 358.11 kB[0m
[32mn8n-editor-ui:build: [0m[2mdist/[0m[2massets/[0m[36mDataTableTable-kFRAffwV.js                              [39m[33m[1m 1,610.07 kB[0m[39m[2m │ gzip: 363.74 kB[0m
[32mn8n-editor-ui:build: [0m[2mdist/[0m[2massets/[0m[36mindex-gqIwTNcc.js                                       [39m[33m[1m 1,783.52 kB[0m[39m[2m │ gzip: 349.23 kB[0m
[32mn8n-editor-ui:build: [0m[2mdist/[0m[2massets/[0m[36msrc-DbSNdiqO.js                                         [39m[33m[1m 3,338.98 kB[0m[39m[2m │ gzip: 662.55 kB[0m
[32mn8n-editor-ui:build: [0m
[32mn8n-editor-ui:build: [0m[32m✓ built in 16.00s[39m
[33mn8n-core:typecheck: [0mcache miss, executing [2m0eefde138be11004[0m
[33mn8n-core:typecheck: [0m
[33mn8n-core:typecheck: [0m> n8n-core@2.36.0 typecheck /Users/romeobalta/work/n8n/worktrees/nudge-manual-builders-to-aia/packages/core
[33mn8n-core:typecheck: [0m> tsc --noEmit
[33mn8n-core:typecheck: [0m
[34mn8n-core:build: [0mcache hit, replaying logs [2m1bb8deb1f2e125f3[0m
[34mn8n-core:build: [0m
[34mn8n-core:build: [0m> n8n-core@2.36.0 build /Users/romeobalta/work/n8n/worktrees/nudge-manual-builders-to-aia/packages/core
[34mn8n-core:build: [0m> tsc -p tsconfig.build.json && tsc-alias -p tsconfig.build.json
[34mn8n-core:build: [0m
[36m@n8n/agents:typecheck: [0mcache miss, executing [2m4ebb602ef46f403d[0m
[35m@n8n/ai-node-sdk:build: [0mcache hit, replaying logs [2m0c2389c8c245b65a[0m
[35m@n8n/ai-node-sdk:build: [0m
[35m@n8n/ai-node-sdk:build: [0m> @n8n/ai-node-sdk@0.26.0 build /Users/romeobalta/work/n8n/worktrees/nudge-manual-builders-to-aia/packages/@n8n/ai-node-sdk
[35m@n8n/ai-node-sdk:build: [0m> tsc --build tsconfig.build.esm.json tsconfig.build.cjs.json
[35m@n8n/ai-node-sdk:build: [0m
[32m@n8n/ai-node-sdk:typecheck: [0mcache miss, executing [2m01cc1d979e394283[0m
[36m@n8n/agents:typecheck: [0m[43m[30m WARN [39m[49m Unsupported engine: wanted: {"node":">=24.0.0"} (current: {"node":"v22.22.3","pnpm":"10.32.1"})
[36m@n8n/agents:typecheck: [0m
[36m@n8n/agents:typecheck: [0m> @n8n/agents@0.21.0 typecheck /Users/romeobalta/work/n8n/worktrees/nudge-manual-builders-to-aia/packages/@n8n/agents
[36m@n8n/agents:typecheck: [0m> tsc --noEmit
[36m@n8n/agents:typecheck: [0m
[32m@n8n/ai-node-sdk:typecheck: [0m
[32m@n8n/ai-node-sdk:typecheck: [0m> @n8n/ai-node-sdk@0.26.0 typecheck /Users/romeobalta/work/n8n/worktrees/nudge-manual-builders-to-aia/packages/@n8n/ai-node-sdk
[32m@n8n/ai-node-sdk:typecheck: [0m> tsc --noEmit
[32m@n8n/ai-node-sdk:typecheck: [0m
[33m@n8n/agents:build: [0mcache hit, replaying logs [2m0af2192d76f5f9cf[0m
[33m@n8n/agents:build: [0m[43m[30m WARN [39m[49m Unsupported engine: wanted: {"node":">=24.0.0"} (current: {"node":"v22.22.3","pnpm":"10.32.1"})
[33m@n8n/agents:build: [0m
[33m@n8n/agents:build: [0m> @n8n/agents@0.21.0 build /Users/romeobalta/work/n8n/worktrees/nudge-manual-builders-to-aia/packages/@n8n/agents
[33m@n8n/agents:build: [0m> rimraf dist && tsc -p tsconfig.build.json
[33m@n8n/agents:build: [0m
[34m@n8n/ai-workflow-builder:typecheck: [0mcache miss, executing [2mbefa3a6f09c44b83[0m
[34m@n8n/ai-workflow-builder:typecheck: [0m
[34m@n8n/ai-workflow-builder:typecheck: [0m> @n8n/ai-workflow-builder@1.36.0 typecheck /Users/romeobalta/work/n8n/worktrees/nudge-manual-builders-to-aia/packages/@n8n/ai-workflow-builder.ee
[34m@n8n/ai-workflow-builder:typecheck: [0m> tsc --noEmit
[34m@n8n/ai-workflow-builder:typecheck: [0m
[36m@n8n/ai-workflow-builder:build: [0mcache hit, replaying logs [2mbf77ddd6912770ba[0m
[36m@n8n/ai-workflow-builder:build: [0m
[36m@n8n/ai-workflow-builder:build: [0m> @n8n/ai-workflow-builder@1.36.0 build /Users/romeobalta/work/n8n/worktrees/nudge-manual-builders-to-aia/packages/@n8n/ai-workflow-builder.ee
[36m@n8n/ai-workflow-builder:build: [0m> tsc -p ./tsconfig.build.json && tsc-alias -p tsconfig.build.json
[36m@n8n/ai-workflow-builder:build: [0m
[35m@n8n/db:typecheck: [0mcache miss, executing [2m85af3c753e621426[0m
[35m@n8n/db:typecheck: [0m
[35m@n8n/db:typecheck: [0m> @n8n/db@1.36.0 typecheck /Users/romeobalta/work/n8n/worktrees/nudge-manual-builders-to-aia/packages/@n8n/db
[35m@n8n/db:typecheck: [0m> pnpm gen:migration-index && tsc --noEmit
[35m@n8n/db:typecheck: [0m
[35m@n8n/db:typecheck: [0m../../..                                 | [43m[30m WARN [39m[49m Unsupported engine: wanted: {"node":">=24.0.0"} (current: {"node":"v22.22.3","pnpm":"10.32.1"})
[35m@n8n/db:typecheck: [0m../agents                                | [43m[30m WARN [39m[49m Unsupported engine: wanted: {"node":">=24.0.0"} (current: {"node":"v22.22.3","pnpm":"10.32.1"})
[35m@n8n/db:typecheck: [0m../benchmark                             | [43m[30m WARN [39m[49m Unsupported engine: wanted: {"node":">=24.0.0"} (current: {"node":"v22.22.3","pnpm":"10.32.1"})
[35m@n8n/db:typecheck: [0m../../cli                                | [43m[30m WARN [39m[49m Unsupported engine: wanted: {"node":">=24.0.0"} (current: {"node":"v22.22.3","pnpm":"10.32.1"})
[35m@n8n/db:typecheck: [0m
[35m@n8n/db:typecheck: [0m> @n8n/db@1.36.0 gen:migration-index /Users/romeobalta/work/n8n/worktrees/nudge-manual-builders-to-aia/packages/@n8n/db
[35m@n8n/db:typecheck: [0m> node scripts/generate-migration-index.mjs
[35m@n8n/db:typecheck: [0m
[32m@n8n/task-runner:build: [0mcache hit, replaying logs [2m7f58fcd58f5d3e04[0m
[32m@n8n/task-runner:build: [0m
[32m@n8n/task-runner:build: [0m> @n8n/task-runner@2.36.0 build /Users/romeobalta/work/n8n/worktrees/nudge-manual-builders-to-aia/packages/@n8n/task-runner
[32m@n8n/task-runner:build: [0m> tsc -p ./tsconfig.build.json && tsc-alias -p tsconfig.build.json
[32m@n8n/task-runner:build: [0m
[33mn8n-nodes-base:typecheck: [0mcache miss, executing [2m74aef3690db47699[0m
[35m@n8n/db:typecheck: [0mgenerated src/migrations/{sqlite,postgresdb}/index.ts
[33mn8n-nodes-base:typecheck: [0m
[33mn8n-nodes-base:typecheck: [0m> n8n-nodes-base@2.36.0 typecheck /Users/romeobalta/work/n8n/worktrees/nudge-manual-builders-to-aia/packages/nodes-base
[33mn8n-nodes-base:typecheck: [0m> tsc --noEmit
[33mn8n-nodes-base:typecheck: [0m
[34m@n8n/task-runner:typecheck: [0mcache miss, executing [2m70d8579e31b3139d[0m
[34m@n8n/task-runner:typecheck: [0m
[34m@n8n/task-runner:typecheck: [0m> @n8n/task-runner@2.36.0 typecheck /Users/romeobalta/work/n8n/worktrees/nudge-manual-builders-to-aia/packages/@n8n/task-runner
[34m@n8n/task-runner:typecheck: [0m> tsc --noEmit
[34m@n8n/task-runner:typecheck: [0m
[36mn8n-node-dev:typecheck: [0mcache miss, executing [2m9e4a46dda19cc9db[0m
[36mn8n-node-dev:typecheck: [0m
[36mn8n-node-dev:typecheck: [0m> n8n-node-dev@2.9.0 typecheck /Users/romeobalta/work/n8n/worktrees/nudge-manual-builders-to-aia/packages/node-dev
[36mn8n-node-dev:typecheck: [0m> tsc --noEmit
[36mn8n-node-dev:typecheck: [0m
[35m@n8n/db:build: [0mcache hit, replaying logs [2m0c17cb3f59b37e0c[0m
[35m@n8n/db:build: [0m
[35m@n8n/db:build: [0m> @n8n/db@1.36.0 build /Users/romeobalta/work/n8n/worktrees/nudge-manual-builders-to-aia/packages/@n8n/db
[35m@n8n/db:build: [0m> pnpm gen:migration-index && tsc -p tsconfig.build.json
[35m@n8n/db:build: [0m
[35m@n8n/db:build: [0m../../..                                 | [43m[30m WARN [39m[49m Unsupported engine: wanted: {"node":">=24.0.0"} (current: {"node":"v22.22.3","pnpm":"10.32.1"})
[35m@n8n/db:build: [0m../agents                                | [43m[30m WARN [39m[49m Unsupported engine: wanted: {"node":">=24.0.0"} (current: {"node":"v22.22.3","pnpm":"10.32.1"})
[35m@n8n/db:build: [0m../benchmark                             | [43m[30m WARN [39m[49m Unsupported engine: wanted: {"node":">=24.0.0"} (current: {"node":"v22.22.3","pnpm":"10.32.1"})
[35m@n8n/db:build: [0m../../cli                                | [43m[30m WARN [39m[49m Unsupported engine: wanted: {"node":">=24.0.0"} (current: {"node":"v22.22.3","pnpm":"10.32.1"})
[35m@n8n/db:build: [0m
[35m@n8n/db:build: [0m> @n8n/db@1.36.0 gen:migration-index /Users/romeobalta/work/n8n/worktrees/nudge-manual-builders-to-aia/packages/@n8n/db
[35m@n8n/db:build: [0m> node scripts/generate-migration-index.mjs
[35m@n8n/db:build: [0m
[35m@n8n/db:build: [0mgenerated src/migrations/{sqlite,postgresdb}/index.ts
[32mn8n-nodes-base:build: [0mcache hit, replaying logs [2m78dc5d3799b2fe6b[0m
[32mn8n-nodes-base:build: [0m
[32mn8n-nodes-base:build: [0m> n8n-nodes-base@2.36.0 build /Users/romeobalta/work/n8n/worktrees/nudge-manual-builders-to-aia/packages/nodes-base
[32mn8n-nodes-base:build: [0m> tsc --build tsconfig.build.cjs.json && pnpm copy-nodes-json && tsc-alias -p tsconfig.build.cjs.json && pnpm n8n-copy-static-files && pnpm n8n-generate-translations && pnpm n8n-generate-metadata && pnpm n8n-generate-node-defs
[32mn8n-nodes-base:build: [0m
[32mn8n-nodes-base:build: [0m../..                                    | [43m[30m WARN [39m[49m Unsupported engine: wanted: {"node":">=24.0.0"} (current: {"node":"v22.22.3","pnpm":"10.32.1"})
[32mn8n-nodes-base:build: [0m../@n8n/agents                           | [43m[30m WARN [39m[49m Unsupported engine: wanted: {"node":">=24.0.0"} (current: {"node":"v22.22.3","pnpm":"10.32.1"})
[32mn8n-nodes-base:build: [0m../@n8n/benchmark                        | [43m[30m WARN [39m[49m Unsupported engine: wanted: {"node":">=24.0.0"} (current: {"node":"v22.22.3","pnpm":"10.32.1"})
[32mn8n-nodes-base:build: [0m../cli                                   | [43m[30m WARN [39m[49m Unsupported engine: wanted: {"node":">=24.0.0"} (current: {"node":"v22.22.3","pnpm":"10.32.1"})
[32mn8n-nodes-base:build: [0m
[32mn8n-nodes-base:build: [0m> n8n-nodes-base@2.36.0 copy-nodes-json /Users/romeobalta/work/n8n/worktrees/nudge-manual-builders-to-aia/packages/nodes-base
[32mn8n-nodes-base:build: [0m> node scripts/copy-nodes-json.js .
[32mn8n-nodes-base:build: [0m
[32mn8n-nodes-base:build: [0m../..                                    | [43m[30m WARN [39m[49m Unsupported engine: wanted: {"node":">=24.0.0"} (current: {"node":"v22.22.3","pnpm":"10.32.1"})
[32mn8n-nodes-base:build: [0m../@n8n/agents                           | [43m[30m WARN [39m[49m Unsupported engine: wanted: {"node":">=24.0.0"} (current: {"node":"v22.22.3","pnpm":"10.32.1"})
[32mn8n-nodes-base:build: [0m../@n8n/benchmark                        | [43m[30m WARN [39m[49m Unsupported engine: wanted: {"node":">=24.0.0"} (current: {"node":"v22.22.3","pnpm":"10.32.1"})
[32mn8n-nodes-base:build: [0m../cli                                   | [43m[30m WARN [39m[49m Unsupported engine: wanted: {"node":">=24.0.0"} (current: {"node":"v22.22.3","pnpm":"10.32.1"})
[32mn8n-nodes-base:build: [0m../..                                    | [43m[30m WARN [39m[49m Unsupported engine: wanted: {"node":">=24.0.0"} (current: {"node":"v22.22.3","pnpm":"10.32.1"})
[32mn8n-nodes-base:build: [0m../@n8n/agents                           | [43m[30m WARN [39m[49m Unsupported engine: wanted: {"node":">=24.0.0"} (current: {"node":"v22.22.3","pnpm":"10.32.1"})
[32mn8n-nodes-base:build: [0m../@n8n/benchmark                        | [43m[30m WARN [39m[49m Unsupported engine: wanted: {"node":">=24.0.0"} (current: {"node":"v22.22.3","pnpm":"10.32.1"})
[32mn8n-nodes-base:build: [0m../cli                                   | [43m[30m WARN [39m[49m Unsupported engine: wanted: {"node":">=24.0.0"} (current: {"node":"v22.22.3","pnpm":"10.32.1"})
[32mn8n-nodes-base:build: [0m../..                                    | [43m[30m WARN [39m[49m Unsupported engine: wanted: {"node":">=24.0.0"} (current: {"node":"v22.22.3","pnpm":"10.32.1"})
[32mn8n-nodes-base:build: [0m../@n8n/agents                           | [43m[30m WARN [39m[49m Unsupported engine: wanted: {"node":">=24.0.0"} (current: {"node":"v22.22.3","pnpm":"10.32.1"})
[32mn8n-nodes-base:build: [0m../@n8n/benchmark                        | [43m[30m WARN [39m[49m Unsupported engine: wanted: {"node":">=24.0.0"} (current: {"node":"v22.22.3","pnpm":"10.32.1"})
[32mn8n-nodes-base:build: [0m../cli                                   | [43m[30m WARN [39m[49m Unsupported engine: wanted: {"node":">=24.0.0"} (current: {"node":"v22.22.3","pnpm":"10.32.1"})
[32mn8n-nodes-base:build: [0m../..                                    | [43m[30m WARN [39m[49m Unsupported engine: wanted: {"node":">=24.0.0"} (current: {"node":"v22.22.3","pnpm":"10.32.1"})
[32mn8n-nodes-base:build: [0m../@n8n/agents                           | [43m[30m WARN [39m[49m Unsupported engine: wanted: {"node":">=24.0.0"} (current: {"node":"v22.22.3","pnpm":"10.32.1"})
[32mn8n-nodes-base:build: [0m../@n8n/benchmark                        | [43m[30m WARN [39m[49m Unsupported engine: wanted: {"node":">=24.0.0"} (current: {"node":"v22.22.3","pnpm":"10.32.1"})
[32mn8n-nodes-base:build: [0m../cli                                   | [43m[30m WARN [39m[49m Unsupported engine: wanted: {"node":">=24.0.0"} (current: {"node":"v22.22.3","pnpm":"10.32.1"})
[32mn8n-nodes-base:build: [0mDefault locale set to: [35men[0m
[32mn8n-nodes-base:build: [0mNo translation required - Skipping translations build...
[32mn8n-nodes-base:build: [0m../..                                    | [43m[30m WARN [39m[49m Unsupported engine: wanted: {"node":">=24.0.0"} (current: {"node":"v22.22.3","pnpm":"10.32.1"})
[32mn8n-nodes-base:build: [0m../@n8n/agents                           | [43m[30m WARN [39m[49m Unsupported engine: wanted: {"node":">=24.0.0"} (current: {"node":"v22.22.3","pnpm":"10.32.1"})
[32mn8n-nodes-base:build: [0m../@n8n/benchmark                        | [43m[30m WARN [39m[49m Unsupported engine: wanted: {"node":">=24.0.0"} (current: {"node":"v22.22.3","pnpm":"10.32.1"})
[32mn8n-nodes-base:build: [0m../cli                                   | [43m[30m WARN [39m[49m Unsupported engine: wanted: {"node":">=24.0.0"} (current: {"node":"v22.22.3","pnpm":"10.32.1"})
[32mn8n-nodes-base:build: [0m../..                                    | [43m[30m WARN [39m[49m Unsupported engine: wanted: {"node":">=24.0.0"} (current: {"node":"v22.22.3","pnpm":"10.32.1"})
[32mn8n-nodes-base:build: [0m../@n8n/agents                           | [43m[30m WARN [39m[49m Unsupported engine: wanted: {"node":">=24.0.0"} (current: {"node":"v22.22.3","pnpm":"10.32.1"})
[32mn8n-nodes-base:build: [0m../@n8n/benchmark                        | [43m[30m WARN [39m[49m Unsupported engine: wanted: {"node":">=24.0.0"} (current: {"node":"v22.22.3","pnpm":"10.32.1"})
[32mn8n-nodes-base:build: [0m../cli                                   | [43m[30m WARN [39m[49m Unsupported engine: wanted: {"node":">=24.0.0"} (current: {"node":"v22.22.3","pnpm":"10.32.1"})
[32mn8n-nodes-base:build: [0m../..                                    | [43m[30m WARN [39m[49m Unsupported engine: wanted: {"node":">=24.0.0"} (current: {"node":"v22.22.3","pnpm":"10.32.1"})
[32mn8n-nodes-base:build: [0m../@n8n/agents                           | [43m[30m WARN [39m[49m Unsupported engine: wanted: {"node":">=24.0.0"} (current: {"node":"v22.22.3","pnpm":"10.32.1"})
[32mn8n-nodes-base:build: [0m../@n8n/benchmark                        | [43m[30m WARN [39m[49m Unsupported engine: wanted: {"node":">=24.0.0"} (current: {"node":"v22.22.3","pnpm":"10.32.1"})
[32mn8n-nodes-base:build: [0m../cli                                   | [43m[30m WARN [39m[49m Unsupported engine: wanted: {"node":">=24.0.0"} (current: {"node":"v22.22.3","pnpm":"10.32.1"})
[32mn8n-nodes-base:build: [0m../..                                    | [43m[30m WARN [39m[49m Unsupported engine: wanted: {"node":">=24.0.0"} (current: {"node":"v22.22.3","pnpm":"10.32.1"})
[32mn8n-nodes-base:build: [0m../@n8n/agents                           | [43m[30m WARN [39m[49m Unsupported engine: wanted: {"node":">=24.0.0"} (current: {"node":"v22.22.3","pnpm":"10.32.1"})
[32mn8n-nodes-base:build: [0m../@n8n/benchmark                        | [43m[30m WARN [39m[49m Unsupported engine: wanted: {"node":">=24.0.0"} (current: {"node":"v22.22.3","pnpm":"10.32.1"})
[32mn8n-nodes-base:build: [0m../cli                                   | [43m[30m WARN [39m[49m Unsupported engine: wanted: {"node":">=24.0.0"} (current: {"node":"v22.22.3","pnpm":"10.32.1"})
[32mn8n-nodes-base:build: [0mGenerated node definitions for 421 nodes in /Users/romeobalta/work/n8n/worktrees/nudge-manual-builders-to-aia/packages/nodes-base/dist/node-definitions
[33m@n8n/node-cli:typecheck: [0mcache miss, executing [2mf2ef5d9a4a35557a[0m
[33m@n8n/node-cli:typecheck: [0m
[33m@n8n/node-cli:typecheck: [0m> @n8n/node-cli@0.45.0 typecheck /Users/romeobalta/work/n8n/worktrees/nudge-manual-builders-to-aia/packages/@n8n/node-cli
[33m@n8n/node-cli:typecheck: [0m> tsc --noEmit
[33m@n8n/node-cli:typecheck: [0m
[34m@n8n/node-cli:build: [0mcache hit, replaying logs [2m339c0f686ec24016[0m
[34m@n8n/node-cli:build: [0m
[34m@n8n/node-cli:build: [0m> @n8n/node-cli@0.45.0 build /Users/romeobalta/work/n8n/worktrees/nudge-manual-builders-to-aia/packages/@n8n/node-cli
[34m@n8n/node-cli:build: [0m> tsc -p tsconfig.build.json && pnpm copy-templates
[34m@n8n/node-cli:build: [0m
[34m@n8n/node-cli:build: [0m../../..                                 | [43m[30m WARN [39m[49m Unsupported engine: wanted: {"node":">=24.0.0"} (current: {"node":"v22.22.3","pnpm":"10.32.1"})
[34m@n8n/node-cli:build: [0m../agents                                | [43m[30m WARN [39m[49m Unsupported engine: wanted: {"node":">=24.0.0"} (current: {"node":"v22.22.3","pnpm":"10.32.1"})
[34m@n8n/node-cli:build: [0m../benchmark                             | [43m[30m WARN [39m[49m Unsupported engine: wanted: {"node":">=24.0.0"} (current: {"node":"v22.22.3","pnpm":"10.32.1"})
[34m@n8n/node-cli:build: [0m../../cli                                | [43m[30m WARN [39m[49m Unsupported engine: wanted: {"node":">=24.0.0"} (current: {"node":"v22.22.3","pnpm":"10.32.1"})
[34m@n8n/node-cli:build: [0m
[34m@n8n/node-cli:build: [0m> @n8n/node-cli@0.45.0 copy-templates /Users/romeobalta/work/n8n/worktrees/nudge-manual-builders-to-aia/packages/@n8n/node-cli
[34m@n8n/node-cli:build: [0m> node scripts/copy-templates.mjs
[34m@n8n/node-cli:build: [0m
[36m@n8n/instance-ai:typecheck: [0mcache miss, executing [2m8f9e7461892787fe[0m
[36m@n8n/instance-ai:typecheck: [0m
[36m@n8n/instance-ai:typecheck: [0m> @n8n/instance-ai@1.21.0 typecheck /Users/romeobalta/work/n8n/worktrees/nudge-manual-builders-to-aia/packages/@n8n/instance-ai
[36m@n8n/instance-ai:typecheck: [0m> tsc --noEmit && tsc -p evaluations/tsconfig.json
[36m@n8n/instance-ai:typecheck: [0m
[35m@n8n/instance-ai:build: [0mcache hit, replaying logs [2m16f0651ff4c51109[0m
[35m@n8n/instance-ai:build: [0m
[35m@n8n/instance-ai:build: [0m> @n8n/instance-ai@1.21.0 build /Users/romeobalta/work/n8n/worktrees/nudge-manual-builders-to-aia/packages/@n8n/instance-ai
[35m@n8n/instance-ai:build: [0m> tsc -p ./tsconfig.build.json && tsc-alias -p tsconfig.build.json
[35m@n8n/instance-ai:build: [0m
[32m@n8n/backend-test-utils:typecheck: [0mcache miss, executing [2m755ffe048daa25c5[0m
[32m@n8n/backend-test-utils:typecheck: [0m
[32m@n8n/backend-test-utils:typecheck: [0m> @n8n/backend-test-utils@1.36.0 typecheck /Users/romeobalta/work/n8n/worktrees/nudge-manual-builders-to-aia/packages/@n8n/backend-test-utils
[32m@n8n/backend-test-utils:typecheck: [0m> tsc --noEmit
[32m@n8n/backend-test-utils:typecheck: [0m
[33m@n8n/backend-test-utils:build: [0mcache hit, replaying logs [2mefe8eb948dd73da8[0m
[33m@n8n/backend-test-utils:build: [0m
[33m@n8n/backend-test-utils:build: [0m> @n8n/backend-test-utils@1.36.0 build /Users/romeobalta/work/n8n/worktrees/nudge-manual-builders-to-aia/packages/@n8n/backend-test-utils
[33m@n8n/backend-test-utils:build: [0m> tsc -p tsconfig.build.json
[33m@n8n/backend-test-utils:build: [0m
[34m@n8n/n8n-nodes-langchain:typecheck: [0mcache miss, executing [2m7ecbd217e6150cd8[0m
[34m@n8n/n8n-nodes-langchain:typecheck: [0m
[34m@n8n/n8n-nodes-langchain:typecheck: [0m> @n8n/n8n-nodes-langchain@2.36.0 typecheck /Users/romeobalta/work/n8n/worktrees/nudge-manual-builders-to-aia/packages/@n8n/nodes-langchain
[34m@n8n/n8n-nodes-langchain:typecheck: [0m> tsc --noEmit
[34m@n8n/n8n-nodes-langchain:typecheck: [0m
[36m@n8n/node-engine-compatibility:typecheck: [0mcache miss, executing [2mfeee781c47e328ed[0m
[36m@n8n/node-engine-compatibility:typecheck: [0m
[36m@n8n/node-engine-compatibility:typecheck: [0m> @n8n/node-engine-compatibility@0.4.0 typecheck /Users/romeobalta/work/n8n/worktrees/nudge-manual-builders-to-aia/packages/@n8n/node-engine-compatibility
[36m@n8n/node-engine-compatibility:typecheck: [0m> tsc --noEmit
[36m@n8n/node-engine-compatibility:typecheck: [0m
[35m@n8n/n8n-nodes-langchain:build: [0mcache hit, replaying logs [2ma06017f317348616[0m
[35m@n8n/n8n-nodes-langchain:build: [0m
[35m@n8n/n8n-nodes-langchain:build: [0m> @n8n/n8n-nodes-langchain@2.36.0 build /Users/romeobalta/work/n8n/worktrees/nudge-manual-builders-to-aia/packages/@n8n/nodes-langchain
[35m@n8n/n8n-nodes-langchain:build: [0m> tsc --build tsconfig.build.json && pnpm copy-nodes-json && tsc-alias -p tsconfig.build.json && pnpm n8n-copy-static-files && pnpm n8n-generate-metadata && pnpm n8n-generate-node-defs
[35m@n8n/n8n-nodes-langchain:build: [0m
[35m@n8n/n8n-nodes-langchain:build: [0m../../..                                 | [43m[30m WARN [39m[49m Unsupported engine: wanted: {"node":">=24.0.0"} (current: {"node":"v22.22.3","pnpm":"10.32.1"})
[35m@n8n/n8n-nodes-langchain:build: [0m../agents                                | [43m[30m WARN [39m[49m Unsupported engine: wanted: {"node":">=24.0.0"} (current: {"node":"v22.22.3","pnpm":"10.32.1"})
[35m@n8n/n8n-nodes-langchain:build: [0m../benchmark                             | [43m[30m WARN [39m[49m Unsupported engine: wanted: {"node":">=24.0.0"} (current: {"node":"v22.22.3","pnpm":"10.32.1"})
[35m@n8n/n8n-nodes-langchain:build: [0m../../cli                                | [43m[30m WARN [39m[49m Unsupported engine: wanted: {"node":">=24.0.0"} (current: {"node":"v22.22.3","pnpm":"10.32.1"})
[35m@n8n/n8n-nodes-langchain:build: [0m
[35m@n8n/n8n-nodes-langchain:build: [0m> @n8n/n8n-nodes-langchain@2.36.0 copy-nodes-json /Users/romeobalta/work/n8n/worktrees/nudge-manual-builders-to-aia/packages/@n8n/nodes-langchain
[35m@n8n/n8n-nodes-langchain:build: [0m> node ../../nodes-base/scripts/copy-nodes-json.js .
[35m@n8n/n8n-nodes-langchain:build: [0m
[35m@n8n/n8n-nodes-langchain:build: [0m../../..                                 | [43m[30m WARN [39m[49m Unsupported engine: wanted: {"node":">=24.0.0"} (current: {"node":"v22.22.3","pnpm":"10.32.1"})
[35m@n8n/n8n-nodes-langchain:build: [0m../agents                                | [43m[30m WARN [39m[49m Unsupported engine: wanted: {"node":">=24.0.0"} (current: {"node":"v22.22.3","pnpm":"10.32.1"})
[35m@n8n/n8n-nodes-langchain:build: [0m../benchmark                             | [43m[30m WARN [39m[49m Unsupported engine: wanted: {"node":">=24.0.0"} (current: {"node":"v22.22.3","pnpm":"10.32.1"})
[35m@n8n/n8n-nodes-langchain:build: [0m../../cli                                | [43m[30m WARN [39m[49m Unsupported engine: wanted: {"node":">=24.0.0"} (current: {"node":"v22.22.3","pnpm":"10.32.1"})
[35m@n8n/n8n-nodes-langchain:build: [0m../../..                                 | [43m[30m WARN [39m[49m Unsupported engine: wanted: {"node":">=24.0.0"} (current: {"node":"v22.22.3","pnpm":"10.32.1"})
[35m@n8n/n8n-nodes-langchain:build: [0m../agents                                | [43m[30m WARN [39m[49m Unsupported engine: wanted: {"node":">=24.0.0"} (current: {"node":"v22.22.3","pnpm":"10.32.1"})
[35m@n8n/n8n-nodes-langchain:build: [0m../benchmark                             | [43m[30m WARN [39m[49m Unsupported engine: wanted: {"node":">=24.0.0"} (current: {"node":"v22.22.3","pnpm":"10.32.1"})
[35m@n8n/n8n-nodes-langchain:build: [0m../../cli                                | [43m[30m WARN [39m[49m Unsupported engine: wanted: {"node":">=24.0.0"} (current: {"node":"v22.22.3","pnpm":"10.32.1"})
[35m@n8n/n8n-nodes-langchain:build: [0m../../..                                 | [43m[30m WARN [39m[49m Unsupported engine: wanted: {"node":">=24.0.0"} (current: {"node":"v22.22.3","pnpm":"10.32.1"})
[35m@n8n/n8n-nodes-langchain:build: [0m../agents                                | [43m[30m WARN [39m[49m Unsupported engine: wanted: {"node":">=24.0.0"} (current: {"node":"v22.22.3","pnpm":"10.32.1"})
[35m@n8n/n8n-nodes-langchain:build: [0m../benchmark                             | [43m[30m WARN [39m[49m Unsupported engine: wanted: {"node":">=24.0.0"} (current: {"node":"v22.22.3","pnpm":"10.32.1"})
[35m@n8n/n8n-nodes-langchain:build: [0m../../cli                                | [43m[30m WARN [39m[49m Unsupported engine: wanted: {"node":">=24.0.0"} (current: {"node":"v22.22.3","pnpm":"10.32.1"})
[35m@n8n/n8n-nodes-langchain:build: [0m../../..                                 | [43m[30m WARN [39m[49m Unsupported engine: wanted: {"node":">=24.0.0"} (current: {"node":"v22.22.3","pnpm":"10.32.1"})
[35m@n8n/n8n-nodes-langchain:build: [0m../agents                                | [43m[30m WARN [39m[49m Unsupported engine: wanted: {"node":">=24.0.0"} (current: {"node":"v22.22.3","pnpm":"10.32.1"})
[35m@n8n/n8n-nodes-langchain:build: [0m../benchmark                             | [43m[30m WARN [39m[49m Unsupported engine: wanted: {"node":">=24.0.0"} (current: {"node":"v22.22.3","pnpm":"10.32.1"})
[35m@n8n/n8n-nodes-langchain:build: [0m../../cli                                | [43m[30m WARN [39m[49m Unsupported engine: wanted: {"node":">=24.0.0"} (current: {"node":"v22.22.3","pnpm":"10.32.1"})
[35m@n8n/n8n-nodes-langchain:build: [0m../../..                                 | [43m[30m WARN [39m[49m Unsupported engine: wanted: {"node":">=24.0.0"} (current: {"node":"v22.22.3","pnpm":"10.32.1"})
[35m@n8n/n8n-nodes-langchain:build: [0m../agents                                | [43m[30m WARN [39m[49m Unsupported engine: wanted: {"node":">=24.0.0"} (current: {"node":"v22.22.3","pnpm":"10.32.1"})
[35m@n8n/n8n-nodes-langchain:build: [0m../benchmark                             | [43m[30m WARN [39m[49m Unsupported engine: wanted: {"node":">=24.0.0"} (current: {"node":"v22.22.3","pnpm":"10.32.1"})
[35m@n8n/n8n-nodes-langchain:build: [0m../../cli                                | [43m[30m WARN [39m[49m Unsupported engine: wanted: {"node":">=24.0.0"} (current: {"node":"v22.22.3","pnpm":"10.32.1"})
[35m@n8n/n8n-nodes-langchain:build: [0m../../..                                 | [43m[30m WARN [39m[49m Unsupported engine: wanted: {"node":">=24.0.0"} (current: {"node":"v22.22.3","pnpm":"10.32.1"})
[35m@n8n/n8n-nodes-langchain:build: [0m../agents                                | [43m[30m WARN [39m[49m Unsupported engine: wanted: {"node":">=24.0.0"} (current: {"node":"v22.22.3","pnpm":"10.32.1"})
[35m@n8n/n8n-nodes-langchain:build: [0m../benchmark                             | [43m[30m WARN [39m[49m Unsupported engine: wanted: {"node":">=24.0.0"} (current: {"node":"v22.22.3","pnpm":"10.32.1"})
[35m@n8n/n8n-nodes-langchain:build: [0m../../cli                                | [43m[30m WARN [39m[49m Unsupported engine: wanted: {"node":">=24.0.0"} (current: {"node":"v22.22.3","pnpm":"10.32.1"})
[35m@n8n/n8n-nodes-langchain:build: [0mNode definitions up to date (hash match), skipping generation.
[32m@n8n/node-engine-compatibility:build: [0mcache hit, replaying logs [2m2a695bace0aff646[0m
[32m@n8n/node-engine-compatibility:build: [0m
[32m@n8n/node-engine-compatibility:build: [0m> @n8n/node-engine-compatibility@0.4.0 build /Users/romeobalta/work/n8n/worktrees/nudge-manual-builders-to-aia/packages/@n8n/node-engine-compatibility
[32m@n8n/node-engine-compatibility:build: [0m> tsc -p tsconfig.build.json
[32m@n8n/node-engine-compatibility:build: [0m
[33mn8n:typecheck: [0mcache miss, executing [2mb56cf241c35793ee[0m
[33mn8n:typecheck: [0m[43m[30m WARN [39m[49m Unsupported engine: wanted: {"node":">=24.0.0"} (current: {"node":"v22.22.3","pnpm":"10.32.1"})
[33mn8n:typecheck: [0m
[33mn8n:typecheck: [0m> n8n@2.36.0 typecheck /Users/romeobalta/work/n8n/worktrees/nudge-manual-builders-to-aia/packages/cli
[33mn8n:typecheck: [0m> tsc --noEmit
[33mn8n:typecheck: [0m
[34mn8n:build: [0mcache hit, replaying logs [2md24421f4b02fef4a[0m
[34mn8n:build: [0m[43m[30m WARN [39m[49m Unsupported engine: wanted: {"node":">=24.0.0"} (current: {"node":"v22.22.3","pnpm":"10.32.1"})
[34mn8n:build: [0m
[34mn8n:build: [0m> n8n@2.36.0 build /Users/romeobalta/work/n8n/worktrees/nudge-manual-builders-to-aia/packages/cli
[34mn8n:build: [0m> tsc -p tsconfig.build.json && tsc-alias -p tsconfig.build.json && pnpm run build:data && pnpm run build:agent-library
[34mn8n:build: [0m
[34mn8n:build: [0m../..                                    | [43m[30m WARN [39m[49m Unsupported engine: wanted: {"node":">=24.0.0"} (current: {"node":"v22.22.3","pnpm":"10.32.1"})
[34mn8n:build: [0m../@n8n/agents                           | [43m[30m WARN [39m[49m Unsupported engine: wanted: {"node":">=24.0.0"} (current: {"node":"v22.22.3","pnpm":"10.32.1"})
[34mn8n:build: [0m../@n8n/benchmark                        | [43m[30m WARN [39m[49m Unsupported engine: wanted: {"node":">=24.0.0"} (current: {"node":"v22.22.3","pnpm":"10.32.1"})
[34mn8n:build: [0m[43m[30m WARN [39m[49m Unsupported engine: wanted: {"node":">=24.0.0"} (current: {"node":"v22.22.3","pnpm":"10.32.1"})
[34mn8n:build: [0m[43m[30m WARN [39m[49m Unsupported engine: wanted: {"node":">=24.0.0"} (current: {"node":"v22.22.3","pnpm":"10.32.1"})
[34mn8n:build: [0m
[34mn8n:build: [0m> n8n@2.36.0 build:data /Users/romeobalta/work/n8n/worktrees/nudge-manual-builders-to-aia/packages/cli
[34mn8n:build: [0m> node scripts/build.mjs
[34mn8n:build: [0m
[34mn8n:build: [0m../..                                    | [43m[30m WARN [39m[49m Unsupported engine: wanted: {"node":">=24.0.0"} (current: {"node":"v22.22.3","pnpm":"10.32.1"})
[34mn8n:build: [0m../@n8n/agents                           | [43m[30m WARN [39m[49m Unsupported engine: wanted: {"node":">=24.0.0"} (current: {"node":"v22.22.3","pnpm":"10.32.1"})
[34mn8n:build: [0m../@n8n/benchmark                        | [43m[30m WARN [39m[49m Unsupported engine: wanted: {"node":">=24.0.0"} (current: {"node":"v22.22.3","pnpm":"10.32.1"})
[34mn8n:build: [0m[43m[30m WARN [39m[49m Unsupported engine: wanted: {"node":">=24.0.0"} (current: {"node":"v22.22.3","pnpm":"10.32.1"})
[34mn8n:build: [0m[43m[30m WARN [39m[49m Unsupported engine: wanted: {"node":">=24.0.0"} (current: {"node":"v22.22.3","pnpm":"10.32.1"})
[34mn8n:build: [0m../..                                    | [43m[30m WARN [39m[49m Unsupported engine: wanted: {"node":">=24.0.0"} (current: {"node":"v22.22.3","pnpm":"10.32.1"})
[34mn8n:build: [0m../@n8n/agents                           | [43m[30m WARN [39m[49m Unsupported engine: wanted: {"node":">=24.0.0"} (current: {"node":"v22.22.3","pnpm":"10.32.1"})
[34mn8n:build: [0m../@n8n/benchmark                        | [43m[30m WARN [39m[49m Unsupported engine: wanted: {"node":">=24.0.0"} (current: {"node":"v22.22.3","pnpm":"10.32.1"})
[34mn8n:build: [0m[43m[30m WARN [39m[49m Unsupported engine: wanted: {"node":">=24.0.0"} (current: {"node":"v22.22.3","pnpm":"10.32.1"})
[34mn8n:build: [0m../..                                    | [43m[30m WARN [39m[49m Unsupported engine: wanted: {"node":">=24.0.0"} (current: {"node":"v22.22.3","pnpm":"10.32.1"})
[34mn8n:build: [0m../@n8n/agents                           | [43m[30m WARN [39m[49m Unsupported engine: wanted: {"node":">=24.0.0"} (current: {"node":"v22.22.3","pnpm":"10.32.1"})
[34mn8n:build: [0m../@n8n/benchmark                        | [43m[30m WARN [39m[49m Unsupported engine: wanted: {"node":">=24.0.0"} (current: {"node":"v22.22.3","pnpm":"10.32.1"})
[34mn8n:build: [0m[43m[30m WARN [39m[49m Unsupported engine: wanted: {"node":">=24.0.0"} (current: {"node":"v22.22.3","pnpm":"10.32.1"})
[34mn8n:build: [0m[43m[30m WARN [39m[49m Unsupported engine: wanted: {"node":">=24.0.0"} (current: {"node":"v22.22.3","pnpm":"10.32.1"})
[34mn8n:build: [0m../..                                    | [43m[30m WARN [39m[49m Unsupported engine: wanted: {"node":">=24.0.0"} (current: {"node":"v22.22.3","pnpm":"10.32.1"})
[34mn8n:build: [0m../@n8n/agents                           | [43m[30m WARN [39m[49m Unsupported engine: wanted: {"node":">=24.0.0"} (current: {"node":"v22.22.3","pnpm":"10.32.1"})
[34mn8n:build: [0m../@n8n/benchmark                        | [43m[30m WARN [39m[49m Unsupported engine: wanted: {"node":">=24.0.0"} (current: {"node":"v22.22.3","pnpm":"10.32.1"})
[34mn8n:build: [0m[43m[30m WARN [39m[49m Unsupported engine: wanted: {"node":">=24.0.0"} (current: {"node":"v22.22.3","pnpm":"10.32.1"})
[34mn8n:build: [0m../..                                    | [43m[30m WARN [39m[49m Unsupported engine: wanted: {"node":">=24.0.0"} (current: {"node":"v22.22.3","pnpm":"10.32.1"})
[34mn8n:build: [0m../@n8n/agents                           | [43m[30m WARN [39m[49m Unsupported engine: wanted: {"node":">=24.0.0"} (current: {"node":"v22.22.3","pnpm":"10.32.1"})
[34mn8n:build: [0m../@n8n/benchmark                        | [43m[30m WARN [39m[49m Unsupported engine: wanted: {"node":">=24.0.0"} (current: {"node":"v22.22.3","pnpm":"10.32.1"})
[34mn8n:build: [0m[43m[30m WARN [39m[49m Unsupported engine: wanted: {"node":">=24.0.0"} (current: {"node":"v22.22.3","pnpm":"10.32.1"})
[34mn8n:build: [0m[43m[30m WARN [39m[49m Unsupported engine: wanted: {"node":">=24.0.0"} (current: {"node":"v22.22.3","pnpm":"10.32.1"})
[34mn8n:build: [0m../..                                    | [43m[30m WARN [39m[49m Unsupported engine: wanted: {"node":">=24.0.0"} (current: {"node":"v22.22.3","pnpm":"10.32.1"})
[34mn8n:build: [0m../@n8n/agents                           | [43m[30m WARN [39m[49m Unsupported engine: wanted: {"node":">=24.0.0"} (current: {"node":"v22.22.3","pnpm":"10.32.1"})
[34mn8n:build: [0m../@n8n/benchmark                        | [43m[30m WARN [39m[49m Unsupported engine: wanted: {"node":">=24.0.0"} (current: {"node":"v22.22.3","pnpm":"10.32.1"})
[34mn8n:build: [0m[43m[30m WARN [39m[49m Unsupported engine: wanted: {"node":">=24.0.0"} (current: {"node":"v22.22.3","pnpm":"10.32.1"})
[34mn8n:build: [0m../..                                    | [43m[30m WARN [39m[49m Unsupported engine: wanted: {"node":">=24.0.0"} (current: {"node":"v22.22.3","pnpm":"10.32.1"})
[34mn8n:build: [0m../@n8n/agents                           | [43m[30m WARN [39m[49m Unsupported engine: wanted: {"node":">=24.0.0"} (current: {"node":"v22.22.3","pnpm":"10.32.1"})
[34mn8n:build: [0m../@n8n/benchmark                        | [43m[30m WARN [39m[49m Unsupported engine: wanted: {"node":">=24.0.0"} (current: {"node":"v22.22.3","pnpm":"10.32.1"})
[34mn8n:build: [0m[43m[30m WARN [39m[49m Unsupported engine: wanted: {"node":">=24.0.0"} (current: {"node":"v22.22.3","pnpm":"10.32.1"})
[34mn8n:build: [0m[43m[30m WARN [39m[49m Unsupported engine: wanted: {"node":">=24.0.0"} (current: {"node":"v22.22.3","pnpm":"10.32.1"})
[34mn8n:build: [0m../..                                    | [43m[30m WARN [39m[49m Unsupported engine: wanted: {"node":">=24.0.0"} (current: {"node":"v22.22.3","pnpm":"10.32.1"})
[34mn8n:build: [0m../@n8n/agents                           | [43m[30m WARN [39m[49m Unsupported engine: wanted: {"node":">=24.0.0"} (current: {"node":"v22.22.3","pnpm":"10.32.1"})
[34mn8n:build: [0m../@n8n/benchmark                        | [43m[30m WARN [39m[49m Unsupported engine: wanted: {"node":">=24.0.0"} (current: {"node":"v22.22.3","pnpm":"10.32.1"})
[34mn8n:build: [0m[43m[30m WARN [39m[49m Unsupported engine: wanted: {"node":">=24.0.0"} (current: {"node":"v22.22.3","pnpm":"10.32.1"})
[34mn8n:build: [0m../..                                    | [43m[30m WARN [39m[49m Unsupported engine: wanted: {"node":">=24.0.0"} (current: {"node":"v22.22.3","pnpm":"10.32.1"})
[34mn8n:build: [0m../@n8n/agents                           | [43m[30m WARN [39m[49m Unsupported engine: wanted: {"node":">=24.0.0"} (current: {"node":"v22.22.3","pnpm":"10.32.1"})
[34mn8n:build: [0m../@n8n/benchmark                        | [43m[30m WARN [39m[49m Unsupported engine: wanted: {"node":">=24.0.0"} (current: {"node":"v22.22.3","pnpm":"10.32.1"})
[34mn8n:build: [0m[43m[30m WARN [39m[49m Unsupported engine: wanted: {"node":">=24.0.0"} (current: {"node":"v22.22.3","pnpm":"10.32.1"})
[34mn8n:build: [0m[43m[30m WARN [39m[49m Unsupported engine: wanted: {"node":">=24.0.0"} (current: {"node":"v22.22.3","pnpm":"10.32.1"})
[34mn8n:build: [0m../..                                    | [43m[30m WARN [39m[49m Unsupported engine: wanted: {"node":">=24.0.0"} (current: {"node":"v22.22.3","pnpm":"10.32.1"})
[34mn8n:build: [0m../@n8n/agents                           | [43m[30m WARN [39m[49m Unsupported engine: wanted: {"node":">=24.0.0"} (current: {"node":"v22.22.3","pnpm":"10.32.1"})
[34mn8n:build: [0m../@n8n/benchmark                        | [43m[30m WARN [39m[49m Unsupported engine: wanted: {"node":">=24.0.0"} (current: {"node":"v22.22.3","pnpm":"10.32.1"})
[34mn8n:build: [0m[43m[30m WARN [39m[49m Unsupported engine: wanted: {"node":">=24.0.0"} (current: {"node":"v22.22.3","pnpm":"10.32.1"})
[34mn8n:build: [0m../..                                    | [43m[30m WARN [39m[49m Unsupported engine: wanted: {"node":">=24.0.0"} (current: {"node":"v22.22.3","pnpm":"10.32.1"})
[34mn8n:build: [0m../@n8n/agents                           | [43m[30m WARN [39m[49m Unsupported engine: wanted: {"node":">=24.0.0"} (current: {"node":"v22.22.3","pnpm":"10.32.1"})
[34mn8n:build: [0m../@n8n/benchmark                        | [43m[30m WARN [39m[49m Unsupported engine: wanted: {"node":">=24.0.0"} (current: {"node":"v22.22.3","pnpm":"10.32.1"})
[34mn8n:build: [0m[43m[30m WARN [39m[49m Unsupported engine: wanted: {"node":">=24.0.0"} (current: {"node":"v22.22.3","pnpm":"10.32.1"})
[34mn8n:build: [0m[43m[30m WARN [39m[49m Unsupported engine: wanted: {"node":">=24.0.0"} (current: {"node":"v22.22.3","pnpm":"10.32.1"})
[34mn8n:build: [0m../..                                    | [43m[30m WARN [39m[49m Unsupported engine: wanted: {"node":">=24.0.0"} (current: {"node":"v22.22.3","pnpm":"10.32.1"})
[34mn8n:build: [0m../@n8n/agents                           | [43m[30m WARN [39m[49m Unsupported engine: wanted: {"node":">=24.0.0"} (current: {"node":"v22.22.3","pnpm":"10.32.1"})
[34mn8n:build: [0m../@n8n/benchmark                        | [43m[30m WARN [39m[49m Unsupported engine: wanted: {"node":">=24.0.0"} (current: {"node":"v22.22.3","pnpm":"10.32.1"})
[34mn8n:build: [0m[43m[30m WARN [39m[49m Unsupported engine: wanted: {"node":">=24.0.0"} (current: {"node":"v22.22.3","pnpm":"10.32.1"})
[34mn8n:build: [0m../..                                    | [43m[30m WARN [39m[49m Unsupported engine: wanted: {"node":">=24.0.0"} (current: {"node":"v22.22.3","pnpm":"10.32.1"})
[34mn8n:build: [0m../@n8n/agents                           | [43m[30m WARN [39m[49m Unsupported engine: wanted: {"node":">=24.0.0"} (current: {"node":"v22.22.3","pnpm":"10.32.1"})
[34mn8n:build: [0m../@n8n/benchmark                        | [43m[30m WARN [39m[49m Unsupported engine: wanted: {"node":">=24.0.0"} (current: {"node":"v22.22.3","pnpm":"10.32.1"})
[34mn8n:build: [0m[43m[30m WARN [39m[49m Unsupported engine: wanted: {"node":">=24.0.0"} (current: {"node":"v22.22.3","pnpm":"10.32.1"})
[34mn8n:build: [0m[43m[30m WARN [39m[49m Unsupported engine: wanted: {"node":">=24.0.0"} (current: {"node":"v22.22.3","pnpm":"10.32.1"})
[34mn8n:build: [0m../..                                    | [43m[30m WARN [39m[49m Unsupported engine: wanted: {"node":">=24.0.0"} (current: {"node":"v22.22.3","pnpm":"10.32.1"})
[34mn8n:build: [0m../@n8n/agents                           | [43m[30m WARN [39m[49m Unsupported engine: wanted: {"node":">=24.0.0"} (current: {"node":"v22.22.3","pnpm":"10.32.1"})
[34mn8n:build: [0m../@n8n/benchmark                        | [43m[30m WARN [39m[49m Unsupported engine: wanted: {"node":">=24.0.0"} (current: {"node":"v22.22.3","pnpm":"10.32.1"})
[34mn8n:build: [0m[43m[30m WARN [39m[49m Unsupported engine: wanted: {"node":">=24.0.0"} (current: {"node":"v22.22.3","pnpm":"10.32.1"})
[34mn8n:build: [0m../..                                    | [43m[30m WARN [39m[49m Unsupported engine: wanted: {"node":">=24.0.0"} (current: {"node":"v22.22.3","pnpm":"10.32.1"})
[34mn8n:build: [0m../@n8n/agents                           | [43m[30m WARN [39m[49m Unsupported engine: wanted: {"node":">=24.0.0"} (current: {"node":"v22.22.3","pnpm":"10.32.1"})
[34mn8n:build: [0m../@n8n/benchmark                        | [43m[30m WARN [39m[49m Unsupported engine: wanted: {"node":">=24.0.0"} (current: {"node":"v22.22.3","pnpm":"10.32.1"})
[34mn8n:build: [0m[43m[30m WARN [39m[49m Unsupported engine: wanted: {"node":">=24.0.0"} (current: {"node":"v22.22.3","pnpm":"10.32.1"})
[34mn8n:build: [0m[43m[30m WARN [39m[49m Unsupported engine: wanted: {"node":">=24.0.0"} (current: {"node":"v22.22.3","pnpm":"10.32.1"})
[34mn8n:build: [0m../..                                    | [43m[30m WARN [39m[49m Unsupported engine: wanted: {"node":">=24.0.0"} (current: {"node":"v22.22.3","pnpm":"10.32.1"})
[34mn8n:build: [0m../@n8n/agents                           | [43m[30m WARN [39m[49m Unsupported engine: wanted: {"node":">=24.0.0"} (current: {"node":"v22.22.3","pnpm":"10.32.1"})
[34mn8n:build: [0m../@n8n/benchmark                        | [43m[30m WARN [39m[49m Unsupported engine: wanted: {"node":">=24.0.0"} (current: {"node":"v22.22.3","pnpm":"10.32.1"})
[34mn8n:build: [0m[43m[30m WARN [39m[49m Unsupported engine: wanted: {"node":">=24.0.0"} (current: {"node":"v22.22.3","pnpm":"10.32.1"})
[34mn8n:build: [0m../..                                    | [43m[30m WARN [39m[49m Unsupported engine: wanted: {"node":">=24.0.0"} (current: {"node":"v22.22.3","pnpm":"10.32.1"})
[34mn8n:build: [0m../@n8n/agents                           | [43m[30m WARN [39m[49m Unsupported engine: wanted: {"node":">=24.0.0"} (current: {"node":"v22.22.3","pnpm":"10.32.1"})
[34mn8n:build: [0m../@n8n/benchmark                        | [43m[30m WARN [39m[49m Unsupported engine: wanted: {"node":">=24.0.0"} (current: {"node":"v22.22.3","pnpm":"10.32.1"})
[34mn8n:build: [0m[43m[30m WARN [39m[49m Unsupported engine: wanted: {"node":">=24.0.0"} (current: {"node":"v22.22.3","pnpm":"10.32.1"})
[34mn8n:build: [0m[43m[30m WARN [39m[49m Unsupported engine: wanted: {"node":">=24.0.0"} (current: {"node":"v22.22.3","pnpm":"10.32.1"})
[34mn8n:build: [0m../..                                    | [43m[30m WARN [39m[49m Unsupported engine: wanted: {"node":">=24.0.0"} (current: {"node":"v22.22.3","pnpm":"10.32.1"})
[34mn8n:build: [0m../@n8n/agents                           | [43m[30m WARN [39m[49m Unsupported engine: wanted: {"node":">=24.0.0"} (current: {"node":"v22.22.3","pnpm":"10.32.1"})
[34mn8n:build: [0m../@n8n/benchmark                        | [43m[30m WARN [39m[49m Unsupported engine: wanted: {"node":">=24.0.0"} (current: {"node":"v22.22.3","pnpm":"10.32.1"})
[34mn8n:build: [0m[43m[30m WARN [39m[49m Unsupported engine: wanted: {"node":">=24.0.0"} (current: {"node":"v22.22.3","pnpm":"10.32.1"})
[34mn8n:build: [0m../..                                    | [43m[30m WARN [39m[49m Unsupported engine: wanted: {"node":">=24.0.0"} (current: {"node":"v22.22.3","pnpm":"10.32.1"})
[34mn8n:build: [0m../@n8n/agents                           | [43m[30m WARN [39m[49m Unsupported engine: wanted: {"node":">=24.0.0"} (current: {"node":"v22.22.3","pnpm":"10.32.1"})
[34mn8n:build: [0m../@n8n/benchmark                        | [43m[30m WARN [39m[49m Unsupported engine: wanted: {"node":">=24.0.0"} (current: {"node":"v22.22.3","pnpm":"10.32.1"})
[34mn8n:build: [0m[43m[30m WARN [39m[49m Unsupported engine: wanted: {"node":">=24.0.0"} (current: {"node":"v22.22.3","pnpm":"10.32.1"})
[34mn8n:build: [0m[43m[30m WARN [39m[49m Unsupported engine: wanted: {"node":">=24.0.0"} (current: {"node":"v22.22.3","pnpm":"10.32.1"})
[34mn8n:build: [0m
[34mn8n:build: [0m> n8n@2.36.0 build:agent-library /Users/romeobalta/work/n8n/worktrees/nudge-manual-builders-to-aia/packages/cli
[34mn8n:build: [0m> node scripts/bundle-agent-library.mjs
[34mn8n:build: [0m
[34mn8n:build: [0m[bundle-agent-library] Wrote dist/agent-library-bundle.js — 221.6 KB (0.22 MB)
[36mn8n-playwright:typecheck: [0mcache miss, executing [2mfba81e1d421875d9[0m
[36mn8n-playwright:typecheck: [0m
[36mn8n-playwright:typecheck: [0m> n8n-playwright@ typecheck /Users/romeobalta/work/n8n/worktrees/nudge-manual-builders-to-aia/packages/testing/playwright
[36mn8n-playwright:typecheck: [0m> tsc --noEmit
[36mn8n-playwright:typecheck: [0m

[1m Tasks:    [32m[1m136 successful[0m, 136 total[0m
[1mCached:    [1m62 cached[0m, 136 total[0m
[1m  Time:    [1m2m13.892s[0m [0m

